 SapClassGui82D.NET_2010

 Timestamp is 5ac49604 (Wed Apr 04 17:08:20 2018)

 Preferred load address is 0000000067d80000

 Start         Length     Name                   Class
 0001:00000000 0003de02H .text                   CODE
 0001:0003de10 00005324H .text$x                 CODE
 0001:00043140 000005efH .text$yc                CODE
 0001:00043730 00000075H .text$yd                CODE
 0002:00000000 00001a18H .idata$5                DATA
 0002:00001a18 00000008H .CRT$XCA                DATA
 0002:00001a20 00000018H .CRT$XCC                DATA
 0002:00001a38 000000d8H .CRT$XCL                DATA
 0002:00001b10 00000018H .CRT$XCU                DATA
 0002:00001b28 00000008H .CRT$XCZ                DATA
 0002:00001b30 00000008H .CRT$XIA                DATA
 0002:00001b38 00000008H .CRT$XIAA               DATA
 0002:00001b40 00000008H .CRT$XIZ                DATA
 0002:00001b50 00013fc2H .rdata                  DATA
 0002:00015b14 0000006fH .rdata$debug            DATA
 0002:00015b88 00001aacH .rdata$r                DATA
 0002:00017638 00000008H .rtc$IAA                DATA
 0002:00017640 000000c8H .rtc$IMZ                DATA
 0002:00017708 00000008H .rtc$IZZ                DATA
 0002:00017710 00000008H .rtc$TAA                DATA
 0002:00017718 000000c8H .rtc$TMZ                DATA
 0002:000177e0 00000008H .rtc$TZZ                DATA
 0002:000177e8 00006898H .xdata                  DATA
 0002:0001e080 000000dcH .xdata$x                DATA
 0002:0001e160 00000008H ATL$__a                 DATA
 0002:0001e168 00000008H ATL$__z                 DATA
 0002:0001e170 000000c8H .idata$2                DATA
 0002:0001e238 00000014H .idata$3                DATA
 0002:0001e250 00001a18H .idata$4                DATA
 0002:0001fc68 0000441cH .idata$6                DATA
 0002:00024090 00007714H .edata                  DATA
 0003:00000000 000013a8H .data                   DATA
 0003:000013b0 00000858H .bss                    DATA
 0004:00000000 000042ccH .pdata                  DATA
 0005:00000000 000008e0H .rsrc$01                DATA
 0005:000008e0 00019a80H .rsrc$02                DATA

  Address         Publics by Value              Rva+Base               Lib:Object

 0000:00000000       ___safe_se_handler_count   0000000000000000     <absolute>
 0000:00000000       ___safe_se_handler_table   0000000000000000     <absolute>
 0000:00000000       __ImageBase                0000000067d80000     <linker-defined>
 0001:00000000       ??0CAbortDlg@@QEAA@PEAVCWnd@@PEAVSapTransfer@@H@Z 0000000067d81000 f   AbortDlg.obj
 0001:000000a0       ?DoDataExchange@CAbortDlg@@MEAAXPEAVCDataExchange@@@Z 0000000067d810a0 f   AbortDlg.obj
 0001:000000e0       ?GetMessageMap@CAbortDlg@@MEBAPEBUAFX_MSGMAP@@XZ 0000000067d810e0 f   AbortDlg.obj
 0001:00000110       ?GetThisMessageMap@CAbortDlg@@KAPEBUAFX_MSGMAP@@XZ 0000000067d81110 f   AbortDlg.obj
 0001:00000130       ?OnInitDialog@CAbortDlg@@MEAAHXZ 0000000067d81130 f   AbortDlg.obj
 0001:00000230       ?OnAbort@CAbortDlg@@IEAAXXZ 0000000067d81230 f   AbortDlg.obj
 0001:00000270       ?OnTimer@CAbortDlg@@IEAAX_K@Z 0000000067d81270 f   AbortDlg.obj
 0001:00000370       ??_GCAbortDlg@@UEAAPEAXI@Z 0000000067d81370 f i AbortDlg.obj
 0001:000003c0       ??1CAbortDlg@@UEAA@XZ      0000000067d813c0 f i AbortDlg.obj
 0001:000003f0       ??_ECAbortDlg@@UEAAPEAXI@Z 0000000067d813f0 f i AbortDlg.obj
 0001:00000490       ??0CAcqConfigDlg@@QEAA@PEAVCWnd@@W4ServerCategory@0@@Z 0000000067d81490 f   AcqConfigDlg.obj
 0001:00000660       ??0CAcqConfigDlg@@QEAA@PEAVCWnd@@VSapLocation@@PEBDW4ServerCategory@0@@Z 0000000067d81660 f   AcqConfigDlg.obj
 0001:00000970       ??0CAcqConfigDlg@@QEAA@PEAVCWnd@@PEAVSapAcquisition@@PEBD@Z 0000000067d81970 f   AcqConfigDlg.obj
 0001:00000d00       ?GetLocation@CAcqConfigDlg@@QEAA?AVSapLocation@@XZ 0000000067d81d00 f   AcqConfigDlg.obj
 0001:00000db0       ?UpdateAcquisition@CAcqConfigDlg@@IEAAHXZ 0000000067d81db0 f   AcqConfigDlg.obj
 0001:00000f80       ?LoadSettings@CAcqConfigDlg@@IEAAXXZ 0000000067d81f80 f   AcqConfigDlg.obj
 0001:00001350       ?SaveSettings@CAcqConfigDlg@@IEAAXXZ 0000000067d82350 f   AcqConfigDlg.obj
 0001:00001560       ?DoDataExchange@CAcqConfigDlg@@MEAAXPEAVCDataExchange@@@Z 0000000067d82560 f   AcqConfigDlg.obj
 0001:00001650       ?GetMessageMap@CAcqConfigDlg@@MEBAPEBUAFX_MSGMAP@@XZ 0000000067d82650 f   AcqConfigDlg.obj
 0001:00001680       ?GetThisMessageMap@CAcqConfigDlg@@KAPEBUAFX_MSGMAP@@XZ 0000000067d82680 f   AcqConfigDlg.obj
 0001:000016a0       ?OnInitDialog@CAcqConfigDlg@@MEAAHXZ 0000000067d826a0 f   AcqConfigDlg.obj
 0001:000017b0       ?InitServerCombo@CAcqConfigDlg@@IEAAXXZ 0000000067d827b0 f   AcqConfigDlg.obj
 0001:00001b40       ?InitResourceCombo@CAcqConfigDlg@@IEAAXXZ 0000000067d82b40 f   AcqConfigDlg.obj
 0001:00002150       ?OnConfigBrowse@CAcqConfigDlg@@IEAAXXZ 0000000067d83150 f   AcqConfigDlg.obj
 0001:000023c0       ?SplitConfigFilePath@CAcqConfigDlg@@IEAAXXZ 0000000067d833c0 f   AcqConfigDlg.obj
 0001:00002530       ?UpdateDescription@CAcqConfigDlg@@IEAAXXZ 0000000067d83530 f   AcqConfigDlg.obj
 0001:000029a0       ?UpdateMenu@CAcqConfigDlg@@IEAAXXZ 0000000067d839a0 f   AcqConfigDlg.obj
 0001:00002b20       ?ValidateCCFAgainstServerName@CAcqConfigDlg@@IEAA_N_N@Z 0000000067d83b20 f   AcqConfigDlg.obj
 0001:00002d90       ?OnOK@CAcqConfigDlg@@MEAAXXZ 0000000067d83d90 f   AcqConfigDlg.obj
 0001:00002f30       ?OnSelchangeComboServer@CAcqConfigDlg@@IEAAXXZ 0000000067d83f30 f   AcqConfigDlg.obj
 0001:00002f80       ?OnSelchangeComboResource@CAcqConfigDlg@@IEAAXXZ 0000000067d83f80 f   AcqConfigDlg.obj
 0001:00002fd0       ?OnBnClickedConfigFileCheck@CAcqConfigDlg@@IEAAXXZ 0000000067d83fd0 f   AcqConfigDlg.obj
 0001:00003020       ?GetConfigFile@CAcqConfigDlg@@QEAAPEBDXZ 0000000067d84020 f   AcqConfigDlg.obj
 0001:000032f0       ?strstr@@YAPEADPEADPEBD@Z  0000000067d842f0 f i AcqConfigDlg.obj
 0001:00003330       ?strrchr@@YAPEADPEADH@Z    0000000067d84330 f i AcqConfigDlg.obj
 0001:00003370       ??HATL@@YA?AV?$CStringT@DV?$StrTraitMFC_DLL@DV?$ChTraitsCRT@D@ATL@@@@@0@AEBV10@0@Z 0000000067d84370 f i AcqConfigDlg.obj
 0001:00003480       ??_ECAcqConfigDlg@@WBBI@EAAPEAXI@Z 0000000067d84480 f i AcqConfigDlg.obj
 0001:00003490       ?StringCbCopyA@@YAJPEAD_KPEBD@Z 0000000067d84490 f i AcqConfigDlg.obj
 0001:00003510       ?StringCbPrintfA@@YAJPEAD_KPEBDZZ 0000000067d84510 f i AcqConfigDlg.obj
 0001:000035d0       ??_GCAcqConfigDlg@@UEAAPEAXI@Z 0000000067d845d0 f i AcqConfigDlg.obj
 0001:00003620       ??1CAcqConfigDlg@@UEAA@XZ  0000000067d84620 f i AcqConfigDlg.obj
 0001:00003710       ??_ECAcqConfigDlg@@UEAAPEAXI@Z 0000000067d84710 f i AcqConfigDlg.obj
 0001:000037b0       ??0CAcqDlg@@QEAA@PEAVCWnd@@PEAVSapAcquisition@@@Z 0000000067d847b0 f   AcqDlg.obj
 0001:00003860       ?DoDataExchange@CAcqDlg@@MEAAXPEAVCDataExchange@@@Z 0000000067d84860 f   AcqDlg.obj
 0001:000038e0       ?GetMessageMap@CAcqDlg@@MEBAPEBUAFX_MSGMAP@@XZ 0000000067d848e0 f   AcqDlg.obj
 0001:00003910       ?GetThisMessageMap@CAcqDlg@@KAPEBUAFX_MSGMAP@@XZ 0000000067d84910 f   AcqDlg.obj
 0001:00003930       ?OnOK@CAcqDlg@@MEAAXXZ     0000000067d84930 f   AcqDlg.obj
 0001:00003bf0       ?OnInitDialog@CAcqDlg@@MEAAHXZ 0000000067d84bf0 f   AcqDlg.obj
 0001:000046d0       ?UpdateWindow@CAcqDlg@@IEAAXXZ 0000000067d856d0 f   AcqDlg.obj
 0001:00004870       ?OnExternalTriggerEnable@CAcqDlg@@IEAAXXZ 0000000067d85870 f   AcqDlg.obj
 0001:00004a30       ??_ECAcqDlg@@WBBI@EAAPEAXI@Z 0000000067d85a30 f i AcqDlg.obj
 0001:00004a40       ??_GCAcqDlg@@UEAAPEAXI@Z   0000000067d85a40 f i AcqDlg.obj
 0001:00004a90       ??1CAcqDlg@@UEAA@XZ        0000000067d85a90 f i AcqDlg.obj
 0001:00004ae0       ??_ECAcqDlg@@UEAAPEAXI@Z   0000000067d85ae0 f i AcqDlg.obj
 0001:00004b80       ??0CAScanDlg@@QEAA@PEAVCWnd@@PEAVSapAcquisition@@@Z 0000000067d85b80 f   AScanDlg.obj
 0001:00004c70       ?DoDataExchange@CAScanDlg@@MEAAXPEAVCDataExchange@@@Z 0000000067d85c70 f   AScanDlg.obj
 0001:00004d30       ?GetMessageMap@CAScanDlg@@MEBAPEBUAFX_MSGMAP@@XZ 0000000067d85d30 f   AScanDlg.obj
 0001:00004d60       ?GetThisMessageMap@CAScanDlg@@KAPEBUAFX_MSGMAP@@XZ 0000000067d85d60 f   AScanDlg.obj
 0001:00004d80       ?OnOK@CAScanDlg@@MEAAXXZ   0000000067d85d80 f   AScanDlg.obj
 0001:00005260       ?OnInitDialog@CAScanDlg@@MEAAHXZ 0000000067d86260 f   AScanDlg.obj
 0001:00005ed0       ?UpdateWindow@CAScanDlg@@IEAAXXZ 0000000067d86ed0 f   AScanDlg.obj
 0001:00006070       ?OnCamTriggerEnable@CAScanDlg@@IEAAXXZ 0000000067d87070 f   AScanDlg.obj
 0001:000060b0       ?OnCamResetEnable@CAScanDlg@@IEAAXXZ 0000000067d870b0 f   AScanDlg.obj
 0001:000060f0       ?OnTimeIntegrate@CAScanDlg@@IEAAXXZ 0000000067d870f0 f   AScanDlg.obj
 0001:00006130       ?OnKillfocusEditTime@CAScanDlg@@IEAAXXZ 0000000067d87130 f   AScanDlg.obj
 0001:00006190       ?OnFrameIntegrate@CAScanDlg@@IEAAXXZ 0000000067d87190 f   AScanDlg.obj
 0001:000061d0       ?OnKillfocusEditFrame@CAScanDlg@@IEAAXXZ 0000000067d871d0 f   AScanDlg.obj
 0001:00006220       ?OnVScroll@CAScanDlg@@IEAAXIIPEAVCScrollBar@@@Z 0000000067d87220 f   AScanDlg.obj
 0001:000063a0       ?VerifyTimeIntegrateDuration@CAScanDlg@@IEAAXH@Z 0000000067d873a0 f   AScanDlg.obj
 0001:000065e0       ?VerifyFrameIntegrateCount@CAScanDlg@@IEAAXXZ 0000000067d875e0 f   AScanDlg.obj
 0001:000068e0       ??_ECAScanDlg@@WBBI@EAAPEAXI@Z 0000000067d878e0 f i AScanDlg.obj
 0001:000068f0       ??_GCAScanDlg@@UEAAPEAXI@Z 0000000067d878f0 f i AScanDlg.obj
 0001:00006940       ??1CAScanDlg@@UEAA@XZ      0000000067d87940 f i AScanDlg.obj
 0001:000069c0       ??_ECAScanDlg@@UEAAPEAXI@Z 0000000067d879c0 f i AScanDlg.obj
 0001:00006a60       ??0CAviFileDlg@@QEAA@PEAVCWnd@@HHHH@Z 0000000067d87a60 f   AviFileDlg.obj
 0001:00006bb0       ?DoDataExchange@CAviFileDlg@@MEAAXPEAVCDataExchange@@@Z 0000000067d87bb0 f   AviFileDlg.obj
 0001:00006c70       ?GetMessageMap@CAviFileDlg@@MEBAPEBUAFX_MSGMAP@@XZ 0000000067d87c70 f   AviFileDlg.obj
 0001:00006ca0       ?GetThisMessageMap@CAviFileDlg@@KAPEBUAFX_MSGMAP@@XZ 0000000067d87ca0 f   AviFileDlg.obj
 0001:00006cc0       ?OnVScroll@CAviFileDlg@@IEAAXIIPEAVCScrollBar@@@Z 0000000067d87cc0 f   AviFileDlg.obj
 0001:00006e10       ?OnUpdateAviEditFirstFrame@CAviFileDlg@@IEAAXXZ 0000000067d87e10 f   AviFileDlg.obj
 0001:00006e50       ?OnUpdateAviEditCompressionLevel@CAviFileDlg@@IEAAXXZ 0000000067d87e50 f   AviFileDlg.obj
 0001:00006e90       ?OnInitDialog@CAviFileDlg@@MEAAHXZ 0000000067d87e90 f   AviFileDlg.obj
 0001:00006fc0       ?OnOK@CAviFileDlg@@MEAAXXZ 0000000067d87fc0 f   AviFileDlg.obj
 0001:000070a0       ??_GCAviFileDlg@@UEAAPEAXI@Z 0000000067d880a0 f i AviFileDlg.obj
 0001:000070a0       ??_ECAviFileDlg@@UEAAPEAXI@Z 0000000067d880a0 f i AviFileDlg.obj
 0001:000070f0       ??1CAviFileDlg@@UEAA@XZ    0000000067d880f0 f i AviFileDlg.obj
 0001:00007120       ??0CBayerOptionsDlg@@QEAA@PEAVCWnd@@PEAVSapBayer@@PEAVSapTransfer@@PEAVCImageWnd@@PEAVSapProcessing@@@Z 0000000067d88120 f   BayerDlg.obj
 0001:00007260       ??1CBayerOptionsDlg@@UEAA@XZ 0000000067d88260 f   BayerDlg.obj
 0001:000072e0       ?DoDataExchange@CBayerOptionsDlg@@MEAAXPEAVCDataExchange@@@Z 0000000067d882e0 f   BayerDlg.obj
 0001:000073f0       ?GetMessageMap@CBayerOptionsDlg@@MEBAPEBUAFX_MSGMAP@@XZ 0000000067d883f0 f   BayerDlg.obj
 0001:00007420       ?GetThisMessageMap@CBayerOptionsDlg@@KAPEBUAFX_MSGMAP@@XZ 0000000067d88420 f   BayerDlg.obj
 0001:00007440       ?OnInitDialog@CBayerOptionsDlg@@MEAAHXZ 0000000067d88440 f   BayerDlg.obj
 0001:000074c0       ?UpdateInterface@CBayerOptionsDlg@@QEAAXXZ 0000000067d884c0 f   BayerDlg.obj
 0001:00007a00       ?OnChange@CBayerOptionsDlg@@IEAAXXZ 0000000067d88a00 f   BayerDlg.obj
 0001:00007a60       ?OnGammaEnable@CBayerOptionsDlg@@IEAAXXZ 0000000067d88a60 f   BayerDlg.obj
 0001:00007b10       ?OnChangeRange@CBayerOptionsDlg@@IEAAXI@Z 0000000067d88b10 f   BayerDlg.obj
 0001:00007b50       ?OnAutoWhiteBalance@CBayerOptionsDlg@@IEAAXXZ 0000000067d88b50 f   BayerDlg.obj
 0001:00007d10       ?OnApply@CBayerOptionsDlg@@IEAAXXZ 0000000067d88d10 f   BayerDlg.obj
 0001:00007fd0       ?OnShowWindow@CBayerOptionsDlg@@IEAAXHI@Z 0000000067d88fd0 f   BayerDlg.obj
 0001:00008060       ?UpdateView@CBayerOptionsDlg@@IEAAXXZ 0000000067d89060 f   BayerDlg.obj
 0001:000081c0       ?OnClose@CBayerOptionsDlg@@IEAAXXZ 0000000067d891c0 f   BayerDlg.obj
 0001:00008240       ??_ECBayerOptionsDlg@@WBBI@EAAPEAXI@Z 0000000067d89240 f i BayerDlg.obj
 0001:00008250       ?IsRoiTrackerActive@CImageWnd@@QEAAHXZ 0000000067d89250 f i BayerDlg.obj
 0001:00008260       ??_GCBayerOptionsDlg@@UEAAPEAXI@Z 0000000067d89260 f i BayerDlg.obj
 0001:000082b0       ??_ECBayerOptionsDlg@@UEAAPEAXI@Z 0000000067d892b0 f i BayerDlg.obj
 0001:00008350       ??0CBrowseDirDlg@@QEAA@PEBD@Z 0000000067d89350 f   BrowseDirDlg.obj
 0001:000083b0       ?DoModal@CBrowseDirDlg@@QEAAHXZ 0000000067d893b0 f   BrowseDirDlg.obj
 0001:00008790       ?BrowseHookProc@CBrowseDirDlg@@KA_KPEAUHWND__@@I_K_J@Z 0000000067d89790 f   BrowseDirDlg.obj
 0001:00008960       ??HATL@@YA?AV?$CStringT@DV?$StrTraitMFC_DLL@DV?$ChTraitsCRT@D@ATL@@@@@0@AEBV10@D@Z 0000000067d89960 f i BrowseDirDlg.obj
 0001:00008a60       ??0CBufDlg@@QEAA@PEAVCWnd@@PEAVSapBuffer@@PEAVSapDisplay@@@Z 0000000067d89a60 f   BufDlg.obj
 0001:00008e10       ?UpdateBuffer@CBufDlg@@IEAAHXZ 0000000067d89e10 f   BufDlg.obj
 0001:00009060       ?DoDataExchange@CBufDlg@@MEAAXPEAVCDataExchange@@@Z 0000000067d8a060 f   BufDlg.obj
 0001:00009150       ?GetMessageMap@CBufDlg@@MEBAPEBUAFX_MSGMAP@@XZ 0000000067d8a150 f   BufDlg.obj
 0001:00009180       ?GetThisMessageMap@CBufDlg@@KAPEBUAFX_MSGMAP@@XZ 0000000067d8a180 f   BufDlg.obj
 0001:000091a0       ?OnInitDialog@CBufDlg@@MEAAHXZ 0000000067d8a1a0 f   BufDlg.obj
 0001:000092e0       ?OnSelchangeComboFormat@CBufDlg@@IEAAXXZ 0000000067d8a2e0 f   BufDlg.obj
 0001:00009390       ?OnOK@CBufDlg@@MEAAXXZ     0000000067d8a390 f   BufDlg.obj
 0001:000093e0       ?EnableControls@CBufDlg@@IEAAXXZ 0000000067d8a3e0 f   BufDlg.obj
 0001:00009520       ??_GCBufDlg@@UEAAPEAXI@Z   0000000067d8a520 f i BufDlg.obj
 0001:00009570       ??1CBufDlg@@UEAA@XZ        0000000067d8a570 f i BufDlg.obj
 0001:000095f0       ??_ECBufDlg@@UEAAPEAXI@Z   0000000067d8a5f0 f i BufDlg.obj
 0001:00009690       ??0CColorConversionOptionsDlg@@QEAA@PEAVCWnd@@PEAVSapColorConversion@@PEAVSapTransfer@@PEAVCImageWnd@@PEAVSapProcessing@@@Z 0000000067d8a690 f   ColorConversionDlg.obj
 0001:000097e0       ??1CColorConversionOptionsDlg@@UEAA@XZ 0000000067d8a7e0 f   ColorConversionDlg.obj
 0001:00009870       ?DoDataExchange@CColorConversionOptionsDlg@@MEAAXPEAVCDataExchange@@@Z 0000000067d8a870 f   ColorConversionDlg.obj
 0001:000099a0       ?GetMessageMap@CColorConversionOptionsDlg@@MEBAPEBUAFX_MSGMAP@@XZ 0000000067d8a9a0 f   ColorConversionDlg.obj
 0001:000099d0       ?GetThisMessageMap@CColorConversionOptionsDlg@@KAPEBUAFX_MSGMAP@@XZ 0000000067d8a9d0 f   ColorConversionDlg.obj
 0001:000099f0       ?OnInitDialog@CColorConversionOptionsDlg@@MEAAHXZ 0000000067d8a9f0 f   ColorConversionDlg.obj
 0001:00009a70       ?UpdateInterface@CColorConversionOptionsDlg@@QEAAXXZ 0000000067d8aa70 f   ColorConversionDlg.obj
 0001:0000a0a0       ?OnChange@CColorConversionOptionsDlg@@IEAAXXZ 0000000067d8b0a0 f   ColorConversionDlg.obj
 0001:0000a100       ?OnChangeNumber@CColorConversionOptionsDlg@@IEAAXXZ 0000000067d8b100 f   ColorConversionDlg.obj
 0001:0000a150       ?SetSelectedMethodDescription@CColorConversionOptionsDlg@@IEAAXXZ 0000000067d8b150 f   ColorConversionDlg.obj
 0001:0000a200       ?OnGammaEnable@CColorConversionOptionsDlg@@IEAAXXZ 0000000067d8b200 f   ColorConversionDlg.obj
 0001:0000a2b0       ?OnChangeRange@CColorConversionOptionsDlg@@IEAAXI@Z 0000000067d8b2b0 f   ColorConversionDlg.obj
 0001:0000a2f0       ?OnAutoWhiteBalance@CColorConversionOptionsDlg@@IEAAXXZ 0000000067d8b2f0 f   ColorConversionDlg.obj
 0001:0000a460       ?OnApply@CColorConversionOptionsDlg@@IEAAXXZ 0000000067d8b460 f   ColorConversionDlg.obj
 0001:0000a790       ?OnShowWindow@CColorConversionOptionsDlg@@IEAAXHI@Z 0000000067d8b790 f   ColorConversionDlg.obj
 0001:0000a820       ?UpdateView@CColorConversionOptionsDlg@@IEAAXXZ 0000000067d8b820 f   ColorConversionDlg.obj
 0001:0000a980       ?OnClose@CColorConversionOptionsDlg@@IEAAXXZ 0000000067d8b980 f   ColorConversionDlg.obj
 0001:0000aa00       ??HATL@@YA?AV?$CStringT@DV?$StrTraitMFC_DLL@DV?$ChTraitsCRT@D@ATL@@@@@0@AEBV10@PEBD@Z 0000000067d8ba00 f i ColorConversionDlg.obj
 0001:0000aaf0       ??_ECColorConversionOptionsDlg@@WBBI@EAAPEAXI@Z 0000000067d8baf0 f i ColorConversionDlg.obj
 0001:0000ab00       ??_GCColorConversionOptionsDlg@@UEAAPEAXI@Z 0000000067d8bb00 f i ColorConversionDlg.obj
 0001:0000ab50       ??_ECColorConversionOptionsDlg@@UEAAPEAXI@Z 0000000067d8bb50 f i ColorConversionDlg.obj
 0001:0000abf0       ??1SapColorConversionMethodDictionary@@QEAA@XZ 0000000067d8bbf0 f i ColorConversionDlg.obj
 0001:0000ac30       ??0CCompDlg@@QEAA@PEAVCWnd@@PEAVSapAcquisition@@PEAVSapTransfer@@@Z 0000000067d8bc30 f   CompDlg.obj
 0001:0000ada0       ?DoDataExchange@CCompDlg@@MEAAXPEAVCDataExchange@@@Z 0000000067d8bda0 f   CompDlg.obj
 0001:0000af00       ?GetMessageMap@CCompDlg@@MEBAPEBUAFX_MSGMAP@@XZ 0000000067d8bf00 f   CompDlg.obj
 0001:0000af30       ?GetThisMessageMap@CCompDlg@@KAPEBUAFX_MSGMAP@@XZ 0000000067d8bf30 f   CompDlg.obj
 0001:0000af50       ?Snap@CCompDlg@@IEAAXXZ    0000000067d8bf50 f   CompDlg.obj
 0001:0000b0f0       ?OnOK@CCompDlg@@MEAAXXZ    0000000067d8c0f0 f   CompDlg.obj
 0001:0000b130       ?OnCancel@CCompDlg@@MEAAXXZ 0000000067d8c130 f   CompDlg.obj
 0001:0000b320       ?OnInitDialog@CCompDlg@@MEAAHXZ 0000000067d8c320 f   CompDlg.obj
 0001:0000cd00       ?UpdateWindow@CCompDlg@@IEAAXXZ 0000000067d8dd00 f   CompDlg.obj
 0001:0000cf30       ?SetBrightness@CCompDlg@@IEAAXXZ 0000000067d8df30 f   CompDlg.obj
 0001:0000d070       ?SetContrast@CCompDlg@@IEAAXXZ 0000000067d8e070 f   CompDlg.obj
 0001:0000d1b0       ?SetHue@CCompDlg@@IEAAXXZ  0000000067d8e1b0 f   CompDlg.obj
 0001:0000d2b0       ?SetSaturation@CCompDlg@@IEAAXXZ 0000000067d8e2b0 f   CompDlg.obj
 0001:0000d3b0       ?SetSharpness@CCompDlg@@IEAAXXZ 0000000067d8e3b0 f   CompDlg.obj
 0001:0000d490       ?OnHScroll@CCompDlg@@IEAAXIIPEAVCScrollBar@@@Z 0000000067d8e490 f   CompDlg.obj
 0001:0000d970       ?OnRed@CCompDlg@@IEAAXXZ   0000000067d8e970 f   CompDlg.obj
 0001:0000da00       ?OnGreen@CCompDlg@@IEAAXXZ 0000000067d8ea00 f   CompDlg.obj
 0001:0000da90       ?OnBlue@CCompDlg@@IEAAXXZ  0000000067d8ea90 f   CompDlg.obj
 0001:0000db20       ?OnKillfocusEditContrast@CCompDlg@@IEAAXXZ 0000000067d8eb20 f   CompDlg.obj
 0001:0000db90       ?OnKillfocusEditBrightness@CCompDlg@@IEAAXXZ 0000000067d8eb90 f   CompDlg.obj
 0001:0000dc00       ?OnKillfocusEditHue@CCompDlg@@IEAAXXZ 0000000067d8ec00 f   CompDlg.obj
 0001:0000dc70       ?OnKillfocusEditSaturation@CCompDlg@@IEAAXXZ 0000000067d8ec70 f   CompDlg.obj
 0001:0000dce0       ?OnKillfocusEditSharpness@CCompDlg@@IEAAXXZ 0000000067d8ece0 f   CompDlg.obj
 0001:0000dd50       ?OnDefault@CCompDlg@@IEAAXXZ 0000000067d8ed50 f   CompDlg.obj
 0001:0000df20       ??_ECCompDlg@@WBBI@EAAPEAXI@Z 0000000067d8ef20 f i CompDlg.obj
 0001:0000df30       ??_GCCompDlg@@UEAAPEAXI@Z  0000000067d8ef30 f i CompDlg.obj
 0001:0000df80       ??1CCompDlg@@UEAA@XZ       0000000067d8ef80 f i CompDlg.obj
 0001:0000e030       ??_ECCompDlg@@UEAAPEAXI@Z  0000000067d8f030 f i CompDlg.obj
 0001:0000e0d0       ??0CFlatFieldDlg@@QEAA@PEAVCWnd@@PEAVSapFlatField@@PEAVSapTransfer@@PEAVSapBuffer@@@Z 0000000067d8f0d0 f   FlatFieldDlg.obj
 0001:0000e2f0       ??1CFlatFieldDlg@@UEAA@XZ  0000000067d8f2f0 f   FlatFieldDlg.obj
 0001:0000e410       ?DoDataExchange@CFlatFieldDlg@@MEAAXPEAVCDataExchange@@@Z 0000000067d8f410 f   FlatFieldDlg.obj
 0001:0000e6a0       ?GetMessageMap@CFlatFieldDlg@@MEBAPEBUAFX_MSGMAP@@XZ 0000000067d8f6a0 f   FlatFieldDlg.obj
 0001:0000e6d0       ?GetThisMessageMap@CFlatFieldDlg@@KAPEBUAFX_MSGMAP@@XZ 0000000067d8f6d0 f   FlatFieldDlg.obj
 0001:0000e6f0       ?OnInitDialog@CFlatFieldDlg@@MEAAHXZ 0000000067d8f6f0 f   FlatFieldDlg.obj
 0001:0000f8e0       ?OnDestroy@CFlatFieldDlg@@IEAAXXZ 0000000067d908e0 f   FlatFieldDlg.obj
 0001:0000f920       ?OnDarkImage@CFlatFieldDlg@@IEAAXXZ 0000000067d90920 f   FlatFieldDlg.obj
 0001:00010270       ?DarkImage@CFlatFieldDlg@@AEAAXXZ 0000000067d91270 f   FlatFieldDlg.obj
 0001:00010b10       ?OnBrightImage@CFlatFieldDlg@@IEAAXXZ 0000000067d91b10 f   FlatFieldDlg.obj
 0001:00011370       ?BrightImage@CFlatFieldDlg@@AEAAXXZ 0000000067d92370 f   FlatFieldDlg.obj
 0001:00012340       ?OnOK@CFlatFieldDlg@@MEAAXXZ 0000000067d93340 f   FlatFieldDlg.obj
 0001:000123f0       ?OnCancel@CFlatFieldDlg@@MEAAXXZ 0000000067d933f0 f   FlatFieldDlg.obj
 0001:000124e0       ?OnSelchangeCorrectionType@CFlatFieldDlg@@IEAAXXZ 0000000067d934e0 f   FlatFieldDlg.obj
 0001:00012600       ?OnSelchangeVideoType@CFlatFieldDlg@@IEAAXXZ 0000000067d93600 f   FlatFieldDlg.obj
 0001:000126b0       ?OnSelchangeCalibrationIndex@CFlatFieldDlg@@IEAAXXZ 0000000067d936b0 f   FlatFieldDlg.obj
 0001:00012720       ?OnBnClickedScgFfLoadClusterMap@CFlatFieldDlg@@IEAAXXZ 0000000067d93720 f   FlatFieldDlg.obj
 0001:00012940       ?Snap@CFlatFieldDlg@@QEAAHXZ 0000000067d93940 f   FlatFieldDlg.obj
 0001:00012ba0       ?LogMessage@CFlatFieldDlg@@AEAAXHPEBD@Z 0000000067d93ba0 f   FlatFieldDlg.obj
 0001:00012c10       ?LogMessage@CFlatFieldDlg@@AEAAXHV?$CStringT@DV?$StrTraitMFC_DLL@DV?$ChTraitsCRT@D@ATL@@@@@ATL@@@Z 0000000067d93c10 f   FlatFieldDlg.obj
 0001:00012de0       ?GetAverageStr@CFlatFieldDlg@@AEBA?AV?$CStringT@DV?$StrTraitMFC_DLL@DV?$ChTraitsCRT@D@ATL@@@@@ATL@@AEAVSapFlatFieldStats@@@Z 0000000067d93de0 f   FlatFieldDlg.obj
 0001:00012f80       ?GetStdDeviationStr@CFlatFieldDlg@@AEBA?AV?$CStringT@DV?$StrTraitMFC_DLL@DV?$ChTraitsCRT@D@ATL@@@@@ATL@@AEAVSapFlatFieldStats@@@Z 0000000067d93f80 f   FlatFieldDlg.obj
 0001:00013120       ?GetLowStr@CFlatFieldDlg@@AEBA?AV?$CStringT@DV?$StrTraitMFC_DLL@DV?$ChTraitsCRT@D@ATL@@@@@ATL@@AEAVSapFlatFieldStats@@@Z 0000000067d94120 f   FlatFieldDlg.obj
 0001:000132c0       ?GetHighStr@CFlatFieldDlg@@AEBA?AV?$CStringT@DV?$StrTraitMFC_DLL@DV?$ChTraitsCRT@D@ATL@@@@@ATL@@AEAVSapFlatFieldStats@@@Z 0000000067d942c0 f   FlatFieldDlg.obj
 0001:00013460       ?GetPeakPositionStr@CFlatFieldDlg@@AEBA?AV?$CStringT@DV?$StrTraitMFC_DLL@DV?$ChTraitsCRT@D@ATL@@@@@ATL@@AEAVSapFlatFieldStats@@@Z 0000000067d94460 f   FlatFieldDlg.obj
 0001:00013600       ?GetPixelRatioStr@CFlatFieldDlg@@AEBA?AV?$CStringT@DV?$StrTraitMFC_DLL@DV?$ChTraitsCRT@D@ATL@@@@@ATL@@AEAVSapFlatFieldStats@@@Z 0000000067d94600 f   FlatFieldDlg.obj
 0001:000137c0       ?GetNumPixelsStr@CFlatFieldDlg@@AEBA?AV?$CStringT@DV?$StrTraitMFC_DLL@DV?$ChTraitsCRT@D@ATL@@@@@ATL@@AEAVSapFlatFieldStats@@@Z 0000000067d947c0 f   FlatFieldDlg.obj
 0001:00013960       ?OnSaveAndUpload@CFlatFieldDlg@@IEAAXXZ 0000000067d94960 f   FlatFieldDlg.obj
 0001:00013c60       ??_ESapBuffer@@UEAAPEAXI@Z 0000000067d94c60 f i FlatFieldDlg.obj
 0001:00013c60       ??_GSapBuffer@@UEAAPEAXI@Z 0000000067d94c60 f i FlatFieldDlg.obj
 0001:00013cb0       ??_ECFlatFieldDlg@@WBBI@EAAPEAXI@Z 0000000067d94cb0 f i FlatFieldDlg.obj
 0001:00013cc0       ?pow@@YANNH@Z              0000000067d94cc0 f i FlatFieldDlg.obj
 0001:00013d00       ?GetPathName@CLoadSaveDlg@@QEAA?AV?$CStringT@DV?$StrTraitMFC_DLL@DV?$ChTraitsCRT@D@ATL@@@@@ATL@@XZ 0000000067d94d00 f i FlatFieldDlg.obj
 0001:00013d60       ??1CLoadSaveDlg@@UEAA@XZ   0000000067d94d60 f i FlatFieldDlg.obj
 0001:00013db0       ??_GCFlatFieldDlg@@UEAAPEAXI@Z 0000000067d94db0 f i FlatFieldDlg.obj
 0001:00013e00       ??_ECFlatFieldDlg@@UEAAPEAXI@Z 0000000067d94e00 f i FlatFieldDlg.obj
 0001:00013ea0       ??$_Pow_int@N@@YANNH@Z     0000000067d94ea0 f i FlatFieldDlg.obj
 0001:00013f70       ??0CGioBidirectionalDlg@@QEAA@PEAVCWnd@@IPEAVSapGio@@@Z 0000000067d94f70 f   GioBidirectionalDlg.obj
 0001:000140d0       ?DoDataExchange@CGioBidirectionalDlg@@MEAAXPEAVCDataExchange@@@Z 0000000067d950d0 f   GioBidirectionalDlg.obj
 0001:00014170       ?MoveWindow@CGioBidirectionalDlg@@QEAAII@Z 0000000067d95170 f   GioBidirectionalDlg.obj
 0001:00014230       ?GetMessageMap@CGioBidirectionalDlg@@MEBAPEBUAFX_MSGMAP@@XZ 0000000067d95230 f   GioBidirectionalDlg.obj
 0001:00014260       ?GetThisMessageMap@CGioBidirectionalDlg@@KAPEBUAFX_MSGMAP@@XZ 0000000067d95260 f   GioBidirectionalDlg.obj
 0001:00014280       ?PreTranslateMessage@CGioBidirectionalDlg@@UEAAHPEAUtagMSG@@@Z 0000000067d95280 f   GioBidirectionalDlg.obj
 0001:000142e0       ?GioCallbackInfo@CGioBidirectionalDlg@@SAXPEAVSapGioCallbackInfo@@@Z 0000000067d952e0 f   GioBidirectionalDlg.obj
 0001:00014350       ?Create@CGioBidirectionalDlg@@QEAAHXZ 0000000067d95350 f   GioBidirectionalDlg.obj
 0001:000143b0       ?OnInitDialog@CGioBidirectionalDlg@@MEAAHXZ 0000000067d953b0 f   GioBidirectionalDlg.obj
 0001:00015310       ?OnSelchangeComboSignalEvent@CGioBidirectionalDlg@@IEAAXXZ 0000000067d96310 f   GioBidirectionalDlg.obj
 0001:00015370       ?ChangePinDirection@CGioBidirectionalDlg@@IEAAXIH@Z 0000000067d96370 f   GioBidirectionalDlg.obj
 0001:000154d0       ?OnSelchangeComboDir1@CGioBidirectionalDlg@@IEAAXXZ 0000000067d964d0 f   GioBidirectionalDlg.obj
 0001:00015530       ?OnSelchangeComboDir2@CGioBidirectionalDlg@@IEAAXXZ 0000000067d96530 f   GioBidirectionalDlg.obj
 0001:00015590       ?OnSelchangeComboDir3@CGioBidirectionalDlg@@IEAAXXZ 0000000067d96590 f   GioBidirectionalDlg.obj
 0001:000155f0       ?OnSelchangeComboDir4@CGioBidirectionalDlg@@IEAAXXZ 0000000067d965f0 f   GioBidirectionalDlg.obj
 0001:00015650       ?OnSelchangeComboDir5@CGioBidirectionalDlg@@IEAAXXZ 0000000067d96650 f   GioBidirectionalDlg.obj
 0001:000156b0       ?OnSelchangeComboDir6@CGioBidirectionalDlg@@IEAAXXZ 0000000067d966b0 f   GioBidirectionalDlg.obj
 0001:00015710       ?OnSelchangeComboDir7@CGioBidirectionalDlg@@IEAAXXZ 0000000067d96710 f   GioBidirectionalDlg.obj
 0001:00015770       ?OnSelchangeComboDir8@CGioBidirectionalDlg@@IEAAXXZ 0000000067d96770 f   GioBidirectionalDlg.obj
 0001:000157d0       ?OnSelchangeComboDir9@CGioBidirectionalDlg@@IEAAXXZ 0000000067d967d0 f   GioBidirectionalDlg.obj
 0001:00015830       ?OnSelchangeComboDir10@CGioBidirectionalDlg@@IEAAXXZ 0000000067d96830 f   GioBidirectionalDlg.obj
 0001:00015890       ?OnSelchangeComboDir11@CGioBidirectionalDlg@@IEAAXXZ 0000000067d96890 f   GioBidirectionalDlg.obj
 0001:000158f0       ?OnSelchangeComboDir12@CGioBidirectionalDlg@@IEAAXXZ 0000000067d968f0 f   GioBidirectionalDlg.obj
 0001:00015950       ?OnEnableCallback@CGioBidirectionalDlg@@IEAAXXZ 0000000067d96950 f   GioBidirectionalDlg.obj
 0001:00015ba0       ?Update@CGioBidirectionalDlg@@QEAAHXZ 0000000067d96ba0 f   GioBidirectionalDlg.obj
 0001:00015e30       ?OnSelchangeComboInputLevel@CGioBidirectionalDlg@@IEAAXXZ 0000000067d96e30 f   GioBidirectionalDlg.obj
 0001:00015f40       ?OnCtlColor@CGioBidirectionalDlg@@IEAAPEAUHBRUSH__@@PEAVCDC@@PEAVCWnd@@I@Z 0000000067d96f40 f   GioBidirectionalDlg.obj
 0001:00015fd0       ?ResetInterruptCount@CGioBidirectionalDlg@@IEAAHXZ 0000000067d96fd0 f   GioBidirectionalDlg.obj
 0001:000160f0       ?OnBtReset@CGioBidirectionalDlg@@IEAAXXZ 0000000067d970f0 f   GioBidirectionalDlg.obj
 0001:00016130       ?ChangePinState@CGioBidirectionalDlg@@IEAAXH@Z 0000000067d97130 f   GioBidirectionalDlg.obj
 0001:000162d0       ?OnPin1@CGioBidirectionalDlg@@IEAAXXZ 0000000067d972d0 f   GioBidirectionalDlg.obj
 0001:00016310       ?OnPin2@CGioBidirectionalDlg@@IEAAXXZ 0000000067d97310 f   GioBidirectionalDlg.obj
 0001:00016350       ?OnPin3@CGioBidirectionalDlg@@IEAAXXZ 0000000067d97350 f   GioBidirectionalDlg.obj
 0001:00016390       ?OnPin4@CGioBidirectionalDlg@@IEAAXXZ 0000000067d97390 f   GioBidirectionalDlg.obj
 0001:000163d0       ?OnPin5@CGioBidirectionalDlg@@IEAAXXZ 0000000067d973d0 f   GioBidirectionalDlg.obj
 0001:00016410       ?OnPin6@CGioBidirectionalDlg@@IEAAXXZ 0000000067d97410 f   GioBidirectionalDlg.obj
 0001:00016450       ?OnPin7@CGioBidirectionalDlg@@IEAAXXZ 0000000067d97450 f   GioBidirectionalDlg.obj
 0001:00016490       ?OnPin8@CGioBidirectionalDlg@@IEAAXXZ 0000000067d97490 f   GioBidirectionalDlg.obj
 0001:000164d0       ?OnPin9@CGioBidirectionalDlg@@IEAAXXZ 0000000067d974d0 f   GioBidirectionalDlg.obj
 0001:00016510       ?OnPin10@CGioBidirectionalDlg@@IEAAXXZ 0000000067d97510 f   GioBidirectionalDlg.obj
 0001:00016550       ?OnPin11@CGioBidirectionalDlg@@IEAAXXZ 0000000067d97550 f   GioBidirectionalDlg.obj
 0001:00016590       ?OnPin12@CGioBidirectionalDlg@@IEAAXXZ 0000000067d97590 f   GioBidirectionalDlg.obj
 0001:00016880       ?StringCbCatA@@YAJPEAD_KPEBD@Z 0000000067d97880 f i GioBidirectionalDlg.obj
 0001:00016940       ??_GCGioBidirectionalDlg@@UEAAPEAXI@Z 0000000067d97940 f i GioBidirectionalDlg.obj
 0001:00016990       ??1CGioBidirectionalDlg@@UEAA@XZ 0000000067d97990 f i GioBidirectionalDlg.obj
 0001:00016a20       ??_ECGioBidirectionalDlg@@UEAAPEAXI@Z 0000000067d97a20 f i GioBidirectionalDlg.obj
 0001:00016ac0       ??0CGioInputDlg@@QEAA@PEAVCWnd@@IPEAVSapGio@@@Z 0000000067d97ac0 f   GioInputDlg.obj
 0001:00016c20       ?DoDataExchange@CGioInputDlg@@MEAAXPEAVCDataExchange@@@Z 0000000067d97c20 f   GioInputDlg.obj
 0001:00016cc0       ?MoveWindow@CGioInputDlg@@QEAAII@Z 0000000067d97cc0 f   GioInputDlg.obj
 0001:00016d80       ?GetMessageMap@CGioInputDlg@@MEBAPEBUAFX_MSGMAP@@XZ 0000000067d97d80 f   GioInputDlg.obj
 0001:00016db0       ?GetThisMessageMap@CGioInputDlg@@KAPEBUAFX_MSGMAP@@XZ 0000000067d97db0 f   GioInputDlg.obj
 0001:00016dd0       ?PreTranslateMessage@CGioInputDlg@@UEAAHPEAUtagMSG@@@Z 0000000067d97dd0 f   GioInputDlg.obj
 0001:00016e30       ?GioCallbackInfo@CGioInputDlg@@SAXPEAVSapGioCallbackInfo@@@Z 0000000067d97e30 f   GioInputDlg.obj
 0001:00016ea0       ?Create@CGioInputDlg@@QEAAHXZ 0000000067d97ea0 f   GioInputDlg.obj
 0001:00016f00       ?OnInitDialog@CGioInputDlg@@MEAAHXZ 0000000067d97f00 f   GioInputDlg.obj
 0001:00017cb0       ?OnSelchangeComboSignalEvent@CGioInputDlg@@IEAAXXZ 0000000067d98cb0 f   GioInputDlg.obj
 0001:00017d10       ?OnEnableCallback@CGioInputDlg@@IEAAXXZ 0000000067d98d10 f   GioInputDlg.obj
 0001:00017e60       ?Update@CGioInputDlg@@QEAAHXZ 0000000067d98e60 f   GioInputDlg.obj
 0001:000180f0       ?OnSelchangeComboInputLevel@CGioInputDlg@@IEAAXXZ 0000000067d990f0 f   GioInputDlg.obj
 0001:00018200       ?OnCtlColor@CGioInputDlg@@IEAAPEAUHBRUSH__@@PEAVCDC@@PEAVCWnd@@I@Z 0000000067d99200 f   GioInputDlg.obj
 0001:00018290       ?ResetInterruptCount@CGioInputDlg@@IEAAHXZ 0000000067d99290 f   GioInputDlg.obj
 0001:000183b0       ?OnBtReset@CGioInputDlg@@IEAAXXZ 0000000067d993b0 f   GioInputDlg.obj
 0001:000186a0       ??_GCGioInputDlg@@UEAAPEAXI@Z 0000000067d996a0 f i GioInputDlg.obj
 0001:000186f0       ??1CGioInputDlg@@UEAA@XZ   0000000067d996f0 f i GioInputDlg.obj
 0001:00018780       ??_ECGioInputDlg@@UEAAPEAXI@Z 0000000067d99780 f i GioInputDlg.obj
 0001:00018820       ??0CGioOutputDlg@@QEAA@PEAVCWnd@@IPEAVSapGio@@@Z 0000000067d99820 f   GioOutputDlg.obj
 0001:000189a0       ?DoDataExchange@CGioOutputDlg@@MEAAXPEAVCDataExchange@@@Z 0000000067d999a0 f   GioOutputDlg.obj
 0001:00018a60       ?PreTranslateMessage@CGioOutputDlg@@UEAAHPEAUtagMSG@@@Z 0000000067d99a60 f   GioOutputDlg.obj
 0001:00018ac0       ?MoveWindow@CGioOutputDlg@@QEAAII@Z 0000000067d99ac0 f   GioOutputDlg.obj
 0001:00018b80       ?GetMessageMap@CGioOutputDlg@@MEBAPEBUAFX_MSGMAP@@XZ 0000000067d99b80 f   GioOutputDlg.obj
 0001:00018bb0       ?GetThisMessageMap@CGioOutputDlg@@KAPEBUAFX_MSGMAP@@XZ 0000000067d99bb0 f   GioOutputDlg.obj
 0001:00018bd0       ?Update@CGioOutputDlg@@QEAAHXZ 0000000067d99bd0 f   GioOutputDlg.obj
 0001:00018e50       ?Create@CGioOutputDlg@@QEAAHXZ 0000000067d99e50 f   GioOutputDlg.obj
 0001:00018eb0       ?OnInitDialog@CGioOutputDlg@@MEAAHXZ 0000000067d99eb0 f   GioOutputDlg.obj
 0001:00019b30       ?InitOutputDlg@CGioOutputDlg@@QEAAHXZ 0000000067d9ab30 f   GioOutputDlg.obj
 0001:00019d40       ?InitComboOutputState@CGioOutputDlg@@QEAAXXZ 0000000067d9ad40 f   GioOutputDlg.obj
 0001:0001a050       ?OnSelchangeComboOutputState@CGioOutputDlg@@IEAAXXZ 0000000067d9b050 f   GioOutputDlg.obj
 0001:0001a090       ?UpdateIO@CGioOutputDlg@@IEAAXXZ 0000000067d9b090 f   GioOutputDlg.obj
 0001:0001a2c0       ?OnCtlColor@CGioOutputDlg@@IEAAPEAUHBRUSH__@@PEAVCDC@@PEAVCWnd@@I@Z 0000000067d9b2c0 f   GioOutputDlg.obj
 0001:0001a350       ?ChangePinState@CGioOutputDlg@@QEAAXPEAVCButton@@@Z 0000000067d9b350 f   GioOutputDlg.obj
 0001:0001a470       ?OnPin1@CGioOutputDlg@@IEAAXXZ 0000000067d9b470 f   GioOutputDlg.obj
 0001:0001a4c0       ?OnPin2@CGioOutputDlg@@IEAAXXZ 0000000067d9b4c0 f   GioOutputDlg.obj
 0001:0001a510       ?OnPin3@CGioOutputDlg@@IEAAXXZ 0000000067d9b510 f   GioOutputDlg.obj
 0001:0001a560       ?OnPin4@CGioOutputDlg@@IEAAXXZ 0000000067d9b560 f   GioOutputDlg.obj
 0001:0001a5b0       ?OnPin5@CGioOutputDlg@@IEAAXXZ 0000000067d9b5b0 f   GioOutputDlg.obj
 0001:0001a600       ?OnPin6@CGioOutputDlg@@IEAAXXZ 0000000067d9b600 f   GioOutputDlg.obj
 0001:0001a650       ?OnPin7@CGioOutputDlg@@IEAAXXZ 0000000067d9b650 f   GioOutputDlg.obj
 0001:0001a6a0       ?OnPin8@CGioOutputDlg@@IEAAXXZ 0000000067d9b6a0 f   GioOutputDlg.obj
 0001:0001a6f0       ?OnPin9@CGioOutputDlg@@IEAAXXZ 0000000067d9b6f0 f   GioOutputDlg.obj
 0001:0001a740       ?OnPin10@CGioOutputDlg@@IEAAXXZ 0000000067d9b740 f   GioOutputDlg.obj
 0001:0001a790       ?OnPin11@CGioOutputDlg@@IEAAXXZ 0000000067d9b790 f   GioOutputDlg.obj
 0001:0001a7e0       ?OnPin12@CGioOutputDlg@@IEAAXXZ 0000000067d9b7e0 f   GioOutputDlg.obj
 0001:0001aae0       ??_GCGioOutputDlg@@UEAAPEAXI@Z 0000000067d9bae0 f i GioOutputDlg.obj
 0001:0001ab30       ??1CGioOutputDlg@@UEAA@XZ  0000000067d9bb30 f i GioOutputDlg.obj
 0001:0001abe0       ??_ECGioOutputDlg@@UEAAPEAXI@Z 0000000067d9bbe0 f i GioOutputDlg.obj
 0001:0001ac80       ?_GetBaseClass@CImageExWnd@@KAPEAUCRuntimeClass@@XZ 0000000067d9bc80 f   ImageExWnd.obj
 0001:0001acb0       ?GetThisClass@CImageExWnd@@SAPEAUCRuntimeClass@@XZ 0000000067d9bcb0 f   ImageExWnd.obj
 0001:0001acd0       ?GetRuntimeClass@CImageExWnd@@UEBAPEAUCRuntimeClass@@XZ 0000000067d9bcd0 f   ImageExWnd.obj
 0001:0001acf0       ??0CImageExWnd@@QEAA@XZ    0000000067d9bcf0 f   ImageExWnd.obj
 0001:0001afb0       ??1CImageExWnd@@UEAA@XZ    0000000067d9bfb0 f   ImageExWnd.obj
 0001:0001b140       ?AttachSapView@CImageExWnd@@QEAA_NPEAVSapView@@@Z 0000000067d9c140 f   ImageExWnd.obj
 0001:0001b1a0       ?AttachEventHandler@CImageExWnd@@QEAAXPEAVCImageExWndEventHandler@@@Z 0000000067d9c1a0 f   ImageExWnd.obj
 0001:0001b1d0       ?CenterImage@CImageExWnd@@QEAAX_N@Z 0000000067d9c1d0 f   ImageExWnd.obj
 0001:0001b220       ?IsImageCentered@CImageExWnd@@QEBA_NXZ 0000000067d9c220 f   ImageExWnd.obj
 0001:0001b260       ?Refresh@CImageExWnd@@QEAAXXZ 0000000067d9c260 f   ImageExWnd.obj
 0001:0001b2b0       ?Reset@CImageExWnd@@QEAAXXZ 0000000067d9c2b0 f   ImageExWnd.obj
 0001:0001b300       ?SupportROI@CImageExWnd@@QEAAX_N@Z 0000000067d9c300 f   ImageExWnd.obj
 0001:0001b350       ?ActivateROI@CImageExWnd@@QEAAX_N@Z 0000000067d9c350 f   ImageExWnd.obj
 0001:0001b3a0       ?SetROI@CImageExWnd@@QEAAXHHII@Z 0000000067d9c3a0 f   ImageExWnd.obj
 0001:0001b410       ?SetROI@CImageExWnd@@QEAAXVCPoint@@0@Z 0000000067d9c410 f   ImageExWnd.obj
 0001:0001b470       ?SetROI@CImageExWnd@@QEAAXVCRect@@@Z 0000000067d9c470 f   ImageExWnd.obj
 0001:0001b4e0       ?IsRoiSupported@CImageExWnd@@QEBA_NXZ 0000000067d9c4e0 f   ImageExWnd.obj
 0001:0001b520       ?IsRoiActive@CImageExWnd@@QEBA_NXZ 0000000067d9c520 f   ImageExWnd.obj
 0001:0001b560       ?GetROI@CImageExWnd@@QEBAXAEAI000@Z 0000000067d9c560 f   ImageExWnd.obj
 0001:0001b5d0       ?GetROI@CImageExWnd@@QEBAXAEAVCPoint@@0@Z 0000000067d9c5d0 f   ImageExWnd.obj
 0001:0001b630       ?GetROI@CImageExWnd@@QEBAXAEAVCRect@@@Z 0000000067d9c630 f   ImageExWnd.obj
 0001:0001b680       ?SetPixelStringFormatDecimal@CImageExWnd@@QEAAX_N@Z 0000000067d9c680 f   ImageExWnd.obj
 0001:0001b6d0       ?IsPixelStringFormatDecimal@CImageExWnd@@QEBA_NXZ 0000000067d9c6d0 f   ImageExWnd.obj
 0001:0001b710       ?GetPixelString@CImageExWnd@@QEBA?AV?$CStringT@DV?$StrTraitMFC_DLL@DV?$ChTraitsCRT@D@ATL@@@@@ATL@@VCPoint@@@Z 0000000067d9c710 f   ImageExWnd.obj
 0001:0001b780       ?NotifyMarkerChanged@CImageExWnd@@IEAAXXZ 0000000067d9c780 f   ImageExWnd.obj
 0001:0001b7e0       ?NotifyInteractiveMarkerChanged@CImageExWnd@@IEAAXH@Z 0000000067d9c7e0 f   ImageExWnd.obj
 0001:0001b840       ?PixelChanged@CImageExWnd@@MEAAXHH@Z 0000000067d9c840 f   ImageExWnd.obj
 0001:0001b8b0       ?ScaleChanged@CImageExWnd@@MEAAXXZ 0000000067d9c8b0 f   ImageExWnd.obj
 0001:0001b950       ?RoiChanged@CImageExWnd@@MEAAXXZ 0000000067d9c950 f   ImageExWnd.obj
 0001:0001b9b0       ?ViewChanged@CImageExWnd@@MEAAXXZ 0000000067d9c9b0 f   ImageExWnd.obj
 0001:0001ba50       ?EnableMarker@CImageExWnd@@QEAAX_N@Z 0000000067d9ca50 f   ImageExWnd.obj
 0001:0001bb20       ?IsMarkerEnabled@CImageExWnd@@QEBA_NXZ 0000000067d9cb20 f   ImageExWnd.obj
 0001:0001bb40       ?SetMarkerLine@CImageExWnd@@QEAAXI@Z 0000000067d9cb40 f   ImageExWnd.obj
 0001:0001bbe0       ?GetMarkerLine@CImageExWnd@@QEBAIXZ 0000000067d9cbe0 f   ImageExWnd.obj
 0001:0001bc00       ?ValidateMarkerLineIndex@CImageExWnd@@IEAAHH@Z 0000000067d9cc00 f   ImageExWnd.obj
 0001:0001bc40       ?GetMessageMap@CImageExWnd@@MEBAPEBUAFX_MSGMAP@@XZ 0000000067d9cc40 f   ImageExWnd.obj
 0001:0001bc70       ?GetThisMessageMap@CImageExWnd@@KAPEBUAFX_MSGMAP@@XZ 0000000067d9cc70 f   ImageExWnd.obj
 0001:0001bc90       ?PreCreateWindow@CImageExWnd@@MEAAHAEAUtagCREATESTRUCTA@@@Z 0000000067d9cc90 f   ImageExWnd.obj
 0001:0001bce0       ?CreateChildControls@CImageExWnd@@IEAAHXZ 0000000067d9cce0 f   ImageExWnd.obj
 0001:0001bec0       ?OnCreate@CImageExWnd@@IEAAHPEAUtagCREATESTRUCTA@@@Z 0000000067d9cec0 f   ImageExWnd.obj
 0001:0001bf30       ?PreSubclassWindow@CImageExWnd@@MEAAXXZ 0000000067d9cf30 f   ImageExWnd.obj
 0001:0001bfa0       ?OnDestroy@CImageExWnd@@IEAAXXZ 0000000067d9cfa0 f   ImageExWnd.obj
 0001:0001c060       ?PreTranslateMessage@CImageExWnd@@MEAAHPEAUtagMSG@@@Z 0000000067d9d060 f   ImageExWnd.obj
 0001:0001c160       ?OnPaint@CImageExWnd@@IEAAXXZ 0000000067d9d160 f   ImageExWnd.obj
 0001:0001c550       ?PaintMarker@CImageExWnd@@IEAAXAEAVCDC@@H@Z 0000000067d9d550 f   ImageExWnd.obj
 0001:0001c7b0       ?OnEraseBkgnd@CImageExWnd@@IEAAHPEAVCDC@@@Z 0000000067d9d7b0 f   ImageExWnd.obj
 0001:0001c7d0       ?UpdateLayout@CImageExWnd@@IEAAXXZ 0000000067d9d7d0 f   ImageExWnd.obj
 0001:0001cc30       ?OnSize@CImageExWnd@@IEAAXIHH@Z 0000000067d9dc30 f   ImageExWnd.obj
 0001:0001cc90       ?OnSetFocus@CImageExWnd@@IEAAXPEAVCWnd@@@Z 0000000067d9dc90 f   ImageExWnd.obj
 0001:0001cce0       ?OnMouseMove@CImageExWnd@@IEAAXIVCPoint@@@Z 0000000067d9dce0 f   ImageExWnd.obj
 0001:0001cf20       ?OnMouseLeave@CImageExWnd@@IEAA_J_K_J@Z 0000000067d9df20 f   ImageExWnd.obj
 0001:0001cfa0       ?OnLButtonDown@CImageExWnd@@IEAAXIVCPoint@@@Z 0000000067d9dfa0 f   ImageExWnd.obj
 0001:0001d040       ?UpdateScrollBars@CImageExWnd@@IEAAXXZ 0000000067d9e040 f   ImageExWnd.obj
 0001:0001d300       ?OnHScroll@CImageExWnd@@IEAAXIIPEAVCScrollBar@@@Z 0000000067d9e300 f   ImageExWnd.obj
 0001:0001d560       ?OnVScroll@CImageExWnd@@IEAAXIIPEAVCScrollBar@@@Z 0000000067d9e560 f   ImageExWnd.obj
 0001:0001d7c0       ??0CImageViewportWndEventHandler@@QEAA@XZ 0000000067d9e7c0 f i ImageExWnd.obj
 0001:0001d7e0       ?PixelChanged@CImageViewportWndEventHandler@@UEAAXHH@Z 0000000067d9e7e0 f i ImageExWnd.obj
 0001:0001d800       ?ScaleChanged@CImageViewportWndEventHandler@@UEAAXXZ 0000000067d9e800 f i ImageExWnd.obj
 0001:0001d810       ?RoiChanged@CImageViewportWndEventHandler@@UEAAXXZ 0000000067d9e810 f i ImageExWnd.obj
 0001:0001d820       ?ViewChanged@CImageViewportWndEventHandler@@UEAAXXZ 0000000067d9e820 f i ImageExWnd.obj
 0001:0001d830       ??_GCImageExWnd@@UEAAPEAXI@Z 0000000067d9e830 f i ImageExWnd.obj
 0001:0001d880       ??_ECImageExWnd@@UEAAPEAXI@Z 0000000067d9e880 f i ImageExWnd.obj
 0001:0001d920       ?_GetBaseClass@CImageFilterEditorDlg@@KAPEAUCRuntimeClass@@XZ 0000000067d9e920 f   ImageFilterEditorDlg.obj
 0001:0001d950       ?GetThisClass@CImageFilterEditorDlg@@SAPEAUCRuntimeClass@@XZ 0000000067d9e950 f   ImageFilterEditorDlg.obj
 0001:0001d970       ?GetRuntimeClass@CImageFilterEditorDlg@@UEBAPEAUCRuntimeClass@@XZ 0000000067d9e970 f   ImageFilterEditorDlg.obj
 0001:0001d990       ??0CImageFilterEditorDlg@@QEAA@PEAVSapAcquisition@@PEAVCWnd@@@Z 0000000067d9e990 f   ImageFilterEditorDlg.obj
 0001:0001db10       ??1CImageFilterEditorDlg@@UEAA@XZ 0000000067d9eb10 f   ImageFilterEditorDlg.obj
 0001:0001dbf0       ?OnInitDialog@CImageFilterEditorDlg@@MEAAHXZ 0000000067d9ebf0 f   ImageFilterEditorDlg.obj
 0001:0001df40       ?CreateCoeffEditControls@CImageFilterEditorDlg@@IEAA_NH@Z 0000000067d9ef40 f   ImageFilterEditorDlg.obj
 0001:0001e160       ?DestroyCoeffEditControls@CImageFilterEditorDlg@@IEAAXXZ 0000000067d9f160 f   ImageFilterEditorDlg.obj
 0001:0001e2b0       ?InitControls@CImageFilterEditorDlg@@IEAAXXZ 0000000067d9f2b0 f   ImageFilterEditorDlg.obj
 0001:0001e5f0       ?UpdateState@CImageFilterEditorDlg@@IEAA_NXZ 0000000067d9f5f0 f   ImageFilterEditorDlg.obj
 0001:0001e6a0       ?UpdateKernelSizeCombo@CImageFilterEditorDlg@@IEAAXXZ 0000000067d9f6a0 f   ImageFilterEditorDlg.obj
 0001:0001e7a0       ?ArrangeCoeffEditControls@CImageFilterEditorDlg@@IEAAXXZ 0000000067d9f7a0 f   ImageFilterEditorDlg.obj
 0001:0001ec00       ?ConvertToDecimal@CImageFilterEditorDlg@@KA_NV?$CStringT@DV?$StrTraitMFC_DLL@DV?$ChTraitsCRT@D@ATL@@@@@ATL@@AEAN@Z 0000000067d9fc00 f   ImageFilterEditorDlg.obj
 0001:0001ed80       ?ReadCoefficients@CImageFilterEditorDlg@@IEAA_NXZ 0000000067d9fd80 f   ImageFilterEditorDlg.obj
 0001:0001f010       ?ReadCoefficientsFromBuffer@CImageFilterEditorDlg@@IEAA_NAEAVSapBuffer@@@Z 0000000067da0010 f   ImageFilterEditorDlg.obj
 0001:0001f360       ?WriteCoefficients@CImageFilterEditorDlg@@IEAA_NXZ 0000000067da0360 f   ImageFilterEditorDlg.obj
 0001:0001f5f0       ?WriteCoefficientsToBuffer@CImageFilterEditorDlg@@IEAA_NAEAVSapBuffer@@@Z 0000000067da05f0 f   ImageFilterEditorDlg.obj
 0001:0001fb40       ?DoDataExchange@CImageFilterEditorDlg@@MEAAXPEAVCDataExchange@@@Z 0000000067da0b40 f   ImageFilterEditorDlg.obj
 0001:0001fc30       ?GetMessageMap@CImageFilterEditorDlg@@MEBAPEBUAFX_MSGMAP@@XZ 0000000067da0c30 f   ImageFilterEditorDlg.obj
 0001:0001fc60       ?GetThisMessageMap@CImageFilterEditorDlg@@KAPEBUAFX_MSGMAP@@XZ 0000000067da0c60 f   ImageFilterEditorDlg.obj
 0001:0001fc80       ?OnCheckImageFilterEnable@CImageFilterEditorDlg@@IEAAXXZ 0000000067da0c80 f   ImageFilterEditorDlg.obj
 0001:0001fd10       ?OnChangeImageFilterIndex@CImageFilterEditorDlg@@IEAAXXZ 0000000067da0d10 f   ImageFilterEditorDlg.obj
 0001:0001fd50       ?OnChangeImageFilterSize@CImageFilterEditorDlg@@IEAAXXZ 0000000067da0d50 f   ImageFilterEditorDlg.obj
 0001:0001fd90       ?OnBnClickedBtnImport@CImageFilterEditorDlg@@IEAAXXZ 0000000067da0d90 f   ImageFilterEditorDlg.obj
 0001:00020080       ?OnBnClickedBtnExport@CImageFilterEditorDlg@@IEAAXXZ 0000000067da1080 f   ImageFilterEditorDlg.obj
 0001:00020450       ?OnOK@CImageFilterEditorDlg@@MEAAXXZ 0000000067da1450 f   ImageFilterEditorDlg.obj
 0001:000204e0       ?PreTranslateMessage@CImageFilterEditorDlg@@MEAAHPEAUtagMSG@@@Z 0000000067da14e0 f   ImageFilterEditorDlg.obj
 0001:00020550       ??_ECEdit@@UEAAPEAXI@Z     0000000067da1550 f i ImageFilterEditorDlg.obj
 0001:000205f0       ??_D?$basic_istringstream@DU?$char_traits@D@std@@V?$allocator@D@2@@std@@QEAAXXZ 0000000067da15f0 f i ImageFilterEditorDlg.obj
 0001:00020640       ??0?$basic_istringstream@DU?$char_traits@D@std@@V?$allocator@D@2@@std@@QEAA@AEBV?$basic_string@DU?$char_traits@D@std@@V?$allocator@D@2@@1@H@Z 0000000067da1640 f i ImageFilterEditorDlg.obj
 0001:00020720       ??1?$basic_istringstream@DU?$char_traits@D@std@@V?$allocator@D@2@@std@@UEAA@XZ 0000000067da1720 f i ImageFilterEditorDlg.obj
 0001:000207a0       ??1?$basic_stringbuf@DU?$char_traits@D@std@@V?$allocator@D@2@@std@@UEAA@XZ 0000000067da17a0 f i ImageFilterEditorDlg.obj
 0001:00020800       ?overflow@?$basic_stringbuf@DU?$char_traits@D@std@@V?$allocator@D@2@@std@@MEAAHH@Z 0000000067da1800 f i ImageFilterEditorDlg.obj
 0001:00020d20       ?pbackfail@?$basic_stringbuf@DU?$char_traits@D@std@@V?$allocator@D@2@@std@@MEAAHH@Z 0000000067da1d20 f i ImageFilterEditorDlg.obj
 0001:00020e50       ?underflow@?$basic_stringbuf@DU?$char_traits@D@std@@V?$allocator@D@2@@std@@MEAAHXZ 0000000067da1e50 f i ImageFilterEditorDlg.obj
 0001:00020fb0       ?seekoff@?$basic_stringbuf@DU?$char_traits@D@std@@V?$allocator@D@2@@std@@MEAA?AV?$fpos@H@2@_JHH@Z 0000000067da1fb0 f i ImageFilterEditorDlg.obj
 0001:00021310       ?seekpos@?$basic_stringbuf@DU?$char_traits@D@std@@V?$allocator@D@2@@std@@MEAA?AV?$fpos@H@2@V32@H@Z 0000000067da2310 f i ImageFilterEditorDlg.obj
 0001:00021560       ??_E?$basic_istringstream@DU?$char_traits@D@std@@V?$allocator@D@2@@std@@UEAAPEAXI@Z 0000000067da2560 f i ImageFilterEditorDlg.obj
 0001:00021560       ??_G?$basic_istringstream@DU?$char_traits@D@std@@V?$allocator@D@2@@std@@UEAAPEAXI@Z 0000000067da2560 f i ImageFilterEditorDlg.obj
 0001:000215d0       ??_E?$basic_stringbuf@DU?$char_traits@D@std@@V?$allocator@D@2@@std@@UEAAPEAXI@Z 0000000067da25d0 f i ImageFilterEditorDlg.obj
 0001:000215d0       ??_G?$basic_stringbuf@DU?$char_traits@D@std@@V?$allocator@D@2@@std@@UEAAPEAXI@Z 0000000067da25d0 f i ImageFilterEditorDlg.obj
 0001:00021620       ??B?$fpos@H@std@@QEBA_JXZ  0000000067da2620 f i ImageFilterEditorDlg.obj
 0001:00021640       ??0?$basic_stringbuf@DU?$char_traits@D@std@@V?$allocator@D@2@@std@@QEAA@AEBV?$basic_string@DU?$char_traits@D@std@@V?$allocator@D@2@@1@H@Z 0000000067da2640 f i ImageFilterEditorDlg.obj
 0001:000216f0       ?_Tidy@?$basic_stringbuf@DU?$char_traits@D@std@@V?$allocator@D@2@@std@@IEAAXXZ 0000000067da26f0 f i ImageFilterEditorDlg.obj
 0001:000217e0       ?_Init@?$basic_stringbuf@DU?$char_traits@D@std@@V?$allocator@D@2@@std@@IEAAXPEBD_KH@Z 0000000067da27e0 f i ImageFilterEditorDlg.obj
 0001:00021980       ?_Getstate@?$basic_stringbuf@DU?$char_traits@D@std@@V?$allocator@D@2@@std@@AEAAHH@Z 0000000067da2980 f i ImageFilterEditorDlg.obj
 0001:00021a10       ?copy@?$char_traits@D@std@@SAPEADPEADPEBD_K@Z 0000000067da2a10 f i ImageFilterEditorDlg.obj
 0001:00021a60       ?eq@?$char_traits@D@std@@SA_NAEBD0@Z 0000000067da2a60 f i ImageFilterEditorDlg.obj
 0001:00021ac0       ?to_char_type@?$char_traits@D@std@@SADAEBH@Z 0000000067da2ac0 f i ImageFilterEditorDlg.obj
 0001:00021ad0       ?to_int_type@?$char_traits@D@std@@SAHAEBD@Z 0000000067da2ad0 f i ImageFilterEditorDlg.obj
 0001:00021ae0       ?eq_int_type@?$char_traits@D@std@@SA_NAEBH0@Z 0000000067da2ae0 f i ImageFilterEditorDlg.obj
 0001:00021b30       ?not_eof@?$char_traits@D@std@@SAHAEBH@Z 0000000067da2b30 f i ImageFilterEditorDlg.obj
 0001:00021ba0       ?eof@?$char_traits@D@std@@SAHXZ 0000000067da2ba0 f i ImageFilterEditorDlg.obj
 0001:00021bb0       ??_GCImageFilterEditorDlg@@UEAAPEAXI@Z 0000000067da2bb0 f i ImageFilterEditorDlg.obj
 0001:00021c00       ??_ECImageFilterEditorDlg@@UEAAPEAXI@Z 0000000067da2c00 f i ImageFilterEditorDlg.obj
 0001:00021ca0       ??0?$basic_string@DU?$char_traits@D@std@@V?$allocator@D@2@@std@@QEAA@PEBD@Z 0000000067da2ca0 f i ImageFilterEditorDlg.obj
 0001:00021d20       ??1?$basic_string@DU?$char_traits@D@std@@V?$allocator@D@2@@std@@QEAA@XZ 0000000067da2d20 f i ImageFilterEditorDlg.obj
 0001:00021d70       ?c_str@?$basic_string@DU?$char_traits@D@std@@V?$allocator@D@2@@std@@QEBAPEBDXZ 0000000067da2d70 f i ImageFilterEditorDlg.obj
 0001:00021da0       ?size@?$basic_string@DU?$char_traits@D@std@@V?$allocator@D@2@@std@@QEBA_KXZ 0000000067da2da0 f i ImageFilterEditorDlg.obj
 0001:00021dc0       ?assign@?$basic_string@DU?$char_traits@D@std@@V?$allocator@D@2@@std@@QEAAAEAV12@PEBD@Z 0000000067da2dc0 f i ImageFilterEditorDlg.obj
 0001:00021e20       ?length@?$char_traits@D@std@@SA_KPEBD@Z 0000000067da2e20 f i ImageFilterEditorDlg.obj
 0001:00021e50       ?_Tidy@?$basic_string@DU?$char_traits@D@std@@V?$allocator@D@2@@std@@QEAAX_N_K@Z 0000000067da2e50 f i ImageFilterEditorDlg.obj
 0001:00021f10       ?_Myptr@?$basic_string@DU?$char_traits@D@std@@V?$allocator@D@2@@std@@QEBAPEBDXZ 0000000067da2f10 f i ImageFilterEditorDlg.obj
 0001:00021f60       ??0?$_String_val@DV?$allocator@D@std@@@std@@QEAA@V?$allocator@D@1@@Z 0000000067da2f60 f i ImageFilterEditorDlg.obj
 0001:00022030       ??0_Container_proxy@std@@QEAA@XZ 0000000067da3030 f i ImageFilterEditorDlg.obj
 0001:00022060       ??1?$_String_val@DV?$allocator@D@std@@@std@@QEAA@XZ 0000000067da3060 f i ImageFilterEditorDlg.obj
 0001:00022100       ??0?$allocator@D@std@@QEAA@XZ 0000000067da3100 f i ImageFilterEditorDlg.obj
 0001:00022110       ??0?$allocator@D@std@@QEAA@AEBV01@@Z 0000000067da3110 f i ImageFilterEditorDlg.obj
 0001:00022130       ??0?$fpos@H@std@@QEAA@_J@Z 0000000067da3130 f i ImageFilterEditorDlg.obj
 0001:00022170       ?assign@?$basic_string@DU?$char_traits@D@std@@V?$allocator@D@2@@std@@QEAAAEAV12@PEBD_K@Z 0000000067da3170 f i ImageFilterEditorDlg.obj
 0001:00022250       ?_Eos@?$basic_string@DU?$char_traits@D@std@@V?$allocator@D@2@@std@@QEAAX_K@Z 0000000067da3250 f i ImageFilterEditorDlg.obj
 0001:000222b0       ?assign@?$char_traits@D@std@@SAXAEADAEBD@Z 0000000067da32b0 f i ImageFilterEditorDlg.obj
 0001:000222d0       ?_Myptr@?$basic_string@DU?$char_traits@D@std@@V?$allocator@D@2@@std@@QEAAPEADXZ 0000000067da32d0 f i ImageFilterEditorDlg.obj
 0001:00022320       ?deallocate@?$allocator@D@std@@QEAAXPEAD_K@Z 0000000067da3320 f i ImageFilterEditorDlg.obj
 0001:00022360       ?deallocate@?$allocator@U_Container_proxy@std@@@std@@QEAAXPEAU_Container_proxy@2@_K@Z 0000000067da3360 f i ImageFilterEditorDlg.obj
 0001:000223a0       ?allocate@?$allocator@U_Container_proxy@std@@@std@@QEAAPEAU_Container_proxy@2@_K@Z 0000000067da33a0 f i ImageFilterEditorDlg.obj
 0001:000223e0       ?assign@?$basic_string@DU?$char_traits@D@std@@V?$allocator@D@2@@std@@QEAAAEAV12@AEBV12@_K1@Z 0000000067da33e0 f i ImageFilterEditorDlg.obj
 0001:00022500       ?_Xran@?$basic_string@DU?$char_traits@D@std@@V?$allocator@D@2@@std@@QEBAXXZ 0000000067da3500 f i ImageFilterEditorDlg.obj
 0001:00022540       ?_Grow@?$basic_string@DU?$char_traits@D@std@@V?$allocator@D@2@@std@@QEAA_N_K_N@Z 0000000067da3540 f i ImageFilterEditorDlg.obj
 0001:00022640       ?_Inside@?$basic_string@DU?$char_traits@D@std@@V?$allocator@D@2@@std@@QEAA_NPEBD@Z 0000000067da3640 f i ImageFilterEditorDlg.obj
 0001:000226b0       ?_Xlen@?$basic_string@DU?$char_traits@D@std@@V?$allocator@D@2@@std@@QEBAXXZ 0000000067da36b0 f i ImageFilterEditorDlg.obj
 0001:000226f0       ?erase@?$basic_string@DU?$char_traits@D@std@@V?$allocator@D@2@@std@@QEAAAEAV12@_K0@Z 0000000067da36f0 f i ImageFilterEditorDlg.obj
 0001:00022800       ?move@?$char_traits@D@std@@SAPEADPEADPEBD_K@Z 0000000067da3800 f i ImageFilterEditorDlg.obj
 0001:00022850       ?max_size@?$basic_string@DU?$char_traits@D@std@@V?$allocator@D@2@@std@@QEBA_KXZ 0000000067da3850 f i ImageFilterEditorDlg.obj
 0001:000228b0       ?_Copy@?$basic_string@DU?$char_traits@D@std@@V?$allocator@D@2@@std@@QEAAX_K0@Z 0000000067da38b0 f i ImageFilterEditorDlg.obj
 0001:00022a40       ?allocate@?$allocator@D@std@@QEAAPEAD_K@Z 0000000067da3a40 f i ImageFilterEditorDlg.obj
 0001:00022a80       ?max_size@?$allocator@D@std@@QEBA_KXZ 0000000067da3a80 f i ImageFilterEditorDlg.obj
 0001:00022ad0       ??$_Debug_pointer@D@std@@YAXPEBDPEB_WI@Z 0000000067da3ad0 f i ImageFilterEditorDlg.obj
 0001:00022b20       ??$?0D@?$allocator@U_Container_proxy@std@@@std@@QEAA@AEBV?$allocator@D@1@@Z 0000000067da3b20 f i ImageFilterEditorDlg.obj
 0001:00022b40       ??$_Cons_val@V?$allocator@U_Container_proxy@std@@@std@@U_Container_proxy@2@U32@@std@@YAXAEAV?$allocator@U_Container_proxy@std@@@0@PEAU_Container_proxy@0@$$QEAU20@@Z 0000000067da3b40 f i ImageFilterEditorDlg.obj
 0001:00022b90       ??$_Dest_val@V?$allocator@U_Container_proxy@std@@@std@@U_Container_proxy@2@@std@@YAXAEAV?$allocator@U_Container_proxy@std@@@0@PEAU_Container_proxy@0@@Z 0000000067da3b90 f i ImageFilterEditorDlg.obj
 0001:00022bd0       ??$_Allocate@U_Container_proxy@std@@@std@@YAPEAU_Container_proxy@0@_KPEAU10@@Z 0000000067da3bd0 f i ImageFilterEditorDlg.obj
 0001:00022c70       ??0bad_alloc@std@@QEAA@PEBD@Z 0000000067da3c70 f i ImageFilterEditorDlg.obj
 0001:00022cc0       ??1bad_alloc@std@@UEAA@XZ  0000000067da3cc0 f i ImageFilterEditorDlg.obj
 0001:00022d00       ??_Gbad_alloc@std@@UEAAPEAXI@Z 0000000067da3d00 f i ImageFilterEditorDlg.obj
 0001:00022d00       ??_Ebad_alloc@std@@UEAAPEAXI@Z 0000000067da3d00 f i ImageFilterEditorDlg.obj
 0001:00022d50       ??$_Allocate@D@std@@YAPEAD_KPEAD@Z 0000000067da3d50 f i ImageFilterEditorDlg.obj
 0001:00022de0       ??0bad_alloc@std@@QEAA@AEBV01@@Z 0000000067da3de0 f i ImageFilterEditorDlg.obj
 0001:00022e30       ?construct@?$allocator@U_Container_proxy@std@@@std@@QEAAXPEAU_Container_proxy@2@$$QEAU32@@Z 0000000067da3e30 f i ImageFilterEditorDlg.obj
 0001:00022ee0       ??2@YAPEAX_KPEAX@Z         0000000067da3ee0 f i ImageFilterEditorDlg.obj
 0001:00022f00       ??3@YAXPEAX0@Z             0000000067da3f00 f i ImageFilterEditorDlg.obj
 0001:00022f10       ?destroy@?$allocator@U_Container_proxy@std@@@std@@QEAAXPEAU_Container_proxy@2@@Z 0000000067da3f10 f i ImageFilterEditorDlg.obj
 0001:00022f50       ??$forward@U_Container_proxy@std@@@std@@YA$$QEAU_Container_proxy@0@AEAU10@@Z 0000000067da3f50 f i ImageFilterEditorDlg.obj
 0001:00022f60       ??$_Destroy@U_Container_proxy@std@@@std@@YAXPEAU_Container_proxy@0@@Z 0000000067da3f60 f i ImageFilterEditorDlg.obj
 0001:00022f70       ?_GetBaseClass@CImageViewportWnd@@KAPEAUCRuntimeClass@@XZ 0000000067da3f70 f   ImageViewportWnd.obj
 0001:00022fa0       ?GetThisClass@CImageViewportWnd@@SAPEAUCRuntimeClass@@XZ 0000000067da3fa0 f   ImageViewportWnd.obj
 0001:00022fc0       ?GetRuntimeClass@CImageViewportWnd@@UEBAPEAUCRuntimeClass@@XZ 0000000067da3fc0 f   ImageViewportWnd.obj
 0001:00022fe0       ??0CImageViewportWnd@@QEAA@XZ 0000000067da3fe0 f   ImageViewportWnd.obj
 0001:00023190       ??1CImageViewportWnd@@UEAA@XZ 0000000067da4190 f   ImageViewportWnd.obj
 0001:00023270       ?AttachSapView@CImageViewportWnd@@QEAA_NPEAVSapView@@@Z 0000000067da4270 f   ImageViewportWnd.obj
 0001:00023320       ?ViewCallback@CImageViewportWnd@@CAXPEAVSapViewCallbackInfo@@@Z 0000000067da4320 f   ImageViewportWnd.obj
 0001:00023380       ?AttachEventHandler@CImageViewportWnd@@QEAAXPEAVCImageViewportWndEventHandler@@@Z 0000000067da4380 f   ImageViewportWnd.obj
 0001:000233b0       ?CenterImage@CImageViewportWnd@@QEAAX_N@Z 0000000067da43b0 f   ImageViewportWnd.obj
 0001:00023420       ?IsImageCentered@CImageViewportWnd@@QEBA_NXZ 0000000067da4420 f   ImageViewportWnd.obj
 0001:00023440       ?OnEraseBkgnd@CImageViewportWnd@@IEAAHPEAVCDC@@@Z 0000000067da4440 f   ImageViewportWnd.obj
 0001:00023460       ?OnPaint@CImageViewportWnd@@IEAAXXZ 0000000067da4460 f   ImageViewportWnd.obj
 0001:00023770       ?PaintROI@CImageViewportWnd@@AEAAXXZ 0000000067da4770 f   ImageViewportWnd.obj
 0001:00023e90       ?GetMessageMap@CImageViewportWnd@@MEBAPEBUAFX_MSGMAP@@XZ 0000000067da4e90 f   ImageViewportWnd.obj
 0001:00023ec0       ?GetThisMessageMap@CImageViewportWnd@@KAPEBUAFX_MSGMAP@@XZ 0000000067da4ec0 f   ImageViewportWnd.obj
 0001:00023ee0       ?PreSubclassWindow@CImageViewportWnd@@MEAAXXZ 0000000067da4ee0 f   ImageViewportWnd.obj
 0001:00023fe0       ?PreTranslateMessage@CImageViewportWnd@@MEAAHPEAUtagMSG@@@Z 0000000067da4fe0 f   ImageViewportWnd.obj
 0001:00024050       ?OnSize@CImageViewportWnd@@IEAAXIHH@Z 0000000067da5050 f   ImageViewportWnd.obj
 0001:00024100       ?OnLButtonDown@CImageViewportWnd@@IEAAXIVCPoint@@@Z 0000000067da5100 f   ImageViewportWnd.obj
 0001:000243d0       ?OnLButtonUp@CImageViewportWnd@@IEAAXIVCPoint@@@Z 0000000067da53d0 f   ImageViewportWnd.obj
 0001:000244b0       ?OnLButtonDblClk@CImageViewportWnd@@IEAAXIVCPoint@@@Z 0000000067da54b0 f   ImageViewportWnd.obj
 0001:000247f0       ?OnKeyDown@CImageViewportWnd@@IEAAXIII@Z 0000000067da57f0 f   ImageViewportWnd.obj
 0001:000249e0       ?OnKeyUp@CImageViewportWnd@@IEAAXIII@Z 0000000067da59e0 f   ImageViewportWnd.obj
 0001:00024a60       ?OnSysKeyDown@CImageViewportWnd@@IEAAXIII@Z 0000000067da5a60 f   ImageViewportWnd.obj
 0001:00024b70       ?OnMouseMove@CImageViewportWnd@@IEAAXIVCPoint@@@Z 0000000067da5b70 f   ImageViewportWnd.obj
 0001:00024dc0       ?OnMouseLeave@CImageViewportWnd@@IEAA_J_K_J@Z 0000000067da5dc0 f   ImageViewportWnd.obj
 0001:00024e50       ?OnMouseWheel@CImageViewportWnd@@IEAAHIFVCPoint@@@Z 0000000067da5e50 f   ImageViewportWnd.obj
 0001:00025050       ?OnSetCursor@CImageViewportWnd@@IEAAHPEAVCWnd@@II@Z 0000000067da6050 f   ImageViewportWnd.obj
 0001:000253b0       ?NotifyPixelChanged@CImageViewportWnd@@AEAAXHH@Z 0000000067da63b0 f   ImageViewportWnd.obj
 0001:00025420       ?NotifyScaleChanged@CImageViewportWnd@@AEAAXXZ 0000000067da6420 f   ImageViewportWnd.obj
 0001:00025480       ?NotifyRoiChanged@CImageViewportWnd@@AEAAXXZ 0000000067da6480 f   ImageViewportWnd.obj
 0001:000254e0       ?NotifyViewChanged@CImageViewportWnd@@AEAAXXZ 0000000067da64e0 f   ImageViewportWnd.obj
 0001:00025540       ?UpdateScales@CImageViewportWnd@@AEAAXMM@Z 0000000067da6540 f   ImageViewportWnd.obj
 0001:00025d00       ?MoveInView@CImageViewportWnd@@AEAAXVCPoint@@@Z 0000000067da6d00 f   ImageViewportWnd.obj
 0001:00026120       ?MoveRoi@CImageViewportWnd@@AEAAXVCPoint@@@Z 0000000067da7120 f   ImageViewportWnd.obj
 0001:00026330       ?MoveRoiAnchor@CImageViewportWnd@@AEAAXVCPoint@@@Z 0000000067da7330 f   ImageViewportWnd.obj
 0001:000264f0       ?TranslatePointToNativeView@CImageViewportWnd@@AEBA?AVCPoint@@V2@@Z 0000000067da74f0 f   ImageViewportWnd.obj
 0001:00026790       ?TranslatePointToDestinationView@CImageViewportWnd@@AEBA?AVCPoint@@V2@@Z 0000000067da7790 f   ImageViewportWnd.obj
 0001:00026920       ?GetDstRectFromCurrentScalingOptions@CImageViewportWnd@@AEBA?AVCRect@@XZ 0000000067da7920 f   ImageViewportWnd.obj
 0001:00026aa0       ?ChangeZoom@CImageViewportWnd@@AEAAX_N0VCPoint@@00@Z 0000000067da7aa0 f   ImageViewportWnd.obj
 0001:00026cc0       ?SupportROI@CImageViewportWnd@@QEAAX_N@Z 0000000067da7cc0 f   ImageViewportWnd.obj
 0001:00026cf0       ?ActivateROI@CImageViewportWnd@@QEAAX_N@Z 0000000067da7cf0 f   ImageViewportWnd.obj
 0001:00026d60       ?SetROI@CImageViewportWnd@@QEAAXHHII@Z 0000000067da7d60 f   ImageViewportWnd.obj
 0001:00026e30       ?SetROI@CImageViewportWnd@@QEAAXVCPoint@@0@Z 0000000067da7e30 f   ImageViewportWnd.obj
 0001:00026ea0       ?SetROI@CImageViewportWnd@@QEAAXVCRect@@@Z 0000000067da7ea0 f   ImageViewportWnd.obj
 0001:00026f10       ?IsRoiSupported@CImageViewportWnd@@QEBA_NXZ 0000000067da7f10 f   ImageViewportWnd.obj
 0001:00026f30       ?IsRoiActive@CImageViewportWnd@@QEBA_NXZ 0000000067da7f30 f   ImageViewportWnd.obj
 0001:00026f90       ?GetROI@CImageViewportWnd@@QEBAXAEAI000@Z 0000000067da7f90 f   ImageViewportWnd.obj
 0001:00027030       ?GetROI@CImageViewportWnd@@QEBAXAEAVCPoint@@0@Z 0000000067da8030 f   ImageViewportWnd.obj
 0001:000270a0       ?GetROI@CImageViewportWnd@@QEBAXAEAVCRect@@@Z 0000000067da80a0 f   ImageViewportWnd.obj
 0001:00027100       ?ValidateRoi@CImageViewportWnd@@AEAAXXZ 0000000067da8100 f   ImageViewportWnd.obj
 0001:000272c0       ?MoveMouseCursor@CImageViewportWnd@@AEBAXHH@Z 0000000067da82c0 f   ImageViewportWnd.obj
 0001:000273e0       ?SetPixelStringFormatDecimal@CImageViewportWnd@@QEAAX_N@Z 0000000067da83e0 f   ImageViewportWnd.obj
 0001:00027410       ?IsPixelStringFormatDecimal@CImageViewportWnd@@QEBA_NXZ 0000000067da8410 f   ImageViewportWnd.obj
 0001:00027430       ?GetPixelString@CImageViewportWnd@@QEBA?AV?$CStringT@DV?$StrTraitMFC_DLL@DV?$ChTraitsCRT@D@ATL@@@@@ATL@@VCPoint@@@Z 0000000067da8430 f   ImageViewportWnd.obj
 0001:00027590       ?Refresh@CImageViewportWnd@@QEAAXXZ 0000000067da8590 f   ImageViewportWnd.obj
 0001:00027680       ?Reset@CImageViewportWnd@@QEAAXXZ 0000000067da8680 f   ImageViewportWnd.obj
 0001:000277c0       ??0SImageViewportROI@@QEAA@XZ 0000000067da87c0 f i ImageViewportWnd.obj
 0001:00027870       ??1SImageViewportROI@@QEAA@XZ 0000000067da8870 f i ImageViewportWnd.obj
 0001:000278f0       ??_H@YAXPEAX_KHP6APEAX0@Z@Z 0000000067da88f0 f i ImageViewportWnd.obj
 0001:00027960       ??_GCImageViewportWnd@@UEAAPEAXI@Z 0000000067da8960 f i ImageViewportWnd.obj
 0001:000279b0       ??_ECImageViewportWnd@@UEAAPEAXI@Z 0000000067da89b0 f i ImageViewportWnd.obj
 0001:00027a50       ??0CImageWnd@@QEAA@PEAVSapView@@PEAVCWnd@@PEAVCScrollBar@@21@Z 0000000067da8a50 f   ImageWnd.obj
 0001:00027c50       ??0CImageWnd@@QEAA@PEAVSapView@@PEAVCWnd@@@Z 0000000067da8c50 f   ImageWnd.obj
 0001:00027df0       ??1CImageWnd@@UEAA@XZ      0000000067da8df0 f   ImageWnd.obj
 0001:00027e40       ?GetScrollPos@CImageWnd@@IEAAHH@Z 0000000067da8e40 f   ImageWnd.obj
 0001:00027ef0       ?GetScrollRange@CImageWnd@@IEAAXHPEAH0@Z 0000000067da8ef0 f   ImageWnd.obj
 0001:00027fc0       ?GetScrollInfo@CImageWnd@@IEAAHHPEAUtagSCROLLINFO@@@Z 0000000067da8fc0 f   ImageWnd.obj
 0001:000280b0       ?SetScrollPos@CImageWnd@@IEAAHHHH@Z 0000000067da90b0 f   ImageWnd.obj
 0001:000281a0       ?SetScrollInfo@CImageWnd@@IEAAHHPEAUtagSCROLLINFO@@H@Z 0000000067da91a0 f   ImageWnd.obj
 0001:000282a0       ?IsPointInside@CImageWnd@@QEAAHVCPoint@@@Z 0000000067da92a0 f   ImageWnd.obj
 0001:000282f0       ?TranslateMousePos@CImageWnd@@QEAA?AVCPoint@@V2@@Z 0000000067da92f0 f   ImageWnd.obj
 0001:000283c0       ?TranslatePos@CImageWnd@@QEAA?AVCPoint@@V2@@Z 0000000067da93c0 f   ImageWnd.obj
 0001:00028600       ?UntranslatePos@CImageWnd@@QEAA?AVCPoint@@V2@@Z 0000000067da9600 f   ImageWnd.obj
 0001:00028820       ?UpdateClientArea@CImageWnd@@QEAAXK@Z 0000000067da9820 f   ImageWnd.obj
 0001:00028a00       ?UpdateClientArea@CImageWnd@@QEAAXXZ 0000000067da9a00 f   ImageWnd.obj
 0001:00028a90       ?OnMove@CImageWnd@@QEAAXXZ 0000000067da9a90 f   ImageWnd.obj
 0001:00028b10       ?OnPaint@CImageWnd@@QEAAXXZ 0000000067da9b10 f   ImageWnd.obj
 0001:00028b90       ?OnSize@CImageWnd@@QEAAXH@Z 0000000067da9b90 f   ImageWnd.obj
 0001:00029250       ?Invalidate@CImageWnd@@QEAAXH@Z 0000000067daa250 f   ImageWnd.obj
 0001:000292c0       ?UpdateScrollBars@CImageWnd@@IEAAXXZ 0000000067daa2c0 f   ImageWnd.obj
 0001:00029730       ?OnHScroll@CImageWnd@@QEAAXII@Z 0000000067daa730 f   ImageWnd.obj
 0001:00029910       ?OnVScroll@CImageWnd@@QEAAXII@Z 0000000067daa910 f   ImageWnd.obj
 0001:00029af0       ?DisplayRoiTracker@CImageWnd@@QEAAXXZ 0000000067daaaf0 f   ImageWnd.obj
 0001:00029cb0       ?HideRoiTracker@CImageWnd@@QEAAXXZ 0000000067daacb0 f   ImageWnd.obj
 0001:00029db0       ?UpdateRectTracker@CImageWnd@@IEAAXXZ 0000000067daadb0 f   ImageWnd.obj
 0001:00029e60       ?ValidateRoi@CImageWnd@@IEAA?AVCRect@@V2@@Z 0000000067daae60 f   ImageWnd.obj
 0001:0002a000       ?GetSelectedRoi@CImageWnd@@QEAA?AVCRect@@XZ 0000000067dab000 f   ImageWnd.obj
 0001:0002a070       ?SelectRoi@CImageWnd@@QEAAXVCRect@@@Z 0000000067dab070 f   ImageWnd.obj
 0001:0002a140       ?OnLButtonDown@CImageWnd@@QEAAHVCPoint@@@Z 0000000067dab140 f   ImageWnd.obj
 0001:0002a390       ?OnSetCursor@CImageWnd@@QEAAHI@Z 0000000067dab390 f   ImageWnd.obj
 0001:0002a500       ?SetPixelStringFormatDecimal@CImageWnd@@QEAAXH@Z 0000000067dab500 f   ImageWnd.obj
 0001:0002a530       ?GetPixelString@CImageWnd@@SA?AV?$CStringT@DV?$StrTraitMFC_DLL@DV?$ChTraitsCRT@D@ATL@@@@@ATL@@PEAVSapBuffer@@VCPoint@@HH@Z 0000000067dab530 f   ImageWnd.obj
 0001:0002b570       ?GetPixelString@CImageWnd@@QEAA?AV?$CStringT@DV?$StrTraitMFC_DLL@DV?$ChTraitsCRT@D@ATL@@@@@ATL@@VCPoint@@@Z 0000000067dac570 f   ImageWnd.obj
 0001:0002b6f0       ?AdjustRect@CSapRectTracker@@UEAAXHPEAUtagRECT@@@Z 0000000067dac6f0 f   ImageWnd.obj
 0001:0002b800       ?SetLimitRect@CSapRectTracker@@QEAAXPEAVCRect@@@Z 0000000067dac800 f   ImageWnd.obj
 0001:0002b850       ??0CSapRectTracker@@QEAA@XZ 0000000067dac850 f i ImageWnd.obj
 0001:0002b8b0       ??_ECImageWnd@@UEAAPEAXI@Z 0000000067dac8b0 f i ImageWnd.obj
 0001:0002b950       ??1CSapRectTracker@@UEAA@XZ 0000000067dac950 f i ImageWnd.obj
 0001:0002b980       ??_ECSapRectTracker@@UEAAPEAXI@Z 0000000067dac980 f i ImageWnd.obj
 0001:0002b980       ??_GCSapRectTracker@@UEAAPEAXI@Z 0000000067dac980 f i ImageWnd.obj
 0001:0002b9d0       ??0CJpegFileDlg@@QEAA@PEAVCWnd@@H@Z 0000000067dac9d0 f   JpegFileDlg.obj
 0001:0002ba90       ?OnFinalRelease@CJpegFileDlg@@UEAAXXZ 0000000067daca90 f   JpegFileDlg.obj
 0001:0002bad0       ?DoDataExchange@CJpegFileDlg@@MEAAXPEAVCDataExchange@@@Z 0000000067dacad0 f   JpegFileDlg.obj
 0001:0002bb50       ?GetMessageMap@CJpegFileDlg@@MEBAPEBUAFX_MSGMAP@@XZ 0000000067dacb50 f   JpegFileDlg.obj
 0001:0002bb80       ?GetThisMessageMap@CJpegFileDlg@@KAPEBUAFX_MSGMAP@@XZ 0000000067dacb80 f   JpegFileDlg.obj
 0001:0002bba0       ?GetThisDispatchMap@CJpegFileDlg@@KAPEBUAFX_DISPMAP@@XZ 0000000067dacba0 f   JpegFileDlg.obj
 0001:0002bbc0       ?GetDispatchMap@CJpegFileDlg@@MEBAPEBUAFX_DISPMAP@@XZ 0000000067dacbc0 f   JpegFileDlg.obj
 0001:0002bbe0       ?GetThisInterfaceMap@CJpegFileDlg@@KAPEBUAFX_INTERFACEMAP@@XZ 0000000067dacbe0 f   JpegFileDlg.obj
 0001:0002bc00       ?GetInterfaceMap@CJpegFileDlg@@MEBAPEBUAFX_INTERFACEMAP@@XZ 0000000067dacc00 f   JpegFileDlg.obj
 0001:0002bc20       ?OnVScroll@CJpegFileDlg@@IEAAXIIPEAVCScrollBar@@@Z 0000000067dacc20 f   JpegFileDlg.obj
 0001:0002bd20       ?OnOK@CJpegFileDlg@@MEAAXXZ 0000000067dacd20 f   JpegFileDlg.obj
 0001:0002bd90       ?OnUpdateJpgEditQuality@CJpegFileDlg@@IEAAXXZ 0000000067dacd90 f   JpegFileDlg.obj
 0001:0002bdd0       ??_GCJpegFileDlg@@UEAAPEAXI@Z 0000000067dacdd0 f i JpegFileDlg.obj
 0001:0002bdd0       ??_ECJpegFileDlg@@UEAAPEAXI@Z 0000000067dacdd0 f i JpegFileDlg.obj
 0001:0002be20       ??1CJpegFileDlg@@UEAA@XZ   0000000067dace20 f i JpegFileDlg.obj
 0001:0002be50       ?_GetBaseClass@CLoadSaveDlg@@KAPEAUCRuntimeClass@@XZ 0000000067dace50 f   LoadSaveDlg.obj
 0001:0002be80       ?GetThisClass@CLoadSaveDlg@@SAPEAUCRuntimeClass@@XZ 0000000067dace80 f   LoadSaveDlg.obj
 0001:0002bea0       ?GetRuntimeClass@CLoadSaveDlg@@UEBAPEAUCRuntimeClass@@XZ 0000000067dacea0 f   LoadSaveDlg.obj
 0001:0002bec0       ??0CLoadSaveDlg@@QEAA@PEAVCWnd@@PEAVSapBuffer@@HH@Z 0000000067dacec0 f   LoadSaveDlg.obj
 0001:0002c070       ?UpdateBuffer@CLoadSaveDlg@@IEAAHXZ 0000000067dad070 f   LoadSaveDlg.obj
 0001:0002c590       ?DoModal@CLoadSaveDlg@@UEAA_JXZ 0000000067dad590 f   LoadSaveDlg.obj
 0001:0002c690       ?LoadSettings@CLoadSaveDlg@@IEAAXXZ 0000000067dad690 f   LoadSaveDlg.obj
 0001:0002c780       ?SaveSettings@CLoadSaveDlg@@IEAAXXZ 0000000067dad780 f   LoadSaveDlg.obj
 0001:0002c880       ?SetOptions@CLoadSaveDlg@@IEAAHXZ 0000000067dad880 f   LoadSaveDlg.obj
 0001:0002ca70       ?AddTiffOptions@CLoadSaveDlg@@IEAAHXZ 0000000067dada70 f   LoadSaveDlg.obj
 0001:0002cc00       ?AddRawOptions@CLoadSaveDlg@@IEAAHXZ 0000000067dadc00 f   LoadSaveDlg.obj
 0001:0002ce90       ?AddJpegOptions@CLoadSaveDlg@@IEAAHXZ 0000000067dade90 f   LoadSaveDlg.obj
 0001:0002cfb0       ?AddAviOptions@CLoadSaveDlg@@IEAAHXZ 0000000067dadfb0 f   LoadSaveDlg.obj
 0001:0002d0a0       ?SetFilterIndex@CLoadSaveDlg@@IEAAXXZ 0000000067dae0a0 f   LoadSaveDlg.obj
 0001:0002d1a0       ?OnTypeChange@CLoadSaveDlg@@MEAAXXZ 0000000067dae1a0 f   LoadSaveDlg.obj
 0001:0002d270       ?GetMessageMap@CLoadSaveDlg@@MEBAPEBUAFX_MSGMAP@@XZ 0000000067dae270 f   LoadSaveDlg.obj
 0001:0002d2a0       ?GetThisMessageMap@CLoadSaveDlg@@KAPEBUAFX_MSGMAP@@XZ 0000000067dae2a0 f   LoadSaveDlg.obj
 0001:0002d420       ?GetCompressionLevel@CTiffFileDlg@@QEAAHXZ 0000000067dae420 f i LoadSaveDlg.obj
 0001:0002d440       ?GetCompressionType@CTiffFileDlg@@QEAAHXZ 0000000067dae440 f i LoadSaveDlg.obj
 0001:0002d460       ??1CTiffFileDlg@@UEAA@XZ   0000000067dae460 f i LoadSaveDlg.obj
 0001:0002d490       ?GetRawFileWidth@CRawFileDlg@@QEAAHXZ 0000000067dae490 f i LoadSaveDlg.obj
 0001:0002d4b0       ?GetRawFileHeight@CRawFileDlg@@QEAAHXZ 0000000067dae4b0 f i LoadSaveDlg.obj
 0001:0002d4d0       ?GetRawFileOffset@CRawFileDlg@@QEAAHXZ 0000000067dae4d0 f i LoadSaveDlg.obj
 0001:0002d4f0       ?GetRawFileFormat@CRawFileDlg@@QEAAHXZ 0000000067dae4f0 f i LoadSaveDlg.obj
 0001:0002d510       ??1CRawFileDlg@@UEAA@XZ    0000000067dae510 f i LoadSaveDlg.obj
 0001:0002d560       ?GetJpegFileQuality@CJpegFileDlg@@QEAAHXZ 0000000067dae560 f i LoadSaveDlg.obj
 0001:0002d580       ?GetFirstFrame@CAviFileDlg@@QEAAHXZ 0000000067dae580 f i LoadSaveDlg.obj
 0001:0002d5a0       ??_GCLoadSaveDlg@@UEAAPEAXI@Z 0000000067dae5a0 f i LoadSaveDlg.obj
 0001:0002d5f0       ??_ECLoadSaveDlg@@UEAAPEAXI@Z 0000000067dae5f0 f i LoadSaveDlg.obj
 0001:0002d690       ??0CLScanDlg@@QEAA@PEAVCWnd@@PEAVSapAcquisition@@@Z 0000000067dae690 f   LScanDlg.obj
 0001:0002d7e0       ?DoDataExchange@CLScanDlg@@MEAAXPEAVCDataExchange@@@Z 0000000067dae7e0 f   LScanDlg.obj
 0001:0002d940       ?GetMessageMap@CLScanDlg@@MEBAPEBUAFX_MSGMAP@@XZ 0000000067dae940 f   LScanDlg.obj
 0001:0002d970       ?GetThisMessageMap@CLScanDlg@@KAPEBUAFX_MSGMAP@@XZ 0000000067dae970 f   LScanDlg.obj
 0001:0002d990       ?OnOK@CLScanDlg@@MEAAXXZ   0000000067dae990 f   LScanDlg.obj
 0001:0002e350       ?OnInitDialog@CLScanDlg@@MEAAHXZ 0000000067daf350 f   LScanDlg.obj
 0001:0002f5c0       ?UpdateWindow@CLScanDlg@@IEAAXXZ 0000000067db05c0 f   LScanDlg.obj
 0001:0002fab0       ?OnKillfocusEditLineIntegration@CLScanDlg@@IEAAXXZ 0000000067db0ab0 f   LScanDlg.obj
 0001:0002fb00       ?OnExternalFrameTriggerEnable@CLScanDlg@@IEAAXXZ 0000000067db0b00 f   LScanDlg.obj
 0001:0002fbd0       ?OnExternalLineTriggerEnable@CLScanDlg@@IEAAXXZ 0000000067db0bd0 f   LScanDlg.obj
 0001:0002fcc0       ?OnLineIntegrate@CLScanDlg@@IEAAXXZ 0000000067db0cc0 f   LScanDlg.obj
 0001:0002fd00       ?OnVScroll@CLScanDlg@@IEAAXIIPEAVCScrollBar@@@Z 0000000067db0d00 f   LScanDlg.obj
 0001:0002fe90       ?VerifyLineIntegrateDuration@CLScanDlg@@IEAAXXZ 0000000067db0e90 f   LScanDlg.obj
 0001:00030050       ?OnInternalLineTriggerEnable@CLScanDlg@@IEAAXXZ 0000000067db1050 f   LScanDlg.obj
 0001:00030100       ?OnLineIntegrateEnable@CLScanDlg@@IEAAXXZ 0000000067db1100 f   LScanDlg.obj
 0001:00030190       ?OnShaftEncoderEnable@CLScanDlg@@IEAAXXZ 0000000067db1190 f   LScanDlg.obj
 0001:00030390       ??_ECLScanDlg@@WBBI@EAAPEAXI@Z 0000000067db1390 f i LScanDlg.obj
 0001:000303a0       ??_GCLScanDlg@@UEAAPEAXI@Z 0000000067db13a0 f i LScanDlg.obj
 0001:000303f0       ??1CLScanDlg@@UEAA@XZ      0000000067db13f0 f i LScanDlg.obj
 0001:00030470       ??_ECLScanDlg@@UEAAPEAXI@Z 0000000067db1470 f i LScanDlg.obj
 0001:00030510       ??0CRawFileDlg@@QEAA@PEAVCWnd@@HHHH@Z 0000000067db1510 f   RawFileDlg.obj
 0001:00030670       ?DoDataExchange@CRawFileDlg@@MEAAXPEAVCDataExchange@@@Z 0000000067db1670 f   RawFileDlg.obj
 0001:00030730       ?GetMessageMap@CRawFileDlg@@MEBAPEBUAFX_MSGMAP@@XZ 0000000067db1730 f   RawFileDlg.obj
 0001:00030760       ?GetThisMessageMap@CRawFileDlg@@KAPEBUAFX_MSGMAP@@XZ 0000000067db1760 f   RawFileDlg.obj
 0001:00030780       ?OnOK@CRawFileDlg@@MEAAXXZ 0000000067db1780 f   RawFileDlg.obj
 0001:000308e0       ?OnInitDialog@CRawFileDlg@@MEAAHXZ 0000000067db18e0 f   RawFileDlg.obj
 0001:00030a60       ?OnSelchangeComboFormat@CRawFileDlg@@IEAAXXZ 0000000067db1a60 f   RawFileDlg.obj
 0001:00030ad0       ??_GCRawFileDlg@@UEAAPEAXI@Z 0000000067db1ad0 f i RawFileDlg.obj
 0001:00030ad0       ??_ECRawFileDlg@@UEAAPEAXI@Z 0000000067db1ad0 f i RawFileDlg.obj
 0001:00030b20       ExtRawDllMain              0000000067db1b20 f   SapClassGui.obj
 0001:00030bc0       ?SapClassGuiInitModule@@YAXXZ 0000000067db1bc0 f   SapClassGui.obj
 0001:00030c40       DllMain                    0000000067db1c40 f   SapClassGui.obj
 0001:00030d60       ??B?$CTypedSimpleList@PEAUCRuntimeClass@@@@QEAAPEAUCRuntimeClass@@XZ 0000000067db1d60 f i SapClassGui.obj
 0001:00030d90       ??B?$CTypedSimpleList@PEAVCOleObjectFactory@@@@QEAAPEAVCOleObjectFactory@@XZ 0000000067db1d90 f i SapClassGui.obj
 0001:00030dc0       ??0CTraceFileAndLineInfo@ATL@@QEAA@PEBDH@Z 0000000067db1dc0 f i SapClassGui.obj
 0001:00030df0       ??RCTraceFileAndLineInfo@ATL@@QEBAXPEBDZZ 0000000067db1df0 f i SapClassGui.obj
 0001:00030e90       ?TraceV@CTrace@ATL@@QEBAXPEBDH_KI0PEAD@Z 0000000067db1e90 f i SapClassGui.obj
 0001:00030f00       ??BCTraceCategory@ATL@@QEBA_KXZ 0000000067db1f00 f i SapClassGui.obj
 0001:00030f10       ?GetHead@CSimpleList@@QEBAPEAXXZ 0000000067db1f10 f i SapClassGui.obj
 0001:00030f20       ?_AfxInitManaged@@YAHXZ    0000000067db1f20 f i SapClassGui.obj
 0001:00030f30       ??0CImageWnd@@QEAA@AEBV0@@Z 0000000067db1f30 f i SapClassGui.obj
 0001:00031090       ??4CImageWnd@@QEAAAEAV0@AEBV0@@Z 0000000067db2090 f i SapClassGui.obj
 0001:000311e0       ??_GCImageWnd@@UEAAPEAXI@Z 0000000067db21e0 f i SapClassGui.obj
 0001:00031230       ??0CSapRectTracker@@QEAA@AEBV0@@Z 0000000067db2230 f i SapClassGui.obj
 0001:000312b0       ??4CSapRectTracker@@QEAAAEAV0@AEBV0@@Z 0000000067db22b0 f i SapClassGui.obj
 0001:00031320       ??0CRectTracker@@QEAA@AEBV0@@Z 0000000067db2320 f i SapClassGui.obj
 0001:00031440       ??4CRectTracker@@QEAAAEAV0@AEBV0@@Z 0000000067db2440 f i SapClassGui.obj
 0001:00031550       ??_GCRectTracker@@UEAAPEAXI@Z 0000000067db2550 f i SapClassGui.obj
 0001:00031550       ??_ECRectTracker@@UEAAPEAXI@Z 0000000067db2550 f i SapClassGui.obj
 0001:000315a0       ??0CImageViewportWndEventHandler@@QEAA@AEBV0@@Z 0000000067db25a0 f i SapClassGui.obj
 0001:000315d0       ??4CImageViewportWndEventHandler@@QEAAAEAV0@AEBV0@@Z 0000000067db25d0 f i SapClassGui.obj
 0001:000315f0       ?MarkerChanged@CImageExWndEventHandler@@UEAAXXZ 0000000067db25f0 f i SapClassGui.obj
 0001:00031600       ?InteractiveMarkerChanged@CImageExWndEventHandler@@UEAAXH@Z 0000000067db2600 f i SapClassGui.obj
 0001:00031610       ??0CImageExWndEventHandler@@QEAA@XZ 0000000067db2610 f i SapClassGui.obj
 0001:00031660       ??0CImageExWndEventHandler@@QEAA@AEBV0@@Z 0000000067db2660 f i SapClassGui.obj
 0001:000316b0       ??4CImageExWndEventHandler@@QEAAAEAV0@AEBV0@@Z 0000000067db26b0 f i SapClassGui.obj
 0001:000316f0       ?GetBuffer@CBufDlg@@QEAAAEAVSapBuffer@@XZ 0000000067db26f0 f i SapClassGui.obj
 0001:00031710       ?GetServerCategory@CAcqConfigDlg@@QEAA?AW4ServerCategory@1@XZ 0000000067db2710 f i SapClassGui.obj
 0001:00031730       ?SetCameraLinkServerFlag@CAcqConfigDlg@@QEAAX_N@Z 0000000067db2730 f i SapClassGui.obj
 0001:00031750       ?GetAcquisition@CAcqConfigDlg@@QEAAAEAVSapAcquisition@@XZ 0000000067db2750 f i SapClassGui.obj
 0001:00031770       ??1CViewDlg@@UEAA@XZ       0000000067db2770 f i SapClassGui.obj
 0001:00031810       ??_FCViewDlg@@QEAAXXZ      0000000067db2810 f i SapClassGui.obj
 0001:00031850       ?GetType@CLoadSaveDlg@@QEAAHXZ 0000000067db2850 f i SapClassGui.obj
 0001:00031870       ?GetOptions@CLoadSaveDlg@@QEAA?AV?$CStringT@DV?$StrTraitMFC_DLL@DV?$ChTraitsCRT@D@ATL@@@@@ATL@@XZ 0000000067db2870 f i SapClassGui.obj
 0001:000318d0       ?GetStartFrame@CLoadSaveDlg@@QEAAHXZ 0000000067db28d0 f i SapClassGui.obj
 0001:000318f0       ?GetRawFileWidth@CLoadSaveDlg@@QEAAHXZ 0000000067db28f0 f i SapClassGui.obj
 0001:00031910       ?GetRawFileHeight@CLoadSaveDlg@@QEAAHXZ 0000000067db2910 f i SapClassGui.obj
 0001:00031930       ?GetRawFileOffset@CLoadSaveDlg@@QEAAHXZ 0000000067db2930 f i SapClassGui.obj
 0001:00031950       ?GetRawFileFormat@CLoadSaveDlg@@QEAAHXZ 0000000067db2950 f i SapClassGui.obj
 0001:00031970       ??0Thank_you@Define_the_symbol__ATL_MIXED@@QEAA@XZ 0000000067db2970 f i SapClassGui.obj
 0001:00031990       ?one@Thank_you@Define_the_symbol__ATL_MIXED@@UEAAXXZ 0000000067db2990 f i SapClassGui.obj
 0001:000319a0       ??0CTiffFileDlg@@QEAA@PEAVCWnd@@HH@Z 0000000067db29a0 f   TiffFileDlg.obj
 0001:00031aa0       ?DoDataExchange@CTiffFileDlg@@MEAAXPEAVCDataExchange@@@Z 0000000067db2aa0 f   TiffFileDlg.obj
 0001:00031b40       ?GetMessageMap@CTiffFileDlg@@MEBAPEBUAFX_MSGMAP@@XZ 0000000067db2b40 f   TiffFileDlg.obj
 0001:00031b70       ?GetThisMessageMap@CTiffFileDlg@@KAPEBUAFX_MSGMAP@@XZ 0000000067db2b70 f   TiffFileDlg.obj
 0001:00031b90       ?OnVScroll@CTiffFileDlg@@IEAAXIIPEAVCScrollBar@@@Z 0000000067db2b90 f   TiffFileDlg.obj
 0001:00031c70       ?OnUpdateTiffEditCompressionLevel@CTiffFileDlg@@IEAAXXZ 0000000067db2c70 f   TiffFileDlg.obj
 0001:00031cb0       ?OnOK@CTiffFileDlg@@MEAAXXZ 0000000067db2cb0 f   TiffFileDlg.obj
 0001:00031d60       ??_ECTiffFileDlg@@UEAAPEAXI@Z 0000000067db2d60 f i TiffFileDlg.obj
 0001:00031d60       ??_GCTiffFileDlg@@UEAAPEAXI@Z 0000000067db2d60 f i TiffFileDlg.obj
 0001:00031db0       ?DoDataExchange@CViewDlg@@MEAAXPEAVCDataExchange@@@Z 0000000067db2db0 f   ViewDlg.obj
 0001:00031ff0       ?GetMessageMap@CViewDlg@@MEBAPEBUAFX_MSGMAP@@XZ 0000000067db2ff0 f   ViewDlg.obj
 0001:00032020       ?GetThisMessageMap@CViewDlg@@KAPEBUAFX_MSGMAP@@XZ 0000000067db3020 f   ViewDlg.obj
 0001:00032040       ??0CViewDlg@@QEAA@PEAVCWnd@@PEAVSapView@@@Z 0000000067db3040 f   ViewDlg.obj
 0001:000323b0       ?OnInitDialog@CViewDlg@@MEAAHXZ 0000000067db33b0 f   ViewDlg.obj
 0001:000327c0       ?LoadSettings@CViewDlg@@IEAAXXZ 0000000067db37c0 f   ViewDlg.obj
 0001:00032830       ?SaveSettings@CViewDlg@@IEAAXXZ 0000000067db3830 f   ViewDlg.obj
 0001:000328a0       ?OnUpdateEditViewRange@CViewDlg@@IEAAXXZ 0000000067db38a0 f   ViewDlg.obj
 0001:00032950       ?OnHScroll@CViewDlg@@IEAAXIIPEAVCScrollBar@@@Z 0000000067db3950 f   ViewDlg.obj
 0001:00032a80       ?SetRange@CViewDlg@@IEAAXXZ 0000000067db3a80 f   ViewDlg.obj
 0001:00032b10       ?OnUpdateScaleHeight@CViewDlg@@IEAAXXZ 0000000067db3b10 f   ViewDlg.obj
 0001:00032c40       ?OnUpdateScaleHeightFactor@CViewDlg@@IEAAXXZ 0000000067db3c40 f   ViewDlg.obj
 0001:00032d70       ?OnUpdateScaleWidth@CViewDlg@@IEAAXXZ 0000000067db3d70 f   ViewDlg.obj
 0001:00032ea0       ?OnUpdateScaleWidthFactor@CViewDlg@@IEAAXXZ 0000000067db3ea0 f   ViewDlg.obj
 0001:00032fd0       ?OnDeltaposSpinScaleHeight@CViewDlg@@IEAAXPEAUtagNMHDR@@PEA_J@Z 0000000067db3fd0 f   ViewDlg.obj
 0001:00033170       ?OnDeltaposSpinScaleHeightFactor@CViewDlg@@IEAAXPEAUtagNMHDR@@PEA_J@Z 0000000067db4170 f   ViewDlg.obj
 0001:00033340       ?OnDeltaposSpinScaleWidth@CViewDlg@@IEAAXPEAUtagNMHDR@@PEA_J@Z 0000000067db4340 f   ViewDlg.obj
 0001:000334e0       ?OnDeltaposSpinScaleWidthFactor@CViewDlg@@IEAAXPEAUtagNMHDR@@PEA_J@Z 0000000067db44e0 f   ViewDlg.obj
 0001:000336b0       ?OnLockAspectRatio@CViewDlg@@IEAAXXZ 0000000067db46b0 f   ViewDlg.obj
 0001:00033780       ?OnScalingNone@CViewDlg@@IEAAXXZ 0000000067db4780 f   ViewDlg.obj
 0001:00033890       ?OnScalingFitToWindow@CViewDlg@@IEAAXXZ 0000000067db4890 f   ViewDlg.obj
 0001:00033be0       ?OnSelchangeViewFormat@CViewDlg@@IEAAXXZ 0000000067db4be0 f   ViewDlg.obj
 0001:00033c60       ?OnOK@CViewDlg@@MEAAXXZ    0000000067db4c60 f   ViewDlg.obj
 0001:00033d00       ?OnCancel@CViewDlg@@MEAAXXZ 0000000067db4d00 f   ViewDlg.obj
 0001:00033d50       ?floor@@YAMM@Z             0000000067db4d50 f i ViewDlg.obj
 0001:00033d80       ??_GCViewDlg@@UEAAPEAXI@Z  0000000067db4d80 f i ViewDlg.obj
 0001:00033dd0       ??_ECViewDlg@@UEAAPEAXI@Z  0000000067db4dd0 f i ViewDlg.obj
 0001:00033e6e       CorAcqGetCap               0000000067db4e6e f   Corapi:CorApi.dll
 0001:00033e74       ??1SapAcquisition@@UEAA@XZ 0000000067db4e74 f   SapClassBasic:SapClassBasic82.dll
 0001:00033e7a       ??1SapManager@@UEAA@XZ     0000000067db4e7a f   SapClassBasic:SapClassBasic82.dll
 0001:00033e80       ??0SapAcquisition@@QEAA@VSapLocation@@@Z 0000000067db4e80 f   SapClassBasic:SapClassBasic82.dll
 0001:00033e86       ??0SapLocation@@QEAA@HH@Z  0000000067db4e86 f   SapClassBasic:SapClassBasic82.dll
[...]
 0001:00041950       ?dtor$5@?0??WriteCoefficientsToBuffer@CImageFilterEditorDlg@@IEAA_NAEAVSapBuffer@@@Z@4HA 0000000067dc2950 f   ImageFilterEditorDlg.obj
 0001:00041980       ?dtor$0@?0??OnBnClickedBtnImport@CImageFilterEditorDlg@@IEAAXXZ@4HA 0000000067dc2980 f   ImageFilterEditorDlg.obj
 0001:000419b0       ?dtor$1@?0??OnBnClickedBtnImport@CImageFilterEditorDlg@@IEAAXXZ@4HA 0000000067dc29b0 f   ImageFilterEditorDlg.obj
 0001:000419e0       ?dtor$2@?0??OnBnClickedBtnImport@CImageFilterEditorDlg@@IEAAXXZ@4HA 0000000067dc29e0 f   ImageFilterEditorDlg.obj
 0001:00041a10       ?dtor$3@?0??OnBnClickedBtnImport@CImageFilterEditorDlg@@IEAAXXZ@4HA 0000000067dc2a10 f   ImageFilterEditorDlg.obj
 0001:00041a40       ?dtor$4@?0??OnBnClickedBtnImport@CImageFilterEditorDlg@@IEAAXXZ@4HA 0000000067dc2a40 f   ImageFilterEditorDlg.obj
 0001:00041a70       ?dtor$5@?0??OnBnClickedBtnImport@CImageFilterEditorDlg@@IEAAXXZ@4HA 0000000067dc2a70 f   ImageFilterEditorDlg.obj
 0001:00041ac0       ?dtor$0@?0??OnBnClickedBtnExport@CImageFilterEditorDlg@@IEAAXXZ@4HA 0000000067dc2ac0 f   ImageFilterEditorDlg.obj
 0001:00041af0       ?dtor$1@?0??OnBnClickedBtnExport@CImageFilterEditorDlg@@IEAAXXZ@4HA 0000000067dc2af0 f   ImageFilterEditorDlg.obj
 0001:00041b20       ?dtor$3@?0??OnBnClickedBtnExport@CImageFilterEditorDlg@@IEAAXXZ@4HA 0000000067dc2b20 f   ImageFilterEditorDlg.obj
 0001:00041b50       ?dtor$4@?0??OnBnClickedBtnExport@CImageFilterEditorDlg@@IEAAXXZ@4HA 0000000067dc2b50 f   ImageFilterEditorDlg.obj
 0001:00041b90       ?dtor$0@?0???0?$basic_istringstream@DU?$char_traits@D@std@@V?$allocator@D@2@@std@@QEAA@AEBV?$basic_string@DU?$char_traits@D@std@@V?$allocator@D@2@@1@H@Z@4HA 0000000067dc2b90 f   ImageFilterEditorDlg.obj
 0001:00041bd0       ?dtor$1@?0???0?$basic_istringstream@DU?$char_traits@D@std@@V?$allocator@D@2@@std@@QEAA@AEBV?$basic_string@DU?$char_traits@D@std@@V?$allocator@D@2@@1@H@Z@4HA 0000000067dc2bd0 f   ImageFilterEditorDlg.obj
 0001:00041c00       ?dtor$0@?0???1?$basic_istringstream@DU?$char_traits@D@std@@V?$allocator@D@2@@std@@UEAA@XZ@4HA 0000000067dc2c00 f   ImageFilterEditorDlg.obj
 0001:00041c30       ?dtor$0@?0???1?$basic_stringbuf@DU?$char_traits@D@std@@V?$allocator@D@2@@std@@UEAA@XZ@4HA 0000000067dc2c30 f   ImageFilterEditorDlg.obj
 0001:00041c60       ?dtor$0@?0???0?$basic_stringbuf@DU?$char_traits@D@std@@V?$allocator@D@2@@std@@QEAA@AEBV?$basic_string@DU?$char_traits@D@std@@V?$allocator@D@2@@1@H@Z@4HA 0000000067dc2c60 f   ImageFilterEditorDlg.obj
 0001:00041c90       ?dtor$0@?0???0?$basic_string@DU?$char_traits@D@std@@V?$allocator@D@2@@std@@QEAA@PEBD@Z@4HA 0000000067dc2c90 f   ImageFilterEditorDlg.obj
 0001:00041cc0       ?dtor$0@?0???1?$basic_string@DU?$char_traits@D@std@@V?$allocator@D@2@@std@@QEAA@XZ@4HA 0000000067dc2cc0 f   ImageFilterEditorDlg.obj
 0001:00041cf0       ?dtor$0@?0???0?$_String_val@DV?$allocator@D@std@@@std@@QEAA@V?$allocator@D@1@@Z@4HA 0000000067dc2cf0 f   ImageFilterEditorDlg.obj
 0001:00041d20       ?dtor$0@?0???1?$_String_val@DV?$allocator@D@std@@@std@@QEAA@XZ@4HA 0000000067dc2d20 f   ImageFilterEditorDlg.obj
 0001:00041d50       ?catch$1@?0??_Copy@?$basic_string@DU?$char_traits@D@std@@V?$allocator@D@2@@std@@QEAAX_K0@Z@4HA 0000000067dc2d50 f   ImageFilterEditorDlg.obj
 0001:00041d63       __catch$?_Copy@?$basic_string@DU?$char_traits@D@std@@V?$allocator@D@2@@std@@QEAAX_K0@Z$0 0000000067dc2d63 f   ImageFilterEditorDlg.obj
 0001:00041da0       ?catch$0@?0??_Copy@?$basic_string@DU?$char_traits@D@std@@V?$allocator@D@2@@std@@QEAAX_K0@Z@4HA 0000000067dc2da0 f   ImageFilterEditorDlg.obj
 0001:00041db3       __catch$?_Copy@?$basic_string@DU?$char_traits@D@std@@V?$allocator@D@2@@std@@QEAAX_K0@Z$1 0000000067dc2db3 f   ImageFilterEditorDlg.obj
 0001:00041de0       ?dtor$0@?0??construct@?$allocator@U_Container_proxy@std@@@std@@QEAAXPEAU_Container_proxy@2@$$QEAU32@@Z@4HA 0000000067dc2de0 f   ImageFilterEditorDlg.obj
 0001:00041e10       ?dtor$0@?0???0CImageViewportWnd@@QEAA@XZ@4HA 0000000067dc2e10 f   ImageViewportWnd.obj
 0001:00041e40       ?dtor$1@?0???0CImageViewportWnd@@QEAA@XZ@4HA 0000000067dc2e40 f   ImageViewportWnd.obj
 0001:00041e70       ?dtor$2@?0???0CImageViewportWnd@@QEAA@XZ@4HA 0000000067dc2e70 f   ImageViewportWnd.obj
 0001:00041ea0       ?dtor$0@?0???1CImageViewportWnd@@UEAA@XZ@4HA 0000000067dc2ea0 f   ImageViewportWnd.obj
 0001:00041ed0       ?dtor$1@?0???1CImageViewportWnd@@UEAA@XZ@4HA 0000000067dc2ed0 f   ImageViewportWnd.obj
 0001:00041f00       ?dtor$2@?0???1CImageViewportWnd@@UEAA@XZ@4HA 0000000067dc2f00 f   ImageViewportWnd.obj
 0001:00041f30       ?dtor$0@?0??OnPaint@CImageViewportWnd@@IEAAXXZ@4HA 0000000067dc2f30 f   ImageViewportWnd.obj
 0001:00041f60       ?dtor$0@?0??PaintROI@CImageViewportWnd@@AEAAXXZ@4HA 0000000067dc2f60 f   ImageViewportWnd.obj
 0001:00041f90       ?dtor$0@?0??UpdateScales@CImageViewportWnd@@AEAAXMM@Z@4HA 0000000067dc2f90 f   ImageViewportWnd.obj
 0001:00041fc0       ?dtor$1@?0??UpdateScales@CImageViewportWnd@@AEAAXMM@Z@4HA 0000000067dc2fc0 f   ImageViewportWnd.obj
 0001:00041ff0       ?dtor$0@?0??MoveInView@CImageViewportWnd@@AEAAXVCPoint@@@Z@4HA 0000000067dc2ff0 f   ImageViewportWnd.obj
 0001:00042020       ?dtor$0@?0??TranslatePointToNativeView@CImageViewportWnd@@AEBA?AVCPoint@@V2@@Z@4HA 0000000067dc3020 f   ImageViewportWnd.obj
 0001:00042050       ?dtor$0@?0??TranslatePointToDestinationView@CImageViewportWnd@@AEBA?AVCPoint@@V2@@Z@4HA 0000000067dc3050 f   ImageViewportWnd.obj
 0001:00042080       ?dtor$0@?0??GetDstRectFromCurrentScalingOptions@CImageViewportWnd@@AEBA?AVCRect@@XZ@4HA 0000000067dc3080 f   ImageViewportWnd.obj
 0001:000420b0       ?dtor$0@?0???0SImageViewportROI@@QEAA@XZ@4HA 0000000067dc30b0 f   ImageViewportWnd.obj
 0001:000420e0       ?dtor$1@?0???0SImageViewportROI@@QEAA@XZ@4HA 0000000067dc30e0 f   ImageViewportWnd.obj
 0001:00042110       ?dtor$2@?0???0SImageViewportROI@@QEAA@XZ@4HA 0000000067dc3110 f   ImageViewportWnd.obj
 0001:00042140       ?dtor$0@?0???1SImageViewportROI@@QEAA@XZ@4HA 0000000067dc3140 f   ImageViewportWnd.obj
 0001:00042170       ?dtor$1@?0???1SImageViewportROI@@QEAA@XZ@4HA 0000000067dc3170 f   ImageViewportWnd.obj
 0001:000421a0       ?dtor$2@?0???1SImageViewportROI@@QEAA@XZ@4HA 0000000067dc31a0 f   ImageViewportWnd.obj
 0001:000421d0       ?dtor$0@?0???0CImageWnd@@QEAA@PEAVSapView@@PEAVCWnd@@PEAVCScrollBar@@21@Z@4HA 0000000067dc31d0 f   ImageWnd.obj
 0001:00042200       ?dtor$0@?0???0CImageWnd@@QEAA@PEAVSapView@@PEAVCWnd@@@Z@4HA 0000000067dc3200 f   ImageWnd.obj
 0001:00042230       ?dtor$0@?0??DisplayRoiTracker@CImageWnd@@QEAAXXZ@4HA 0000000067dc3230 f   ImageWnd.obj
 0001:00042260       ?dtor$1@?0??DisplayRoiTracker@CImageWnd@@QEAAXXZ@4HA 0000000067dc3260 f   ImageWnd.obj
 0001:00042290       ?dtor$0@?0??GetPixelString@CImageWnd@@SA?AV?$CStringT@DV?$StrTraitMFC_DLL@DV?$ChTraitsCRT@D@ATL@@@@@ATL@@PEAVSapBuffer@@VCPoint@@HH@Z@4HA 0000000067dc3290 f   ImageWnd.obj
 0001:000422c0       ?dtor$1@?0??GetPixelString@CImageWnd@@SA?AV?$CStringT@DV?$StrTraitMFC_DLL@DV?$ChTraitsCRT@D@ATL@@@@@ATL@@PEAVSapBuffer@@VCPoint@@HH@Z@4HA 0000000067dc32c0 f   ImageWnd.obj
 0001:000422f0       ?dtor$2@?0??GetPixelString@CImageWnd@@SA?AV?$CStringT@DV?$StrTraitMFC_DLL@DV?$ChTraitsCRT@D@ATL@@@@@ATL@@PEAVSapBuffer@@VCPoint@@HH@Z@4HA 0000000067dc32f0 f   ImageWnd.obj
 0001:00042320       ?dtor$3@?0??GetPixelString@CImageWnd@@SA?AV?$CStringT@DV?$StrTraitMFC_DLL@DV?$ChTraitsCRT@D@ATL@@@@@ATL@@PEAVSapBuffer@@VCPoint@@HH@Z@4HA 0000000067dc3320 f   ImageWnd.obj
 0001:00042350       ?dtor$4@?0??GetPixelString@CImageWnd@@SA?AV?$CStringT@DV?$StrTraitMFC_DLL@DV?$ChTraitsCRT@D@ATL@@@@@ATL@@PEAVSapBuffer@@VCPoint@@HH@Z@4HA 0000000067dc3350 f   ImageWnd.obj
 0001:00042380       ?dtor$5@?0??GetPixelString@CImageWnd@@SA?AV?$CStringT@DV?$StrTraitMFC_DLL@DV?$ChTraitsCRT@D@ATL@@@@@ATL@@PEAVSapBuffer@@VCPoint@@HH@Z@4HA 0000000067dc3380 f   ImageWnd.obj
 0001:000423b0       ?dtor$6@?0??GetPixelString@CImageWnd@@SA?AV?$CStringT@DV?$StrTraitMFC_DLL@DV?$ChTraitsCRT@D@ATL@@@@@ATL@@PEAVSapBuffer@@VCPoint@@HH@Z@4HA 0000000067dc33b0 f   ImageWnd.obj
 0001:000423e0       ?dtor$7@?0??GetPixelString@CImageWnd@@SA?AV?$CStringT@DV?$StrTraitMFC_DLL@DV?$ChTraitsCRT@D@ATL@@@@@ATL@@PEAVSapBuffer@@VCPoint@@HH@Z@4HA 0000000067dc33e0 f   ImageWnd.obj
 0001:00042410       ?dtor$8@?0??GetPixelString@CImageWnd@@SA?AV?$CStringT@DV?$StrTraitMFC_DLL@DV?$ChTraitsCRT@D@ATL@@@@@ATL@@PEAVSapBuffer@@VCPoint@@HH@Z@4HA 0000000067dc3410 f   ImageWnd.obj
 0001:00042440       ?dtor$9@?0??GetPixelString@CImageWnd@@SA?AV?$CStringT@DV?$StrTraitMFC_DLL@DV?$ChTraitsCRT@D@ATL@@@@@ATL@@PEAVSapBuffer@@VCPoint@@HH@Z@4HA 0000000067dc3440 f   ImageWnd.obj
 0001:00042470       ?dtor$10@?0??GetPixelString@CImageWnd@@SA?AV?$CStringT@DV?$StrTraitMFC_DLL@DV?$ChTraitsCRT@D@ATL@@@@@ATL@@PEAVSapBuffer@@VCPoint@@HH@Z@4HA 0000000067dc3470 f   ImageWnd.obj
 0001:000424a0       ?dtor$11@?0??GetPixelString@CImageWnd@@SA?AV?$CStringT@DV?$StrTraitMFC_DLL@DV?$ChTraitsCRT@D@ATL@@@@@ATL@@PEAVSapBuffer@@VCPoint@@HH@Z@4HA 0000000067dc34a0 f   ImageWnd.obj
 0001:000424d0       ?dtor$12@?0??GetPixelString@CImageWnd@@SA?AV?$CStringT@DV?$StrTraitMFC_DLL@DV?$ChTraitsCRT@D@ATL@@@@@ATL@@PEAVSapBuffer@@VCPoint@@HH@Z@4HA 0000000067dc34d0 f   ImageWnd.obj
 0001:00042500       ?dtor$13@?0??GetPixelString@CImageWnd@@SA?AV?$CStringT@DV?$StrTraitMFC_DLL@DV?$ChTraitsCRT@D@ATL@@@@@ATL@@PEAVSapBuffer@@VCPoint@@HH@Z@4HA 0000000067dc3500 f   ImageWnd.obj
 0001:00042530       ?dtor$14@?0??GetPixelString@CImageWnd@@SA?AV?$CStringT@DV?$StrTraitMFC_DLL@DV?$ChTraitsCRT@D@ATL@@@@@ATL@@PEAVSapBuffer@@VCPoint@@HH@Z@4HA 0000000067dc3530 f   ImageWnd.obj
 0001:00042560       ?dtor$15@?0??GetPixelString@CImageWnd@@SA?AV?$CStringT@DV?$StrTraitMFC_DLL@DV?$ChTraitsCRT@D@ATL@@@@@ATL@@PEAVSapBuffer@@VCPoint@@HH@Z@4HA 0000000067dc3560 f   ImageWnd.obj
 0001:00042590       ?dtor$0@?0???0CJpegFileDlg@@QEAA@PEAVCWnd@@H@Z@4HA 0000000067dc3590 f   JpegFileDlg.obj
 0001:000425c0       ?dtor$0@?0???0CLoadSaveDlg@@QEAA@PEAVCWnd@@PEAVSapBuffer@@HH@Z@4HA 0000000067dc35c0 f   LoadSaveDlg.obj
 0001:000425f0       ?dtor$1@?0???0CLoadSaveDlg@@QEAA@PEAVCWnd@@PEAVSapBuffer@@HH@Z@4HA 0000000067dc35f0 f   LoadSaveDlg.obj
 0001:00042630       ?dtor$0@?0??UpdateBuffer@CLoadSaveDlg@@IEAAHXZ@4HA 0000000067dc3630 f   LoadSaveDlg.obj
 0001:00042660       ?dtor$1@?0??UpdateBuffer@CLoadSaveDlg@@IEAAHXZ@4HA 0000000067dc3660 f   LoadSaveDlg.obj
 0001:00042690       ?dtor$2@?0??UpdateBuffer@CLoadSaveDlg@@IEAAHXZ@4HA 0000000067dc3690 f   LoadSaveDlg.obj
 0001:000426c0       ?dtor$3@?0??UpdateBuffer@CLoadSaveDlg@@IEAAHXZ@4HA 0000000067dc36c0 f   LoadSaveDlg.obj
 0001:000426f0       ?dtor$4@?0??UpdateBuffer@CLoadSaveDlg@@IEAAHXZ@4HA 0000000067dc36f0 f   LoadSaveDlg.obj
 0001:00042720       ?dtor$5@?0??UpdateBuffer@CLoadSaveDlg@@IEAAHXZ@4HA 0000000067dc3720 f   LoadSaveDlg.obj
 0001:00042750       ?dtor$0@?0??LoadSettings@CLoadSaveDlg@@IEAAXXZ@4HA 0000000067dc3750 f   LoadSaveDlg.obj
 0001:00042780       ?dtor$0@?0??SaveSettings@CLoadSaveDlg@@IEAAXXZ@4HA 0000000067dc3780 f   LoadSaveDlg.obj
 0001:000427b0       ?dtor$0@?0??AddTiffOptions@CLoadSaveDlg@@IEAAHXZ@4HA 0000000067dc37b0 f   LoadSaveDlg.obj
 0001:000427e0       ?dtor$1@?0??AddTiffOptions@CLoadSaveDlg@@IEAAHXZ@4HA 0000000067dc37e0 f   LoadSaveDlg.obj
 0001:00042810       ?dtor$2@?0??AddTiffOptions@CLoadSaveDlg@@IEAAHXZ@4HA 0000000067dc3810 f   LoadSaveDlg.obj
 0001:00042840       ?dtor$0@?0??AddRawOptions@CLoadSaveDlg@@IEAAHXZ@4HA 0000000067dc3840 f   LoadSaveDlg.obj
 0001:00042870       ?dtor$1@?0??AddRawOptions@CLoadSaveDlg@@IEAAHXZ@4HA 0000000067dc3870 f   LoadSaveDlg.obj
 0001:000428a0       ?dtor$0@?0??AddJpegOptions@CLoadSaveDlg@@IEAAHXZ@4HA 0000000067dc38a0 f   LoadSaveDlg.obj
 0001:000428d0       ?dtor$1@?0??AddJpegOptions@CLoadSaveDlg@@IEAAHXZ@4HA 0000000067dc38d0 f   LoadSaveDlg.obj
 0001:00042900       ?dtor$0@?0??AddAviOptions@CLoadSaveDlg@@IEAAHXZ@4HA 0000000067dc3900 f   LoadSaveDlg.obj
 0001:00042930       ?dtor$0@?0??OnTypeChange@CLoadSaveDlg@@MEAAXXZ@4HA 0000000067dc3930 f   LoadSaveDlg.obj
 0001:00042960       ?dtor$0@?0???1CRawFileDlg@@UEAA@XZ@4HA 0000000067dc3960 f   LoadSaveDlg.obj
 0001:00042990       ?dtor$0@?0???0CLScanDlg@@QEAA@PEAVCWnd@@PEAVSapAcquisition@@@Z@4HA 0000000067dc3990 f   LScanDlg.obj
 0001:000429c0       ?dtor$1@?0???0CLScanDlg@@QEAA@PEAVCWnd@@PEAVSapAcquisition@@@Z@4HA 0000000067dc39c0 f   LScanDlg.obj
 0001:000429f0       ?dtor$2@?0???0CLScanDlg@@QEAA@PEAVCWnd@@PEAVSapAcquisition@@@Z@4HA 0000000067dc39f0 f   LScanDlg.obj
 0001:00042a20       ?dtor$0@?0??VerifyLineIntegrateDuration@CLScanDlg@@IEAAXXZ@4HA 0000000067dc3a20 f   LScanDlg.obj
 0001:00042a50       ?dtor$0@?0???1CLScanDlg@@UEAA@XZ@4HA 0000000067dc3a50 f   LScanDlg.obj
 0001:00042a80       ?dtor$1@?0???1CLScanDlg@@UEAA@XZ@4HA 0000000067dc3a80 f   LScanDlg.obj
 0001:00042ab0       ?dtor$2@?0???1CLScanDlg@@UEAA@XZ@4HA 0000000067dc3ab0 f   LScanDlg.obj
 0001:00042ae0       ?dtor$0@?0???0CRawFileDlg@@QEAA@PEAVCWnd@@HHHH@Z@4HA 0000000067dc3ae0 f   RawFileDlg.obj
 0001:00042b10       ?dtor$1@?0???0CRawFileDlg@@QEAA@PEAVCWnd@@HHHH@Z@4HA 0000000067dc3b10 f   RawFileDlg.obj
 0001:00042b40       ?dtor$0@?0??OnInitDialog@CRawFileDlg@@MEAAHXZ@4HA 0000000067dc3b40 f   RawFileDlg.obj
 0001:00042b70       ?dtor$0@?0??SapClassGuiInitModule@@YAXXZ@4HA 0000000067dc3b70 f   SapClassGui.obj
 0001:00042ba0       ?dtor$0@?0???1CViewDlg@@UEAA@XZ@4HA 0000000067dc3ba0 f   SapClassGui.obj
 0001:00042bd0       ?dtor$1@?0???1CViewDlg@@UEAA@XZ@4HA 0000000067dc3bd0 f   SapClassGui.obj
 0001:00042c00       ?dtor$2@?0???1CViewDlg@@UEAA@XZ@4HA 0000000067dc3c00 f   SapClassGui.obj
 0001:00042c30       ?dtor$3@?0???1CViewDlg@@UEAA@XZ@4HA 0000000067dc3c30 f   SapClassGui.obj
 0001:00042c60       ?dtor$4@?0???1CViewDlg@@UEAA@XZ@4HA 0000000067dc3c60 f   SapClassGui.obj
 0001:00042c90       ?dtor$0@?0???0CTiffFileDlg@@QEAA@PEAVCWnd@@HH@Z@4HA 0000000067dc3c90 f   TiffFileDlg.obj
 0001:00042cc0       ?dtor$0@?0???0CViewDlg@@QEAA@PEAVCWnd@@PEAVSapView@@@Z@4HA 0000000067dc3cc0 f   ViewDlg.obj
 0001:00042cf0       ?dtor$1@?0???0CViewDlg@@QEAA@PEAVCWnd@@PEAVSapView@@@Z@4HA 0000000067dc3cf0 f   ViewDlg.obj
 0001:00042d20       ?dtor$2@?0???0CViewDlg@@QEAA@PEAVCWnd@@PEAVSapView@@@Z@4HA 0000000067dc3d20 f   ViewDlg.obj
 0001:00042d50       ?dtor$3@?0???0CViewDlg@@QEAA@PEAVCWnd@@PEAVSapView@@@Z@4HA 0000000067dc3d50 f   ViewDlg.obj
 0001:00042d80       ?dtor$4@?0???0CViewDlg@@QEAA@PEAVCWnd@@PEAVSapView@@@Z@4HA 0000000067dc3d80 f   ViewDlg.obj
 0001:00042db0       ?dtor$5@?0???0CViewDlg@@QEAA@PEAVCWnd@@PEAVSapView@@@Z@4HA 0000000067dc3db0 f   ViewDlg.obj
 0001:00042de0       ?dtor$6@?0???0CViewDlg@@QEAA@PEAVCWnd@@PEAVSapView@@@Z@4HA 0000000067dc3de0 f   ViewDlg.obj
 0001:00042e10       ?dtor$0@?0??OnInitDialog@CViewDlg@@MEAAHXZ@4HA 0000000067dc3e10 f   ViewDlg.obj
 0001:00042e40       ?dtor$1@?0??OnInitDialog@CViewDlg@@MEAAHXZ@4HA 0000000067dc3e40 f   ViewDlg.obj
 0001:00042e70       ?dtor$2@?0??OnInitDialog@CViewDlg@@MEAAHXZ@4HA 0000000067dc3e70 f   ViewDlg.obj
 0001:00042ea0       ?fin$0@?0???_M@YAXPEAX_KHP6AX0@Z@Z@4HA 0000000067dc3ea0 f   msvcrtd:ehvecdtr.obj
 0001:00042ed0       ?filt$0@?0??__ArrayUnwind@@YAXPEAX_KHP6AX0@Z@Z@4HA 0000000067dc3ed0 f   msvcrtd:ehvecdtr.obj
 0001:00042f00       _onexit$fin$0              0000000067dc3f00 f   msvcrtd:atonexit.obj
 0001:00042f20       ?fin$0@?0???_L@YAXPEAX_KHP6AX0@Z2@Z@4HA 0000000067dc3f20 f   msvcrtd:ehvecctr.obj
 0001:00042f50       __DllMainCRTStartup$filt$0 0000000067dc3f50 f   msvcrtd:crtdll.obj
 0001:00042f80       __DllMainCRTStartup$fin$1  0000000067dc3f80 f   msvcrtd:crtdll.obj
 0001:00042fa0       _IsNonwritableInCurrentImage$filt$0 0000000067dc3fa0 f   msvcrtd:pesect.obj
 0001:00042fe0       ?fin$0@?0??Init@CAtlAllocator@@QEAA_NPEBDK@Z@4HA 0000000067dc3fe0 f   atlsd:Allocate.obj
 0001:000430c0       ?fin$0@?0??Open@CAtlAllocator@@QEAA_NPEBD@Z@4HA 0000000067dc40c0 f   atlsd:Allocate.obj
 0001:00043140       ??__E?m_Methods@CColorConversionOptionsDlg@@0PAUSapColorConversionMethodDictionary@@A@@YAXXZ 0000000067dc4140 f   ColorConversionDlg.obj
 0001:00043270       ??__Eclash@Inconsistent_definition_of_symbol__ATL_MIXED@@YAXXZ 0000000067dc4270 f   SapClassGui.obj
 0001:000432a0       ??__Eclash@Define_the_symbol__ATL_MIXED@@YAXXZ 0000000067dc42a0 f   SapClassGui.obj
 0001:000432d0       ??__Eclash@Inconsistent_definition_of_symbol__ATL_MIXED@@YAXXZ 0000000067dc42d0 f   mfcs100d:nolib.obj
 0001:000432f0       ??__Eclash@Define_the_symbol__ATL_MIXED@@YAXXZ 0000000067dc42f0 f   mfcs100d:nolib.obj
 0001:00043310       ??__Eclash@Inconsistent_definition_of_symbol__ATL_MIXED@@YAXXZ 0000000067dc4310 f   mfcs100d:stdafx.obj
 0001:00043330       ??__Eclash@Define_the_symbol__ATL_MIXED@@YAXXZ 0000000067dc4330 f   mfcs100d:stdafx.obj
 0001:00043350       ??__Eg_Allocator@@YAXXZ    0000000067dc4350 f   atlsd:Externs.obj
 0001:00043380       ??__Eg_bInitialized@@YAXXZ 0000000067dc4380 f   atlsd:Externs.obj
 0001:000433a0       ??__E?s_trace@CTrace@ATL@@2V12@A@@YAXXZ 0000000067dc43a0 f   atlsd:Externs.obj
 0001:000433d0       ??__EatlTraceGeneral@ATL@@YAXXZ 0000000067dc43d0 f   atlsd:atltrace.obj
 0001:000433f0       ??__EatlTraceCOM@ATL@@YAXXZ 0000000067dc43f0 f   atlsd:atltrace.obj
 0001:00043410       ??__EatlTraceQI@ATL@@YAXXZ 0000000067dc4410 f   atlsd:atltrace.obj
 0001:00043430       ??__EatlTraceRegistrar@ATL@@YAXXZ 0000000067dc4430 f   atlsd:atltrace.obj
 0001:00043450       ??__EatlTraceRefcount@ATL@@YAXXZ 0000000067dc4450 f   atlsd:atltrace.obj
 0001:00043470       ??__EatlTraceWindowing@ATL@@YAXXZ 0000000067dc4470 f   atlsd:atltrace.obj
 0001:00043490       ??__EatlTraceControls@ATL@@YAXXZ 0000000067dc4490 f   atlsd:atltrace.obj
 0001:000434b0       ??__EatlTraceHosting@ATL@@YAXXZ 0000000067dc44b0 f   atlsd:atltrace.obj
 0001:000434d0       ??__EatlTraceDBClient@ATL@@YAXXZ 0000000067dc44d0 f   atlsd:atltrace.obj
 0001:000434f0       ??__EatlTraceDBProvider@ATL@@YAXXZ 0000000067dc44f0 f   atlsd:atltrace.obj
 0001:00043510       ??__EatlTraceSnapin@ATL@@YAXXZ 0000000067dc4510 f   atlsd:atltrace.obj
 0001:00043530       ??__EatlTraceNotImpl@ATL@@YAXXZ 0000000067dc4530 f   atlsd:atltrace.obj
 0001:00043550       ??__EatlTraceAllocation@ATL@@YAXXZ 0000000067dc4550 f   atlsd:atltrace.obj
 0001:00043570       ??__EatlTraceException@ATL@@YAXXZ 0000000067dc4570 f   atlsd:atltrace.obj
 0001:00043590       ??__EatlTraceTime@ATL@@YAXXZ 0000000067dc4590 f   atlsd:atltrace.obj
 0001:000435b0       ??__EatlTraceCache@ATL@@YAXXZ 0000000067dc45b0 f   atlsd:atltrace.obj
 0001:000435d0       ??__EatlTraceStencil@ATL@@YAXXZ 0000000067dc45d0 f   atlsd:atltrace.obj
 0001:000435f0       ??__EatlTraceString@ATL@@YAXXZ 0000000067dc45f0 f   atlsd:atltrace.obj
 0001:00043610       ??__EatlTraceMap@ATL@@YAXXZ 0000000067dc4610 f   atlsd:atltrace.obj
 0001:00043630       ??__EatlTraceUtil@ATL@@YAXXZ 0000000067dc4630 f   atlsd:atltrace.obj
 0001:00043650       ??__EatlTraceSecurity@ATL@@YAXXZ 0000000067dc4650 f   atlsd:atltrace.obj
 0001:00043670       ??__EatlTraceSync@ATL@@YAXXZ 0000000067dc4670 f   atlsd:atltrace.obj
 0001:00043690       ??__EatlTraceISAPI@ATL@@YAXXZ 0000000067dc4690 f   atlsd:atltrace.obj
 0001:000436b0       ??__EatlTraceUser@ATL@@YAXXZ 0000000067dc46b0 f   atlsd:atltrace.obj
 0001:000436d0       ??__EatlTraceUser2@ATL@@YAXXZ 0000000067dc46d0 f   atlsd:atltrace.obj
 0001:000436f0       ??__EatlTraceUser3@ATL@@YAXXZ 0000000067dc46f0 f   atlsd:atltrace.obj
 0001:00043710       ??__EatlTraceUser4@ATL@@YAXXZ 0000000067dc4710 f   atlsd:atltrace.obj
 0001:00043730       ??__F?m_Methods@CColorConversionOptionsDlg@@0PAUSapColorConversionMethodDictionary@@A@@YAXXZ 0000000067dc4730 f   ColorConversionDlg.obj
 0001:00043770       ??__Fg_Allocator@@YAXXZ    0000000067dc4770 f   atlsd:Externs.obj
 0001:00043790       ??__F?s_trace@CTrace@ATL@@2V12@A@@YAXXZ 0000000067dc4790 f   atlsd:Externs.obj
