 SapClassGui82.NET_2010

 Timestamp is 5ac495ff (Wed Apr 04 17:08:15 2018)

 Preferred load address is 0000000067d80000

 Start         Length     Name                   Class
 0001:00000000 00021d74H .text                   CODE
 0001:00021d80 00002b32H .text$x                 CODE
 0001:000248c0 0000010bH .text$yc                CODE
 0001:000249d0 0000001cH .text$yd                CODE
 0002:00000000 000016e8H .idata$5                DATA
 0002:000016e8 00000008H .CRT$XCA                DATA
 0002:000016f0 00000008H .CRT$XCU                DATA
 0002:000016f8 00000008H .CRT$XCZ                DATA
 0002:00001700 00000008H .CRT$XIA                DATA
 0002:00001708 00000008H .CRT$XIAA               DATA
 0002:00001710 00000008H .CRT$XIZ                DATA
 0002:00001720 0000c07cH .rdata                  DATA
 0002:0000d7a0 00002164H .rdata$r                DATA
 0002:0000f908 00000008H .rtc$IAA                DATA
 0002:0000f910 00000008H .rtc$IZZ                DATA
 0002:0000f918 00000008H .rtc$TAA                DATA
 0002:0000f920 00000008H .rtc$TZZ                DATA
 0002:0000f928 000058fcH .xdata                  DATA
 0002:00015228 00000084H .xdata$x                DATA
 0002:000152b0 00000008H ATL$__a                 DATA
 0002:000152b8 00000008H ATL$__z                 DATA
 0002:000152c0 000000c8H .idata$2                DATA
 0002:00015388 00000014H .idata$3                DATA
 0002:000153a0 000016e8H .idata$4                DATA
 0002:00016a88 00004000H .idata$6                DATA
 0002:0001aa90 00007713H .edata                  DATA
 0003:00000000 000013bcH .data                   DATA
 0003:000013c0 000006c8H .bss                    DATA
 0004:00000000 0000210cH .pdata                  DATA
 0005:00000000 000008e0H .rsrc$01                DATA
 0005:000008e0 00019a80H .rsrc$02                DATA

  Address         Publics by Value              Rva+Base               Lib:Object

 0000:00000000       ___safe_se_handler_table   0000000000000000     <absolute>
 0000:00000000       ___safe_se_handler_count   0000000000000000     <absolute>
 0000:00000000       __ImageBase                0000000067d80000     <linker-defined>
 0001:00000000       ??0CRect@@QEAA@XZ          0000000067d81000 f i AbortDlg.obj
 0001:00000010       ??3CObject@@SAXPEAX@Z      0000000067d81010 f i AbortDlg.obj
 0001:00000020       ?GetWindowRect@CWnd@@QEBAXPEAUtagRECT@@@Z 0000000067d81020 f i AbortDlg.obj
 0001:00000030       ?SetTimer@CWnd@@QEAA_K_KIP6AXPEAUHWND__@@I0K@Z@Z 0000000067d81030 f i AbortDlg.obj
 0001:00000040       ?KillTimer@CWnd@@QEAAH_K@Z 0000000067d81040 f i AbortDlg.obj
 0001:00000050       ?OnTimer@CWnd@@IEAAX_K@Z   0000000067d81050 f i AbortDlg.obj
 0001:00000060       ?DoDataExchange@CWnd@@MEAAXPEAVCDataExchange@@@Z 0000000067d81060 f i AbortDlg.obj
 0001:00000070       ??1CAbortDlg@@UEAA@XZ      0000000067d81070 f i AbortDlg.obj
 0001:00000080       ??_GCAbortDlg@@UEAAPEAXI@Z 0000000067d81080 f i AbortDlg.obj
 0001:000000b0       ??_ECAbortDlg@@UEAAPEAXI@Z 0000000067d810b0 f i AbortDlg.obj
 0001:00000130       ??0CAbortDlg@@QEAA@PEAVCWnd@@PEAVSapTransfer@@H@Z 0000000067d81130 f   AbortDlg.obj
 0001:00000190       ?Serialize@CObject@@UEAAXAEAVCArchive@@@Z 0000000067d81190 f i AbortDlg.obj
 0001:000001a0       ?AssertValid@CObject@@UEBAXXZ 0000000067d811a0 f i AbortDlg.obj
 0001:000001b0       ?Dump@CObject@@UEBAXAEAVCDumpContext@@@Z 0000000067d811b0 f i AbortDlg.obj
 0001:000001c0       ?BeginModalState@CWnd@@UEAAXXZ 0000000067d811c0 f i AbortDlg.obj
 0001:000001d0       ?EndModalState@CWnd@@UEAAXXZ 0000000067d811d0 f i AbortDlg.obj
 0001:000001e0       ?Create@CDialog@@UEAAHIPEAVCWnd@@@Z 0000000067d811e0 f i AbortDlg.obj
 0001:000001f0       ?DoDataExchange@CAbortDlg@@MEAAXPEAVCDataExchange@@@Z 0000000067d811f0 f   AbortDlg.obj
 0001:00000200       ?OnInitDialog@CAbortDlg@@MEAAHXZ 0000000067d81200 f   AbortDlg.obj
 0001:000002b0       ?OnAbort@CAbortDlg@@IEAAXXZ 0000000067d812b0 f   AbortDlg.obj
 0001:000002e0       ?OnTimer@CAbortDlg@@IEAAX_K@Z 0000000067d812e0 f   AbortDlg.obj
 0001:00000380       ?GetThisMessageMap@CAbortDlg@@KAPEBUAFX_MSGMAP@@XZ 0000000067d81380 f   AbortDlg.obj
 0001:00000390       ?GetMessageMap@CAbortDlg@@MEBAPEBUAFX_MSGMAP@@XZ 0000000067d81390 f   AbortDlg.obj
 0001:000003a0       ?strrchr@@YAPEADPEADH@Z    0000000067d813a0 f i AcqConfigDlg.obj
 0001:000003b0       ?strstr@@YAPEADPEADPEBD@Z  0000000067d813b0 f i AcqConfigDlg.obj
 0001:000003c0       ?GetLocation@CAcqConfigDlg@@QEAA?AVSapLocation@@XZ 0000000067d813c0 f   AcqConfigDlg.obj
 0001:00000430       ?UpdateAcquisition@CAcqConfigDlg@@IEAAHXZ 0000000067d81430 f   AcqConfigDlg.obj
 0001:00000530       ?SaveSettings@CAcqConfigDlg@@IEAAXXZ 0000000067d81530 f   AcqConfigDlg.obj
 0001:00000650       ?UpdateDescription@CAcqConfigDlg@@IEAAXXZ 0000000067d81650 f   AcqConfigDlg.obj
 0001:000009b0       ?ValidateCCFAgainstServerName@CAcqConfigDlg@@IEAA_N_N@Z 0000000067d819b0 f   AcqConfigDlg.obj
 0001:00000b50       ?GetConfigFile@CAcqConfigDlg@@QEAAPEBDXZ 0000000067d81b50 f   AcqConfigDlg.obj
 0001:00000b70       ??HATL@@YA?AV?$CStringT@DV?$StrTraitMFC_DLL@DV?$ChTraitsCRT@D@ATL@@@@@0@AEBV10@0@Z 0000000067d81b70 f i AcqConfigDlg.obj
 0001:00000c20       ?AfxGetApp@@YAPEAVCWinApp@@XZ 0000000067d81c20 f i AcqConfigDlg.obj
 0001:00000c40       ?BringWindowToTop@CWnd@@QEAAXXZ 0000000067d81c40 f i AcqConfigDlg.obj
 0001:00000c50       ??0CListBox@@QEAA@XZ       0000000067d81c50 f i AcqConfigDlg.obj
 0001:00000c80       ??_GCListBox@@UEAAPEAXI@Z  0000000067d81c80 f i AcqConfigDlg.obj
 0001:00000c80       ??_ECListBox@@UEAAPEAXI@Z  0000000067d81c80 f i AcqConfigDlg.obj
 0001:00000cb0       ??0CComboBox@@QEAA@XZ      0000000067d81cb0 f i AcqConfigDlg.obj
 0001:00000ce0       ??_GCComboBox@@UEAAPEAXI@Z 0000000067d81ce0 f i AcqConfigDlg.obj
 0001:00000ce0       ??_ECComboBox@@UEAAPEAXI@Z 0000000067d81ce0 f i AcqConfigDlg.obj
 0001:00000d10       ?GetCount@CComboBox@@QEBAHXZ 0000000067d81d10 f i AcqConfigDlg.obj
 0001:00000d30       ?GetCurSel@CComboBox@@QEBAHXZ 0000000067d81d30 f i AcqConfigDlg.obj
 0001:00000d50       ?SetCurSel@CComboBox@@QEAAHH@Z 0000000067d81d50 f i AcqConfigDlg.obj
 0001:00000d70       ?GetItemData@CComboBox@@QEBA_KH@Z 0000000067d81d70 f i AcqConfigDlg.obj
 0001:00000d90       ?SetItemData@CComboBox@@QEAAHH_K@Z 0000000067d81d90 f i AcqConfigDlg.obj
 0001:00000db0       ?AddString@CComboBox@@QEAAHPEBD@Z 0000000067d81db0 f i AcqConfigDlg.obj
 0001:00000dd0       ?ResetContent@CComboBox@@QEAAXXZ 0000000067d81dd0 f i AcqConfigDlg.obj
 0001:00000df0       ?SelectString@CComboBox@@QEAAHHPEBD@Z 0000000067d81df0 f i AcqConfigDlg.obj
 0001:00000e10       ??0CEdit@@QEAA@XZ          0000000067d81e10 f i AcqConfigDlg.obj
 0001:00000e40       ??_GCEdit@@UEAAPEAXI@Z     0000000067d81e40 f i AcqConfigDlg.obj
 0001:00000f80       ??1CAcqConfigDlg@@UEAA@XZ  0000000067d81f80 f i AcqConfigDlg.obj
 0001:00001020       ??_GCAcqConfigDlg@@UEAAPEAXI@Z 0000000067d82020 f i AcqConfigDlg.obj
 0001:00001050       ??_ECAcqConfigDlg@@UEAAPEAXI@Z 0000000067d82050 f i AcqConfigDlg.obj
 0001:000010d0       ?DoDataExchange@CAcqConfigDlg@@MEAAXPEAVCDataExchange@@@Z 0000000067d820d0 f   AcqConfigDlg.obj
 0001:00001170       ?InitServerCombo@CAcqConfigDlg@@IEAAXXZ 0000000067d82170 f   AcqConfigDlg.obj
 0001:000013d0       ?UpdateMenu@CAcqConfigDlg@@IEAAXXZ 0000000067d823d0 f   AcqConfigDlg.obj
 0001:000014e0       ?OnOK@CAcqConfigDlg@@MEAAXXZ 0000000067d824e0 f   AcqConfigDlg.obj
 0001:000015d0       ?OnSelchangeComboResource@CAcqConfigDlg@@IEAAXXZ 0000000067d825d0 f   AcqConfigDlg.obj
 0001:000015f0       ?OnBnClickedConfigFileCheck@CAcqConfigDlg@@IEAAXXZ 0000000067d825f0 f   AcqConfigDlg.obj
 0001:00001610       ?StringCbCopyA@@YAJPEAD_KPEBD@Z 0000000067d82610 f i AcqConfigDlg.obj
 0001:00001690       ?StringCbPrintfA@@YAJPEAD_KPEBDZZ 0000000067d82690 f i AcqConfigDlg.obj
 0001:00001710       ?LoadSettings@CAcqConfigDlg@@IEAAXXZ 0000000067d82710 f   AcqConfigDlg.obj
 0001:00001980       ?InitResourceCombo@CAcqConfigDlg@@IEAAXXZ 0000000067d82980 f   AcqConfigDlg.obj
 0001:00001d30       ?SplitConfigFilePath@CAcqConfigDlg@@IEAAXXZ 0000000067d82d30 f   AcqConfigDlg.obj
 0001:00001e30       ?OnSelchangeComboServer@CAcqConfigDlg@@IEAAXXZ 0000000067d82e30 f   AcqConfigDlg.obj
 0001:00001e60       ??0CAcqConfigDlg@@QEAA@PEAVCWnd@@W4ServerCategory@0@@Z 0000000067d82e60 f   AcqConfigDlg.obj
 0001:00001fb0       ??_ECAcqConfigDlg@@WBBI@EAAPEAXI@Z 0000000067d82fb0 f i AcqConfigDlg.obj
 0001:00001fc0       ??0CAcqConfigDlg@@QEAA@PEAVCWnd@@VSapLocation@@PEBDW4ServerCategory@0@@Z 0000000067d82fc0 f   AcqConfigDlg.obj
 0001:000021b0       ??0CAcqConfigDlg@@QEAA@PEAVCWnd@@PEAVSapAcquisition@@PEBD@Z 0000000067d831b0 f   AcqConfigDlg.obj
 0001:000023e0       ?OnInitDialog@CAcqConfigDlg@@MEAAHXZ 0000000067d833e0 f   AcqConfigDlg.obj
 0001:000024b0       ?OnConfigBrowse@CAcqConfigDlg@@IEAAXXZ 0000000067d834b0 f   AcqConfigDlg.obj
 0001:00002640       ?GetThisMessageMap@CAcqConfigDlg@@KAPEBUAFX_MSGMAP@@XZ 0000000067d83640 f   AcqConfigDlg.obj
 0001:00002650       ?GetMessageMap@CAcqConfigDlg@@MEBAPEBUAFX_MSGMAP@@XZ 0000000067d83650 f   AcqConfigDlg.obj
 0001:00002660       ??0CAcqDlg@@QEAA@PEAVCWnd@@PEAVSapAcquisition@@@Z 0000000067d83660 f   AcqDlg.obj
 0001:000026e0       ?UpdateWindow@CAcqDlg@@IEAAXXZ 0000000067d836e0 f   AcqDlg.obj
 0001:000027f0       ?OnExternalTriggerEnable@CAcqDlg@@IEAAXXZ 0000000067d837f0 f   AcqDlg.obj
 0001:00002810       ?GetCheck@CButton@@QEBAHXZ 0000000067d83810 f i AcqDlg.obj
 0001:00002830       ?SetCheck@CButton@@QEAAXH@Z 0000000067d83830 f i AcqDlg.obj
 0001:000028f0       ??1CAcqDlg@@UEAA@XZ        0000000067d838f0 f i AcqDlg.obj
 0001:00002930       ??_GCAcqDlg@@UEAAPEAXI@Z   0000000067d83930 f i AcqDlg.obj
 0001:00002980       ??_ECAcqDlg@@UEAAPEAXI@Z   0000000067d83980 f i AcqDlg.obj
 0001:00002a10       ?DoDataExchange@CAcqDlg@@MEAAXPEAVCDataExchange@@@Z 0000000067d83a10 f   AcqDlg.obj
 0001:00002a60       ?GetThisMessageMap@CAcqDlg@@KAPEBUAFX_MSGMAP@@XZ 0000000067d83a60 f   AcqDlg.obj
 0001:00002a70       ?OnOK@CAcqDlg@@MEAAXXZ     0000000067d83a70 f   AcqDlg.obj
 0001:00002ca0       ??_ECAcqDlg@@WBBI@EAAPEAXI@Z 0000000067d83ca0 f i AcqDlg.obj
 0001:00002cb0       ?GetMessageMap@CAcqDlg@@MEBAPEBUAFX_MSGMAP@@XZ 0000000067d83cb0 f   AcqDlg.obj
 0001:00002cc0       ?OnInitDialog@CAcqDlg@@MEAAHXZ 0000000067d83cc0 f   AcqDlg.obj
 0001:000032d0       ??0CScrollBar@@QEAA@XZ     0000000067d842d0 f i AScanDlg.obj
 0001:00003300       ??_GCScrollBar@@UEAAPEAXI@Z 0000000067d84300 f i AScanDlg.obj
 0001:00003300       ??_ECScrollBar@@UEAAPEAXI@Z 0000000067d84300 f i AScanDlg.obj
 0001:000033d0       ??1CAScanDlg@@UEAA@XZ      0000000067d843d0 f i AScanDlg.obj
 0001:00003420       ??_GCAScanDlg@@UEAAPEAXI@Z 0000000067d84420 f i AScanDlg.obj
 0001:00003490       ??_ECAScanDlg@@UEAAPEAXI@Z 0000000067d84490 f i AScanDlg.obj
 0001:00003540       ??0CAScanDlg@@QEAA@PEAVCWnd@@PEAVSapAcquisition@@@Z 0000000067d84540 f   AScanDlg.obj
 0001:00003600       ?DoDataExchange@CAScanDlg@@MEAAXPEAVCDataExchange@@@Z 0000000067d84600 f   AScanDlg.obj
 0001:00003670       ?UpdateWindow@CAScanDlg@@IEAAXXZ 0000000067d84670 f   AScanDlg.obj
 0001:000037b0       ?OnCamTriggerEnable@CAScanDlg@@IEAAXXZ 0000000067d847b0 f   AScanDlg.obj
 0001:000037c0       ?OnCamResetEnable@CAScanDlg@@IEAAXXZ 0000000067d847c0 f   AScanDlg.obj
 0001:000037d0       ?OnTimeIntegrate@CAScanDlg@@IEAAXXZ 0000000067d847d0 f   AScanDlg.obj
 0001:000037e0       ?OnFrameIntegrate@CAScanDlg@@IEAAXXZ 0000000067d847e0 f   AScanDlg.obj
 0001:000037f0       ??_ECAScanDlg@@WBBI@EAAPEAXI@Z 0000000067d847f0 f i AScanDlg.obj
 0001:00003800       ?VerifyTimeIntegrateDuration@CAScanDlg@@IEAAXH@Z 0000000067d84800 f   AScanDlg.obj
 0001:00003930       ?VerifyFrameIntegrateCount@CAScanDlg@@IEAAXXZ 0000000067d84930 f   AScanDlg.obj
 0001:00003a20       ?OnOK@CAScanDlg@@MEAAXXZ   0000000067d84a20 f   AScanDlg.obj
 0001:00003dc0       ?OnInitDialog@CAScanDlg@@MEAAHXZ 0000000067d84dc0 f   AScanDlg.obj
 0001:000043b0       ?OnKillfocusEditTime@CAScanDlg@@IEAAXXZ 0000000067d853b0 f   AScanDlg.obj
 0001:000043e0       ?OnKillfocusEditFrame@CAScanDlg@@IEAAXXZ 0000000067d853e0 f   AScanDlg.obj
 0001:00004410       ?OnVScroll@CAScanDlg@@IEAAXIIPEAVCScrollBar@@@Z 0000000067d85410 f   AScanDlg.obj
 0001:00004510       ?GetThisMessageMap@CAScanDlg@@KAPEBUAFX_MSGMAP@@XZ 0000000067d85510 f   AScanDlg.obj
 0001:00004520       ?GetMessageMap@CAScanDlg@@MEBAPEBUAFX_MSGMAP@@XZ 0000000067d85520 f   AScanDlg.obj
 0001:00004530       ?OnVScroll@CAviFileDlg@@IEAAXIIPEAVCScrollBar@@@Z 0000000067d85530 f   AviFileDlg.obj
 0001:000045e0       ?OnUpdateAviEditFirstFrame@CAviFileDlg@@IEAAXXZ 0000000067d855e0 f   AviFileDlg.obj
 0001:000045f0       ?OnUpdateAviEditCompressionLevel@CAviFileDlg@@IEAAXXZ 0000000067d855f0 f   AviFileDlg.obj
 0001:00004600       ?OnInitDialog@CAviFileDlg@@MEAAHXZ 0000000067d85600 f   AviFileDlg.obj
 0001:000046d0       ?OnOK@CAviFileDlg@@MEAAXXZ 0000000067d856d0 f   AviFileDlg.obj
 0001:00004760       ??0CAviFileDlg@@QEAA@PEAVCWnd@@HHHH@Z 0000000067d85760 f   AviFileDlg.obj
 0001:00004840       ??1CAviFileDlg@@UEAA@XZ    0000000067d85840 f i AviFileDlg.obj
 0001:00004850       ??_GCAviFileDlg@@UEAAPEAXI@Z 0000000067d85850 f i AviFileDlg.obj
 0001:00004850       ??_ECAviFileDlg@@UEAAPEAXI@Z 0000000067d85850 f i AviFileDlg.obj
 0001:00004880       ?DoDataExchange@CAviFileDlg@@MEAAXPEAVCDataExchange@@@Z 0000000067d85880 f   AviFileDlg.obj
 0001:00004900       ?GetThisMessageMap@CAviFileDlg@@KAPEBUAFX_MSGMAP@@XZ 0000000067d85900 f   AviFileDlg.obj
 0001:00004910       ?GetMessageMap@CAviFileDlg@@MEBAPEBUAFX_MSGMAP@@XZ 0000000067d85910 f   AviFileDlg.obj
 0001:00004920       ??0CBayerOptionsDlg@@QEAA@PEAVCWnd@@PEAVSapBayer@@PEAVSapTransfer@@PEAVCImageWnd@@PEAVSapProcessing@@@Z 0000000067d85920 f   BayerDlg.obj
 0001:000049f0       ??1CBayerOptionsDlg@@UEAA@XZ 0000000067d859f0 f   BayerDlg.obj
 0001:00004a40       ?UpdateInterface@CBayerOptionsDlg@@QEAAXXZ 0000000067d85a40 f   BayerDlg.obj
 0001:00004d80       ?OnChange@CBayerOptionsDlg@@IEAAXXZ 0000000067d85d80 f   BayerDlg.obj
 0001:00004dc0       ?OnGammaEnable@CBayerOptionsDlg@@IEAAXXZ 0000000067d85dc0 f   BayerDlg.obj
 0001:00004e40       ?OnChangeRange@CBayerOptionsDlg@@IEAAXI@Z 0000000067d85e40 f   BayerDlg.obj
 0001:00004e50       ?UpdateView@CBayerOptionsDlg@@IEAAXXZ 0000000067d85e50 f   BayerDlg.obj
 0001:00004f20       ?OnClose@CBayerOptionsDlg@@IEAAXXZ 0000000067d85f20 f   BayerDlg.obj
 0001:00004f60       ?Width@CRect@@QEBAHXZ      0000000067d85f60 f i BayerDlg.obj
 0001:00004f70       ?Height@CRect@@QEBAHXZ     0000000067d85f70 f i BayerDlg.obj
 0001:00004f80       ?OnShowWindow@CWnd@@IEAAXHI@Z 0000000067d85f80 f i BayerDlg.obj
 0001:00004f90       ?IsRoiTrackerActive@CImageWnd@@QEAAHXZ 0000000067d85f90 f i BayerDlg.obj
 0001:00004fa0       ??_GCBayerOptionsDlg@@UEAAPEAXI@Z 0000000067d85fa0 f i BayerDlg.obj
 0001:00004fd0       ??_ECBayerOptionsDlg@@UEAAPEAXI@Z 0000000067d85fd0 f i BayerDlg.obj
 0001:00005050       ?DoDataExchange@CBayerOptionsDlg@@MEAAXPEAVCDataExchange@@@Z 0000000067d86050 f   BayerDlg.obj
 0001:00005100       ?OnInitDialog@CBayerOptionsDlg@@MEAAHXZ 0000000067d86100 f   BayerDlg.obj
 0001:00005150       ?OnAutoWhiteBalance@CBayerOptionsDlg@@IEAAXXZ 0000000067d86150 f   BayerDlg.obj
 0001:00005260       ?OnApply@CBayerOptionsDlg@@IEAAXXZ 0000000067d86260 f   BayerDlg.obj
 0001:000053d0       ?OnShowWindow@CBayerOptionsDlg@@IEAAXHI@Z 0000000067d863d0 f   BayerDlg.obj
 0001:00005420       ??_ECBayerOptionsDlg@@WBBI@EAAPEAXI@Z 0000000067d86420 f i BayerDlg.obj
 0001:00005430       ?GetThisMessageMap@CBayerOptionsDlg@@KAPEBUAFX_MSGMAP@@XZ 0000000067d86430 f   BayerDlg.obj
 0001:00005440       ?GetMessageMap@CBayerOptionsDlg@@MEBAPEBUAFX_MSGMAP@@XZ 0000000067d86440 f   BayerDlg.obj
 0001:00005450       ??0CBrowseDirDlg@@QEAA@PEBD@Z 0000000067d86450 f   BrowseDirDlg.obj
 0001:00005490       ?BrowseHookProc@CBrowseDirDlg@@KA_KPEAUHWND__@@I_K_J@Z 0000000067d86490 f   BrowseDirDlg.obj
 0001:000054d0       ??HATL@@YA?AV?$CStringT@DV?$StrTraitMFC_DLL@DV?$ChTraitsCRT@D@ATL@@@@@0@AEBV10@D@Z 0000000067d864d0 f i BrowseDirDlg.obj
 0001:000055f0       ?DoModal@CBrowseDirDlg@@QEAAHXZ 0000000067d865f0 f   BrowseDirDlg.obj
 0001:00005880       ?UpdateBuffer@CBufDlg@@IEAAHXZ 0000000067d86880 f   BufDlg.obj
 0001:00005980       ?OnOK@CBufDlg@@MEAAXXZ     0000000067d86980 f   BufDlg.obj
 0001:000059b0       ?EnableControls@CBufDlg@@IEAAXXZ 0000000067d869b0 f   BufDlg.obj
 0001:00005a80       ??1CBufDlg@@UEAA@XZ        0000000067d86a80 f i BufDlg.obj
 0001:00005ad0       ??_GCBufDlg@@UEAAPEAXI@Z   0000000067d86ad0 f i BufDlg.obj
 0001:00005b40       ??_ECBufDlg@@UEAAPEAXI@Z   0000000067d86b40 f i BufDlg.obj
 0001:00005bf0       ??0CBufDlg@@QEAA@PEAVCWnd@@PEAVSapBuffer@@PEAVSapDisplay@@@Z 0000000067d86bf0 f   BufDlg.obj
 0001:00005e40       ?DoDataExchange@CBufDlg@@MEAAXPEAVCDataExchange@@@Z 0000000067d86e40 f   BufDlg.obj
 0001:00005ee0       ?OnInitDialog@CBufDlg@@MEAAHXZ 0000000067d86ee0 f   BufDlg.obj
 0001:00005fc0       ?OnSelchangeComboFormat@CBufDlg@@IEAAXXZ 0000000067d86fc0 f   BufDlg.obj
 0001:00006040       ?GetThisMessageMap@CBufDlg@@KAPEBUAFX_MSGMAP@@XZ 0000000067d87040 f   BufDlg.obj
 0001:00006050       ?GetMessageMap@CBufDlg@@MEBAPEBUAFX_MSGMAP@@XZ 0000000067d87050 f   BufDlg.obj
 0001:00006060       ??1SapColorConversionMethodDictionary@@QEAA@XZ 0000000067d87060 f i ColorConversionDlg.obj
 0001:00006070       ??0CColorConversionOptionsDlg@@QEAA@PEAVCWnd@@PEAVSapColorConversion@@PEAVSapTransfer@@PEAVCImageWnd@@PEAVSapProcessing@@@Z 0000000067d87070 f   ColorConversionDlg.obj
 0001:00006150       ??1CColorConversionOptionsDlg@@UEAA@XZ 0000000067d87150 f   ColorConversionDlg.obj
 0001:000061b0       ?OnChangeNumber@CColorConversionOptionsDlg@@IEAAXXZ 0000000067d871b0 f   ColorConversionDlg.obj
 0001:000061d0       ?OnGammaEnable@CColorConversionOptionsDlg@@IEAAXXZ 0000000067d871d0 f   ColorConversionDlg.obj
 0001:00006250       ?UpdateView@CColorConversionOptionsDlg@@IEAAXXZ 0000000067d87250 f   ColorConversionDlg.obj
 0001:00006320       ?OnClose@CColorConversionOptionsDlg@@IEAAXXZ 0000000067d87320 f   ColorConversionDlg.obj
 0001:00006360       ??HATL@@YA?AV?$CStringT@DV?$StrTraitMFC_DLL@DV?$ChTraitsCRT@D@ATL@@@@@0@AEBV10@PEBD@Z 0000000067d87360 f i ColorConversionDlg.obj
 0001:00006400       ??_GCColorConversionOptionsDlg@@UEAAPEAXI@Z 0000000067d87400 f i ColorConversionDlg.obj
 0001:00006430       ??_ECColorConversionOptionsDlg@@UEAAPEAXI@Z 0000000067d87430 f i ColorConversionDlg.obj
 0001:000064b0       ?DoDataExchange@CColorConversionOptionsDlg@@MEAAXPEAVCDataExchange@@@Z 0000000067d874b0 f   ColorConversionDlg.obj
 0001:00006570       ?SetSelectedMethodDescription@CColorConversionOptionsDlg@@IEAAXXZ 0000000067d87570 f   ColorConversionDlg.obj
 0001:000065e0       ?OnApply@CColorConversionOptionsDlg@@IEAAXXZ 0000000067d875e0 f   ColorConversionDlg.obj
 0001:00006790       ??_ECColorConversionOptionsDlg@@WBBI@EAAPEAXI@Z 0000000067d87790 f i ColorConversionDlg.obj
 0001:000067a0       ?UpdateInterface@CColorConversionOptionsDlg@@QEAAXXZ 0000000067d877a0 f   ColorConversionDlg.obj
 0001:00006b60       ?OnChange@CColorConversionOptionsDlg@@IEAAXXZ 0000000067d87b60 f   ColorConversionDlg.obj
 0001:00006ba0       ?OnChangeRange@CColorConversionOptionsDlg@@IEAAXI@Z 0000000067d87ba0 f   ColorConversionDlg.obj
 0001:00006bb0       ?OnAutoWhiteBalance@CColorConversionOptionsDlg@@IEAAXXZ 0000000067d87bb0 f   ColorConversionDlg.obj
 0001:00006c70       ?OnShowWindow@CColorConversionOptionsDlg@@IEAAXHI@Z 0000000067d87c70 f   ColorConversionDlg.obj
 0001:00006cc0       ?GetThisMessageMap@CColorConversionOptionsDlg@@KAPEBUAFX_MSGMAP@@XZ 0000000067d87cc0 f   ColorConversionDlg.obj
 0001:00006cd0       ?OnInitDialog@CColorConversionOptionsDlg@@MEAAHXZ 0000000067d87cd0 f   ColorConversionDlg.obj
 0001:00006d20       ?GetMessageMap@CColorConversionOptionsDlg@@MEBAPEBUAFX_MSGMAP@@XZ 0000000067d87d20 f   ColorConversionDlg.obj
 0001:00006d30       ?OnOK@CCompDlg@@MEAAXXZ    0000000067d87d30 f   CompDlg.obj
 0001:00006d40       ?SetBrightness@CCompDlg@@IEAAXXZ 0000000067d87d40 f   CompDlg.obj
 0001:00006dc0       ?SetContrast@CCompDlg@@IEAAXXZ 0000000067d87dc0 f   CompDlg.obj
 0001:00006e40       ?SetHue@CCompDlg@@IEAAXXZ  0000000067d87e40 f   CompDlg.obj
 0001:00006eb0       ?SetSaturation@CCompDlg@@IEAAXXZ 0000000067d87eb0 f   CompDlg.obj
 0001:00006f20       ?SetSharpness@CCompDlg@@IEAAXXZ 0000000067d87f20 f   CompDlg.obj
 0001:00006f80       ??0CSliderCtrl@@QEAA@XZ    0000000067d87f80 f i CompDlg.obj
 0001:00006fb0       ??_GCSliderCtrl@@UEAAPEAXI@Z 0000000067d87fb0 f i CompDlg.obj
 0001:00006fb0       ??_ECSliderCtrl@@UEAAPEAXI@Z 0000000067d87fb0 f i CompDlg.obj
 0001:00006fe0       ?SetPageSize@CSliderCtrl@@QEAAHH@Z 0000000067d87fe0 f i CompDlg.obj
 0001:00007000       ?SetPos@CSliderCtrl@@QEAAXH@Z 0000000067d88000 f i CompDlg.obj
 0001:00007020       ?SetTicFreq@CSliderCtrl@@QEAAXH@Z 0000000067d88020 f i CompDlg.obj
 0001:00007040       ??1CCompDlg@@UEAA@XZ       0000000067d88040 f i CompDlg.obj
 0001:000070c0       ??_GCCompDlg@@UEAAPEAXI@Z  0000000067d880c0 f i CompDlg.obj
 0001:000070f0       ??_ECCompDlg@@UEAAPEAXI@Z  0000000067d880f0 f i CompDlg.obj
 0001:00007170       ??0CCompDlg@@QEAA@PEAVCWnd@@PEAVSapAcquisition@@PEAVSapTransfer@@@Z 0000000067d88170 f   CompDlg.obj
 0001:00007270       ?DoDataExchange@CCompDlg@@MEAAXPEAVCDataExchange@@@Z 0000000067d88270 f   CompDlg.obj
 0001:00007360       ?Snap@CCompDlg@@IEAAXXZ    0000000067d88360 f   CompDlg.obj
 0001:00007440       ?OnCancel@CCompDlg@@MEAAXXZ 0000000067d88440 f   CompDlg.obj
 0001:00007560       ?UpdateWindow@CCompDlg@@IEAAXXZ 0000000067d88560 f   CompDlg.obj
 0001:000076f0       ?OnHScroll@CCompDlg@@IEAAXIIPEAVCScrollBar@@@Z 0000000067d886f0 f   CompDlg.obj
 0001:00007910       ?OnRed@CCompDlg@@IEAAXXZ   0000000067d88910 f   CompDlg.obj
 0001:00007950       ?OnGreen@CCompDlg@@IEAAXXZ 0000000067d88950 f   CompDlg.obj
 0001:00007990       ?OnBlue@CCompDlg@@IEAAXXZ  0000000067d88990 f   CompDlg.obj
 0001:000079d0       ?OnKillfocusEditContrast@CCompDlg@@IEAAXXZ 0000000067d889d0 f   CompDlg.obj
 0001:00007a20       ?OnKillfocusEditBrightness@CCompDlg@@IEAAXXZ 0000000067d88a20 f   CompDlg.obj
 0001:00007a70       ?OnKillfocusEditHue@CCompDlg@@IEAAXXZ 0000000067d88a70 f   CompDlg.obj
 0001:00007ac0       ?OnKillfocusEditSaturation@CCompDlg@@IEAAXXZ 0000000067d88ac0 f   CompDlg.obj
 0001:00007b10       ?OnKillfocusEditSharpness@CCompDlg@@IEAAXXZ 0000000067d88b10 f   CompDlg.obj
 0001:00007b60       ?OnDefault@CCompDlg@@IEAAXXZ 0000000067d88b60 f   CompDlg.obj
 0001:00007c80       ??_ECCompDlg@@WBBI@EAAPEAXI@Z 0000000067d88c80 f i CompDlg.obj
 0001:00007c90       ?GetThisMessageMap@CCompDlg@@KAPEBUAFX_MSGMAP@@XZ 0000000067d88c90 f   CompDlg.obj
 0001:00007ca0       ?OnInitDialog@CCompDlg@@MEAAHXZ 0000000067d88ca0 f   CompDlg.obj
 0001:00008a20       ?GetMessageMap@CCompDlg@@MEBAPEBUAFX_MSGMAP@@XZ 0000000067d89a20 f   CompDlg.obj
 0001:00008a30       ??1CFlatFieldDlg@@UEAA@XZ  0000000067d89a30 f   FlatFieldDlg.obj
 0001:00008af0       ?OnDestroy@CFlatFieldDlg@@IEAAXXZ 0000000067d89af0 f   FlatFieldDlg.obj
 0001:00008b00       ?OnOK@CFlatFieldDlg@@MEAAXXZ 0000000067d89b00 f   FlatFieldDlg.obj
 0001:00008b60       ?OnCancel@CFlatFieldDlg@@MEAAXXZ 0000000067d89b60 f   FlatFieldDlg.obj
 0001:00008be0       ?OnBnClickedScgFfLoadClusterMap@CFlatFieldDlg@@IEAAXXZ 0000000067d89be0 f   FlatFieldDlg.obj
 0001:00008d70       ?GetAverageStr@CFlatFieldDlg@@AEBA?AV?$CStringT@DV?$StrTraitMFC_DLL@DV?$ChTraitsCRT@D@ATL@@@@@ATL@@AEAVSapFlatFieldStats@@@Z 0000000067d89d70 f   FlatFieldDlg.obj
 0001:00008ea0       ?GetStdDeviationStr@CFlatFieldDlg@@AEBA?AV?$CStringT@DV?$StrTraitMFC_DLL@DV?$ChTraitsCRT@D@ATL@@@@@ATL@@AEAVSapFlatFieldStats@@@Z 0000000067d89ea0 f   FlatFieldDlg.obj
 0001:00008fd0       ?GetLowStr@CFlatFieldDlg@@AEBA?AV?$CStringT@DV?$StrTraitMFC_DLL@DV?$ChTraitsCRT@D@ATL@@@@@ATL@@AEAVSapFlatFieldStats@@@Z 0000000067d89fd0 f   FlatFieldDlg.obj
 0001:00009100       ?GetHighStr@CFlatFieldDlg@@AEBA?AV?$CStringT@DV?$StrTraitMFC_DLL@DV?$ChTraitsCRT@D@ATL@@@@@ATL@@AEAVSapFlatFieldStats@@@Z 0000000067d8a100 f   FlatFieldDlg.obj
 0001:00009230       ?GetPeakPositionStr@CFlatFieldDlg@@AEBA?AV?$CStringT@DV?$StrTraitMFC_DLL@DV?$ChTraitsCRT@D@ATL@@@@@ATL@@AEAVSapFlatFieldStats@@@Z 0000000067d8a230 f   FlatFieldDlg.obj
 0001:00009360       ?GetPixelRatioStr@CFlatFieldDlg@@AEBA?AV?$CStringT@DV?$StrTraitMFC_DLL@DV?$ChTraitsCRT@D@ATL@@@@@ATL@@AEAVSapFlatFieldStats@@@Z 0000000067d8a360 f   FlatFieldDlg.obj
 0001:000094a0       ?GetNumPixelsStr@CFlatFieldDlg@@AEBA?AV?$CStringT@DV?$StrTraitMFC_DLL@DV?$ChTraitsCRT@D@ATL@@@@@ATL@@AEAVSapFlatFieldStats@@@Z 0000000067d8a4a0 f   FlatFieldDlg.obj
 0001:000095d0       ??0CSize@@QEAA@UtagSIZE@@@Z 0000000067d8a5d0 f i FlatFieldDlg.obj
 0001:000095e0       ?GetTextExtent@CDC@@QEBA?AVCSize@@AEBV?$CStringT@DV?$StrTraitMFC_DLL@DV?$ChTraitsCRT@D@ATL@@@@@ATL@@@Z 0000000067d8a5e0 f i FlatFieldDlg.obj
 0001:00009650       ?GetDC@CWnd@@QEAAPEAVCDC@@XZ 0000000067d8a650 f i FlatFieldDlg.obj
 0001:00009670       ?ReleaseDC@CWnd@@QEAAHPEAVCDC@@@Z 0000000067d8a670 f i FlatFieldDlg.obj
 0001:00009680       ?GetParent@CWnd@@QEBAPEAV1@XZ 0000000067d8a680 f i FlatFieldDlg.obj
 0001:000096a0       ??0CStatic@@QEAA@XZ        0000000067d8a6a0 f i FlatFieldDlg.obj
 0001:000096d0       ??_GCStatic@@UEAAPEAXI@Z   0000000067d8a6d0 f i FlatFieldDlg.obj
 0001:000096d0       ??_ECStatic@@UEAAPEAXI@Z   0000000067d8a6d0 f i FlatFieldDlg.obj
 0001:00009700       ??0CButton@@QEAA@XZ        0000000067d8a700 f i FlatFieldDlg.obj
 0001:00009730       ??_ECButton@@UEAAPEAXI@Z   0000000067d8a730 f i FlatFieldDlg.obj
 0001:00009730       ??_GCButton@@UEAAPEAXI@Z   0000000067d8a730 f i FlatFieldDlg.obj
 0001:00009760       ?GetCount@CListBox@@QEBAHXZ 0000000067d8a760 f i FlatFieldDlg.obj
 0001:00009780       ?SetCurSel@CListBox@@QEAAHH@Z 0000000067d8a780 f i FlatFieldDlg.obj
 0001:000097a0       ?GetHorizontalExtent@CListBox@@QEBAHXZ 0000000067d8a7a0 f i FlatFieldDlg.obj
 0001:000097c0       ?SetHorizontalExtent@CListBox@@QEAAXH@Z 0000000067d8a7c0 f i FlatFieldDlg.obj
 0001:000097e0       ?AddString@CListBox@@QEAAHPEBD@Z 0000000067d8a7e0 f i FlatFieldDlg.obj
 0001:00009800       ?ResetContent@CListBox@@QEAAXXZ 0000000067d8a800 f i FlatFieldDlg.obj
 0001:00009820       ??0CWaitCursor@@QEAA@XZ    0000000067d8a820 f i FlatFieldDlg.obj
 0001:00009840       ??1CWaitCursor@@QEAA@XZ    0000000067d8a840 f i FlatFieldDlg.obj
 0001:00009890       ?GetPathName@CLoadSaveDlg@@QEAA?AV?$CStringT@DV?$StrTraitMFC_DLL@DV?$ChTraitsCRT@D@ATL@@@@@ATL@@XZ 0000000067d8a890 f i FlatFieldDlg.obj
 0001:000098c0       ??1CLoadSaveDlg@@UEAA@XZ   0000000067d8a8c0 f i FlatFieldDlg.obj
 0001:000098f0       ??_GCFlatFieldDlg@@UEAAPEAXI@Z 0000000067d8a8f0 f i FlatFieldDlg.obj
 0001:00009920       ??_ECFlatFieldDlg@@UEAAPEAXI@Z 0000000067d8a920 f i FlatFieldDlg.obj
 0001:000099a0       ??$_Pow_int@N@@YANNH@Z     0000000067d8a9a0 f i FlatFieldDlg.obj
 0001:000099e0       ??0CFlatFieldDlg@@QEAA@PEAVCWnd@@PEAVSapFlatField@@PEAVSapTransfer@@PEAVSapBuffer@@@Z 0000000067d8a9e0 f   FlatFieldDlg.obj
 0001:00009b70       ?DoDataExchange@CFlatFieldDlg@@MEAAXPEAVCDataExchange@@@Z 0000000067d8ab70 f   FlatFieldDlg.obj
 0001:00009d50       ?OnSelchangeCorrectionType@CFlatFieldDlg@@IEAAXXZ 0000000067d8ad50 f   FlatFieldDlg.obj
 0001:00009e00       ?OnSelchangeVideoType@CFlatFieldDlg@@IEAAXXZ 0000000067d8ae00 f   FlatFieldDlg.obj
 0001:00009e70       ?OnSelchangeCalibrationIndex@CFlatFieldDlg@@IEAAXXZ 0000000067d8ae70 f   FlatFieldDlg.obj
 0001:00009eb0       ?Snap@CFlatFieldDlg@@QEAAHXZ 0000000067d8aeb0 f   FlatFieldDlg.obj
 0001:0000a010       ?LogMessage@CFlatFieldDlg@@AEAAXHV?$CStringT@DV?$StrTraitMFC_DLL@DV?$ChTraitsCRT@D@ATL@@@@@ATL@@@Z 0000000067d8b010 f   FlatFieldDlg.obj
 0001:0000a190       ??_ECFlatFieldDlg@@WBBI@EAAPEAXI@Z 0000000067d8b190 f i FlatFieldDlg.obj
 0001:0000a1a0       ?pow@@YANNH@Z              0000000067d8b1a0 f i FlatFieldDlg.obj
 0001:0000a1e0       ?OnInitDialog@CFlatFieldDlg@@MEAAHXZ 0000000067d8b1e0 f   FlatFieldDlg.obj
 0001:0000ad10       ?LogMessage@CFlatFieldDlg@@AEAAXHPEBD@Z 0000000067d8bd10 f   FlatFieldDlg.obj
 0001:0000ad50       ?OnSaveAndUpload@CFlatFieldDlg@@IEAAXXZ 0000000067d8bd50 f   FlatFieldDlg.obj
 0001:0000af60       ?DarkImage@CFlatFieldDlg@@AEAAXXZ 0000000067d8bf60 f   FlatFieldDlg.obj
 0001:0000b440       ?BrightImage@CFlatFieldDlg@@AEAAXXZ 0000000067d8c440 f   FlatFieldDlg.obj
 0001:0000bce0       ?OnDarkImage@CFlatFieldDlg@@IEAAXXZ 0000000067d8cce0 f   FlatFieldDlg.obj
 0001:0000c1f0       ??_ESapBuffer@@UEAAPEAXI@Z 0000000067d8d1f0 f i FlatFieldDlg.obj
 0001:0000c1f0       ??_GSapBuffer@@UEAAPEAXI@Z 0000000067d8d1f0 f i FlatFieldDlg.obj
 0001:0000c220       ?OnBrightImage@CFlatFieldDlg@@IEAAXXZ 0000000067d8d220 f   FlatFieldDlg.obj
 0001:0000c6c0       ?GetThisMessageMap@CFlatFieldDlg@@KAPEBUAFX_MSGMAP@@XZ 0000000067d8d6c0 f   FlatFieldDlg.obj
 0001:0000c6d0       ?GetMessageMap@CFlatFieldDlg@@MEBAPEBUAFX_MSGMAP@@XZ 0000000067d8d6d0 f   FlatFieldDlg.obj
 0001:0000c6e0       ?PreTranslateMessage@CGioBidirectionalDlg@@UEAAHPEAUtagMSG@@@Z 0000000067d8d6e0 f   GioBidirectionalDlg.obj
 0001:0000c700       ?GioCallbackInfo@CGioBidirectionalDlg@@SAXPEAVSapGioCallbackInfo@@@Z 0000000067d8d700 f   GioBidirectionalDlg.obj
 0001:0000c740       ?Update@CGioBidirectionalDlg@@QEAAHXZ 0000000067d8d740 f   GioBidirectionalDlg.obj
 0001:0000c8f0       ?ResetInterruptCount@CGioBidirectionalDlg@@IEAAHXZ 0000000067d8d8f0 f   GioBidirectionalDlg.obj
 0001:0000c9d0       ?OnBtReset@CGioBidirectionalDlg@@IEAAXXZ 0000000067d8d9d0 f   GioBidirectionalDlg.obj
 0001:0000c9e0       ??0CObject@@IEAA@XZ        0000000067d8d9e0 f i GioBidirectionalDlg.obj
 0001:0000c9f0       ??1CObject@@UEAA@XZ        0000000067d8d9f0 f i GioBidirectionalDlg.obj
 0001:0000ca00       ?GetSafeHandle@CGdiObject@@QEBAPEAXXZ 0000000067d8da00 f i GioBidirectionalDlg.obj
 0001:0000ca10       ??0CGdiObject@@QEAA@XZ     0000000067d8da10 f i GioBidirectionalDlg.obj
 0001:0000ca30       ??1CGdiObject@@UEAA@XZ     0000000067d8da30 f i GioBidirectionalDlg.obj
 0001:0000ca80       ??0CBrush@@QEAA@XZ         0000000067d8da80 f i GioBidirectionalDlg.obj
 0001:0000caa0       ??1CBrush@@UEAA@XZ         0000000067d8daa0 f i GioBidirectionalDlg.obj
 0001:0000cab0       ?MoveWindow@CWnd@@QEAAXPEBUtagRECT@@H@Z 0000000067d8dab0 f i GioBidirectionalDlg.obj
 0001:0000caf0       ?GetClientRect@CWnd@@QEBAXPEAUtagRECT@@@Z 0000000067d8daf0 f i GioBidirectionalDlg.obj
 0001:0000cb00       ?SetButtonStyle@CButton@@QEAAXIH@Z 0000000067d8db00 f i GioBidirectionalDlg.obj
 0001:0000cc60       ??1CGioBidirectionalDlg@@UEAA@XZ 0000000067d8dc60 f i GioBidirectionalDlg.obj
 0001:0000ccd0       ??_GCGioBidirectionalDlg@@UEAAPEAXI@Z 0000000067d8dcd0 f i GioBidirectionalDlg.obj
 0001:0000cd50       ??_ECGioBidirectionalDlg@@UEAAPEAXI@Z 0000000067d8dd50 f i GioBidirectionalDlg.obj
 0001:0000cdd0       ??0CGioBidirectionalDlg@@QEAA@PEAVCWnd@@IPEAVSapGio@@@Z 0000000067d8ddd0 f   GioBidirectionalDlg.obj
 0001:0000cef0       ?DoDataExchange@CGioBidirectionalDlg@@MEAAXPEAVCDataExchange@@@Z 0000000067d8def0 f   GioBidirectionalDlg.obj
 0001:0000cf50       ?MoveWindow@CGioBidirectionalDlg@@QEAAII@Z 0000000067d8df50 f   GioBidirectionalDlg.obj
 0001:0000cfe0       ?Create@CGioBidirectionalDlg@@QEAAHXZ 0000000067d8dfe0 f   GioBidirectionalDlg.obj
 0001:0000d010       ?ChangePinDirection@CGioBidirectionalDlg@@IEAAXIH@Z 0000000067d8e010 f   GioBidirectionalDlg.obj
 0001:0000d100       ?OnSelchangeComboDir1@CGioBidirectionalDlg@@IEAAXXZ 0000000067d8e100 f   GioBidirectionalDlg.obj
 0001:0000d140       ?OnSelchangeComboDir2@CGioBidirectionalDlg@@IEAAXXZ 0000000067d8e140 f   GioBidirectionalDlg.obj
 0001:0000d180       ?OnSelchangeComboDir3@CGioBidirectionalDlg@@IEAAXXZ 0000000067d8e180 f   GioBidirectionalDlg.obj
 0001:0000d1c0       ?OnSelchangeComboDir4@CGioBidirectionalDlg@@IEAAXXZ 0000000067d8e1c0 f   GioBidirectionalDlg.obj
 0001:0000d200       ?OnSelchangeComboDir5@CGioBidirectionalDlg@@IEAAXXZ 0000000067d8e200 f   GioBidirectionalDlg.obj
 0001:0000d240       ?OnSelchangeComboDir6@CGioBidirectionalDlg@@IEAAXXZ 0000000067d8e240 f   GioBidirectionalDlg.obj
 0001:0000d280       ?OnSelchangeComboDir7@CGioBidirectionalDlg@@IEAAXXZ 0000000067d8e280 f   GioBidirectionalDlg.obj
 0001:0000d2c0       ?OnSelchangeComboDir8@CGioBidirectionalDlg@@IEAAXXZ 0000000067d8e2c0 f   GioBidirectionalDlg.obj
 0001:0000d300       ?OnSelchangeComboDir9@CGioBidirectionalDlg@@IEAAXXZ 0000000067d8e300 f   GioBidirectionalDlg.obj
 0001:0000d340       ?OnSelchangeComboDir10@CGioBidirectionalDlg@@IEAAXXZ 0000000067d8e340 f   GioBidirectionalDlg.obj
 0001:0000d380       ?OnSelchangeComboDir11@CGioBidirectionalDlg@@IEAAXXZ 0000000067d8e380 f   GioBidirectionalDlg.obj
 0001:0000d3c0       ?OnSelchangeComboDir12@CGioBidirectionalDlg@@IEAAXXZ 0000000067d8e3c0 f   GioBidirectionalDlg.obj
 0001:0000d400       ?OnEnableCallback@CGioBidirectionalDlg@@IEAAXXZ 0000000067d8e400 f   GioBidirectionalDlg.obj
 0001:0000d5b0       ?OnSelchangeComboInputLevel@CGioBidirectionalDlg@@IEAAXXZ 0000000067d8e5b0 f   GioBidirectionalDlg.obj
 0001:0000d650       ?OnCtlColor@CGioBidirectionalDlg@@IEAAPEAUHBRUSH__@@PEAVCDC@@PEAVCWnd@@I@Z 0000000067d8e650 f   GioBidirectionalDlg.obj
 0001:0000d690       ?ChangePinState@CGioBidirectionalDlg@@IEAAXH@Z 0000000067d8e690 f   GioBidirectionalDlg.obj
 0001:0000d7a0       ?OnPin1@CGioBidirectionalDlg@@IEAAXXZ 0000000067d8e7a0 f   GioBidirectionalDlg.obj
 0001:0000d7b0       ?OnPin2@CGioBidirectionalDlg@@IEAAXXZ 0000000067d8e7b0 f   GioBidirectionalDlg.obj
 0001:0000d7c0       ?OnPin3@CGioBidirectionalDlg@@IEAAXXZ 0000000067d8e7c0 f   GioBidirectionalDlg.obj
 0001:0000d7d0       ?OnPin4@CGioBidirectionalDlg@@IEAAXXZ 0000000067d8e7d0 f   GioBidirectionalDlg.obj
 0001:0000d7e0       ?OnPin5@CGioBidirectionalDlg@@IEAAXXZ 0000000067d8e7e0 f   GioBidirectionalDlg.obj
 0001:0000d7f0       ?OnPin6@CGioBidirectionalDlg@@IEAAXXZ 0000000067d8e7f0 f   GioBidirectionalDlg.obj
 0001:0000d800       ?OnPin7@CGioBidirectionalDlg@@IEAAXXZ 0000000067d8e800 f   GioBidirectionalDlg.obj
 0001:0000d810       ?OnPin8@CGioBidirectionalDlg@@IEAAXXZ 0000000067d8e810 f   GioBidirectionalDlg.obj
 0001:0000d820       ?OnPin9@CGioBidirectionalDlg@@IEAAXXZ 0000000067d8e820 f   GioBidirectionalDlg.obj
 0001:0000d830       ?OnPin10@CGioBidirectionalDlg@@IEAAXXZ 0000000067d8e830 f   GioBidirectionalDlg.obj
 0001:0000d840       ?OnPin11@CGioBidirectionalDlg@@IEAAXXZ 0000000067d8e840 f   GioBidirectionalDlg.obj
 0001:0000d850       ?OnPin12@CGioBidirectionalDlg@@IEAAXXZ 0000000067d8e850 f   GioBidirectionalDlg.obj
 0001:0000d860       ??_GCGdiObject@@UEAAPEAXI@Z 0000000067d8e860 f i GioBidirectionalDlg.obj
 0001:0000d860       ??_ECGdiObject@@UEAAPEAXI@Z 0000000067d8e860 f i GioBidirectionalDlg.obj
 0001:0000d890       ??_GCBrush@@UEAAPEAXI@Z    0000000067d8e890 f i GioBidirectionalDlg.obj
 0001:0000d890       ??_ECBrush@@UEAAPEAXI@Z    0000000067d8e890 f i GioBidirectionalDlg.obj
 0001:0000d8d0       ?StringCbCatA@@YAJPEAD_KPEBD@Z 0000000067d8e8d0 f i GioBidirectionalDlg.obj
 0001:0000d9c0       ?OnInitDialog@CGioBidirectionalDlg@@MEAAHXZ 0000000067d8e9c0 f   GioBidirectionalDlg.obj
 0001:0000e330       ?OnSelchangeComboSignalEvent@CGioBidirectionalDlg@@IEAAXXZ 0000000067d8f330 f   GioBidirectionalDlg.obj
 0001:0000e370       ?GetThisMessageMap@CGioBidirectionalDlg@@KAPEBUAFX_MSGMAP@@XZ 0000000067d8f370 f   GioBidirectionalDlg.obj
 0001:0000e380       ?GetMessageMap@CGioBidirectionalDlg@@MEBAPEBUAFX_MSGMAP@@XZ 0000000067d8f380 f   GioBidirectionalDlg.obj
 0001:0000e390       ?PreTranslateMessage@CGioInputDlg@@UEAAHPEAUtagMSG@@@Z 0000000067d8f390 f   GioInputDlg.obj
 0001:0000e3b0       ?GioCallbackInfo@CGioInputDlg@@SAXPEAVSapGioCallbackInfo@@@Z 0000000067d8f3b0 f   GioInputDlg.obj
 0001:0000e3f0       ?Update@CGioInputDlg@@QEAAHXZ 0000000067d8f3f0 f   GioInputDlg.obj
 0001:0000e5a0       ?ResetInterruptCount@CGioInputDlg@@IEAAHXZ 0000000067d8f5a0 f   GioInputDlg.obj
 0001:0000e680       ?OnBtReset@CGioInputDlg@@IEAAXXZ 0000000067d8f680 f   GioInputDlg.obj
 0001:0000e7d0       ??1CGioInputDlg@@UEAA@XZ   0000000067d8f7d0 f i GioInputDlg.obj
 0001:0000e840       ??_GCGioInputDlg@@UEAAPEAXI@Z 0000000067d8f840 f i GioInputDlg.obj
 0001:0000e8c0       ??_ECGioInputDlg@@UEAAPEAXI@Z 0000000067d8f8c0 f i GioInputDlg.obj
 0001:0000e940       ??0CGioInputDlg@@QEAA@PEAVCWnd@@IPEAVSapGio@@@Z 0000000067d8f940 f   GioInputDlg.obj
 0001:0000ea60       ?DoDataExchange@CGioInputDlg@@MEAAXPEAVCDataExchange@@@Z 0000000067d8fa60 f   GioInputDlg.obj
 0001:0000eac0       ?MoveWindow@CGioInputDlg@@QEAAII@Z 0000000067d8fac0 f   GioInputDlg.obj
 0001:0000eb50       ?Create@CGioInputDlg@@QEAAHXZ 0000000067d8fb50 f   GioInputDlg.obj
 0001:0000eb80       ?OnEnableCallback@CGioInputDlg@@IEAAXXZ 0000000067d8fb80 f   GioInputDlg.obj
 0001:0000eca0       ?OnSelchangeComboInputLevel@CGioInputDlg@@IEAAXXZ 0000000067d8fca0 f   GioInputDlg.obj
 0001:0000ed40       ?OnCtlColor@CGioInputDlg@@IEAAPEAUHBRUSH__@@PEAVCDC@@PEAVCWnd@@I@Z 0000000067d8fd40 f   GioInputDlg.obj
 0001:0000ed80       ?OnInitDialog@CGioInputDlg@@MEAAHXZ 0000000067d8fd80 f   GioInputDlg.obj
 0001:0000f660       ?OnSelchangeComboSignalEvent@CGioInputDlg@@IEAAXXZ 0000000067d90660 f   GioInputDlg.obj
 0001:0000f6a0       ?GetThisMessageMap@CGioInputDlg@@KAPEBUAFX_MSGMAP@@XZ 0000000067d906a0 f   GioInputDlg.obj
 0001:0000f6b0       ?GetMessageMap@CGioInputDlg@@MEBAPEBUAFX_MSGMAP@@XZ 0000000067d906b0 f   GioInputDlg.obj
 0001:0000f6c0       ?PreTranslateMessage@CGioOutputDlg@@UEAAHPEAUtagMSG@@@Z 0000000067d906c0 f   GioOutputDlg.obj
 0001:0000f6e0       ?UpdateIO@CGioOutputDlg@@IEAAXXZ 0000000067d906e0 f   GioOutputDlg.obj
 0001:0000f810       ?RedrawWindow@CWnd@@QEAAHPEBUtagRECT@@PEAVCRgn@@I@Z 0000000067d90810 f i GioOutputDlg.obj
 0001:0000f970       ??1CGioOutputDlg@@UEAA@XZ  0000000067d90970 f i GioOutputDlg.obj
 0001:0000f9f0       ??_GCGioOutputDlg@@UEAAPEAXI@Z 0000000067d909f0 f i GioOutputDlg.obj
 0001:0000fa20       ??_ECGioOutputDlg@@UEAAPEAXI@Z 0000000067d90a20 f i GioOutputDlg.obj
 0001:0000faa0       ??0CGioOutputDlg@@QEAA@PEAVCWnd@@IPEAVSapGio@@@Z 0000000067d90aa0 f   GioOutputDlg.obj
 0001:0000fbf0       ?DoDataExchange@CGioOutputDlg@@MEAAXPEAVCDataExchange@@@Z 0000000067d90bf0 f   GioOutputDlg.obj
 0001:0000fc60       ?MoveWindow@CGioOutputDlg@@QEAAII@Z 0000000067d90c60 f   GioOutputDlg.obj
 0001:0000fcf0       ?Update@CGioOutputDlg@@QEAAHXZ 0000000067d90cf0 f   GioOutputDlg.obj
 0001:0000fe80       ?Create@CGioOutputDlg@@QEAAHXZ 0000000067d90e80 f   GioOutputDlg.obj
 0001:0000feb0       ?InitComboOutputState@CGioOutputDlg@@QEAAXXZ 0000000067d90eb0 f   GioOutputDlg.obj
 0001:00010010       ?OnSelchangeComboOutputState@CGioOutputDlg@@IEAAXXZ 0000000067d91010 f   GioOutputDlg.obj
 0001:00010020       ?OnCtlColor@CGioOutputDlg@@IEAAPEAUHBRUSH__@@PEAVCDC@@PEAVCWnd@@I@Z 0000000067d91020 f   GioOutputDlg.obj
 0001:00010060       ?ChangePinState@CGioOutputDlg@@QEAAXPEAVCButton@@@Z 0000000067d91060 f   GioOutputDlg.obj
 0001:00010120       ?OnPin1@CGioOutputDlg@@IEAAXXZ 0000000067d91120 f   GioOutputDlg.obj
 0001:00010150       ?OnPin2@CGioOutputDlg@@IEAAXXZ 0000000067d91150 f   GioOutputDlg.obj
 0001:00010180       ?OnPin3@CGioOutputDlg@@IEAAXXZ 0000000067d91180 f   GioOutputDlg.obj
 0001:000101b0       ?OnPin4@CGioOutputDlg@@IEAAXXZ 0000000067d911b0 f   GioOutputDlg.obj
 0001:000101e0       ?OnPin5@CGioOutputDlg@@IEAAXXZ 0000000067d911e0 f   GioOutputDlg.obj
 0001:00010210       ?OnPin6@CGioOutputDlg@@IEAAXXZ 0000000067d91210 f   GioOutputDlg.obj
 0001:00010240       ?OnPin7@CGioOutputDlg@@IEAAXXZ 0000000067d91240 f   GioOutputDlg.obj
 0001:00010270       ?OnPin8@CGioOutputDlg@@IEAAXXZ 0000000067d91270 f   GioOutputDlg.obj
 0001:000102a0       ?OnPin9@CGioOutputDlg@@IEAAXXZ 0000000067d912a0 f   GioOutputDlg.obj
 0001:000102d0       ?OnPin10@CGioOutputDlg@@IEAAXXZ 0000000067d912d0 f   GioOutputDlg.obj
 0001:00010300       ?OnPin11@CGioOutputDlg@@IEAAXXZ 0000000067d91300 f   GioOutputDlg.obj
 0001:00010330       ?OnPin12@CGioOutputDlg@@IEAAXXZ 0000000067d91330 f   GioOutputDlg.obj
 0001:00010360       ?GetThisMessageMap@CGioOutputDlg@@KAPEBUAFX_MSGMAP@@XZ 0000000067d91360 f   GioOutputDlg.obj
 0001:00010370       ?InitOutputDlg@CGioOutputDlg@@QEAAHXZ 0000000067d91370 f   GioOutputDlg.obj
 0001:000104b0       ?GetMessageMap@CGioOutputDlg@@MEBAPEBUAFX_MSGMAP@@XZ 0000000067d914b0 f   GioOutputDlg.obj
 0001:000104c0       ?OnInitDialog@CGioOutputDlg@@MEAAHXZ 0000000067d914c0 f   GioOutputDlg.obj
 0001:00010cb0       ?_GetBaseClass@CImageExWnd@@KAPEAUCRuntimeClass@@XZ 0000000067d91cb0 f   ImageExWnd.obj
 0001:00010cc0       ?GetThisClass@CImageExWnd@@SAPEAUCRuntimeClass@@XZ 0000000067d91cc0 f   ImageExWnd.obj
 0001:00010cd0       ?GetRuntimeClass@CImageExWnd@@UEBAPEAUCRuntimeClass@@XZ 0000000067d91cd0 f   ImageExWnd.obj
 0001:00010ce0       ?AttachSapView@CImageExWnd@@QEAA_NPEAVSapView@@@Z 0000000067d91ce0 f   ImageExWnd.obj
 0001:00010d00       ?AttachEventHandler@CImageExWnd@@QEAAXPEAVCImageExWndEventHandler@@@Z 0000000067d91d00 f   ImageExWnd.obj
 0001:00010d10       ?CenterImage@CImageExWnd@@QEAAX_N@Z 0000000067d91d10 f   ImageExWnd.obj
 0001:00010d20       ?IsImageCentered@CImageExWnd@@QEBA_NXZ 0000000067d91d20 f   ImageExWnd.obj
 0001:00010d30       ?SupportROI@CImageExWnd@@QEAAX_N@Z 0000000067d91d30 f   ImageExWnd.obj
 0001:00010d40       ?ActivateROI@CImageExWnd@@QEAAX_N@Z 0000000067d91d40 f   ImageExWnd.obj
 0001:00010d50       ?SetROI@CImageExWnd@@QEAAXHHII@Z 0000000067d91d50 f   ImageExWnd.obj
 0001:00010d70       ?SetROI@CImageExWnd@@QEAAXVCPoint@@0@Z 0000000067d91d70 f   ImageExWnd.obj
 0001:00010d90       ?SetROI@CImageExWnd@@QEAAXVCRect@@@Z 0000000067d91d90 f   ImageExWnd.obj
 0001:00010dc0       ?IsRoiSupported@CImageExWnd@@QEBA_NXZ 0000000067d91dc0 f   ImageExWnd.obj
 0001:00010dd0       ?IsRoiActive@CImageExWnd@@QEBA_NXZ 0000000067d91dd0 f   ImageExWnd.obj
 0001:00010de0       ?GetROI@CImageExWnd@@QEBAXAEAI000@Z 0000000067d91de0 f   ImageExWnd.obj
 0001:00010e00       ?GetROI@CImageExWnd@@QEBAXAEAVCPoint@@0@Z 0000000067d91e00 f   ImageExWnd.obj
 0001:00010e10       ?GetROI@CImageExWnd@@QEBAXAEAVCRect@@@Z 0000000067d91e10 f   ImageExWnd.obj
 0001:00010e20       ?SetPixelStringFormatDecimal@CImageExWnd@@QEAAX_N@Z 0000000067d91e20 f   ImageExWnd.obj
 0001:00010e30       ?IsPixelStringFormatDecimal@CImageExWnd@@QEBA_NXZ 0000000067d91e30 f   ImageExWnd.obj
 0001:00010e40       ?GetPixelString@CImageExWnd@@QEBA?AV?$CStringT@DV?$StrTraitMFC_DLL@DV?$ChTraitsCRT@D@ATL@@@@@ATL@@VCPoint@@@Z 0000000067d91e40 f   ImageExWnd.obj
 0001:00010e70       ?NotifyMarkerChanged@CImageExWnd@@IEAAXXZ 0000000067d91e70 f   ImageExWnd.obj
 0001:00010e90       ?NotifyInteractiveMarkerChanged@CImageExWnd@@IEAAXH@Z 0000000067d91e90 f   ImageExWnd.obj
 0001:00010eb0       ?PixelChanged@CImageExWnd@@MEAAXHH@Z 0000000067d91eb0 f   ImageExWnd.obj
 0001:00010ed0       ?RoiChanged@CImageExWnd@@MEAAXXZ 0000000067d91ed0 f   ImageExWnd.obj
 0001:00010ef0       ?IsMarkerEnabled@CImageExWnd@@QEBA_NXZ 0000000067d91ef0 f   ImageExWnd.obj
 0001:00010f00       ?GetMarkerLine@CImageExWnd@@QEBAIXZ 0000000067d91f00 f   ImageExWnd.obj
 0001:00010f10       ?ValidateMarkerLineIndex@CImageExWnd@@IEAAHH@Z 0000000067d91f10 f   ImageExWnd.obj
 0001:00010f20       ?PreCreateWindow@CImageExWnd@@MEAAHAEAUtagCREATESTRUCTA@@@Z 0000000067d91f20 f   ImageExWnd.obj
 0001:00010f30       ?OnDestroy@CImageExWnd@@IEAAXXZ 0000000067d91f30 f   ImageExWnd.obj
 0001:00010f80       ?OnEraseBkgnd@CImageExWnd@@IEAAHPEAVCDC@@@Z 0000000067d91f80 f   ImageExWnd.obj
 0001:00010f90       ?OnSetFocus@CImageExWnd@@IEAAXPEAVCWnd@@@Z 0000000067d91f90 f   ImageExWnd.obj
 0001:00010fa0       ??0CPoint@@QEAA@XZ         0000000067d91fa0 f i ImageExWnd.obj
 0001:00010fb0       ?SetPoint@CPoint@@QEAAXHH@Z 0000000067d91fb0 f i ImageExWnd.obj
 0001:00010fc0       ??0CRect@@QEAA@HHHH@Z      0000000067d91fc0 f i ImageExWnd.obj
 0001:00010fe0       ??BCRect@@QEAAPEAUtagRECT@@XZ 0000000067d91fe0 f i ImageExWnd.obj
 0001:00010ff0       ?OffsetRect@CRect@@QEAAXHH@Z 0000000067d91ff0 f i ImageExWnd.obj
 0001:00011000       ??0CPen@@QEAA@XZ           0000000067d92000 f i ImageExWnd.obj
 0001:00011020       ??1CPen@@UEAA@XZ           0000000067d92020 f i ImageExWnd.obj
 0001:00011030       ?CreatePen@CPen@@QEAAHHHK@Z 0000000067d92030 f i ImageExWnd.obj
 0001:00011060       ?CreateSolidBrush@CBrush@@QEAAHK@Z 0000000067d92060 f i ImageExWnd.obj
 0001:00011090       ??0CBitmap@@QEAA@XZ        0000000067d92090 f i ImageExWnd.obj
 0001:000110b0       ??1CBitmap@@UEAA@XZ        0000000067d920b0 f i ImageExWnd.obj
 0001:000110c0       ?CreateCompatibleBitmap@CBitmap@@QEAAHPEAVCDC@@HH@Z 0000000067d920c0 f i ImageExWnd.obj
 0001:000110f0       ??0CRgn@@QEAA@XZ           0000000067d920f0 f i ImageExWnd.obj
 0001:00011110       ??1CRgn@@UEAA@XZ           0000000067d92110 f i ImageExWnd.obj
 0001:00011120       ?CreateRectRgnIndirect@CRgn@@QEAAHPEBUtagRECT@@@Z 0000000067d92120 f i ImageExWnd.obj
 0001:00011150       ?SetRectRgn@CRgn@@QEAAXPEBUtagRECT@@@Z 0000000067d92150 f i ImageExWnd.obj
 0001:00011180       ?CombineRgn@CRgn@@QEAAHPEBV1@0H@Z 0000000067d92180 f i ImageExWnd.obj
 0001:000111b0       ?GetRgnBox@CRgn@@QEBAHPEAUtagRECT@@@Z 0000000067d921b0 f i ImageExWnd.obj
 0001:000111c0       ?GetSafeHdc@CDC@@QEBAPEAUHDC__@@XZ 0000000067d921c0 f i ImageExWnd.obj
 0001:000111d0       ?CreateCompatibleDC@CDC@@QEAAHPEAV1@@Z 0000000067d921d0 f i ImageExWnd.obj
 0001:00011200       ?SelectObject@CDC@@QEAAPEAVCBitmap@@PEAV2@@Z 0000000067d92200 f i ImageExWnd.obj
 0001:00011220       ?FillRgn@CDC@@QEAAHPEAVCRgn@@PEAVCBrush@@@Z 0000000067d92220 f i ImageExWnd.obj
 0001:00011250       ?FillRect@CDC@@QEAAXPEBUtagRECT@@PEAVCBrush@@@Z 0000000067d92250 f i ImageExWnd.obj
 0001:00011270       ?Rectangle@CDC@@QEAAHPEBUtagRECT@@@Z 0000000067d92270 f i ImageExWnd.obj
 0001:000112a0       ?BitBlt@CDC@@QEAAHHHHHPEAV1@HHK@Z 0000000067d922a0 f i ImageExWnd.obj
 0001:00011300       ?GetSafeHwnd@CWnd@@QEBAPEAUHWND__@@XZ 0000000067d92300 f i ImageExWnd.obj
 0001:00011310       ?Invalidate@CWnd@@QEAAXH@Z 0000000067d92310 f i ImageExWnd.obj
 0001:00011320       ?OnCreate@CWnd@@IEAAHPEAUtagCREATESTRUCTA@@@Z 0000000067d92320 f i ImageExWnd.obj
 0001:00011330       ?OnSize@CWnd@@IEAAXIHH@Z   0000000067d92330 f i ImageExWnd.obj
 0001:00011340       ?OnLButtonDown@CWnd@@IEAAXIVCPoint@@@Z 0000000067d92340 f i ImageExWnd.obj
 0001:00011350       ?OnMouseMove@CWnd@@IEAAXIVCPoint@@@Z 0000000067d92350 f i ImageExWnd.obj
 0001:00011360       ?SetScrollInfo@CScrollBar@@QEAAHPEAUtagSCROLLINFO@@H@Z 0000000067d92360 f i ImageExWnd.obj
 0001:00011370       ?GetScrollInfo@CScrollBar@@QEAAHPEAUtagSCROLLINFO@@I@Z 0000000067d92370 f i ImageExWnd.obj
 0001:00011380       ??0CImageViewportWndEventHandler@@QEAA@XZ 0000000067d92380 f i ImageExWnd.obj
 0001:00011390       ?PixelChanged@CImageViewportWndEventHandler@@UEAAXHH@Z 0000000067d92390 f i ImageExWnd.obj
 0001:000113a0       ?ScaleChanged@CImageViewportWndEventHandler@@UEAAXXZ 0000000067d923a0 f i ImageExWnd.obj
 0001:000113b0       ?RoiChanged@CImageViewportWndEventHandler@@UEAAXXZ 0000000067d923b0 f i ImageExWnd.obj
 0001:000113c0       ?ViewChanged@CImageViewportWndEventHandler@@UEAAXXZ 0000000067d923c0 f i ImageExWnd.obj
 0001:000113d0       ??1CImageExWnd@@UEAA@XZ    0000000067d923d0 f   ImageExWnd.obj
 0001:00011540       ?SetMarkerLine@CImageExWnd@@QEAAXI@Z 0000000067d92540 f   ImageExWnd.obj
 0001:000115a0       ?CreateChildControls@CImageExWnd@@IEAAHXZ 0000000067d925a0 f   ImageExWnd.obj
 0001:000116a0       ?OnCreate@CImageExWnd@@IEAAHPEAUtagCREATESTRUCTA@@@Z 0000000067d926a0 f   ImageExWnd.obj
 0001:000116e0       ?PreSubclassWindow@CImageExWnd@@MEAAXXZ 0000000067d926e0 f   ImageExWnd.obj
 0001:00011720       ?PreTranslateMessage@CImageExWnd@@MEAAHPEAUtagMSG@@@Z 0000000067d92720 f   ImageExWnd.obj
 0001:000117a0       ?PaintMarker@CImageExWnd@@IEAAXAEAVCDC@@H@Z 0000000067d927a0 f   ImageExWnd.obj
 0001:000118f0       ?OnMouseMove@CImageExWnd@@IEAAXIVCPoint@@@Z 0000000067d928f0 f   ImageExWnd.obj
 0001:00011a40       ?OnMouseLeave@CImageExWnd@@IEAA_J_K_J@Z 0000000067d92a40 f   ImageExWnd.obj
 0001:00011a90       ?OnLButtonDown@CImageExWnd@@IEAAXIVCPoint@@@Z 0000000067d92a90 f   ImageExWnd.obj
 0001:00011ae0       ?UpdateScrollBars@CImageExWnd@@IEAAXXZ 0000000067d92ae0 f   ImageExWnd.obj
 0001:00011d10       ?OnHScroll@CImageExWnd@@IEAAXIIPEAVCScrollBar@@@Z 0000000067d92d10 f   ImageExWnd.obj
 0001:00011e90       ?OnVScroll@CImageExWnd@@IEAAXIIPEAVCScrollBar@@@Z 0000000067d92e90 f   ImageExWnd.obj
 0001:00012010       ??_ECPen@@UEAAPEAXI@Z      0000000067d93010 f i ImageExWnd.obj
 0001:00012010       ??_GCPen@@UEAAPEAXI@Z      0000000067d93010 f i ImageExWnd.obj
 0001:00012050       ??_ECBitmap@@UEAAPEAXI@Z   0000000067d93050 f i ImageExWnd.obj
 0001:00012050       ??_GCBitmap@@UEAAPEAXI@Z   0000000067d93050 f i ImageExWnd.obj
 0001:00012090       ??_ECRgn@@UEAAPEAXI@Z      0000000067d93090 f i ImageExWnd.obj
 0001:00012090       ??_GCRgn@@UEAAPEAXI@Z      0000000067d93090 f i ImageExWnd.obj
 0001:000120d0       ??_GCImageExWnd@@UEAAPEAXI@Z 0000000067d930d0 f i ImageExWnd.obj
 0001:00012100       ??_ECImageExWnd@@UEAAPEAXI@Z 0000000067d93100 f i ImageExWnd.obj
 0001:00012180       ?ScaleChanged@CImageExWnd@@MEAAXXZ 0000000067d93180 f   ImageExWnd.obj
 0001:000121e0       ?ViewChanged@CImageExWnd@@MEAAXXZ 0000000067d931e0 f   ImageExWnd.obj
 0001:00012240       ?OnPaint@CImageExWnd@@IEAAXXZ 0000000067d93240 f   ImageExWnd.obj
 0001:000124e0       ?UpdateLayout@CImageExWnd@@IEAAXXZ 0000000067d934e0 f   ImageExWnd.obj
 0001:00012820       ?OnSize@CImageExWnd@@IEAAXIHH@Z 0000000067d93820 f   ImageExWnd.obj
 0001:00012840       ?Refresh@CImageExWnd@@QEAAXXZ 0000000067d93840 f   ImageExWnd.obj
 0001:00012870       ?Reset@CImageExWnd@@QEAAXXZ 0000000067d93870 f   ImageExWnd.obj
 0001:000128a0       ?EnableMarker@CImageExWnd@@QEAAX_N@Z 0000000067d938a0 f   ImageExWnd.obj
 0001:00012930       ?GetThisMessageMap@CImageExWnd@@KAPEBUAFX_MSGMAP@@XZ 0000000067d93930 f   ImageExWnd.obj
 0001:00012940       ??0CImageExWnd@@QEAA@XZ    0000000067d93940 f   ImageExWnd.obj
 0001:00012b80       ?GetMessageMap@CImageExWnd@@MEBAPEBUAFX_MSGMAP@@XZ 0000000067d93b80 f   ImageExWnd.obj
 0001:00012bc0       ?_GetBaseClass@CImageFilterEditorDlg@@KAPEAUCRuntimeClass@@XZ 0000000067d93bc0 f   ImageFilterEditorDlg.obj
 0001:00012bd0       ?GetThisClass@CImageFilterEditorDlg@@SAPEAUCRuntimeClass@@XZ 0000000067d93bd0 f   ImageFilterEditorDlg.obj
 0001:00012be0       ?GetRuntimeClass@CImageFilterEditorDlg@@UEBAPEAUCRuntimeClass@@XZ 0000000067d93be0 f   ImageFilterEditorDlg.obj
 0001:00012bf0       ?DestroyCoeffEditControls@CImageFilterEditorDlg@@IEAAXXZ 0000000067d93bf0 f   ImageFilterEditorDlg.obj
 0001:00012ca0       ?ReadCoefficientsFromBuffer@CImageFilterEditorDlg@@IEAA_NAEAVSapBuffer@@@Z 0000000067d93ca0 f   ImageFilterEditorDlg.obj
 0001:00012ef0       ?OnBnClickedBtnImport@CImageFilterEditorDlg@@IEAAXXZ 0000000067d93ef0 f   ImageFilterEditorDlg.obj
 0001:00013100       ?PreTranslateMessage@CImageFilterEditorDlg@@MEAAHPEAUtagMSG@@@Z 0000000067d94100 f   ImageFilterEditorDlg.obj
 0001:00013130       ?_Getstate@?$basic_stringbuf@DU?$char_traits@D@std@@V?$allocator@D@2@@std@@AEAAHH@Z 0000000067d94130 f i ImageFilterEditorDlg.obj
 0001:00013160       ?FromHandle@CFont@@SAPEAV1@PEAUHFONT__@@@Z 0000000067d94160 f i ImageFilterEditorDlg.obj
 0001:00013170       ?SetFont@CWnd@@QEAAXPEAVCFont@@H@Z 0000000067d94170 f i ImageFilterEditorDlg.obj
 0001:000131a0       ?GetFont@CWnd@@QEBAPEAVCFont@@XZ 0000000067d941a0 f i ImageFilterEditorDlg.obj
 0001:000131d0       ?InsertString@CComboBox@@QEAAHHPEBD@Z 0000000067d941d0 f i ImageFilterEditorDlg.obj
 0001:000131f0       ??0bad_alloc@std@@QEAA@PEBD@Z 0000000067d941f0 f i ImageFilterEditorDlg.obj
 0001:00013220       ??1bad_alloc@std@@UEAA@XZ  0000000067d94220 f i ImageFilterEditorDlg.obj
 0001:00013240       ??_Gbad_alloc@std@@UEAAPEAXI@Z 0000000067d94240 f i ImageFilterEditorDlg.obj
 0001:00013240       ??_Ebad_alloc@std@@UEAAPEAXI@Z 0000000067d94240 f i ImageFilterEditorDlg.obj
 0001:00013280       ?length@?$char_traits@D@std@@SA_KPEBD@Z 0000000067d94280 f i ImageFilterEditorDlg.obj
 0001:000132a0       ?copy@?$char_traits@D@std@@SAPEADPEADPEBD_K@Z 0000000067d942a0 f i ImageFilterEditorDlg.obj
 0001:000132c0       ?move@?$char_traits@D@std@@SAPEADPEADPEBD_K@Z 0000000067d942c0 f i ImageFilterEditorDlg.obj
 0001:000132d0       ?assign@?$char_traits@D@std@@SAXAEADAEBD@Z 0000000067d942d0 f i ImageFilterEditorDlg.obj
 0001:000132e0       ?size@?$basic_string@DU?$char_traits@D@std@@V?$allocator@D@2@@std@@QEBA_KXZ 0000000067d942e0 f i ImageFilterEditorDlg.obj
 0001:000132f0       ?_Myptr@?$basic_string@DU?$char_traits@D@std@@V?$allocator@D@2@@std@@QEBAPEBDXZ 0000000067d942f0 f i ImageFilterEditorDlg.obj
 0001:00013300       ??1?$_String_val@DV?$allocator@D@std@@@std@@QEAA@XZ 0000000067d94300 f i ImageFilterEditorDlg.obj
 0001:00013310       ??0?$allocator@D@std@@QEAA@XZ 0000000067d94310 f i ImageFilterEditorDlg.obj
 0001:00013320       ??0?$allocator@D@std@@QEAA@AEBV01@@Z 0000000067d94320 f i ImageFilterEditorDlg.obj
 0001:00013330       ?_Myptr@?$basic_string@DU?$char_traits@D@std@@V?$allocator@D@2@@std@@QEAAPEADXZ 0000000067d94330 f i ImageFilterEditorDlg.obj
 0001:00013340       ?_Xran@?$basic_string@DU?$char_traits@D@std@@V?$allocator@D@2@@std@@QEBAXXZ 0000000067d94340 f i ImageFilterEditorDlg.obj
 0001:00013360       ?deallocate@?$allocator@D@std@@QEAAXPEAD_K@Z 0000000067d94360 f i ImageFilterEditorDlg.obj
 0001:00013370       ?_Inside@?$basic_string@DU?$char_traits@D@std@@V?$allocator@D@2@@std@@QEAA_NPEBD@Z 0000000067d94370 f i ImageFilterEditorDlg.obj
 0001:000133b0       ?_Xlen@?$basic_string@DU?$char_traits@D@std@@V?$allocator@D@2@@std@@QEBAXXZ 0000000067d943b0 f i ImageFilterEditorDlg.obj
 0001:000133d0       ?max_size@?$allocator@D@std@@QEBA_KXZ 0000000067d943d0 f i ImageFilterEditorDlg.obj
 0001:000133e0       ??$_Allocate@D@std@@YAPEAD_KPEAD@Z 0000000067d943e0 f i ImageFilterEditorDlg.obj
 0001:00013440       ??0bad_alloc@std@@QEAA@AEBV01@@Z 0000000067d94440 f i ImageFilterEditorDlg.obj
 0001:00013470       ??0CImageFilterEditorDlg@@QEAA@PEAVSapAcquisition@@PEAVCWnd@@@Z 0000000067d94470 f   ImageFilterEditorDlg.obj
 0001:000135b0       ??1CImageFilterEditorDlg@@UEAA@XZ 0000000067d945b0 f   ImageFilterEditorDlg.obj
 0001:00013640       ?CreateCoeffEditControls@CImageFilterEditorDlg@@IEAA_NH@Z 0000000067d94640 f   ImageFilterEditorDlg.obj
 0001:000137b0       ??_ECEdit@@UEAAPEAXI@Z     0000000067d947b0 f i ImageFilterEditorDlg.obj
 0001:00013830       ?InitControls@CImageFilterEditorDlg@@IEAAXXZ 0000000067d94830 f   ImageFilterEditorDlg.obj
 0001:00013a40       ?UpdateKernelSizeCombo@CImageFilterEditorDlg@@IEAAXXZ 0000000067d94a40 f   ImageFilterEditorDlg.obj
 0001:00013b30       ?ArrangeCoeffEditControls@CImageFilterEditorDlg@@IEAAXXZ 0000000067d94b30 f   ImageFilterEditorDlg.obj
 0001:00013e00       ?ReadCoefficients@CImageFilterEditorDlg@@IEAA_NXZ 0000000067d94e00 f   ImageFilterEditorDlg.obj
 0001:00014020       ?DoDataExchange@CImageFilterEditorDlg@@MEAAXPEAVCDataExchange@@@Z 0000000067d95020 f   ImageFilterEditorDlg.obj
 0001:000140c0       ?OnCheckImageFilterEnable@CImageFilterEditorDlg@@IEAAXXZ 0000000067d950c0 f   ImageFilterEditorDlg.obj
 0001:00014120       ?_Tidy@?$basic_stringbuf@DU?$char_traits@D@std@@V?$allocator@D@2@@std@@IEAAXXZ 0000000067d95120 f i ImageFilterEditorDlg.obj
 0001:00014180       ??_GCImageFilterEditorDlg@@UEAAPEAXI@Z 0000000067d95180 f i ImageFilterEditorDlg.obj
 0001:000141b0       ??_ECImageFilterEditorDlg@@UEAAPEAXI@Z 0000000067d951b0 f i ImageFilterEditorDlg.obj
 0001:00014230       ?c_str@?$basic_string@DU?$char_traits@D@std@@V?$allocator@D@2@@std@@QEBAPEBDXZ 0000000067d95230 f i ImageFilterEditorDlg.obj
 0001:00014240       ??0?$_String_val@DV?$allocator@D@std@@@std@@QEAA@V?$allocator@D@1@@Z 0000000067d95240 f i ImageFilterEditorDlg.obj
 0001:00014250       ?_Eos@?$basic_string@DU?$char_traits@D@std@@V?$allocator@D@2@@std@@QEAAX_K@Z 0000000067d95250 f i ImageFilterEditorDlg.obj
 0001:00014270       ?erase@?$basic_string@DU?$char_traits@D@std@@V?$allocator@D@2@@std@@QEAAAEAV12@_K0@Z 0000000067d95270 f i ImageFilterEditorDlg.obj
 0001:00014310       ?max_size@?$basic_string@DU?$char_traits@D@std@@V?$allocator@D@2@@std@@QEBA_KXZ 0000000067d95310 f i ImageFilterEditorDlg.obj
 0001:00014320       ?allocate@?$allocator@D@std@@QEAAPEAD_K@Z 0000000067d95320 f i ImageFilterEditorDlg.obj
 0001:00014380       ?UpdateState@CImageFilterEditorDlg@@IEAA_NXZ 0000000067d95380 f   ImageFilterEditorDlg.obj
 0001:00014400       ?OnChangeImageFilterIndex@CImageFilterEditorDlg@@IEAAXXZ 0000000067d95400 f   ImageFilterEditorDlg.obj
 0001:00014420       ?OnChangeImageFilterSize@CImageFilterEditorDlg@@IEAAXXZ 0000000067d95420 f   ImageFilterEditorDlg.obj
 0001:00014430       ??1?$basic_stringbuf@DU?$char_traits@D@std@@V?$allocator@D@2@@std@@UEAA@XZ 0000000067d95430 f i ImageFilterEditorDlg.obj
 0001:000144b0       ??B?$fpos@H@std@@QEBA_JXZ  0000000067d954b0 f i ImageFilterEditorDlg.obj
 0001:000144c0       ?eq@?$char_traits@D@std@@SA_NAEBD0@Z 0000000067d954c0 f i ImageFilterEditorDlg.obj
 0001:000144d0       ?to_char_type@?$char_traits@D@std@@SADAEBH@Z 0000000067d954d0 f i ImageFilterEditorDlg.obj
 0001:000144e0       ?to_int_type@?$char_traits@D@std@@SAHAEBD@Z 0000000067d954e0 f i ImageFilterEditorDlg.obj
 0001:000144f0       ?eq_int_type@?$char_traits@D@std@@SA_NAEBH0@Z 0000000067d954f0 f i ImageFilterEditorDlg.obj
 0001:00014500       ?eof@?$char_traits@D@std@@SAHXZ 0000000067d95500 f i ImageFilterEditorDlg.obj
 0001:00014510       ??0?$fpos@H@std@@QEAA@_J@Z 0000000067d95510 f i ImageFilterEditorDlg.obj
 0001:00014520       ?underflow@?$basic_stringbuf@DU?$char_traits@D@std@@V?$allocator@D@2@@std@@MEAAHXZ 0000000067d95520 f i ImageFilterEditorDlg.obj
 0001:00014630       ?seekoff@?$basic_stringbuf@DU?$char_traits@D@std@@V?$allocator@D@2@@std@@MEAA?AV?$fpos@H@2@_JHH@Z 0000000067d95630 f i ImageFilterEditorDlg.obj
 0001:00014840       ?seekpos@?$basic_stringbuf@DU?$char_traits@D@std@@V?$allocator@D@2@@std@@MEAA?AV?$fpos@H@2@V32@H@Z 0000000067d95840 f i ImageFilterEditorDlg.obj
 0001:000149c0       ?not_eof@?$char_traits@D@std@@SAHAEBH@Z 0000000067d959c0 f i ImageFilterEditorDlg.obj
 0001:000149d0       ?overflow@?$basic_stringbuf@DU?$char_traits@D@std@@V?$allocator@D@2@@std@@MEAAHH@Z 0000000067d959d0 f i ImageFilterEditorDlg.obj
 0001:00014c40       ?pbackfail@?$basic_stringbuf@DU?$char_traits@D@std@@V?$allocator@D@2@@std@@MEAAHH@Z 0000000067d95c40 f i ImageFilterEditorDlg.obj
 0001:00014ce0       ??_E?$basic_stringbuf@DU?$char_traits@D@std@@V?$allocator@D@2@@std@@UEAAPEAXI@Z 0000000067d95ce0 f i ImageFilterEditorDlg.obj
 0001:00014ce0       ??_G?$basic_stringbuf@DU?$char_traits@D@std@@V?$allocator@D@2@@std@@UEAAPEAXI@Z 0000000067d95ce0 f i ImageFilterEditorDlg.obj
 0001:00014d10       ?_Init@?$basic_stringbuf@DU?$char_traits@D@std@@V?$allocator@D@2@@std@@IEAAXPEBD_KH@Z 0000000067d95d10 f i ImageFilterEditorDlg.obj
 0001:00014e00       ?_Tidy@?$basic_string@DU?$char_traits@D@std@@V?$allocator@D@2@@std@@QEAAX_N_K@Z 0000000067d95e00 f i ImageFilterEditorDlg.obj
 0001:00014e60       ?_Copy@?$basic_string@DU?$char_traits@D@std@@V?$allocator@D@2@@std@@QEAAX_K0@Z 0000000067d95e60 f i ImageFilterEditorDlg.obj
 0001:00014fa0       ?OnInitDialog@CImageFilterEditorDlg@@MEAAHXZ 0000000067d95fa0 f   ImageFilterEditorDlg.obj
 0001:00015130       ??1?$basic_istringstream@DU?$char_traits@D@std@@V?$allocator@D@2@@std@@UEAA@XZ 0000000067d96130 f i ImageFilterEditorDlg.obj
 0001:00015180       ??0?$basic_stringbuf@DU?$char_traits@D@std@@V?$allocator@D@2@@std@@QEAA@AEBV?$basic_string@DU?$char_traits@D@std@@V?$allocator@D@2@@1@H@Z 0000000067d96180 f i ImageFilterEditorDlg.obj
 0001:00015220       ??1?$basic_string@DU?$char_traits@D@std@@V?$allocator@D@2@@std@@QEAA@XZ 0000000067d96220 f i ImageFilterEditorDlg.obj
 0001:00015260       ?_Grow@?$basic_string@DU?$char_traits@D@std@@V?$allocator@D@2@@std@@QEAA_N_K_N@Z 0000000067d96260 f i ImageFilterEditorDlg.obj
 0001:00015330       ??_D?$basic_istringstream@DU?$char_traits@D@std@@V?$allocator@D@2@@std@@QEAAXXZ 0000000067d96330 f i ImageFilterEditorDlg.obj
 0001:000153a0       ??0?$basic_istringstream@DU?$char_traits@D@std@@V?$allocator@D@2@@std@@QEAA@AEBV?$basic_string@DU?$char_traits@D@std@@V?$allocator@D@2@@1@H@Z 0000000067d963a0 f i ImageFilterEditorDlg.obj
 0001:00015440       ??_E?$basic_istringstream@DU?$char_traits@D@std@@V?$allocator@D@2@@std@@UEAAPEAXI@Z 0000000067d96440 f i ImageFilterEditorDlg.obj
 0001:00015440       ??_G?$basic_istringstream@DU?$char_traits@D@std@@V?$allocator@D@2@@std@@UEAAPEAXI@Z 0000000067d96440 f i ImageFilterEditorDlg.obj
 0001:000154d0       ?assign@?$basic_string@DU?$char_traits@D@std@@V?$allocator@D@2@@std@@QEAAAEAV12@AEBV12@_K1@Z 0000000067d964d0 f i ImageFilterEditorDlg.obj
 0001:000155e0       ?assign@?$basic_string@DU?$char_traits@D@std@@V?$allocator@D@2@@std@@QEAAAEAV12@PEBD_K@Z 0000000067d965e0 f i ImageFilterEditorDlg.obj
 0001:00015710       ?assign@?$basic_string@DU?$char_traits@D@std@@V?$allocator@D@2@@std@@QEAAAEAV12@PEBD@Z 0000000067d96710 f i ImageFilterEditorDlg.obj
 0001:00015740       ??0?$basic_string@DU?$char_traits@D@std@@V?$allocator@D@2@@std@@QEAA@PEBD@Z 0000000067d96740 f i ImageFilterEditorDlg.obj
 0001:00015790       ?ConvertToDecimal@CImageFilterEditorDlg@@KA_NV?$CStringT@DV?$StrTraitMFC_DLL@DV?$ChTraitsCRT@D@ATL@@@@@ATL@@AEAN@Z 0000000067d96790 f   ImageFilterEditorDlg.obj
 0001:00015990       ?WriteCoefficientsToBuffer@CImageFilterEditorDlg@@IEAA_NAEAVSapBuffer@@@Z 0000000067d96990 f   ImageFilterEditorDlg.obj
 0001:00015ce0       ?OnBnClickedBtnExport@CImageFilterEditorDlg@@IEAAXXZ 0000000067d96ce0 f   ImageFilterEditorDlg.obj
 0001:00015f70       ?WriteCoefficients@CImageFilterEditorDlg@@IEAA_NXZ 0000000067d96f70 f   ImageFilterEditorDlg.obj
 0001:00016170       ?GetThisMessageMap@CImageFilterEditorDlg@@KAPEBUAFX_MSGMAP@@XZ 0000000067d97170 f   ImageFilterEditorDlg.obj
 0001:00016180       ?OnOK@CImageFilterEditorDlg@@MEAAXXZ 0000000067d97180 f   ImageFilterEditorDlg.obj
 0001:000161e0       ?GetMessageMap@CImageFilterEditorDlg@@MEBAPEBUAFX_MSGMAP@@XZ 0000000067d971e0 f   ImageFilterEditorDlg.obj
 0001:000161f0       ?_GetBaseClass@CImageViewportWnd@@KAPEAUCRuntimeClass@@XZ 0000000067d971f0 f   ImageViewportWnd.obj
 0001:00016200       ?GetThisClass@CImageViewportWnd@@SAPEAUCRuntimeClass@@XZ 0000000067d97200 f   ImageViewportWnd.obj
 0001:00016210       ?GetRuntimeClass@CImageViewportWnd@@UEBAPEAUCRuntimeClass@@XZ 0000000067d97210 f   ImageViewportWnd.obj
 0001:00016220       ??_H@YAXPEAX_KHP6APEAX0@Z@Z 0000000067d97220 f i ImageViewportWnd.obj
 0001:00016270       ?AttachEventHandler@CImageViewportWnd@@QEAAXPEAVCImageViewportWndEventHandler@@@Z 0000000067d97270 f   ImageViewportWnd.obj
 0001:00016280       ?IsImageCentered@CImageViewportWnd@@QEBA_NXZ 0000000067d97280 f   ImageViewportWnd.obj
 0001:00016290       ?OnEraseBkgnd@CImageViewportWnd@@IEAAHPEAVCDC@@@Z 0000000067d97290 f   ImageViewportWnd.obj
 0001:000162a0       ?NotifyPixelChanged@CImageViewportWnd@@AEAAXHH@Z 0000000067d972a0 f   ImageViewportWnd.obj
 0001:000162c0       ?NotifyScaleChanged@CImageViewportWnd@@AEAAXXZ 0000000067d972c0 f   ImageViewportWnd.obj
 0001:000162e0       ?NotifyRoiChanged@CImageViewportWnd@@AEAAXXZ 0000000067d972e0 f   ImageViewportWnd.obj
 0001:00016300       ?NotifyViewChanged@CImageViewportWnd@@AEAAXXZ 0000000067d97300 f   ImageViewportWnd.obj
 0001:00016320       ?SupportROI@CImageViewportWnd@@QEAAX_N@Z 0000000067d97320 f   ImageViewportWnd.obj
 0001:00016330       ?IsRoiSupported@CImageViewportWnd@@QEBA_NXZ 0000000067d97330 f   ImageViewportWnd.obj
 0001:00016340       ?IsRoiActive@CImageViewportWnd@@QEBA_NXZ 0000000067d97340 f   ImageViewportWnd.obj
 0001:00016360       ?GetROI@CImageViewportWnd@@QEBAXAEAVCRect@@@Z 0000000067d97360 f   ImageViewportWnd.obj
 0001:00016390       ?SetPixelStringFormatDecimal@CImageViewportWnd@@QEAAX_N@Z 0000000067d97390 f   ImageViewportWnd.obj
 0001:000163a0       ?IsPixelStringFormatDecimal@CImageViewportWnd@@QEBA_NXZ 0000000067d973a0 f   ImageViewportWnd.obj
 0001:000163b0       ??0CSize@@QEAA@HH@Z        0000000067d973b0 f i ImageViewportWnd.obj
 0001:000163c0       ??0CPoint@@QEAA@HH@Z       0000000067d973c0 f i ImageViewportWnd.obj
 0001:000163d0       ??0CPoint@@QEAA@UtagSIZE@@@Z 0000000067d973d0 f i ImageViewportWnd.obj
 0001:000163e0       ?Offset@CPoint@@QEAAXHH@Z  0000000067d973e0 f i ImageViewportWnd.obj
 0001:000163f0       ??HCPoint@@QEBA?AV0@UtagPOINT@@@Z 0000000067d973f0 f i ImageViewportWnd.obj
 0001:00016410       ??GCPoint@@QEBA?AVCSize@@UtagPOINT@@@Z 0000000067d97410 f i ImageViewportWnd.obj
 0001:00016430       ?TopLeft@CRect@@QEAAAEAVCPoint@@XZ 0000000067d97430 f i ImageViewportWnd.obj
 0001:00016440       ?BottomRight@CRect@@QEAAAEAVCPoint@@XZ 0000000067d97440 f i ImageViewportWnd.obj
 0001:00016450       ?TopLeft@CRect@@QEBAAEBVCPoint@@XZ 0000000067d97450 f i ImageViewportWnd.obj
 0001:00016460       ?BottomRight@CRect@@QEBAAEBVCPoint@@XZ 0000000067d97460 f i ImageViewportWnd.obj
 0001:00016470       ?PtInRect@CRect@@QEBAHUtagPOINT@@@Z 0000000067d97470 f i ImageViewportWnd.obj
 0001:00016480       ?SetRect@CRect@@QEAAXHHHH@Z 0000000067d97480 f i ImageViewportWnd.obj
 0001:000164a0       ?SetRect@CRect@@QEAAXUtagPOINT@@0@Z 0000000067d974a0 f i ImageViewportWnd.obj
 0001:000164d0       ?OffsetRect@CRect@@QEAAXUtagPOINT@@@Z 0000000067d974d0 f i ImageViewportWnd.obj
 0001:000164f0       ?MoveToY@CRect@@QEAAXH@Z   0000000067d974f0 f i ImageViewportWnd.obj
 0001:00016500       ?MoveToX@CRect@@QEAAXH@Z   0000000067d97500 f i ImageViewportWnd.obj
 0001:00016510       ?MoveToXY@CRect@@QEAAXHH@Z 0000000067d97510 f i ImageViewportWnd.obj
 0001:00016530       ??YCRect@@QEAAXUtagPOINT@@@Z 0000000067d97530 f i ImageViewportWnd.obj
 0001:00016550       ?NormalizeRect@CRect@@QEAAXXZ 0000000067d97550 f i ImageViewportWnd.obj
 0001:00016570       ?CreateStockObject@CGdiObject@@QEAAHH@Z 0000000067d97570 f i ImageViewportWnd.obj
 0001:000165a0       ?ScreenToClient@CWnd@@QEBAXPEAUtagPOINT@@@Z 0000000067d975a0 f i ImageViewportWnd.obj
 0001:000165b0       ?OnSetCursor@CWnd@@IEAAHPEAV1@II@Z 0000000067d975b0 f i ImageViewportWnd.obj
 0001:000165c0       ?OnSysKeyDown@CWnd@@IEAAXIII@Z 0000000067d975c0 f i ImageViewportWnd.obj
 0001:000165d0       ?OnKeyDown@CWnd@@IEAAXIII@Z 0000000067d975d0 f i ImageViewportWnd.obj
 0001:000165e0       ?OnKeyUp@CWnd@@IEAAXIII@Z  0000000067d975e0 f i ImageViewportWnd.obj
 0001:000165f0       ?OnLButtonDblClk@CWnd@@IEAAXIVCPoint@@@Z 0000000067d975f0 f i ImageViewportWnd.obj
 0001:00016600       ?OnLButtonUp@CWnd@@IEAAXIVCPoint@@@Z 0000000067d97600 f i ImageViewportWnd.obj
 0001:00016610       ?OnMouseWheel@CWnd@@IEAAHIFVCPoint@@@Z 0000000067d97610 f i ImageViewportWnd.obj
 0001:00016620       ?LoadStandardCursor@CWinApp@@QEBAPEAUHICON__@@PEBD@Z 0000000067d97620 f i ImageViewportWnd.obj
 0001:00016630       ??0SImageViewportROI@@QEAA@XZ 0000000067d97630 f i ImageViewportWnd.obj
 0001:000166d0       ??1SImageViewportROI@@QEAA@XZ 0000000067d976d0 f i ImageViewportWnd.obj
 0001:00016750       ??1CImageViewportWnd@@UEAA@XZ 0000000067d97750 f   ImageViewportWnd.obj
 0001:000167f0       ?PreSubclassWindow@CImageViewportWnd@@MEAAXXZ 0000000067d977f0 f   ImageViewportWnd.obj
 0001:000168b0       ?OnKeyUp@CImageViewportWnd@@IEAAXIII@Z 0000000067d978b0 f   ImageViewportWnd.obj
 0001:000168d0       ?OnMouseLeave@CImageViewportWnd@@IEAA_J_K_J@Z 0000000067d978d0 f   ImageViewportWnd.obj
 0001:00016910       ?TranslatePointToNativeView@CImageViewportWnd@@AEBA?AVCPoint@@V2@@Z 0000000067d97910 f   ImageViewportWnd.obj
 0001:00016a80       ?TranslatePointToDestinationView@CImageViewportWnd@@AEBA?AVCPoint@@V2@@Z 0000000067d97a80 f   ImageViewportWnd.obj
 0001:00016b80       ?GetDstRectFromCurrentScalingOptions@CImageViewportWnd@@AEBA?AVCRect@@XZ 0000000067d97b80 f   ImageViewportWnd.obj
 0001:00016c50       ?GetROI@CImageViewportWnd@@QEBAXAEAI000@Z 0000000067d97c50 f   ImageViewportWnd.obj
 0001:00016c90       ?GetROI@CImageViewportWnd@@QEBAXAEAVCPoint@@0@Z 0000000067d97c90 f   ImageViewportWnd.obj
 0001:00016cb0       ?ValidateRoi@CImageViewportWnd@@AEAAXXZ 0000000067d97cb0 f   ImageViewportWnd.obj
 0001:00016de0       ?MoveMouseCursor@CImageViewportWnd@@AEBAXHH@Z 0000000067d97de0 f   ImageViewportWnd.obj
 0001:00016e90       ?GetPixelString@CImageViewportWnd@@QEBA?AV?$CStringT@DV?$StrTraitMFC_DLL@DV?$ChTraitsCRT@D@ATL@@@@@ATL@@VCPoint@@@Z 0000000067d97e90 f   ImageViewportWnd.obj
 0001:00016f60       ??_GCImageViewportWnd@@UEAAPEAXI@Z 0000000067d97f60 f i ImageViewportWnd.obj
 0001:00016f90       ??_ECImageViewportWnd@@UEAAPEAXI@Z 0000000067d97f90 f i ImageViewportWnd.obj
 0001:00017010       ?PaintROI@CImageViewportWnd@@AEAAXXZ 0000000067d98010 f   ImageViewportWnd.obj
 0001:000173f0       ?OnLButtonDown@CImageViewportWnd@@IEAAXIVCPoint@@@Z 0000000067d983f0 f   ImageViewportWnd.obj
 0001:00017540       ?OnLButtonUp@CImageViewportWnd@@IEAAXIVCPoint@@@Z 0000000067d98540 f   ImageViewportWnd.obj
 0001:000175c0       ?OnSysKeyDown@CImageViewportWnd@@IEAAXIII@Z 0000000067d985c0 f   ImageViewportWnd.obj
 0001:00017640       ?OnSetCursor@CImageViewportWnd@@IEAAHPEAVCWnd@@II@Z 0000000067d98640 f   ImageViewportWnd.obj
 0001:000177e0       ?UpdateScales@CImageViewportWnd@@AEAAXMM@Z 0000000067d987e0 f   ImageViewportWnd.obj
 0001:00017c40       ?MoveInView@CImageViewportWnd@@AEAAXVCPoint@@@Z 0000000067d98c40 f   ImageViewportWnd.obj
 0001:00017eb0       ?MoveRoi@CImageViewportWnd@@AEAAXVCPoint@@@Z 0000000067d98eb0 f   ImageViewportWnd.obj
 0001:00017fb0       ?MoveRoiAnchor@CImageViewportWnd@@AEAAXVCPoint@@@Z 0000000067d98fb0 f   ImageViewportWnd.obj
 0001:000180b0       ?ChangeZoom@CImageViewportWnd@@AEAAX_N0VCPoint@@00@Z 0000000067d990b0 f   ImageViewportWnd.obj
 0001:00018170       ?ActivateROI@CImageViewportWnd@@QEAAX_N@Z 0000000067d99170 f   ImageViewportWnd.obj
 0001:000181b0       ?SetROI@CImageViewportWnd@@QEAAXHHII@Z 0000000067d991b0 f   ImageViewportWnd.obj
 0001:00018220       ?SetROI@CImageViewportWnd@@QEAAXVCPoint@@0@Z 0000000067d99220 f   ImageViewportWnd.obj
 0001:00018250       ?SetROI@CImageViewportWnd@@QEAAXVCRect@@@Z 0000000067d99250 f   ImageViewportWnd.obj
 0001:00018260       ?Refresh@CImageViewportWnd@@QEAAXXZ 0000000067d99260 f   ImageViewportWnd.obj
 0001:000182f0       ?Reset@CImageViewportWnd@@QEAAXXZ 0000000067d992f0 f   ImageViewportWnd.obj
 0001:000183b0       ??0CImageViewportWnd@@QEAA@XZ 0000000067d993b0 f   ImageViewportWnd.obj
 0001:00018590       ?ViewCallback@CImageViewportWnd@@CAXPEAVSapViewCallbackInfo@@@Z 0000000067d99590 f   ImageViewportWnd.obj
 0001:000185c0       ?CenterImage@CImageViewportWnd@@QEAAX_N@Z 0000000067d995c0 f   ImageViewportWnd.obj
 0001:000185e0       ?OnPaint@CImageViewportWnd@@IEAAXXZ 0000000067d995e0 f   ImageViewportWnd.obj
 0001:000187a0       ?PreTranslateMessage@CImageViewportWnd@@MEAAHPEAUtagMSG@@@Z 0000000067d997a0 f   ImageViewportWnd.obj
 0001:000187d0       ?OnSize@CImageViewportWnd@@IEAAXIHH@Z 0000000067d997d0 f   ImageViewportWnd.obj
 0001:00018820       ?OnLButtonDblClk@CImageViewportWnd@@IEAAXIVCPoint@@@Z 0000000067d99820 f   ImageViewportWnd.obj
 0001:00018a00       ?OnKeyDown@CImageViewportWnd@@IEAAXIII@Z 0000000067d99a00 f   ImageViewportWnd.obj
 0001:00018b70       ?OnMouseMove@CImageViewportWnd@@IEAAXIVCPoint@@@Z 0000000067d99b70 f   ImageViewportWnd.obj
 0001:00018cc0       ?OnMouseWheel@CImageViewportWnd@@IEAAHIFVCPoint@@@Z 0000000067d99cc0 f   ImageViewportWnd.obj
 0001:00018db0       ?AttachSapView@CImageViewportWnd@@QEAA_NPEAVSapView@@@Z 0000000067d99db0 f   ImageViewportWnd.obj
 0001:00018e00       ?GetThisMessageMap@CImageViewportWnd@@KAPEBUAFX_MSGMAP@@XZ 0000000067d99e00 f   ImageViewportWnd.obj
 0001:00018e10       ?GetMessageMap@CImageViewportWnd@@MEBAPEBUAFX_MSGMAP@@XZ 0000000067d99e10 f   ImageViewportWnd.obj
 0001:00018e20       ?OnMove@CImageWnd@@QEAAXXZ 0000000067d99e20 f   ImageWnd.obj
 0001:00018e60       ?OnPaint@CImageWnd@@QEAAXXZ 0000000067d99e60 f   ImageWnd.obj
 0001:00018ea0       ?GetSelectedRoi@CImageWnd@@QEAA?AVCRect@@XZ 0000000067d99ea0 f   ImageWnd.obj
 0001:00018ed0       ?SetPixelStringFormatDecimal@CImageWnd@@QEAAXH@Z 0000000067d99ed0 f   ImageWnd.obj
 0001:00018ee0       ?GetPixelString@CImageWnd@@SA?AV?$CStringT@DV?$StrTraitMFC_DLL@DV?$ChTraitsCRT@D@ATL@@@@@ATL@@PEAVSapBuffer@@VCPoint@@HH@Z 0000000067d99ee0 f   ImageWnd.obj
 0001:000197d0       ?AdjustRect@CSapRectTracker@@UEAAXHPEAUtagRECT@@@Z 0000000067d9a7d0 f   ImageWnd.obj
 0001:00019850       ?SetLimitRect@CSapRectTracker@@QEAAXPEAVCRect@@@Z 0000000067d9a850 f   ImageWnd.obj
 0001:00019870       ??0CSize@@QEAA@XZ          0000000067d9a870 f i ImageWnd.obj
 0001:00019880       ?GetBkColor@CDC@@QEBAKXZ   0000000067d9a880 f i ImageWnd.obj
 0001:00019890       ?InvalidateRect@CWnd@@QEAAXPEBUtagRECT@@H@Z 0000000067d9a890 f i ImageWnd.obj
 0001:000198a0       ?ShowScrollBar@CScrollBar@@QEAAXH@Z 0000000067d9a8a0 f i ImageWnd.obj
 0001:000198c0       ??0CRectTracker@@QEAA@XZ   0000000067d9a8c0 f i ImageWnd.obj
 0001:00019900       ??_GCRectTracker@@UEAAPEAXI@Z 0000000067d9a900 f i ImageWnd.obj
 0001:00019900       ??_ECRectTracker@@UEAAPEAXI@Z 0000000067d9a900 f i ImageWnd.obj
 0001:00019930       ??1CSapRectTracker@@UEAA@XZ 0000000067d9a930 f i ImageWnd.obj
 0001:00019940       ??0CSapRectTracker@@QEAA@XZ 0000000067d9a940 f i ImageWnd.obj
 0001:000199a0       ??_ECSapRectTracker@@UEAAPEAXI@Z 0000000067d9a9a0 f i ImageWnd.obj
 0001:000199a0       ??_GCSapRectTracker@@UEAAPEAXI@Z 0000000067d9a9a0 f i ImageWnd.obj
 0001:000199d0       ??1CImageWnd@@UEAA@XZ      0000000067d9a9d0 f   ImageWnd.obj
 0001:000199f0       ?GetScrollInfo@CImageWnd@@IEAAHHPEAUtagSCROLLINFO@@@Z 0000000067d9a9f0 f   ImageWnd.obj
 0001:00019a50       ?SetScrollInfo@CImageWnd@@IEAAHHPEAUtagSCROLLINFO@@H@Z 0000000067d9aa50 f   ImageWnd.obj
 0001:00019aa0       ?IsPointInside@CImageWnd@@QEAAHVCPoint@@@Z 0000000067d9aaa0 f   ImageWnd.obj
 0001:00019ac0       ?UpdateClientArea@CImageWnd@@QEAAXK@Z 0000000067d9aac0 f   ImageWnd.obj
 0001:00019bf0       ?UpdateClientArea@CImageWnd@@QEAAXXZ 0000000067d9abf0 f   ImageWnd.obj
 0001:00019c60       ?Invalidate@CImageWnd@@QEAAXH@Z 0000000067d9ac60 f   ImageWnd.obj
 0001:00019c90       ?HideRoiTracker@CImageWnd@@QEAAXXZ 0000000067d9ac90 f   ImageWnd.obj
 0001:00019cb0       ?ValidateRoi@CImageWnd@@IEAA?AVCRect@@V2@@Z 0000000067d9acb0 f   ImageWnd.obj
 0001:00019d80       ?OnSetCursor@CImageWnd@@QEAAHI@Z 0000000067d9ad80 f   ImageWnd.obj
 0001:00019e50       ??_ECImageWnd@@UEAAPEAXI@Z 0000000067d9ae50 f i ImageWnd.obj
 0001:00019ed0       ?GetScrollPos@CImageWnd@@IEAAHH@Z 0000000067d9aed0 f   ImageWnd.obj
 0001:00019f30       ?GetScrollRange@CImageWnd@@IEAAXHPEAH0@Z 0000000067d9af30 f   ImageWnd.obj
 0001:00019fa0       ?SetScrollPos@CImageWnd@@IEAAHHHH@Z 0000000067d9afa0 f   ImageWnd.obj
 0001:0001a030       ?TranslatePos@CImageWnd@@QEAA?AVCPoint@@V2@@Z 0000000067d9b030 f   ImageWnd.obj
 0001:0001a1a0       ?UntranslatePos@CImageWnd@@QEAA?AVCPoint@@V2@@Z 0000000067d9b1a0 f   ImageWnd.obj
 0001:0001a2e0       ?DisplayRoiTracker@CImageWnd@@QEAAXXZ 0000000067d9b2e0 f   ImageWnd.obj
 0001:0001a410       ?UpdateRectTracker@CImageWnd@@IEAAXXZ 0000000067d9b410 f   ImageWnd.obj
 0001:0001a460       ?SelectRoi@CImageWnd@@QEAAXVCRect@@@Z 0000000067d9b460 f   ImageWnd.obj
 0001:0001a4c0       ?OnLButtonDown@CImageWnd@@QEAAHVCPoint@@@Z 0000000067d9b4c0 f   ImageWnd.obj
 0001:0001a5d0       ?TranslateMousePos@CImageWnd@@QEAA?AVCPoint@@V2@@Z 0000000067d9b5d0 f   ImageWnd.obj
 0001:0001a640       ?UpdateScrollBars@CImageWnd@@IEAAXXZ 0000000067d9b640 f   ImageWnd.obj
 0001:0001a900       ?OnHScroll@CImageWnd@@QEAAXII@Z 0000000067d9b900 f   ImageWnd.obj
 0001:0001aa10       ?OnVScroll@CImageWnd@@QEAAXII@Z 0000000067d9ba10 f   ImageWnd.obj
 0001:0001ab30       ?GetPixelString@CImageWnd@@QEAA?AV?$CStringT@DV?$StrTraitMFC_DLL@DV?$ChTraitsCRT@D@ATL@@@@@ATL@@VCPoint@@@Z 0000000067d9bb30 f   ImageWnd.obj
 0001:0001ac10       ?OnSize@CImageWnd@@QEAAXH@Z 0000000067d9bc10 f   ImageWnd.obj
 0001:0001af40       ??0CImageWnd@@QEAA@PEAVSapView@@PEAVCWnd@@PEAVCScrollBar@@21@Z 0000000067d9bf40 f   ImageWnd.obj
 0001:0001b060       ??0CImageWnd@@QEAA@PEAVSapView@@PEAVCWnd@@@Z 0000000067d9c060 f   ImageWnd.obj
 0001:0001b150       ?OnFinalRelease@CJpegFileDlg@@UEAAXXZ 0000000067d9c150 f   JpegFileDlg.obj
 0001:0001b160       ?GetThisDispatchMap@CJpegFileDlg@@KAPEBUAFX_DISPMAP@@XZ 0000000067d9c160 f   JpegFileDlg.obj
 0001:0001b170       ?GetDispatchMap@CJpegFileDlg@@MEBAPEBUAFX_DISPMAP@@XZ 0000000067d9c170 f   JpegFileDlg.obj
 0001:0001b180       ?GetThisInterfaceMap@CJpegFileDlg@@KAPEBUAFX_INTERFACEMAP@@XZ 0000000067d9c180 f   JpegFileDlg.obj
 0001:0001b190       ?GetInterfaceMap@CJpegFileDlg@@MEBAPEBUAFX_INTERFACEMAP@@XZ 0000000067d9c190 f   JpegFileDlg.obj
 0001:0001b1a0       ?OnVScroll@CJpegFileDlg@@IEAAXIIPEAVCScrollBar@@@Z 0000000067d9c1a0 f   JpegFileDlg.obj
 0001:0001b230       ?OnOK@CJpegFileDlg@@MEAAXXZ 0000000067d9c230 f   JpegFileDlg.obj
 0001:0001b270       ?OnUpdateJpgEditQuality@CJpegFileDlg@@IEAAXXZ 0000000067d9c270 f   JpegFileDlg.obj
 0001:0001b280       ??0CJpegFileDlg@@QEAA@PEAVCWnd@@H@Z 0000000067d9c280 f   JpegFileDlg.obj
 0001:0001b300       ??1CJpegFileDlg@@UEAA@XZ   0000000067d9c300 f i JpegFileDlg.obj
 0001:0001b310       ??_GCJpegFileDlg@@UEAAPEAXI@Z 0000000067d9c310 f i JpegFileDlg.obj
 0001:0001b310       ??_ECJpegFileDlg@@UEAAPEAXI@Z 0000000067d9c310 f i JpegFileDlg.obj
 0001:0001b340       ?DoDataExchange@CJpegFileDlg@@MEAAXPEAVCDataExchange@@@Z 0000000067d9c340 f   JpegFileDlg.obj
 0001:0001b390       ?GetThisMessageMap@CJpegFileDlg@@KAPEBUAFX_MSGMAP@@XZ 0000000067d9c390 f   JpegFileDlg.obj
 0001:0001b3a0       ?GetMessageMap@CJpegFileDlg@@MEBAPEBUAFX_MSGMAP@@XZ 0000000067d9c3a0 f   JpegFileDlg.obj
 0001:0001b3b0       ?GetRawFileWidth@CRawFileDlg@@QEAAHXZ 0000000067d9c3b0 f i LoadSaveDlg.obj
 0001:0001b3c0       ?GetRawFileHeight@CRawFileDlg@@QEAAHXZ 0000000067d9c3c0 f i LoadSaveDlg.obj
 0001:0001b3d0       ?GetRawFileOffset@CRawFileDlg@@QEAAHXZ 0000000067d9c3d0 f i LoadSaveDlg.obj
 0001:0001b3e0       ?GetRawFileFormat@CRawFileDlg@@QEAAHXZ 0000000067d9c3e0 f i LoadSaveDlg.obj
 0001:0001b3f0       ?GetJpegFileQuality@CJpegFileDlg@@QEAAHXZ 0000000067d9c3f0 f i LoadSaveDlg.obj
 0001:0001b400       ?GetFirstFrame@CAviFileDlg@@QEAAHXZ 0000000067d9c400 f i LoadSaveDlg.obj
 0001:0001b410       ?GetCompressionLevel@CTiffFileDlg@@QEAAHXZ 0000000067d9c410 f i LoadSaveDlg.obj
 0001:0001b420       ?GetCompressionType@CTiffFileDlg@@QEAAHXZ 0000000067d9c420 f i LoadSaveDlg.obj
 0001:0001b430       ?_GetBaseClass@CLoadSaveDlg@@KAPEAUCRuntimeClass@@XZ 0000000067d9c430 f   LoadSaveDlg.obj
 0001:0001b440       ?GetThisClass@CLoadSaveDlg@@SAPEAUCRuntimeClass@@XZ 0000000067d9c440 f   LoadSaveDlg.obj
 0001:0001b450       ?GetRuntimeClass@CLoadSaveDlg@@UEBAPEAUCRuntimeClass@@XZ 0000000067d9c450 f   LoadSaveDlg.obj
 0001:0001b460       ?SaveSettings@CLoadSaveDlg@@IEAAXXZ 0000000067d9c460 f   LoadSaveDlg.obj
 0001:0001b500       ??1CTiffFileDlg@@UEAA@XZ   0000000067d9c500 f i LoadSaveDlg.obj
 0001:0001b510       ??1CRawFileDlg@@UEAA@XZ    0000000067d9c510 f i LoadSaveDlg.obj
 0001:0001b540       ?SetFilterIndex@CLoadSaveDlg@@IEAAXXZ 0000000067d9c540 f   LoadSaveDlg.obj
 0001:0001b5d0       ?GetThisMessageMap@CLoadSaveDlg@@KAPEBUAFX_MSGMAP@@XZ 0000000067d9c5d0 f   LoadSaveDlg.obj
[...]
 0001:00023af0       ?dtor$0@?0???0CImageFilterEditorDlg@@QEAA@PEAVSapAcquisition@@PEAVCWnd@@@Z@4HA 0000000067da4af0 f   ImageFilterEditorDlg.obj
 0001:00023b00       ?dtor$1@?0???0CImageFilterEditorDlg@@QEAA@PEAVSapAcquisition@@PEAVCWnd@@@Z@4HA 0000000067da4b00 f   ImageFilterEditorDlg.obj
 0001:00023b20       ?dtor$2@?0???0CImageFilterEditorDlg@@QEAA@PEAVSapAcquisition@@PEAVCWnd@@@Z@4HA 0000000067da4b20 f   ImageFilterEditorDlg.obj
 0001:00023b40       ?dtor$3@?0???0CImageFilterEditorDlg@@QEAA@PEAVSapAcquisition@@PEAVCWnd@@@Z@4HA 0000000067da4b40 f   ImageFilterEditorDlg.obj
 0001:00023b60       ?dtor$4@?0???0CImageFilterEditorDlg@@QEAA@PEAVSapAcquisition@@PEAVCWnd@@@Z@4HA 0000000067da4b60 f   ImageFilterEditorDlg.obj
 0001:00023b80       ?dtor$5@?0???0CImageFilterEditorDlg@@QEAA@PEAVSapAcquisition@@PEAVCWnd@@@Z@4HA 0000000067da4b80 f   ImageFilterEditorDlg.obj
 0001:00023ba0       ?dtor$6@?0???0CImageFilterEditorDlg@@QEAA@PEAVSapAcquisition@@PEAVCWnd@@@Z@4HA 0000000067da4ba0 f   ImageFilterEditorDlg.obj
 0001:00023bc0       ?dtor$0@?0???1CImageFilterEditorDlg@@UEAA@XZ@4HA 0000000067da4bc0 f   ImageFilterEditorDlg.obj
 0001:00023bd0       ?dtor$1@?0???1CImageFilterEditorDlg@@UEAA@XZ@4HA 0000000067da4bd0 f   ImageFilterEditorDlg.obj
 0001:00023bf0       ?dtor$2@?0???1CImageFilterEditorDlg@@UEAA@XZ@4HA 0000000067da4bf0 f   ImageFilterEditorDlg.obj
 0001:00023c10       ?dtor$3@?0???1CImageFilterEditorDlg@@UEAA@XZ@4HA 0000000067da4c10 f   ImageFilterEditorDlg.obj
 0001:00023c30       ?dtor$4@?0???1CImageFilterEditorDlg@@UEAA@XZ@4HA 0000000067da4c30 f   ImageFilterEditorDlg.obj
 0001:00023c50       ?dtor$5@?0???1CImageFilterEditorDlg@@UEAA@XZ@4HA 0000000067da4c50 f   ImageFilterEditorDlg.obj
 0001:00023c70       ?dtor$6@?0???1CImageFilterEditorDlg@@UEAA@XZ@4HA 0000000067da4c70 f   ImageFilterEditorDlg.obj
 0001:00023c90       ?dtor$0@?0??CreateCoeffEditControls@CImageFilterEditorDlg@@IEAA_NH@Z@4HA 0000000067da4c90 f   ImageFilterEditorDlg.obj
 0001:00023ca0       ?dtor$0@?0??InitControls@CImageFilterEditorDlg@@IEAAXXZ@4HA 0000000067da4ca0 f   ImageFilterEditorDlg.obj
 0001:00023cb0       ?dtor$1@?0??ReadCoefficients@CImageFilterEditorDlg@@IEAA_NXZ@4HA 0000000067da4cb0 f   ImageFilterEditorDlg.obj
 0001:00023cc0       ?dtor$0@?0???1?$basic_stringbuf@DU?$char_traits@D@std@@V?$allocator@D@2@@std@@UEAA@XZ@4HA 0000000067da4cc0 f   ImageFilterEditorDlg.obj
 0001:00023cd0       ?catch$1@?0??_Copy@?$basic_string@DU?$char_traits@D@std@@V?$allocator@D@2@@std@@QEAAX_K0@Z@4HA 0000000067da4cd0 f   ImageFilterEditorDlg.obj
 0001:00023cdd       __catch$?_Copy@?$basic_string@DU?$char_traits@D@std@@V?$allocator@D@2@@std@@QEAAX_K0@Z$0 0000000067da4cdd f   ImageFilterEditorDlg.obj
 0001:00023d10       ?catch$0@?0??_Copy@?$basic_string@DU?$char_traits@D@std@@V?$allocator@D@2@@std@@QEAAX_K0@Z@4HA 0000000067da4d10 f   ImageFilterEditorDlg.obj
 0001:00023d1e       __catch$?_Copy@?$basic_string@DU?$char_traits@D@std@@V?$allocator@D@2@@std@@QEAAX_K0@Z$1 0000000067da4d1e f   ImageFilterEditorDlg.obj
 0001:00023d50       ?dtor$0@?0???1?$basic_istringstream@DU?$char_traits@D@std@@V?$allocator@D@2@@std@@UEAA@XZ@4HA 0000000067da4d50 f   ImageFilterEditorDlg.obj
 0001:00023d70       ?dtor$0@?0???0?$basic_stringbuf@DU?$char_traits@D@std@@V?$allocator@D@2@@std@@QEAA@AEBV?$basic_string@DU?$char_traits@D@std@@V?$allocator@D@2@@1@H@Z@4HA 0000000067da4d70 f   ImageFilterEditorDlg.obj
 0001:00023d80       ?dtor$0@?0???_D?$basic_istringstream@DU?$char_traits@D@std@@V?$allocator@D@2@@std@@QEAAXXZ@4HA 0000000067da4d80 f   ImageFilterEditorDlg.obj
 0001:00023da0       ?dtor$0@?0???0?$basic_istringstream@DU?$char_traits@D@std@@V?$allocator@D@2@@std@@QEAA@AEBV?$basic_string@DU?$char_traits@D@std@@V?$allocator@D@2@@1@H@Z@4HA 0000000067da4da0 f   ImageFilterEditorDlg.obj
 0001:00023dd0       ?dtor$1@?0???0?$basic_istringstream@DU?$char_traits@D@std@@V?$allocator@D@2@@std@@QEAA@AEBV?$basic_string@DU?$char_traits@D@std@@V?$allocator@D@2@@1@H@Z@4HA 0000000067da4dd0 f   ImageFilterEditorDlg.obj
 0001:00023df0       ?dtor$0@?0???_G?$basic_istringstream@DU?$char_traits@D@std@@V?$allocator@D@2@@std@@UEAAPEAXI@Z@4HA 0000000067da4df0 f   ImageFilterEditorDlg.obj
 0001:00023e10       ?dtor$0@?0??ConvertToDecimal@CImageFilterEditorDlg@@KA_NV?$CStringT@DV?$StrTraitMFC_DLL@DV?$ChTraitsCRT@D@ATL@@@@@ATL@@AEAN@Z@4HA 0000000067da4e10 f   ImageFilterEditorDlg.obj
 0001:00023e20       ?dtor$1@?0??ConvertToDecimal@CImageFilterEditorDlg@@KA_NV?$CStringT@DV?$StrTraitMFC_DLL@DV?$ChTraitsCRT@D@ATL@@@@@ATL@@AEAN@Z@4HA 0000000067da4e20 f   ImageFilterEditorDlg.obj
 0001:00023e30       ?dtor$3@?0??ConvertToDecimal@CImageFilterEditorDlg@@KA_NV?$CStringT@DV?$StrTraitMFC_DLL@DV?$ChTraitsCRT@D@ATL@@@@@ATL@@AEAN@Z@4HA 0000000067da4e30 f   ImageFilterEditorDlg.obj
 0001:00023e60       ?dtor$4@?0??ConvertToDecimal@CImageFilterEditorDlg@@KA_NV?$CStringT@DV?$StrTraitMFC_DLL@DV?$ChTraitsCRT@D@ATL@@@@@ATL@@AEAN@Z@4HA 0000000067da4e60 f   ImageFilterEditorDlg.obj
 0001:00023e80       ?dtor$6@?0??ConvertToDecimal@CImageFilterEditorDlg@@KA_NV?$CStringT@DV?$StrTraitMFC_DLL@DV?$ChTraitsCRT@D@ATL@@@@@ATL@@AEAN@Z@4HA 0000000067da4e80 f   ImageFilterEditorDlg.obj
 0001:00023e90       ?dtor$2@?0??ConvertToDecimal@CImageFilterEditorDlg@@KA_NV?$CStringT@DV?$StrTraitMFC_DLL@DV?$ChTraitsCRT@D@ATL@@@@@ATL@@AEAN@Z@4HA 0000000067da4e90 f   ImageFilterEditorDlg.obj
 0001:00023ea0       ?dtor$7@?0??ConvertToDecimal@CImageFilterEditorDlg@@KA_NV?$CStringT@DV?$StrTraitMFC_DLL@DV?$ChTraitsCRT@D@ATL@@@@@ATL@@AEAN@Z@4HA 0000000067da4ea0 f   ImageFilterEditorDlg.obj
 0001:00023ec0       ?dtor$0@?0??WriteCoefficientsToBuffer@CImageFilterEditorDlg@@IEAA_NAEAVSapBuffer@@@Z@4HA 0000000067da4ec0 f   ImageFilterEditorDlg.obj
 0001:00023ed0       ?dtor$1@?0??WriteCoefficientsToBuffer@CImageFilterEditorDlg@@IEAA_NAEAVSapBuffer@@@Z@4HA 0000000067da4ed0 f   ImageFilterEditorDlg.obj
 0001:00023ee0       ?dtor$3@?0??WriteCoefficientsToBuffer@CImageFilterEditorDlg@@IEAA_NAEAVSapBuffer@@@Z@4HA 0000000067da4ee0 f   ImageFilterEditorDlg.obj
 0001:00023ef0       ?dtor$4@?0??WriteCoefficientsToBuffer@CImageFilterEditorDlg@@IEAA_NAEAVSapBuffer@@@Z@4HA 0000000067da4ef0 f   ImageFilterEditorDlg.obj
 0001:00023f00       ?dtor$5@?0??WriteCoefficientsToBuffer@CImageFilterEditorDlg@@IEAA_NAEAVSapBuffer@@@Z@4HA 0000000067da4f00 f   ImageFilterEditorDlg.obj
 0001:00023f10       ?dtor$0@?0??OnBnClickedBtnExport@CImageFilterEditorDlg@@IEAAXXZ@4HA 0000000067da4f10 f   ImageFilterEditorDlg.obj
 0001:00023f20       ?dtor$1@?0??OnBnClickedBtnExport@CImageFilterEditorDlg@@IEAAXXZ@4HA 0000000067da4f20 f   ImageFilterEditorDlg.obj
 0001:00023f30       ?dtor$3@?0??OnBnClickedBtnExport@CImageFilterEditorDlg@@IEAAXXZ@4HA 0000000067da4f30 f   ImageFilterEditorDlg.obj
 0001:00023f40       ?dtor$4@?0??OnBnClickedBtnExport@CImageFilterEditorDlg@@IEAAXXZ@4HA 0000000067da4f40 f   ImageFilterEditorDlg.obj
 0001:00023f70       ?dtor$1@?0??WriteCoefficients@CImageFilterEditorDlg@@IEAA_NXZ@4HA 0000000067da4f70 f   ImageFilterEditorDlg.obj
 0001:00023f80       ?dtor$0@?0???1SImageViewportROI@@QEAA@XZ@4HA 0000000067da4f80 f   ImageViewportWnd.obj
 0001:00023fa0       ?dtor$1@?0???1SImageViewportROI@@QEAA@XZ@4HA 0000000067da4fa0 f   ImageViewportWnd.obj
 0001:00023fc0       ?dtor$2@?0???1SImageViewportROI@@QEAA@XZ@4HA 0000000067da4fc0 f   ImageViewportWnd.obj
 0001:00023fe0       ?dtor$0@?0???1CImageViewportWnd@@UEAA@XZ@4HA 0000000067da4fe0 f   ImageViewportWnd.obj
 0001:00023ff0       ?dtor$1@?0???1CImageViewportWnd@@UEAA@XZ@4HA 0000000067da4ff0 f   ImageViewportWnd.obj
 0001:00024010       ?dtor$2@?0???1CImageViewportWnd@@UEAA@XZ@4HA 0000000067da5010 f   ImageViewportWnd.obj
 0001:00024030       ?dtor$0@?0??TranslatePointToNativeView@CImageViewportWnd@@AEBA?AVCPoint@@V2@@Z@4HA 0000000067da5030 f   ImageViewportWnd.obj
 0001:00024040       ?dtor$0@?0??TranslatePointToDestinationView@CImageViewportWnd@@AEBA?AVCPoint@@V2@@Z@4HA 0000000067da5040 f   ImageViewportWnd.obj
 0001:00024050       ?dtor$0@?0??GetDstRectFromCurrentScalingOptions@CImageViewportWnd@@AEBA?AVCRect@@XZ@4HA 0000000067da5050 f   ImageViewportWnd.obj
 0001:00024060       ?dtor$0@?0??PaintROI@CImageViewportWnd@@AEAAXXZ@4HA 0000000067da5060 f   ImageViewportWnd.obj
 0001:00024070       ?dtor$0@?0??UpdateScales@CImageViewportWnd@@AEAAXMM@Z@4HA 0000000067da5070 f   ImageViewportWnd.obj
 0001:00024080       ?dtor$1@?0??UpdateScales@CImageViewportWnd@@AEAAXMM@Z@4HA 0000000067da5080 f   ImageViewportWnd.obj
 0001:00024090       ?dtor$0@?0??MoveInView@CImageViewportWnd@@AEAAXVCPoint@@@Z@4HA 0000000067da5090 f   ImageViewportWnd.obj
 0001:000240a0       ?dtor$0@?0???0CImageViewportWnd@@QEAA@XZ@4HA 0000000067da50a0 f   ImageViewportWnd.obj
 0001:000240b0       ?dtor$1@?0???0CImageViewportWnd@@QEAA@XZ@4HA 0000000067da50b0 f   ImageViewportWnd.obj
 0001:000240d0       ?dtor$2@?0???0CImageViewportWnd@@QEAA@XZ@4HA 0000000067da50d0 f   ImageViewportWnd.obj
 0001:000240f0       ?dtor$0@?0??OnPaint@CImageViewportWnd@@IEAAXXZ@4HA 0000000067da50f0 f   ImageViewportWnd.obj
 0001:00024100       ?dtor$0@?0??GetPixelString@CImageWnd@@SA?AV?$CStringT@DV?$StrTraitMFC_DLL@DV?$ChTraitsCRT@D@ATL@@@@@ATL@@PEAVSapBuffer@@VCPoint@@HH@Z@4HA 0000000067da5100 f   ImageWnd.obj
 0001:00024130       ?dtor$1@?0??GetPixelString@CImageWnd@@SA?AV?$CStringT@DV?$StrTraitMFC_DLL@DV?$ChTraitsCRT@D@ATL@@@@@ATL@@PEAVSapBuffer@@VCPoint@@HH@Z@4HA 0000000067da5130 f   ImageWnd.obj
 0001:00024140       ?dtor$2@?0??GetPixelString@CImageWnd@@SA?AV?$CStringT@DV?$StrTraitMFC_DLL@DV?$ChTraitsCRT@D@ATL@@@@@ATL@@PEAVSapBuffer@@VCPoint@@HH@Z@4HA 0000000067da5140 f   ImageWnd.obj
 0001:00024150       ?dtor$3@?0??GetPixelString@CImageWnd@@SA?AV?$CStringT@DV?$StrTraitMFC_DLL@DV?$ChTraitsCRT@D@ATL@@@@@ATL@@PEAVSapBuffer@@VCPoint@@HH@Z@4HA 0000000067da5150 f   ImageWnd.obj
 0001:00024160       ?dtor$4@?0??GetPixelString@CImageWnd@@SA?AV?$CStringT@DV?$StrTraitMFC_DLL@DV?$ChTraitsCRT@D@ATL@@@@@ATL@@PEAVSapBuffer@@VCPoint@@HH@Z@4HA 0000000067da5160 f   ImageWnd.obj
 0001:00024170       ?dtor$5@?0??GetPixelString@CImageWnd@@SA?AV?$CStringT@DV?$StrTraitMFC_DLL@DV?$ChTraitsCRT@D@ATL@@@@@ATL@@PEAVSapBuffer@@VCPoint@@HH@Z@4HA 0000000067da5170 f   ImageWnd.obj
 0001:00024180       ?dtor$6@?0??GetPixelString@CImageWnd@@SA?AV?$CStringT@DV?$StrTraitMFC_DLL@DV?$ChTraitsCRT@D@ATL@@@@@ATL@@PEAVSapBuffer@@VCPoint@@HH@Z@4HA 0000000067da5180 f   ImageWnd.obj
 0001:00024190       ?dtor$7@?0??GetPixelString@CImageWnd@@SA?AV?$CStringT@DV?$StrTraitMFC_DLL@DV?$ChTraitsCRT@D@ATL@@@@@ATL@@PEAVSapBuffer@@VCPoint@@HH@Z@4HA 0000000067da5190 f   ImageWnd.obj
 0001:000241a0       ?dtor$8@?0??GetPixelString@CImageWnd@@SA?AV?$CStringT@DV?$StrTraitMFC_DLL@DV?$ChTraitsCRT@D@ATL@@@@@ATL@@PEAVSapBuffer@@VCPoint@@HH@Z@4HA 0000000067da51a0 f   ImageWnd.obj
 0001:000241b0       ?dtor$9@?0??GetPixelString@CImageWnd@@SA?AV?$CStringT@DV?$StrTraitMFC_DLL@DV?$ChTraitsCRT@D@ATL@@@@@ATL@@PEAVSapBuffer@@VCPoint@@HH@Z@4HA 0000000067da51b0 f   ImageWnd.obj
 0001:000241c0       ?dtor$10@?0??GetPixelString@CImageWnd@@SA?AV?$CStringT@DV?$StrTraitMFC_DLL@DV?$ChTraitsCRT@D@ATL@@@@@ATL@@PEAVSapBuffer@@VCPoint@@HH@Z@4HA 0000000067da51c0 f   ImageWnd.obj
 0001:000241d0       ?dtor$11@?0??GetPixelString@CImageWnd@@SA?AV?$CStringT@DV?$StrTraitMFC_DLL@DV?$ChTraitsCRT@D@ATL@@@@@ATL@@PEAVSapBuffer@@VCPoint@@HH@Z@4HA 0000000067da51d0 f   ImageWnd.obj
 0001:000241e0       ?dtor$12@?0??GetPixelString@CImageWnd@@SA?AV?$CStringT@DV?$StrTraitMFC_DLL@DV?$ChTraitsCRT@D@ATL@@@@@ATL@@PEAVSapBuffer@@VCPoint@@HH@Z@4HA 0000000067da51e0 f   ImageWnd.obj
 0001:000241f0       ?dtor$13@?0??GetPixelString@CImageWnd@@SA?AV?$CStringT@DV?$StrTraitMFC_DLL@DV?$ChTraitsCRT@D@ATL@@@@@ATL@@PEAVSapBuffer@@VCPoint@@HH@Z@4HA 0000000067da51f0 f   ImageWnd.obj
 0001:00024200       ?dtor$14@?0??GetPixelString@CImageWnd@@SA?AV?$CStringT@DV?$StrTraitMFC_DLL@DV?$ChTraitsCRT@D@ATL@@@@@ATL@@PEAVSapBuffer@@VCPoint@@HH@Z@4HA 0000000067da5200 f   ImageWnd.obj
 0001:00024210       ?dtor$15@?0??GetPixelString@CImageWnd@@SA?AV?$CStringT@DV?$StrTraitMFC_DLL@DV?$ChTraitsCRT@D@ATL@@@@@ATL@@PEAVSapBuffer@@VCPoint@@HH@Z@4HA 0000000067da5210 f   ImageWnd.obj
 0001:00024220       ?dtor$0@?0??DisplayRoiTracker@CImageWnd@@QEAAXXZ@4HA 0000000067da5220 f   ImageWnd.obj
 0001:00024230       ?dtor$1@?0??DisplayRoiTracker@CImageWnd@@QEAAXXZ@4HA 0000000067da5230 f   ImageWnd.obj
 0001:00024240       ?dtor$0@?0???0CImageWnd@@QEAA@PEAVSapView@@PEAVCWnd@@PEAVCScrollBar@@21@Z@4HA 0000000067da5240 f   ImageWnd.obj
 0001:00024250       ?dtor$0@?0???0CImageWnd@@QEAA@PEAVSapView@@PEAVCWnd@@@Z@4HA 0000000067da5250 f   ImageWnd.obj
 0001:00024260       ?dtor$0@?0???0CJpegFileDlg@@QEAA@PEAVCWnd@@H@Z@4HA 0000000067da5260 f   JpegFileDlg.obj
 0001:00024270       ?dtor$0@?0??SaveSettings@CLoadSaveDlg@@IEAAXXZ@4HA 0000000067da5270 f   LoadSaveDlg.obj
 0001:00024280       ?dtor$0@?0???1CRawFileDlg@@UEAA@XZ@4HA 0000000067da5280 f   LoadSaveDlg.obj
 0001:00024290       ?dtor$0@?0??AddTiffOptions@CLoadSaveDlg@@IEAAHXZ@4HA 0000000067da5290 f   LoadSaveDlg.obj
 0001:000242a0       ?dtor$1@?0??AddTiffOptions@CLoadSaveDlg@@IEAAHXZ@4HA 0000000067da52a0 f   LoadSaveDlg.obj
 0001:000242b0       ?dtor$2@?0??AddTiffOptions@CLoadSaveDlg@@IEAAHXZ@4HA 0000000067da52b0 f   LoadSaveDlg.obj
 0001:000242c0       ?dtor$0@?0??AddRawOptions@CLoadSaveDlg@@IEAAHXZ@4HA 0000000067da52c0 f   LoadSaveDlg.obj
 0001:000242d0       ?dtor$2@?0??AddRawOptions@CLoadSaveDlg@@IEAAHXZ@4HA 0000000067da52d0 f   LoadSaveDlg.obj
 0001:000242e0       ?dtor$1@?0??AddRawOptions@CLoadSaveDlg@@IEAAHXZ@4HA 0000000067da52e0 f   LoadSaveDlg.obj
 0001:000242f0       ?dtor$4@?0??AddRawOptions@CLoadSaveDlg@@IEAAHXZ@4HA 0000000067da52f0 f   LoadSaveDlg.obj
 0001:00024300       ?dtor$0@?0??AddJpegOptions@CLoadSaveDlg@@IEAAHXZ@4HA 0000000067da5300 f   LoadSaveDlg.obj
 0001:00024310       ?dtor$1@?0??AddJpegOptions@CLoadSaveDlg@@IEAAHXZ@4HA 0000000067da5310 f   LoadSaveDlg.obj
 0001:00024320       ?dtor$0@?0??AddAviOptions@CLoadSaveDlg@@IEAAHXZ@4HA 0000000067da5320 f   LoadSaveDlg.obj
 0001:00024330       ?dtor$0@?0??OnTypeChange@CLoadSaveDlg@@MEAAXXZ@4HA 0000000067da5330 f   LoadSaveDlg.obj
 0001:00024340       ?dtor$0@?0??LoadSettings@CLoadSaveDlg@@IEAAXXZ@4HA 0000000067da5340 f   LoadSaveDlg.obj
 0001:00024350       ?dtor$0@?0???0CLoadSaveDlg@@QEAA@PEAVCWnd@@PEAVSapBuffer@@HH@Z@4HA 0000000067da5350 f   LoadSaveDlg.obj
 0001:00024360       ?dtor$1@?0???0CLoadSaveDlg@@QEAA@PEAVCWnd@@PEAVSapBuffer@@HH@Z@4HA 0000000067da5360 f   LoadSaveDlg.obj
 0001:00024380       ?dtor$0@?0??UpdateBuffer@CLoadSaveDlg@@IEAAHXZ@4HA 0000000067da5380 f   LoadSaveDlg.obj
 0001:00024390       ?dtor$1@?0??UpdateBuffer@CLoadSaveDlg@@IEAAHXZ@4HA 0000000067da5390 f   LoadSaveDlg.obj
 0001:000243a0       ?dtor$2@?0??UpdateBuffer@CLoadSaveDlg@@IEAAHXZ@4HA 0000000067da53a0 f   LoadSaveDlg.obj
 0001:000243b0       ?dtor$3@?0??UpdateBuffer@CLoadSaveDlg@@IEAAHXZ@4HA 0000000067da53b0 f   LoadSaveDlg.obj
 0001:000243c0       ?dtor$4@?0??UpdateBuffer@CLoadSaveDlg@@IEAAHXZ@4HA 0000000067da53c0 f   LoadSaveDlg.obj
 0001:000243d0       ?dtor$5@?0??UpdateBuffer@CLoadSaveDlg@@IEAAHXZ@4HA 0000000067da53d0 f   LoadSaveDlg.obj
 0001:000243e0       ?dtor$0@?0???1CLScanDlg@@UEAA@XZ@4HA 0000000067da53e0 f   LScanDlg.obj
 0001:000243f0       ?dtor$1@?0???1CLScanDlg@@UEAA@XZ@4HA 0000000067da53f0 f   LScanDlg.obj
 0001:00024410       ?dtor$2@?0???1CLScanDlg@@UEAA@XZ@4HA 0000000067da5410 f   LScanDlg.obj
 0001:00024430       ?dtor$0@?0???_GCLScanDlg@@UEAAPEAXI@Z@4HA 0000000067da5430 f   LScanDlg.obj
 0001:00024440       ?dtor$1@?0???_GCLScanDlg@@UEAAPEAXI@Z@4HA 0000000067da5440 f   LScanDlg.obj
 0001:00024460       ?dtor$2@?0???_GCLScanDlg@@UEAAPEAXI@Z@4HA 0000000067da5460 f   LScanDlg.obj
 0001:00024480       ?dtor$0@?0???_ECLScanDlg@@UEAAPEAXI@Z@4HA 0000000067da5480 f   LScanDlg.obj
 0001:00024490       ?dtor$1@?0???_ECLScanDlg@@UEAAPEAXI@Z@4HA 0000000067da5490 f   LScanDlg.obj
 0001:000244b0       ?dtor$2@?0???_ECLScanDlg@@UEAAPEAXI@Z@4HA 0000000067da54b0 f   LScanDlg.obj
 0001:000244d0       ?dtor$0@?0???0CLScanDlg@@QEAA@PEAVCWnd@@PEAVSapAcquisition@@@Z@4HA 0000000067da54d0 f   LScanDlg.obj
 0001:000244e0       ?dtor$1@?0???0CLScanDlg@@QEAA@PEAVCWnd@@PEAVSapAcquisition@@@Z@4HA 0000000067da54e0 f   LScanDlg.obj
 0001:00024500       ?dtor$2@?0???0CLScanDlg@@QEAA@PEAVCWnd@@PEAVSapAcquisition@@@Z@4HA 0000000067da5500 f   LScanDlg.obj
 0001:00024520       ?dtor$0@?0??VerifyLineIntegrateDuration@CLScanDlg@@IEAAXXZ@4HA 0000000067da5520 f   LScanDlg.obj
 0001:00024530       ?dtor$0@?0???0CRawFileDlg@@QEAA@PEAVCWnd@@HHHH@Z@4HA 0000000067da5530 f   RawFileDlg.obj
 0001:00024540       ?dtor$1@?0???0CRawFileDlg@@QEAA@PEAVCWnd@@HHHH@Z@4HA 0000000067da5540 f   RawFileDlg.obj
 0001:00024560       ?dtor$0@?0???_GCRawFileDlg@@UEAAPEAXI@Z@4HA 0000000067da5560 f   RawFileDlg.obj
 0001:00024570       ?dtor$0@?0???1CViewDlg@@UEAA@XZ@4HA 0000000067da5570 f   SapClassGui.obj
 0001:00024580       ?dtor$1@?0???1CViewDlg@@UEAA@XZ@4HA 0000000067da5580 f   SapClassGui.obj
 0001:000245a0       ?dtor$2@?0???1CViewDlg@@UEAA@XZ@4HA 0000000067da55a0 f   SapClassGui.obj
 0001:000245c0       ?dtor$3@?0???1CViewDlg@@UEAA@XZ@4HA 0000000067da55c0 f   SapClassGui.obj
 0001:000245e0       ?dtor$4@?0???1CViewDlg@@UEAA@XZ@4HA 0000000067da55e0 f   SapClassGui.obj
 0001:00024600       ?dtor$0@?0??SapClassGuiInitModule@@YAXXZ@4HA 0000000067da5600 f   SapClassGui.obj
 0001:00024610       ?dtor$0@?0???0CTiffFileDlg@@QEAA@PEAVCWnd@@HH@Z@4HA 0000000067da5610 f   TiffFileDlg.obj
 0001:00024620       ?dtor$0@?0???_GCViewDlg@@UEAAPEAXI@Z@4HA 0000000067da5620 f   ViewDlg.obj
 0001:00024630       ?dtor$1@?0???_GCViewDlg@@UEAAPEAXI@Z@4HA 0000000067da5630 f   ViewDlg.obj
 0001:00024650       ?dtor$2@?0???_GCViewDlg@@UEAAPEAXI@Z@4HA 0000000067da5650 f   ViewDlg.obj
 0001:00024670       ?dtor$3@?0???_GCViewDlg@@UEAAPEAXI@Z@4HA 0000000067da5670 f   ViewDlg.obj
 0001:00024690       ?dtor$4@?0???_GCViewDlg@@UEAAPEAXI@Z@4HA 0000000067da5690 f   ViewDlg.obj
 0001:000246b0       ?dtor$0@?0???0CViewDlg@@QEAA@PEAVCWnd@@PEAVSapView@@@Z@4HA 0000000067da56b0 f   ViewDlg.obj
 0001:000246c0       ?dtor$1@?0???0CViewDlg@@QEAA@PEAVCWnd@@PEAVSapView@@@Z@4HA 0000000067da56c0 f   ViewDlg.obj
 0001:000246e0       ?dtor$2@?0???0CViewDlg@@QEAA@PEAVCWnd@@PEAVSapView@@@Z@4HA 0000000067da56e0 f   ViewDlg.obj
 0001:00024700       ?dtor$3@?0???0CViewDlg@@QEAA@PEAVCWnd@@PEAVSapView@@@Z@4HA 0000000067da5700 f   ViewDlg.obj
 0001:00024720       ?dtor$4@?0???0CViewDlg@@QEAA@PEAVCWnd@@PEAVSapView@@@Z@4HA 0000000067da5720 f   ViewDlg.obj
 0001:00024740       ?dtor$5@?0???0CViewDlg@@QEAA@PEAVCWnd@@PEAVSapView@@@Z@4HA 0000000067da5740 f   ViewDlg.obj
 0001:00024760       ?dtor$6@?0???0CViewDlg@@QEAA@PEAVCWnd@@PEAVSapView@@@Z@4HA 0000000067da5760 f   ViewDlg.obj
 0001:00024770       ?dtor$0@?0??OnInitDialog@CViewDlg@@MEAAHXZ@4HA 0000000067da5770 f   ViewDlg.obj
 0001:00024780       ?dtor$1@?0??OnInitDialog@CViewDlg@@MEAAHXZ@4HA 0000000067da5780 f   ViewDlg.obj
 0001:0002478e       ?filt$0@?0??__ArrayUnwind@@YAXPEAX_KHP6AX0@Z@Z@4HA 0000000067da578e f   msvcrt:ehvecdtr.obj
 0001:000247cf       ?fin$0@?0???_M@YAXPEAX_KHP6AX0@Z@Z@4HA 0000000067da57cf f   msvcrt:ehvecdtr.obj
 0001:000247fb       _onexit$fin$0              0000000067da57fb f   msvcrt:atonexit.obj
 0001:00024816       ?fin$0@?0???_L@YAXPEAX_KHP6AX0@Z2@Z@4HA 0000000067da5816 f   msvcrt:ehvecctr.obj
 0001:00024842       __DllMainCRTStartup$filt$0 0000000067da5842 f   msvcrt:crtdll.obj
 0001:00024872       __DllMainCRTStartup$fin$1  0000000067da5872 f   msvcrt:crtdll.obj
 0001:00024890       _IsNonwritableInCurrentImage$filt$0 0000000067da5890 f   msvcrt:pesect.obj
 0001:000248c0       ??__E?m_Methods@CColorConversionOptionsDlg@@0PAUSapColorConversionMethodDictionary@@A@@YAXXZ 0000000067da58c0 f   ColorConversionDlg.obj
 0001:000249d0       ??__F?m_Methods@CColorConversionOptionsDlg@@0PAUSapColorConversionMethodDictionary@@A@@YAXXZ 0000000067da59d0 f   ColorConversionDlg.obj
