 SapClassGui82.NET_2010

 Timestamp is 5ac495cf (Wed Apr 04 17:07:27 2018)

 Preferred load address is 67d80000

 Start         Length     Name                   Class
 0001:00000000 000249b8H .text                   CODE
 0001:000249c0 00003320H .text$x                 CODE
 0001:00027ce0 00000123H .text$yc                CODE
 0001:00027e10 00000014H .text$yd                CODE
 0002:00000000 00000c70H .idata$5                DATA
 0002:00000c70 00000004H .CRT$XCA                DATA
 0002:00000c74 00000004H .CRT$XCU                DATA
 0002:00000c78 00000004H .CRT$XCZ                DATA
 0002:00000c7c 00000004H .CRT$XIA                DATA
 0002:00000c80 00000004H .CRT$XIAA               DATA
 0002:00000c84 00000004H .CRT$XIC                DATA
 0002:00000c88 00000004H .CRT$XIZ                DATA
 0002:00000c90 00008190H .rdata                  DATA
 0002:00008e20 000016f4H .rdata$r                DATA
 0002:0000a520 000002b0H .rdata$sxdata           DATA
 0002:0000a7d0 00000004H .rtc$IAA                DATA
 0002:0000a7d4 00000004H .rtc$IZZ                DATA
 0002:0000a7d8 00000004H .rtc$TAA                DATA
 0002:0000a7dc 00000004H .rtc$TZZ                DATA
 0002:0000a7e0 00002b94H .xdata$x                DATA
 0002:0000d374 00000004H ATL$__a                 DATA
 0002:0000d378 00000004H ATL$__z                 DATA
 0002:0000d37c 000000c8H .idata$2                DATA
 0002:0000d444 00000014H .idata$3                DATA
 0002:0000d458 00000c70H .idata$4                DATA
 0002:0000e0c8 000046d2H .idata$6                DATA
 0002:000127a0 000083c8H .edata                  DATA
 0003:00000000 00001098H .data                   DATA
 0003:00001098 000003ecH .bss                    DATA
 0004:00000000 000008e0H .rsrc$01                DATA
 0004:000008e0 00019a80H .rsrc$02                DATA

  Address         Publics by Value              Rva+Base       Lib:Object

 0000:00000000       __except_list              00000000     <absolute>
 0000:000000ac       ___safe_se_handler_count   000000ac     <absolute>
 0000:00009876       __fltused                  00009876     <absolute>
 0000:00009876       __ldused                   00009876     <absolute>
 0000:00000000       ___ImageBase               67d80000     <linker-defined>
 0001:00000000       ??0CRect@@QAE@XZ           67d81000 f i AbortDlg.obj
 0001:00000010       ??3CObject@@SGXPAX@Z       67d81010 f i AbortDlg.obj
 0001:00000030       ?GetWindowRect@CWnd@@QBEXPAUtagRECT@@@Z 67d81030 f i AbortDlg.obj
 0001:00000050       ?SetTimer@CWnd@@QAEIIIP6GXPAUHWND__@@IIK@Z@Z 67d81050 f i AbortDlg.obj
 0001:00000070       ?KillTimer@CWnd@@QAEHI@Z   67d81070 f i AbortDlg.obj
 0001:00000090       ?OnTimer@CWnd@@IAEXI@Z     67d81090 f i AbortDlg.obj
 0001:000000a0       ?DoDataExchange@CWnd@@MAEXPAVCDataExchange@@@Z 67d810a0 f i AbortDlg.obj
 0001:000000b0       ??1CAbortDlg@@UAE@XZ       67d810b0 f i AbortDlg.obj
 0001:000000c0       ??_GCAbortDlg@@UAEPAXI@Z   67d810c0 f i AbortDlg.obj
 0001:000000f0       ??_ECAbortDlg@@UAEPAXI@Z   67d810f0 f i AbortDlg.obj
 0001:00000150       ??0CAbortDlg@@QAE@PAVCWnd@@PAVSapTransfer@@H@Z 67d81150 f   AbortDlg.obj
 0001:000001a0       ?Serialize@CObject@@UAEXAAVCArchive@@@Z 67d811a0 f i AbortDlg.obj
 0001:000001b0       ?AssertValid@CObject@@UBEXXZ 67d811b0 f i AbortDlg.obj
 0001:000001c0       ?Dump@CObject@@UBEXAAVCDumpContext@@@Z 67d811c0 f i AbortDlg.obj
 0001:000001d0       ?BeginModalState@CWnd@@UAEXXZ 67d811d0 f i AbortDlg.obj
 0001:000001e0       ?EndModalState@CWnd@@UAEXXZ 67d811e0 f i AbortDlg.obj
 0001:000001f0       ?Create@CDialog@@UAEHIPAVCWnd@@@Z 67d811f0 f i AbortDlg.obj
 0001:00000210       ?DoDataExchange@CAbortDlg@@MAEXPAVCDataExchange@@@Z 67d81210 f   AbortDlg.obj
 0001:00000220       ?OnInitDialog@CAbortDlg@@MAEHXZ 67d81220 f   AbortDlg.obj
 0001:000002b0       ?OnAbort@CAbortDlg@@IAEXXZ 67d812b0 f   AbortDlg.obj
 0001:000002d0       ?OnTimer@CAbortDlg@@IAEXI@Z 67d812d0 f   AbortDlg.obj
 0001:00000360       ?GetThisMessageMap@CAbortDlg@@KGPBUAFX_MSGMAP@@XZ 67d81360 f   AbortDlg.obj
 0001:00000370       ?GetMessageMap@CAbortDlg@@MBEPBUAFX_MSGMAP@@XZ 67d81370 f   AbortDlg.obj
 0001:00000380       ?strrchr@@YAPADPADH@Z      67d81380 f i AcqConfigDlg.obj
 0001:00000390       ?strstr@@YAPADPADPBD@Z     67d81390 f i AcqConfigDlg.obj
 0001:000003a0       ?GetLocation@CAcqConfigDlg@@QAE?AVSapLocation@@XZ 67d813a0 f   AcqConfigDlg.obj
 0001:00000420       ?UpdateAcquisition@CAcqConfigDlg@@IAEHXZ 67d81420 f   AcqConfigDlg.obj
 0001:00000510       ?SaveSettings@CAcqConfigDlg@@IAEXXZ 67d81510 f   AcqConfigDlg.obj
 0001:00000640       ?UpdateDescription@CAcqConfigDlg@@IAEXXZ 67d81640 f   AcqConfigDlg.obj
 0001:00000960       ?ValidateCCFAgainstServerName@CAcqConfigDlg@@IAE_N_N@Z 67d81960 f   AcqConfigDlg.obj
 0001:00000ac0       ?GetConfigFile@CAcqConfigDlg@@QAEPBDXZ 67d81ac0 f   AcqConfigDlg.obj
 0001:00000ae0       ??HATL@@YA?AV?$CStringT@DV?$StrTraitMFC_DLL@DV?$ChTraitsCRT@D@ATL@@@@@0@ABV10@0@Z 67d81ae0 f i AcqConfigDlg.obj
 0001:00000b80       ?AfxGetApp@@YGPAVCWinApp@@XZ 67d81b80 f i AcqConfigDlg.obj
 0001:00000b90       ?BringWindowToTop@CWnd@@QAEXXZ 67d81b90 f i AcqConfigDlg.obj
 0001:00000ba0       ??0CListBox@@QAE@XZ        67d81ba0 f i AcqConfigDlg.obj
 0001:00000bc0       ??_GCListBox@@UAEPAXI@Z    67d81bc0 f i AcqConfigDlg.obj
 0001:00000bc0       ??_ECListBox@@UAEPAXI@Z    67d81bc0 f i AcqConfigDlg.obj
 0001:00000bf0       ??0CComboBox@@QAE@XZ       67d81bf0 f i AcqConfigDlg.obj
 0001:00000c10       ??_GCComboBox@@UAEPAXI@Z   67d81c10 f i AcqConfigDlg.obj
 0001:00000c10       ??_ECComboBox@@UAEPAXI@Z   67d81c10 f i AcqConfigDlg.obj
 0001:00000c40       ?GetCount@CComboBox@@QBEHXZ 67d81c40 f i AcqConfigDlg.obj
 0001:00000c60       ?GetCurSel@CComboBox@@QBEHXZ 67d81c60 f i AcqConfigDlg.obj
 0001:00000c80       ?SetCurSel@CComboBox@@QAEHH@Z 67d81c80 f i AcqConfigDlg.obj
 0001:00000ca0       ?GetItemData@CComboBox@@QBEKH@Z 67d81ca0 f i AcqConfigDlg.obj
 0001:00000cc0       ?SetItemData@CComboBox@@QAEHHK@Z 67d81cc0 f i AcqConfigDlg.obj
 0001:00000ce0       ?AddString@CComboBox@@QAEHPBD@Z 67d81ce0 f i AcqConfigDlg.obj
 0001:00000d00       ?ResetContent@CComboBox@@QAEXXZ 67d81d00 f i AcqConfigDlg.obj
 0001:00000d20       ?SelectString@CComboBox@@QAEHHPBD@Z 67d81d20 f i AcqConfigDlg.obj
 0001:00000d40       ??0CEdit@@QAE@XZ           67d81d40 f i AcqConfigDlg.obj
 0001:00000d60       ??_GCEdit@@UAEPAXI@Z       67d81d60 f i AcqConfigDlg.obj
 0001:00000e50       ??1CAcqConfigDlg@@UAE@XZ   67d81e50 f i AcqConfigDlg.obj
 0001:00000f20       ??_GCAcqConfigDlg@@UAEPAXI@Z 67d81f20 f i AcqConfigDlg.obj
 0001:00000f50       ??_ECAcqConfigDlg@@UAEPAXI@Z 67d81f50 f i AcqConfigDlg.obj
 0001:00000fb0       ?DoDataExchange@CAcqConfigDlg@@MAEXPAVCDataExchange@@@Z 67d81fb0 f   AcqConfigDlg.obj
 0001:00001030       ?InitServerCombo@CAcqConfigDlg@@IAEXXZ 67d82030 f   AcqConfigDlg.obj
 0001:00001280       ?UpdateMenu@CAcqConfigDlg@@IAEXXZ 67d82280 f   AcqConfigDlg.obj
 0001:00001360       ?OnOK@CAcqConfigDlg@@MAEXXZ 67d82360 f   AcqConfigDlg.obj
 0001:00001440       ?OnSelchangeComboResource@CAcqConfigDlg@@IAEXXZ 67d82440 f   AcqConfigDlg.obj
 0001:00001460       ?OnBnClickedConfigFileCheck@CAcqConfigDlg@@IAEXXZ 67d82460 f   AcqConfigDlg.obj
 0001:00001480       ?StringCbCopyA@@YGJPADIPBD@Z 67d82480 f i AcqConfigDlg.obj
 0001:000014f0       ?StringCbPrintfA@@YAJPADIPBDZZ 67d824f0 f i AcqConfigDlg.obj
 0001:00001550       ?LoadSettings@CAcqConfigDlg@@IAEXXZ 67d82550 f   AcqConfigDlg.obj
 0001:00001790       ?InitResourceCombo@CAcqConfigDlg@@IAEXXZ 67d82790 f   AcqConfigDlg.obj
 0001:00001bc0       ?SplitConfigFilePath@CAcqConfigDlg@@IAEXXZ 67d82bc0 f   AcqConfigDlg.obj
 0001:00001c90       ?OnSelchangeComboServer@CAcqConfigDlg@@IAEXXZ 67d82c90 f   AcqConfigDlg.obj
 0001:00001cb0       ??0CAcqConfigDlg@@QAE@PAVCWnd@@W4ServerCategory@0@@Z 67d82cb0 f   AcqConfigDlg.obj
 0001:00001e00       ??_ECAcqConfigDlg@@WJE@AEPAXI@Z 67d82e00 f i AcqConfigDlg.obj
 0001:00001e10       ??0CAcqConfigDlg@@QAE@PAVCWnd@@VSapLocation@@PBDW4ServerCategory@0@@Z 67d82e10 f   AcqConfigDlg.obj
 0001:00001ff0       ??0CAcqConfigDlg@@QAE@PAVCWnd@@PAVSapAcquisition@@PBD@Z 67d82ff0 f   AcqConfigDlg.obj
 0001:00002210       ?OnInitDialog@CAcqConfigDlg@@MAEHXZ 67d83210 f   AcqConfigDlg.obj
 0001:000022e0       ?OnConfigBrowse@CAcqConfigDlg@@IAEXXZ 67d832e0 f   AcqConfigDlg.obj
 0001:00002460       ?GetThisMessageMap@CAcqConfigDlg@@KGPBUAFX_MSGMAP@@XZ 67d83460 f   AcqConfigDlg.obj
 0001:00002470       ?GetMessageMap@CAcqConfigDlg@@MBEPBUAFX_MSGMAP@@XZ 67d83470 f   AcqConfigDlg.obj
 0001:00002480       ??0CAcqDlg@@QAE@PAVCWnd@@PAVSapAcquisition@@@Z 67d83480 f   AcqDlg.obj
 0001:00002510       ?UpdateWindow@CAcqDlg@@IAEXXZ 67d83510 f   AcqDlg.obj
 0001:000025e0       ?OnExternalTriggerEnable@CAcqDlg@@IAEXXZ 67d835e0 f   AcqDlg.obj
 0001:00002600       ?GetCheck@CButton@@QBEHXZ  67d83600 f i AcqDlg.obj
 0001:00002620       ?SetCheck@CButton@@QAEXH@Z 67d83620 f i AcqDlg.obj
 0001:000026b0       ??1CAcqDlg@@UAE@XZ         67d836b0 f i AcqDlg.obj
 0001:00002710       ??_GCAcqDlg@@UAEPAXI@Z     67d83710 f i AcqDlg.obj
 0001:00002780       ??_ECAcqDlg@@UAEPAXI@Z     67d83780 f i AcqDlg.obj
 0001:00002840       ?DoDataExchange@CAcqDlg@@MAEXPAVCDataExchange@@@Z 67d83840 f   AcqDlg.obj
 0001:00002880       ?GetThisMessageMap@CAcqDlg@@KGPBUAFX_MSGMAP@@XZ 67d83880 f   AcqDlg.obj
 0001:00002890       ?OnOK@CAcqDlg@@MAEXXZ      67d83890 f   AcqDlg.obj
 0001:00002a60       ??_ECAcqDlg@@WJE@AEPAXI@Z  67d83a60 f i AcqDlg.obj
 0001:00002a70       ?GetMessageMap@CAcqDlg@@MBEPBUAFX_MSGMAP@@XZ 67d83a70 f   AcqDlg.obj
 0001:00002a80       ?OnInitDialog@CAcqDlg@@MAEHXZ 67d83a80 f   AcqDlg.obj
 0001:00003040       ??0CScrollBar@@QAE@XZ      67d84040 f i AScanDlg.obj
 0001:00003060       ??_ECScrollBar@@UAEPAXI@Z  67d84060 f i AScanDlg.obj
 0001:00003060       ??_GCScrollBar@@UAEPAXI@Z  67d84060 f i AScanDlg.obj
 0001:00003100       ??1CAScanDlg@@UAE@XZ       67d84100 f i AScanDlg.obj
 0001:00003180       ??_GCAScanDlg@@UAEPAXI@Z   67d84180 f i AScanDlg.obj
 0001:00003210       ??_ECAScanDlg@@UAEPAXI@Z   67d84210 f i AScanDlg.obj
 0001:000032f0       ??0CAScanDlg@@QAE@PAVCWnd@@PAVSapAcquisition@@@Z 67d842f0 f   AScanDlg.obj
 0001:000033b0       ?DoDataExchange@CAScanDlg@@MAEXPAVCDataExchange@@@Z 67d843b0 f   AScanDlg.obj
 0001:00003410       ?UpdateWindow@CAScanDlg@@IAEXXZ 67d84410 f   AScanDlg.obj
 0001:00003510       ?OnCamTriggerEnable@CAScanDlg@@IAEXXZ 67d84510 f   AScanDlg.obj
 0001:00003520       ?OnCamResetEnable@CAScanDlg@@IAEXXZ 67d84520 f   AScanDlg.obj
 0001:00003530       ?OnTimeIntegrate@CAScanDlg@@IAEXXZ 67d84530 f   AScanDlg.obj
 0001:00003540       ?OnFrameIntegrate@CAScanDlg@@IAEXXZ 67d84540 f   AScanDlg.obj
 0001:00003550       ??_ECAScanDlg@@WJE@AEPAXI@Z 67d84550 f i AScanDlg.obj
 0001:00003560       ?VerifyTimeIntegrateDuration@CAScanDlg@@IAEXH@Z 67d84560 f   AScanDlg.obj
 0001:00003680       ?VerifyFrameIntegrateCount@CAScanDlg@@IAEXXZ 67d84680 f   AScanDlg.obj
 0001:00003760       ?OnOK@CAScanDlg@@MAEXXZ    67d84760 f   AScanDlg.obj
 0001:00003a60       ?OnInitDialog@CAScanDlg@@MAEHXZ 67d84a60 f   AScanDlg.obj
 0001:00004010       ?OnKillfocusEditTime@CAScanDlg@@IAEXXZ 67d85010 f   AScanDlg.obj
 0001:00004030       ?OnKillfocusEditFrame@CAScanDlg@@IAEXXZ 67d85030 f   AScanDlg.obj
 0001:00004050       ?OnVScroll@CAScanDlg@@IAEXIIPAVCScrollBar@@@Z 67d85050 f   AScanDlg.obj
 0001:00004130       ?GetThisMessageMap@CAScanDlg@@KGPBUAFX_MSGMAP@@XZ 67d85130 f   AScanDlg.obj
 0001:00004140       ?GetMessageMap@CAScanDlg@@MBEPBUAFX_MSGMAP@@XZ 67d85140 f   AScanDlg.obj
 0001:00004150       ?OnVScroll@CAviFileDlg@@IAEXIIPAVCScrollBar@@@Z 67d85150 f   AviFileDlg.obj
 0001:000041f0       ?OnUpdateAviEditFirstFrame@CAviFileDlg@@IAEXXZ 67d851f0 f   AviFileDlg.obj
 0001:00004200       ?OnUpdateAviEditCompressionLevel@CAviFileDlg@@IAEXXZ 67d85200 f   AviFileDlg.obj
 0001:00004210       ?OnInitDialog@CAviFileDlg@@MAEHXZ 67d85210 f   AviFileDlg.obj
 0001:000042b0       ?OnOK@CAviFileDlg@@MAEXXZ  67d852b0 f   AviFileDlg.obj
 0001:00004320       ??0CAviFileDlg@@QAE@PAVCWnd@@HHHH@Z 67d85320 f   AviFileDlg.obj
 0001:00004400       ??1CAviFileDlg@@UAE@XZ     67d85400 f i AviFileDlg.obj
 0001:00004410       ??_GCAviFileDlg@@UAEPAXI@Z 67d85410 f i AviFileDlg.obj
 0001:00004410       ??_ECAviFileDlg@@UAEPAXI@Z 67d85410 f i AviFileDlg.obj
 0001:00004440       ?DoDataExchange@CAviFileDlg@@MAEXPAVCDataExchange@@@Z 67d85440 f   AviFileDlg.obj
 0001:000044a0       ?GetThisMessageMap@CAviFileDlg@@KGPBUAFX_MSGMAP@@XZ 67d854a0 f   AviFileDlg.obj
 0001:000044b0       ?GetMessageMap@CAviFileDlg@@MBEPBUAFX_MSGMAP@@XZ 67d854b0 f   AviFileDlg.obj
 0001:000044c0       ??0CBayerOptionsDlg@@QAE@PAVCWnd@@PAVSapBayer@@PAVSapTransfer@@PAVCImageWnd@@PAVSapProcessing@@@Z 67d854c0 f   BayerDlg.obj
 0001:00004580       ??1CBayerOptionsDlg@@UAE@XZ 67d85580 f   BayerDlg.obj
 0001:000045f0       ?UpdateInterface@CBayerOptionsDlg@@QAEXXZ 67d855f0 f   BayerDlg.obj
 0001:000048c0       ?OnChange@CBayerOptionsDlg@@IAEXXZ 67d858c0 f   BayerDlg.obj
 0001:000048f0       ?OnGammaEnable@CBayerOptionsDlg@@IAEXXZ 67d858f0 f   BayerDlg.obj
 0001:00004950       ?OnChangeRange@CBayerOptionsDlg@@IAEXI@Z 67d85950 f   BayerDlg.obj
 0001:00004960       ?UpdateView@CBayerOptionsDlg@@IAEXXZ 67d85960 f   BayerDlg.obj
 0001:00004a00       ?OnClose@CBayerOptionsDlg@@IAEXXZ 67d85a00 f   BayerDlg.obj
 0001:00004a40       ?Width@CRect@@QBEHXZ       67d85a40 f i BayerDlg.obj
 0001:00004a50       ?Height@CRect@@QBEHXZ      67d85a50 f i BayerDlg.obj
 0001:00004a60       ?OnShowWindow@CWnd@@IAEXHI@Z 67d85a60 f i BayerDlg.obj
 0001:00004a70       ?IsRoiTrackerActive@CImageWnd@@QAEHXZ 67d85a70 f i BayerDlg.obj
 0001:00004a80       ??_GCBayerOptionsDlg@@UAEPAXI@Z 67d85a80 f i BayerDlg.obj
 0001:00004ab0       ??_ECBayerOptionsDlg@@UAEPAXI@Z 67d85ab0 f i BayerDlg.obj
 0001:00004b10       ?DoDataExchange@CBayerOptionsDlg@@MAEXPAVCDataExchange@@@Z 67d85b10 f   BayerDlg.obj
 0001:00004ba0       ?OnInitDialog@CBayerOptionsDlg@@MAEHXZ 67d85ba0 f   BayerDlg.obj
 0001:00004be0       ?OnAutoWhiteBalance@CBayerOptionsDlg@@IAEXXZ 67d85be0 f   BayerDlg.obj
 0001:00004cc0       ?OnApply@CBayerOptionsDlg@@IAEXXZ 67d85cc0 f   BayerDlg.obj
 0001:00004e30       ?OnShowWindow@CBayerOptionsDlg@@IAEXHI@Z 67d85e30 f   BayerDlg.obj
 0001:00004e70       ??_ECBayerOptionsDlg@@WJE@AEPAXI@Z 67d85e70 f i BayerDlg.obj
 0001:00004e80       ?GetThisMessageMap@CBayerOptionsDlg@@KGPBUAFX_MSGMAP@@XZ 67d85e80 f   BayerDlg.obj
 0001:00004e90       ?GetMessageMap@CBayerOptionsDlg@@MBEPBUAFX_MSGMAP@@XZ 67d85e90 f   BayerDlg.obj
 0001:00004ea0       ??0CBrowseDirDlg@@QAE@PBD@Z 67d85ea0 f   BrowseDirDlg.obj
 0001:00004f00       ?BrowseHookProc@CBrowseDirDlg@@KGIPAUHWND__@@IIJ@Z 67d85f00 f   BrowseDirDlg.obj
 0001:00004f40       ??HATL@@YA?AV?$CStringT@DV?$StrTraitMFC_DLL@DV?$ChTraitsCRT@D@ATL@@@@@0@ABV10@D@Z 67d85f40 f i BrowseDirDlg.obj
 0001:00005040       ?DoModal@CBrowseDirDlg@@QAEHXZ 67d86040 f   BrowseDirDlg.obj
 0001:00005300       ?UpdateBuffer@CBufDlg@@IAEHXZ 67d86300 f   BufDlg.obj
 0001:000053b0       ?OnOK@CBufDlg@@MAEXXZ      67d863b0 f   BufDlg.obj
 0001:000053d0       ?EnableControls@CBufDlg@@IAEXXZ 67d863d0 f   BufDlg.obj
 0001:00005480       ??1CBufDlg@@UAE@XZ         67d86480 f i BufDlg.obj
 0001:00005500       ??_GCBufDlg@@UAEPAXI@Z     67d86500 f i BufDlg.obj
 0001:00005590       ??_ECBufDlg@@UAEPAXI@Z     67d86590 f i BufDlg.obj
 0001:00005670       ??0CBufDlg@@QAE@PAVCWnd@@PAVSapBuffer@@PAVSapDisplay@@@Z 67d86670 f   BufDlg.obj
 0001:00005870       ?DoDataExchange@CBufDlg@@MAEXPAVCDataExchange@@@Z 67d86870 f   BufDlg.obj
 0001:000058f0       ?OnInitDialog@CBufDlg@@MAEHXZ 67d868f0 f   BufDlg.obj
 0001:000059a0       ?OnSelchangeComboFormat@CBufDlg@@IAEXXZ 67d869a0 f   BufDlg.obj
 0001:00005a10       ?GetThisMessageMap@CBufDlg@@KGPBUAFX_MSGMAP@@XZ 67d86a10 f   BufDlg.obj
 0001:00005a20       ?GetMessageMap@CBufDlg@@MBEPBUAFX_MSGMAP@@XZ 67d86a20 f   BufDlg.obj
 0001:00005a30       ??1CCabDlg@@UAE@XZ         67d86a30 f   CabDlg.obj
 0001:00005ad0       ?DestroyWindow@CCabDlg@@UAEHXZ 67d86ad0 f   CabDlg.obj
 0001:00005b00       ?InsertItem@CTabCtrl@@QAEJHPBD@Z 67d86b00 f i CabDlg.obj
 0001:00005b20       ?GetCurSel@CTabCtrl@@QBEHXZ 67d86b20 f i CabDlg.obj
 0001:00005b40       ??_GCCabDlg@@UAEPAXI@Z     67d86b40 f i CabDlg.obj
 0001:00005b70       ??_ECCabDlg@@UAEPAXI@Z     67d86b70 f i CabDlg.obj
 0001:00005bd0       ??0CCabDlg@@QAE@PAVCWnd@@PAVSapCab@@PAVSapXferNode@@H@Z 67d86bd0 f   CabDlg.obj
 0001:00005d50       ??_GSapCab@@UAEPAXI@Z      67d86d50 f i CabDlg.obj
 0001:00005d50       ??_ESapCab@@UAEPAXI@Z      67d86d50 f i CabDlg.obj
 0001:00005d80       ?DoDataExchange@CCabDlg@@MAEXPAVCDataExchange@@@Z 67d86d80 f   CabDlg.obj
 0001:00005df0       ?EnableControls@CCabDlg@@QAEXXZ 67d86df0 f   CabDlg.obj
 0001:00006100       ?OnInitDialog@CCabDlg@@MAEHXZ 67d87100 f   CabDlg.obj
 0001:000064d0       ?OnOK@CCabDlg@@MAEXXZ      67d874d0 f   CabDlg.obj
 0001:000066e0       ?OnCabTransmitter@CCabDlg@@IAEXXZ 67d876e0 f   CabDlg.obj
 0001:000066f0       ?OnCabReceiver@CCabDlg@@IAEXXZ 67d876f0 f   CabDlg.obj
 0001:00006700       ?OnSelchangeCabTransferMode@CCabDlg@@IAEXXZ 67d87700 f   CabDlg.obj
 0001:00006710       ?OnSelchangeCabChannelTable@CCabDlg@@IAEXPAUtagNMHDR@@PAJ@Z 67d87710 f   CabDlg.obj
 0001:00006750       ?ToggleCabChannel@CCabDlg@@IAEXH@Z 67d87750 f   CabDlg.obj
 0001:00006780       ??_ECCabDlg@@WJE@AEPAXI@Z  67d87780 f i CabDlg.obj
 0001:00006790       ?OnCabChannel0@CCabDlg@@IAEXXZ 67d87790 f   CabDlg.obj
 0001:000067a0       ?OnCabChannel1@CCabDlg@@IAEXXZ 67d877a0 f   CabDlg.obj
 0001:000067b0       ?OnCabChannel2@CCabDlg@@IAEXXZ 67d877b0 f   CabDlg.obj
 0001:000067c0       ?OnCabChannel3@CCabDlg@@IAEXXZ 67d877c0 f   CabDlg.obj
 0001:000067d0       ?OnCabChannel4@CCabDlg@@IAEXXZ 67d877d0 f   CabDlg.obj
 0001:000067e0       ?OnCabChannel5@CCabDlg@@IAEXXZ 67d877e0 f   CabDlg.obj
 0001:000067f0       ?OnCabChannel6@CCabDlg@@IAEXXZ 67d877f0 f   CabDlg.obj
 0001:00006800       ?OnCabChannel7@CCabDlg@@IAEXXZ 67d87800 f   CabDlg.obj
 0001:00006810       ?OnCabChannel8@CCabDlg@@IAEXXZ 67d87810 f   CabDlg.obj
 0001:00006820       ?OnCabChannel9@CCabDlg@@IAEXXZ 67d87820 f   CabDlg.obj
 0001:00006830       ?OnCabChannel10@CCabDlg@@IAEXXZ 67d87830 f   CabDlg.obj
 0001:00006840       ?OnCabChannel11@CCabDlg@@IAEXXZ 67d87840 f   CabDlg.obj
 0001:00006850       ?OnCabChannel12@CCabDlg@@IAEXXZ 67d87850 f   CabDlg.obj
 0001:00006860       ?OnCabChannel13@CCabDlg@@IAEXXZ 67d87860 f   CabDlg.obj
 0001:00006870       ?OnCabChannel14@CCabDlg@@IAEXXZ 67d87870 f   CabDlg.obj
 0001:00006880       ?OnCabChannel15@CCabDlg@@IAEXXZ 67d87880 f   CabDlg.obj
 0001:00006890       ?GetThisMessageMap@CCabDlg@@KGPBUAFX_MSGMAP@@XZ 67d87890 f   CabDlg.obj
 0001:000068a0       ?GetMessageMap@CCabDlg@@MBEPBUAFX_MSGMAP@@XZ 67d878a0 f   CabDlg.obj
 0001:000068b0       ?GetDir@CBrowseDirDlg@@QAE?AV?$CStringT@DV?$StrTraitMFC_DLL@DV?$ChTraitsCRT@D@ATL@@@@@ATL@@XZ 67d878b0 f i CamVicDlg.obj
 0001:000068e0       ?UpdateAcquisition@CCamVicDlg@@IAEHXZ 67d878e0 f   CamVicDlg.obj
 0001:00006a00       ?SaveSettings@CCamVicDlg@@IAEXXZ 67d87a00 f   CamVicDlg.obj
 0001:00006aa0       ??1CBrowseDirDlg@@QAE@XZ   67d87aa0 f i CamVicDlg.obj
 0001:00006ab0       ?MakeVicAvailable@CCamVicDlg@@IAEHXZ 67d87ab0 f   CamVicDlg.obj
 0001:00006bc0       ?OnSelchangeComboResource@CCamVicDlg@@IAEXXZ 67d87bc0 f   CamVicDlg.obj
 0001:00006bd0       ??HATL@@YA?AV?$CStringT@DV?$StrTraitMFC_DLL@DV?$ChTraitsCRT@D@ATL@@@@@0@ABV10@PBD@Z 67d87bd0 f i CamVicDlg.obj
 0001:00006c60       ?GetCount@CListBox@@QBEHXZ 67d87c60 f i CamVicDlg.obj
 0001:00006c80       ?GetText@CListBox@@QBEHHPAD@Z 67d87c80 f i CamVicDlg.obj
 0001:00006ca0       ?ResetContent@CListBox@@QAEXXZ 67d87ca0 f i CamVicDlg.obj
 0001:00006cc0       ?Dir@CListBox@@QAEHIPBD@Z  67d87cc0 f i CamVicDlg.obj
 0001:00006ce0       ?SetDroppedWidth@CComboBox@@QAEHI@Z 67d87ce0 f i CamVicDlg.obj
 0001:00006e60       ??1CCamVicDlg@@UAE@XZ      67d87e60 f i CamVicDlg.obj
 0001:00006f40       ??_GCCamVicDlg@@UAEPAXI@Z  67d87f40 f i CamVicDlg.obj
 0001:00006f70       ??_ECCamVicDlg@@UAEPAXI@Z  67d87f70 f i CamVicDlg.obj
 0001:00006fd0       ?DoDataExchange@CCamVicDlg@@MAEXPAVCDataExchange@@@Z 67d87fd0 f   CamVicDlg.obj
 0001:00007070       ?InitResourceCombo@CCamVicDlg@@IAEXXZ 67d88070 f   CamVicDlg.obj
 0001:00007250       ?UpdateBoxAvailability@CCamVicDlg@@IAEXXZ 67d88250 f   CamVicDlg.obj
 0001:000072e0       ?OnSelchangeComboCamera@CCamVicDlg@@IAEXXZ 67d882e0 f   CamVicDlg.obj
 0001:00007340       ?OnSelchangeComboVic@CCamVicDlg@@IAEXXZ 67d88340 f   CamVicDlg.obj
 0001:000073a0       ?OnSelchangeComboServer@CCamVicDlg@@IAEXXZ 67d883a0 f   CamVicDlg.obj
 0001:000073c0       ?StringCbCatA@@YGJPADIPBD@Z 67d883c0 f i CamVicDlg.obj
 0001:00007440       ?LoadSettings@CCamVicDlg@@IAEXXZ 67d88440 f   CamVicDlg.obj
 0001:000075f0       ?SetDirectories@CCamVicDlg@@IAEXXZ 67d885f0 f   CamVicDlg.obj
 0001:00007b00       ?InitServerCombo@CCamVicDlg@@IAEXXZ 67d88b00 f   CamVicDlg.obj
 0001:00007c30       ?UpdateCurrentDir@CCamVicDlg@@IAEXPADH@Z 67d88c30 f   CamVicDlg.obj
 0001:00007ce0       ?UpdateNames@CCamVicDlg@@IAEXH@Z 67d88ce0 f   CamVicDlg.obj
 0001:000082a0       ?OnGenerateVic@CCamVicDlg@@IAEXXZ 67d892a0 f   CamVicDlg.obj
 0001:000085e0       ?OnOK@CCamVicDlg@@MAEXXZ   67d895e0 f   CamVicDlg.obj
 0001:00008650       ??0CCamVicDlg@@QAE@PAVCWnd@@PAVSapAcquisition@@PBD@Z 67d89650 f   CamVicDlg.obj
 0001:00008920       ??_ECCamVicDlg@@WJE@AEPAXI@Z 67d89920 f i CamVicDlg.obj
 0001:00008930       ?OnInitDialog@CCamVicDlg@@MAEHXZ 67d89930 f   CamVicDlg.obj
 0001:00008990       ?OnCamBrowse@CCamVicDlg@@IAEXXZ 67d89990 f   CamVicDlg.obj
 0001:00008a50       ?OnVicBrowse@CCamVicDlg@@IAEXXZ 67d89a50 f   CamVicDlg.obj
 0001:00008b10       ?OnKillfocusEditCamPath@CCamVicDlg@@IAEXXZ 67d89b10 f   CamVicDlg.obj
 0001:00008b70       ?OnKillfocusEditVicPath@CCamVicDlg@@IAEXXZ 67d89b70 f   CamVicDlg.obj
 0001:00008bd0       ?GetThisMessageMap@CCamVicDlg@@KGPBUAFX_MSGMAP@@XZ 67d89bd0 f   CamVicDlg.obj
 0001:00008be0       ?GetMessageMap@CCamVicDlg@@MBEPBUAFX_MSGMAP@@XZ 67d89be0 f   CamVicDlg.obj
 0001:00008bf0       ??1SapColorConversionMethodDictionary@@QAE@XZ 67d89bf0 f i ColorConversionDlg.obj
 0001:00008c00       ??0CColorConversionOptionsDlg@@QAE@PAVCWnd@@PAVSapColorConversion@@PAVSapTransfer@@PAVCImageWnd@@PAVSapProcessing@@@Z 67d89c00 f   ColorConversionDlg.obj
 0001:00008cd0       ??1CColorConversionOptionsDlg@@UAE@XZ 67d89cd0 f   ColorConversionDlg.obj
 0001:00008d50       ?OnChangeNumber@CColorConversionOptionsDlg@@IAEXXZ 67d89d50 f   ColorConversionDlg.obj
 0001:00008d70       ?OnGammaEnable@CColorConversionOptionsDlg@@IAEXXZ 67d89d70 f   ColorConversionDlg.obj
 0001:00008dd0       ?UpdateView@CColorConversionOptionsDlg@@IAEXXZ 67d89dd0 f   ColorConversionDlg.obj
 0001:00008e70       ?OnClose@CColorConversionOptionsDlg@@IAEXXZ 67d89e70 f   ColorConversionDlg.obj
 0001:00008eb0       ??_GCColorConversionOptionsDlg@@UAEPAXI@Z 67d89eb0 f i ColorConversionDlg.obj
 0001:00008ee0       ??_ECColorConversionOptionsDlg@@UAEPAXI@Z 67d89ee0 f i ColorConversionDlg.obj
 0001:00008f40       ?DoDataExchange@CColorConversionOptionsDlg@@MAEXPAVCDataExchange@@@Z 67d89f40 f   ColorConversionDlg.obj
 0001:00008fe0       ?SetSelectedMethodDescription@CColorConversionOptionsDlg@@IAEXXZ 67d89fe0 f   ColorConversionDlg.obj
 0001:00009070       ?OnApply@CColorConversionOptionsDlg@@IAEXXZ 67d8a070 f   ColorConversionDlg.obj
 0001:00009200       ??_ECColorConversionOptionsDlg@@WJE@AEPAXI@Z 67d8a200 f i ColorConversionDlg.obj
 0001:00009210       ?UpdateInterface@CColorConversionOptionsDlg@@QAEXXZ 67d8a210 f   ColorConversionDlg.obj
 0001:00009550       ?OnChange@CColorConversionOptionsDlg@@IAEXXZ 67d8a550 f   ColorConversionDlg.obj
 0001:00009580       ?OnChangeRange@CColorConversionOptionsDlg@@IAEXI@Z 67d8a580 f   ColorConversionDlg.obj
 0001:00009590       ?OnAutoWhiteBalance@CColorConversionOptionsDlg@@IAEXXZ 67d8a590 f   ColorConversionDlg.obj
 0001:00009630       ?OnShowWindow@CColorConversionOptionsDlg@@IAEXHI@Z 67d8a630 f   ColorConversionDlg.obj
 0001:00009670       ?GetThisMessageMap@CColorConversionOptionsDlg@@KGPBUAFX_MSGMAP@@XZ 67d8a670 f   ColorConversionDlg.obj
 0001:00009680       ?OnInitDialog@CColorConversionOptionsDlg@@MAEHXZ 67d8a680 f   ColorConversionDlg.obj
 0001:000096c0       ?GetMessageMap@CColorConversionOptionsDlg@@MBEPBUAFX_MSGMAP@@XZ 67d8a6c0 f   ColorConversionDlg.obj
 0001:000096d0       ?OnOK@CCompDlg@@MAEXXZ     67d8a6d0 f   CompDlg.obj
 0001:000096e0       ?SetBrightness@CCompDlg@@IAEXXZ 67d8a6e0 f   CompDlg.obj
 0001:00009750       ?SetContrast@CCompDlg@@IAEXXZ 67d8a750 f   CompDlg.obj
 0001:000097c0       ?SetHue@CCompDlg@@IAEXXZ   67d8a7c0 f   CompDlg.obj
 0001:00009820       ?SetSaturation@CCompDlg@@IAEXXZ 67d8a820 f   CompDlg.obj
 0001:00009880       ?SetSharpness@CCompDlg@@IAEXXZ 67d8a880 f   CompDlg.obj
 0001:000098d0       ??0CSliderCtrl@@QAE@XZ     67d8a8d0 f i CompDlg.obj
 0001:000098f0       ??_ECSliderCtrl@@UAEPAXI@Z 67d8a8f0 f i CompDlg.obj
 0001:000098f0       ??_GCSliderCtrl@@UAEPAXI@Z 67d8a8f0 f i CompDlg.obj
 0001:00009920       ?SetPageSize@CSliderCtrl@@QAEHH@Z 67d8a920 f i CompDlg.obj
 0001:00009940       ?SetPos@CSliderCtrl@@QAEXH@Z 67d8a940 f i CompDlg.obj
 0001:00009960       ?SetTicFreq@CSliderCtrl@@QAEXH@Z 67d8a960 f i CompDlg.obj
 0001:00009980       ??1CCompDlg@@UAE@XZ        67d8a980 f i CompDlg.obj
 0001:00009a30       ??_GCCompDlg@@UAEPAXI@Z    67d8aa30 f i CompDlg.obj
 0001:00009a60       ??_ECCompDlg@@UAEPAXI@Z    67d8aa60 f i CompDlg.obj
 0001:00009ac0       ??0CCompDlg@@QAE@PAVCWnd@@PAVSapAcquisition@@PAVSapTransfer@@@Z 67d8aac0 f   CompDlg.obj
 0001:00009be0       ?DoDataExchange@CCompDlg@@MAEXPAVCDataExchange@@@Z 67d8abe0 f   CompDlg.obj
 0001:00009cb0       ?Snap@CCompDlg@@IAEXXZ     67d8acb0 f   CompDlg.obj
 0001:00009d90       ?OnCancel@CCompDlg@@MAEXXZ 67d8ad90 f   CompDlg.obj
 0001:00009ea0       ?UpdateWindow@CCompDlg@@IAEXXZ 67d8aea0 f   CompDlg.obj
 0001:00009fe0       ?OnHScroll@CCompDlg@@IAEXIIPAVCScrollBar@@@Z 67d8afe0 f   CompDlg.obj
 0001:0000a1b0       ?OnRed@CCompDlg@@IAEXXZ    67d8b1b0 f   CompDlg.obj
 0001:0000a1f0       ?OnGreen@CCompDlg@@IAEXXZ  67d8b1f0 f   CompDlg.obj
 0001:0000a230       ?OnBlue@CCompDlg@@IAEXXZ   67d8b230 f   CompDlg.obj
 0001:0000a270       ?OnKillfocusEditContrast@CCompDlg@@IAEXXZ 67d8b270 f   CompDlg.obj
 0001:0000a2b0       ?OnKillfocusEditBrightness@CCompDlg@@IAEXXZ 67d8b2b0 f   CompDlg.obj
 0001:0000a2f0       ?OnKillfocusEditHue@CCompDlg@@IAEXXZ 67d8b2f0 f   CompDlg.obj
 0001:0000a330       ?OnKillfocusEditSaturation@CCompDlg@@IAEXXZ 67d8b330 f   CompDlg.obj
 0001:0000a370       ?OnKillfocusEditSharpness@CCompDlg@@IAEXXZ 67d8b370 f   CompDlg.obj
 0001:0000a3b0       ?OnDefault@CCompDlg@@IAEXXZ 67d8b3b0 f   CompDlg.obj
 0001:0000a4b0       ??_ECCompDlg@@WJE@AEPAXI@Z 67d8b4b0 f i CompDlg.obj
 0001:0000a4c0       ?GetThisMessageMap@CCompDlg@@KGPBUAFX_MSGMAP@@XZ 67d8b4c0 f   CompDlg.obj
 0001:0000a4d0       ?OnInitDialog@CCompDlg@@MAEHXZ 67d8b4d0 f   CompDlg.obj
 0001:0000afc0       ?GetMessageMap@CCompDlg@@MBEPBUAFX_MSGMAP@@XZ 67d8bfc0 f   CompDlg.obj
 0001:0000afd0       ??1CFlatFieldDlg@@UAE@XZ   67d8bfd0 f   FlatFieldDlg.obj
 0001:0000b0c0       ?OnDestroy@CFlatFieldDlg@@IAEXXZ 67d8c0c0 f   FlatFieldDlg.obj
 0001:0000b0d0       ?OnOK@CFlatFieldDlg@@MAEXXZ 67d8c0d0 f   FlatFieldDlg.obj
 0001:0000b120       ?OnCancel@CFlatFieldDlg@@MAEXXZ 67d8c120 f   FlatFieldDlg.obj
 0001:0000b190       ?OnBnClickedScgFfLoadClusterMap@CFlatFieldDlg@@IAEXXZ 67d8c190 f   FlatFieldDlg.obj
 0001:0000b310       ?GetAverageStr@CFlatFieldDlg@@ABE?AV?$CStringT@DV?$StrTraitMFC_DLL@DV?$ChTraitsCRT@D@ATL@@@@@ATL@@AAVSapFlatFieldStats@@@Z 67d8c310 f   FlatFieldDlg.obj
 0001:0000b430       ?GetStdDeviationStr@CFlatFieldDlg@@ABE?AV?$CStringT@DV?$StrTraitMFC_DLL@DV?$ChTraitsCRT@D@ATL@@@@@ATL@@AAVSapFlatFieldStats@@@Z 67d8c430 f   FlatFieldDlg.obj
 0001:0000b550       ?GetLowStr@CFlatFieldDlg@@ABE?AV?$CStringT@DV?$StrTraitMFC_DLL@DV?$ChTraitsCRT@D@ATL@@@@@ATL@@AAVSapFlatFieldStats@@@Z 67d8c550 f   FlatFieldDlg.obj
 0001:0000b670       ?GetHighStr@CFlatFieldDlg@@ABE?AV?$CStringT@DV?$StrTraitMFC_DLL@DV?$ChTraitsCRT@D@ATL@@@@@ATL@@AAVSapFlatFieldStats@@@Z 67d8c670 f   FlatFieldDlg.obj
 0001:0000b790       ?GetPeakPositionStr@CFlatFieldDlg@@ABE?AV?$CStringT@DV?$StrTraitMFC_DLL@DV?$ChTraitsCRT@D@ATL@@@@@ATL@@AAVSapFlatFieldStats@@@Z 67d8c790 f   FlatFieldDlg.obj
 0001:0000b8b0       ?GetPixelRatioStr@CFlatFieldDlg@@ABE?AV?$CStringT@DV?$StrTraitMFC_DLL@DV?$ChTraitsCRT@D@ATL@@@@@ATL@@AAVSapFlatFieldStats@@@Z 67d8c8b0 f   FlatFieldDlg.obj
 0001:0000b9e0       ?GetNumPixelsStr@CFlatFieldDlg@@ABE?AV?$CStringT@DV?$StrTraitMFC_DLL@DV?$ChTraitsCRT@D@ATL@@@@@ATL@@AAVSapFlatFieldStats@@@Z 67d8c9e0 f   FlatFieldDlg.obj
 0001:0000bb00       ??0CSize@@QAE@UtagSIZE@@@Z 67d8cb00 f i FlatFieldDlg.obj
 0001:0000bb20       ?GetTextExtent@CDC@@QBE?AVCSize@@ABV?$CStringT@DV?$StrTraitMFC_DLL@DV?$ChTraitsCRT@D@ATL@@@@@ATL@@@Z 67d8cb20 f i FlatFieldDlg.obj
 0001:0000bb70       ?GetDC@CWnd@@QAEPAVCDC@@XZ 67d8cb70 f i FlatFieldDlg.obj
 0001:0000bb90       ?ReleaseDC@CWnd@@QAEHPAVCDC@@@Z 67d8cb90 f i FlatFieldDlg.obj
 0001:0000bbb0       ?GetParent@CWnd@@QBEPAV1@XZ 67d8cbb0 f i FlatFieldDlg.obj
 0001:0000bbd0       ??0CStatic@@QAE@XZ         67d8cbd0 f i FlatFieldDlg.obj
 0001:0000bbf0       ??_GCStatic@@UAEPAXI@Z     67d8cbf0 f i FlatFieldDlg.obj
 0001:0000bbf0       ??_ECStatic@@UAEPAXI@Z     67d8cbf0 f i FlatFieldDlg.obj
 0001:0000bc20       ??0CButton@@QAE@XZ         67d8cc20 f i FlatFieldDlg.obj
 0001:0000bc40       ??_GCButton@@UAEPAXI@Z     67d8cc40 f i FlatFieldDlg.obj
 0001:0000bc40       ??_ECButton@@UAEPAXI@Z     67d8cc40 f i FlatFieldDlg.obj
 0001:0000bc70       ?SetCurSel@CListBox@@QAEHH@Z 67d8cc70 f i FlatFieldDlg.obj
 0001:0000bc90       ?GetHorizontalExtent@CListBox@@QBEHXZ 67d8cc90 f i FlatFieldDlg.obj
 0001:0000bcb0       ?SetHorizontalExtent@CListBox@@QAEXH@Z 67d8ccb0 f i FlatFieldDlg.obj
 0001:0000bcd0       ?AddString@CListBox@@QAEHPBD@Z 67d8ccd0 f i FlatFieldDlg.obj
 0001:0000bcf0       ??0CWaitCursor@@QAE@XZ     67d8ccf0 f i FlatFieldDlg.obj
 0001:0000bd10       ??1CWaitCursor@@QAE@XZ     67d8cd10 f i FlatFieldDlg.obj
 0001:0000be30       ?GetPathName@CLoadSaveDlg@@QAE?AV?$CStringT@DV?$StrTraitMFC_DLL@DV?$ChTraitsCRT@D@ATL@@@@@ATL@@XZ 67d8ce30 f i FlatFieldDlg.obj
 0001:0000be60       ??1CLoadSaveDlg@@UAE@XZ    67d8ce60 f i FlatFieldDlg.obj
 0001:0000be80       ??_GCFlatFieldDlg@@UAEPAXI@Z 67d8ce80 f i FlatFieldDlg.obj
 0001:0000beb0       ??_ECFlatFieldDlg@@UAEPAXI@Z 67d8ceb0 f i FlatFieldDlg.obj
 0001:0000bf10       ??$_Pow_int@N@@YANNH@Z     67d8cf10 f i FlatFieldDlg.obj
 0001:0000bf50       ??0CFlatFieldDlg@@QAE@PAVCWnd@@PAVSapFlatField@@PAVSapTransfer@@PAVSapBuffer@@@Z 67d8cf50 f   FlatFieldDlg.obj
 0001:0000c0f0       ?DoDataExchange@CFlatFieldDlg@@MAEXPAVCDataExchange@@@Z 67d8d0f0 f   FlatFieldDlg.obj
 0001:0000c260       ?OnSelchangeCorrectionType@CFlatFieldDlg@@IAEXXZ 67d8d260 f   FlatFieldDlg.obj
 0001:0000c2f0       ?OnSelchangeVideoType@CFlatFieldDlg@@IAEXXZ 67d8d2f0 f   FlatFieldDlg.obj
 0001:0000c340       ?OnSelchangeCalibrationIndex@CFlatFieldDlg@@IAEXXZ 67d8d340 f   FlatFieldDlg.obj
 0001:0000c370       ?Snap@CFlatFieldDlg@@QAEHXZ 67d8d370 f   FlatFieldDlg.obj
 0001:0000c4c0       ?LogMessage@CFlatFieldDlg@@AAEXHV?$CStringT@DV?$StrTraitMFC_DLL@DV?$ChTraitsCRT@D@ATL@@@@@ATL@@@Z 67d8d4c0 f   FlatFieldDlg.obj
 0001:0000c620       ??_ECFlatFieldDlg@@WJE@AEPAXI@Z 67d8d620 f i FlatFieldDlg.obj
 0001:0000c630       ?pow@@YANNH@Z              67d8d630 f i FlatFieldDlg.obj
 0001:0000c670       ?OnInitDialog@CFlatFieldDlg@@MAEHXZ 67d8d670 f   FlatFieldDlg.obj
 0001:0000d0d0       ?LogMessage@CFlatFieldDlg@@AAEXHPBD@Z 67d8e0d0 f   FlatFieldDlg.obj
 0001:0000d100       ?OnSaveAndUpload@CFlatFieldDlg@@IAEXXZ 67d8e100 f   FlatFieldDlg.obj
 0001:0000d2e0       ?DarkImage@CFlatFieldDlg@@AAEXXZ 67d8e2e0 f   FlatFieldDlg.obj
 0001:0000d7a0       ?BrightImage@CFlatFieldDlg@@AAEXXZ 67d8e7a0 f   FlatFieldDlg.obj
 0001:0000e010       ?OnDarkImage@CFlatFieldDlg@@IAEXXZ 67d8f010 f   FlatFieldDlg.obj
 0001:0000e4e0       ??_GSapBuffer@@UAEPAXI@Z   67d8f4e0 f i FlatFieldDlg.obj
 0001:0000e4e0       ??_ESapBuffer@@UAEPAXI@Z   67d8f4e0 f i FlatFieldDlg.obj
 0001:0000e510       ?OnBrightImage@CFlatFieldDlg@@IAEXXZ 67d8f510 f   FlatFieldDlg.obj
 0001:0000e980       ?GetThisMessageMap@CFlatFieldDlg@@KGPBUAFX_MSGMAP@@XZ 67d8f980 f   FlatFieldDlg.obj
 0001:0000e990       ?GetMessageMap@CFlatFieldDlg@@MBEPBUAFX_MSGMAP@@XZ 67d8f990 f   FlatFieldDlg.obj
 0001:0000e9a0       ?PreTranslateMessage@CGioBidirectionalDlg@@UAEHPAUtagMSG@@@Z 67d8f9a0 f   GioBidirectionalDlg.obj
 0001:0000e9d0       ?GioCallbackInfo@CGioBidirectionalDlg@@SAXPAVSapGioCallbackInfo@@@Z 67d8f9d0 f   GioBidirectionalDlg.obj
 0001:0000ea00       ?Update@CGioBidirectionalDlg@@QAEHXZ 67d8fa00 f   GioBidirectionalDlg.obj
 0001:0000eba0       ?ResetInterruptCount@CGioBidirectionalDlg@@IAEHXZ 67d8fba0 f   GioBidirectionalDlg.obj
 0001:0000ec90       ?OnBtReset@CGioBidirectionalDlg@@IAEXXZ 67d8fc90 f   GioBidirectionalDlg.obj
 0001:0000eca0       ??0CObject@@IAE@XZ         67d8fca0 f i GioBidirectionalDlg.obj
 0001:0000ecb0       ??1CObject@@UAE@XZ         67d8fcb0 f i GioBidirectionalDlg.obj
 0001:0000ecc0       ?GetSafeHandle@CGdiObject@@QBEPAXXZ 67d8fcc0 f i GioBidirectionalDlg.obj
 0001:0000ecd0       ??0CGdiObject@@QAE@XZ      67d8fcd0 f i GioBidirectionalDlg.obj
 0001:0000ece0       ??1CGdiObject@@UAE@XZ      67d8fce0 f i GioBidirectionalDlg.obj
 0001:0000ee00       ??0CBrush@@QAE@XZ          67d8fe00 f i GioBidirectionalDlg.obj
 0001:0000ee10       ??1CBrush@@UAE@XZ          67d8fe10 f i GioBidirectionalDlg.obj
 0001:0000ee20       ?MoveWindow@CWnd@@QAEXPBUtagRECT@@H@Z 67d8fe20 f i GioBidirectionalDlg.obj
 0001:0000ee50       ?GetClientRect@CWnd@@QBEXPAUtagRECT@@@Z 67d8fe50 f i GioBidirectionalDlg.obj
 0001:0000ee70       ?SetButtonStyle@CButton@@QAEXIH@Z 67d8fe70 f i GioBidirectionalDlg.obj
 0001:0000efa0       ??1CGioBidirectionalDlg@@UAE@XZ 67d8ffa0 f i GioBidirectionalDlg.obj
 0001:0000f030       ??_GCGioBidirectionalDlg@@UAEPAXI@Z 67d90030 f i GioBidirectionalDlg.obj
 0001:0000f060       ??_ECGioBidirectionalDlg@@UAEPAXI@Z 67d90060 f i GioBidirectionalDlg.obj
 0001:0000f0c0       ??0CGioBidirectionalDlg@@QAE@PAVCWnd@@IPAVSapGio@@@Z 67d900c0 f   GioBidirectionalDlg.obj
 0001:0000f1c0       ?DoDataExchange@CGioBidirectionalDlg@@MAEXPAVCDataExchange@@@Z 67d901c0 f   GioBidirectionalDlg.obj
 0001:0000f210       ?MoveWindow@CGioBidirectionalDlg@@QAEII@Z 67d90210 f   GioBidirectionalDlg.obj
 0001:0000f280       ?Create@CGioBidirectionalDlg@@QAEHXZ 67d90280 f   GioBidirectionalDlg.obj
 0001:0000f2a0       ?ChangePinDirection@CGioBidirectionalDlg@@IAEXIH@Z 67d902a0 f   GioBidirectionalDlg.obj
 0001:0000f360       ?OnSelchangeComboDir1@CGioBidirectionalDlg@@IAEXXZ 67d90360 f   GioBidirectionalDlg.obj
 0001:0000f390       ?OnSelchangeComboDir2@CGioBidirectionalDlg@@IAEXXZ 67d90390 f   GioBidirectionalDlg.obj
 0001:0000f3c0       ?OnSelchangeComboDir3@CGioBidirectionalDlg@@IAEXXZ 67d903c0 f   GioBidirectionalDlg.obj
 0001:0000f3f0       ?OnSelchangeComboDir4@CGioBidirectionalDlg@@IAEXXZ 67d903f0 f   GioBidirectionalDlg.obj
 0001:0000f420       ?OnSelchangeComboDir5@CGioBidirectionalDlg@@IAEXXZ 67d90420 f   GioBidirectionalDlg.obj
 0001:0000f450       ?OnSelchangeComboDir6@CGioBidirectionalDlg@@IAEXXZ 67d90450 f   GioBidirectionalDlg.obj
 0001:0000f480       ?OnSelchangeComboDir7@CGioBidirectionalDlg@@IAEXXZ 67d90480 f   GioBidirectionalDlg.obj
 0001:0000f4b0       ?OnSelchangeComboDir8@CGioBidirectionalDlg@@IAEXXZ 67d904b0 f   GioBidirectionalDlg.obj
 0001:0000f4e0       ?OnSelchangeComboDir9@CGioBidirectionalDlg@@IAEXXZ 67d904e0 f   GioBidirectionalDlg.obj
 0001:0000f510       ?OnSelchangeComboDir10@CGioBidirectionalDlg@@IAEXXZ 67d90510 f   GioBidirectionalDlg.obj
 0001:0000f540       ?OnSelchangeComboDir11@CGioBidirectionalDlg@@IAEXXZ 67d90540 f   GioBidirectionalDlg.obj
 0001:0000f570       ?OnSelchangeComboDir12@CGioBidirectionalDlg@@IAEXXZ 67d90570 f   GioBidirectionalDlg.obj
 0001:0000f5a0       ?OnEnableCallback@CGioBidirectionalDlg@@IAEXXZ 67d905a0 f   GioBidirectionalDlg.obj
 0001:0000f750       ?OnSelchangeComboInputLevel@CGioBidirectionalDlg@@IAEXXZ 67d90750 f   GioBidirectionalDlg.obj
 0001:0000f7d0       ?OnCtlColor@CGioBidirectionalDlg@@IAEPAUHBRUSH__@@PAVCDC@@PAVCWnd@@I@Z 67d907d0 f   GioBidirectionalDlg.obj
 0001:0000f810       ?ChangePinState@CGioBidirectionalDlg@@IAEXH@Z 67d90810 f   GioBidirectionalDlg.obj
 0001:0000f920       ?OnPin1@CGioBidirectionalDlg@@IAEXXZ 67d90920 f   GioBidirectionalDlg.obj
 0001:0000f930       ?OnPin2@CGioBidirectionalDlg@@IAEXXZ 67d90930 f   GioBidirectionalDlg.obj
 0001:0000f940       ?OnPin3@CGioBidirectionalDlg@@IAEXXZ 67d90940 f   GioBidirectionalDlg.obj
 0001:0000f950       ?OnPin4@CGioBidirectionalDlg@@IAEXXZ 67d90950 f   GioBidirectionalDlg.obj
 0001:0000f960       ?OnPin5@CGioBidirectionalDlg@@IAEXXZ 67d90960 f   GioBidirectionalDlg.obj
 0001:0000f970       ?OnPin6@CGioBidirectionalDlg@@IAEXXZ 67d90970 f   GioBidirectionalDlg.obj
 0001:0000f980       ?OnPin7@CGioBidirectionalDlg@@IAEXXZ 67d90980 f   GioBidirectionalDlg.obj
 0001:0000f990       ?OnPin8@CGioBidirectionalDlg@@IAEXXZ 67d90990 f   GioBidirectionalDlg.obj
 0001:0000f9a0       ?OnPin9@CGioBidirectionalDlg@@IAEXXZ 67d909a0 f   GioBidirectionalDlg.obj
 0001:0000f9b0       ?OnPin10@CGioBidirectionalDlg@@IAEXXZ 67d909b0 f   GioBidirectionalDlg.obj
 0001:0000f9c0       ?OnPin11@CGioBidirectionalDlg@@IAEXXZ 67d909c0 f   GioBidirectionalDlg.obj
 0001:0000f9d0       ?OnPin12@CGioBidirectionalDlg@@IAEXXZ 67d909d0 f   GioBidirectionalDlg.obj
 0001:0000f9e0       ??_ECGdiObject@@UAEPAXI@Z  67d909e0 f i GioBidirectionalDlg.obj
 0001:0000f9e0       ??_GCGdiObject@@UAEPAXI@Z  67d909e0 f i GioBidirectionalDlg.obj
 0001:0000fa10       ??_GCBrush@@UAEPAXI@Z      67d90a10 f i GioBidirectionalDlg.obj
 0001:0000fa10       ??_ECBrush@@UAEPAXI@Z      67d90a10 f i GioBidirectionalDlg.obj
 0001:0000fa40       ?OnInitDialog@CGioBidirectionalDlg@@MAEHXZ 67d90a40 f   GioBidirectionalDlg.obj
 0001:000102a0       ?OnSelchangeComboSignalEvent@CGioBidirectionalDlg@@IAEXXZ 67d912a0 f   GioBidirectionalDlg.obj
 0001:000102d0       ?GetThisMessageMap@CGioBidirectionalDlg@@KGPBUAFX_MSGMAP@@XZ 67d912d0 f   GioBidirectionalDlg.obj
 0001:000102e0       ?GetMessageMap@CGioBidirectionalDlg@@MBEPBUAFX_MSGMAP@@XZ 67d912e0 f   GioBidirectionalDlg.obj
 0001:000102f0       ?PreTranslateMessage@CGioInputDlg@@UAEHPAUtagMSG@@@Z 67d912f0 f   GioInputDlg.obj
 0001:00010320       ?GioCallbackInfo@CGioInputDlg@@SAXPAVSapGioCallbackInfo@@@Z 67d91320 f   GioInputDlg.obj
 0001:00010350       ?Update@CGioInputDlg@@QAEHXZ 67d91350 f   GioInputDlg.obj
 0001:000104f0       ?ResetInterruptCount@CGioInputDlg@@IAEHXZ 67d914f0 f   GioInputDlg.obj
 0001:000105e0       ?OnBtReset@CGioInputDlg@@IAEXXZ 67d915e0 f   GioInputDlg.obj
 0001:00010700       ??1CGioInputDlg@@UAE@XZ    67d91700 f i GioInputDlg.obj
 0001:00010790       ??_GCGioInputDlg@@UAEPAXI@Z 67d91790 f i GioInputDlg.obj
 0001:000107c0       ??_ECGioInputDlg@@UAEPAXI@Z 67d917c0 f i GioInputDlg.obj
 0001:00010820       ??0CGioInputDlg@@QAE@PAVCWnd@@IPAVSapGio@@@Z 67d91820 f   GioInputDlg.obj
 0001:00010920       ?DoDataExchange@CGioInputDlg@@MAEXPAVCDataExchange@@@Z 67d91920 f   GioInputDlg.obj
 0001:00010970       ?MoveWindow@CGioInputDlg@@QAEII@Z 67d91970 f   GioInputDlg.obj
 0001:000109e0       ?Create@CGioInputDlg@@QAEHXZ 67d919e0 f   GioInputDlg.obj
 0001:00010a00       ?OnEnableCallback@CGioInputDlg@@IAEXXZ 67d91a00 f   GioInputDlg.obj
 0001:00010ad0       ?OnSelchangeComboInputLevel@CGioInputDlg@@IAEXXZ 67d91ad0 f   GioInputDlg.obj
 0001:00010b50       ?OnCtlColor@CGioInputDlg@@IAEPAUHBRUSH__@@PAVCDC@@PAVCWnd@@I@Z 67d91b50 f   GioInputDlg.obj
 0001:00010b90       ?OnInitDialog@CGioInputDlg@@MAEHXZ 67d91b90 f   GioInputDlg.obj
 0001:00011300       ?OnSelchangeComboSignalEvent@CGioInputDlg@@IAEXXZ 67d92300 f   GioInputDlg.obj
 0001:00011330       ?GetThisMessageMap@CGioInputDlg@@KGPBUAFX_MSGMAP@@XZ 67d92330 f   GioInputDlg.obj
 0001:00011340       ?GetMessageMap@CGioInputDlg@@MBEPBUAFX_MSGMAP@@XZ 67d92340 f   GioInputDlg.obj
 0001:00011350       ?PreTranslateMessage@CGioOutputDlg@@UAEHPAUtagMSG@@@Z 67d92350 f   GioOutputDlg.obj
 0001:00011380       ?UpdateIO@CGioOutputDlg@@IAEXXZ 67d92380 f   GioOutputDlg.obj
 0001:000114b0       ?RedrawWindow@CWnd@@QAEHPBUtagRECT@@PAVCRgn@@I@Z 67d924b0 f i GioOutputDlg.obj
 0001:000115f0       ??1CGioOutputDlg@@UAE@XZ   67d925f0 f i GioOutputDlg.obj
 0001:000116a0       ??_GCGioOutputDlg@@UAEPAXI@Z 67d926a0 f i GioOutputDlg.obj
 0001:000116d0       ??_ECGioOutputDlg@@UAEPAXI@Z 67d926d0 f i GioOutputDlg.obj
 0001:00011730       ??0CGioOutputDlg@@QAE@PAVCWnd@@IPAVSapGio@@@Z 67d92730 f   GioOutputDlg.obj
 0001:00011860       ?DoDataExchange@CGioOutputDlg@@MAEXPAVCDataExchange@@@Z 67d92860 f   GioOutputDlg.obj
 0001:000118c0       ?MoveWindow@CGioOutputDlg@@QAEII@Z 67d928c0 f   GioOutputDlg.obj
 0001:00011930       ?Update@CGioOutputDlg@@QAEHXZ 67d92930 f   GioOutputDlg.obj
 0001:00011ab0       ?Create@CGioOutputDlg@@QAEHXZ 67d92ab0 f   GioOutputDlg.obj
 0001:00011ad0       ?InitComboOutputState@CGioOutputDlg@@QAEXXZ 67d92ad0 f   GioOutputDlg.obj
 0001:00011c30       ?OnSelchangeComboOutputState@CGioOutputDlg@@IAEXXZ 67d92c30 f   GioOutputDlg.obj
 0001:00011c40       ?OnCtlColor@CGioOutputDlg@@IAEPAUHBRUSH__@@PAVCDC@@PAVCWnd@@I@Z 67d92c40 f   GioOutputDlg.obj
 0001:00011c80       ?ChangePinState@CGioOutputDlg@@QAEXPAVCButton@@@Z 67d92c80 f   GioOutputDlg.obj
 0001:00011d60       ?OnPin1@CGioOutputDlg@@IAEXXZ 67d92d60 f   GioOutputDlg.obj
 0001:00011d80       ?OnPin2@CGioOutputDlg@@IAEXXZ 67d92d80 f   GioOutputDlg.obj
 0001:00011da0       ?OnPin3@CGioOutputDlg@@IAEXXZ 67d92da0 f   GioOutputDlg.obj
 0001:00011dc0       ?OnPin4@CGioOutputDlg@@IAEXXZ 67d92dc0 f   GioOutputDlg.obj
 0001:00011de0       ?OnPin5@CGioOutputDlg@@IAEXXZ 67d92de0 f   GioOutputDlg.obj
 0001:00011e00       ?OnPin6@CGioOutputDlg@@IAEXXZ 67d92e00 f   GioOutputDlg.obj
 0001:00011e20       ?OnPin7@CGioOutputDlg@@IAEXXZ 67d92e20 f   GioOutputDlg.obj
 0001:00011e40       ?OnPin8@CGioOutputDlg@@IAEXXZ 67d92e40 f   GioOutputDlg.obj
 0001:00011e60       ?OnPin9@CGioOutputDlg@@IAEXXZ 67d92e60 f   GioOutputDlg.obj
 0001:00011e80       ?OnPin10@CGioOutputDlg@@IAEXXZ 67d92e80 f   GioOutputDlg.obj
 0001:00011ea0       ?OnPin11@CGioOutputDlg@@IAEXXZ 67d92ea0 f   GioOutputDlg.obj
 0001:00011ec0       ?OnPin12@CGioOutputDlg@@IAEXXZ 67d92ec0 f   GioOutputDlg.obj
 0001:00011ee0       ?GetThisMessageMap@CGioOutputDlg@@KGPBUAFX_MSGMAP@@XZ 67d92ee0 f   GioOutputDlg.obj
 0001:00011ef0       ?InitOutputDlg@CGioOutputDlg@@QAEHXZ 67d92ef0 f   GioOutputDlg.obj
 0001:00012000       ?GetMessageMap@CGioOutputDlg@@MBEPBUAFX_MSGMAP@@XZ 67d93000 f   GioOutputDlg.obj
 0001:00012010       ?OnInitDialog@CGioOutputDlg@@MAEHXZ 67d93010 f   GioOutputDlg.obj
 0001:00012740       ?_GetBaseClass@CImageExWnd@@KGPAUCRuntimeClass@@XZ 67d93740 f   ImageExWnd.obj
 0001:00012750       ?GetThisClass@CImageExWnd@@SGPAUCRuntimeClass@@XZ 67d93750 f   ImageExWnd.obj
 0001:00012760       ?GetRuntimeClass@CImageExWnd@@UBEPAUCRuntimeClass@@XZ 67d93760 f   ImageExWnd.obj
 0001:00012770       ?AttachSapView@CImageExWnd@@QAE_NPAVSapView@@@Z 67d93770 f   ImageExWnd.obj
 0001:00012790       ?AttachEventHandler@CImageExWnd@@QAEXPAVCImageExWndEventHandler@@@Z 67d93790 f   ImageExWnd.obj
 0001:000127a0       ?CenterImage@CImageExWnd@@QAEX_N@Z 67d937a0 f   ImageExWnd.obj
 0001:000127b0       ?IsImageCentered@CImageExWnd@@QBE_NXZ 67d937b0 f   ImageExWnd.obj
 0001:000127c0       ?SupportROI@CImageExWnd@@QAEX_N@Z 67d937c0 f   ImageExWnd.obj
 0001:000127d0       ?ActivateROI@CImageExWnd@@QAEX_N@Z 67d937d0 f   ImageExWnd.obj
 0001:000127e0       ?SetROI@CImageExWnd@@QAEXHHII@Z 67d937e0 f   ImageExWnd.obj
 0001:000127f0       ?SetROI@CImageExWnd@@QAEXVCPoint@@0@Z 67d937f0 f   ImageExWnd.obj
 0001:00012810       ?SetROI@CImageExWnd@@QAEXVCRect@@@Z 67d93810 f   ImageExWnd.obj
 0001:00012840       ?IsRoiSupported@CImageExWnd@@QBE_NXZ 67d93840 f   ImageExWnd.obj
 0001:00012850       ?IsRoiActive@CImageExWnd@@QBE_NXZ 67d93850 f   ImageExWnd.obj
 0001:00012860       ?GetROI@CImageExWnd@@QBEXAAI000@Z 67d93860 f   ImageExWnd.obj
 0001:00012870       ?GetROI@CImageExWnd@@QBEXAAVCPoint@@0@Z 67d93870 f   ImageExWnd.obj
 0001:00012880       ?GetROI@CImageExWnd@@QBEXAAVCRect@@@Z 67d93880 f   ImageExWnd.obj
 0001:00012890       ?SetPixelStringFormatDecimal@CImageExWnd@@QAEX_N@Z 67d93890 f   ImageExWnd.obj
 0001:000128a0       ?IsPixelStringFormatDecimal@CImageExWnd@@QBE_NXZ 67d938a0 f   ImageExWnd.obj
 0001:000128b0       ?GetPixelString@CImageExWnd@@QBE?AV?$CStringT@DV?$StrTraitMFC_DLL@DV?$ChTraitsCRT@D@ATL@@@@@ATL@@VCPoint@@@Z 67d938b0 f   ImageExWnd.obj
 0001:000128e0       ?NotifyMarkerChanged@CImageExWnd@@IAEXXZ 67d938e0 f   ImageExWnd.obj
 0001:00012900       ?NotifyInteractiveMarkerChanged@CImageExWnd@@IAEXH@Z 67d93900 f   ImageExWnd.obj
 0001:00012920       ?PixelChanged@CImageExWnd@@MAEXHH@Z 67d93920 f   ImageExWnd.obj
 0001:00012940       ?RoiChanged@CImageExWnd@@MAEXXZ 67d93940 f   ImageExWnd.obj
 0001:00012960       ?IsMarkerEnabled@CImageExWnd@@QBE_NXZ 67d93960 f   ImageExWnd.obj
 0001:00012970       ?GetMarkerLine@CImageExWnd@@QBEIXZ 67d93970 f   ImageExWnd.obj
 0001:00012980       ?ValidateMarkerLineIndex@CImageExWnd@@IAEHH@Z 67d93980 f   ImageExWnd.obj
 0001:000129a0       ?PreCreateWindow@CImageExWnd@@MAEHAAUtagCREATESTRUCTA@@@Z 67d939a0 f   ImageExWnd.obj
 0001:000129b0       ?OnDestroy@CImageExWnd@@IAEXXZ 67d939b0 f   ImageExWnd.obj
 0001:000129f0       ?OnEraseBkgnd@CImageExWnd@@IAEHPAVCDC@@@Z 67d939f0 f   ImageExWnd.obj
 0001:00012a00       ?OnSetFocus@CImageExWnd@@IAEXPAVCWnd@@@Z 67d93a00 f   ImageExWnd.obj
 0001:00012a10       ??0CPoint@@QAE@XZ          67d93a10 f i ImageExWnd.obj
 0001:00012a20       ?SetPoint@CPoint@@QAEXHH@Z 67d93a20 f i ImageExWnd.obj
 0001:00012a40       ??0CRect@@QAE@HHHH@Z       67d93a40 f i ImageExWnd.obj
 0001:00012a60       ??BCRect@@QAEPAUtagRECT@@XZ 67d93a60 f i ImageExWnd.obj
 0001:00012a70       ?OffsetRect@CRect@@QAEXHH@Z 67d93a70 f i ImageExWnd.obj
 0001:00012a90       ??0CPen@@QAE@XZ            67d93a90 f i ImageExWnd.obj
 0001:00012aa0       ??1CPen@@UAE@XZ            67d93aa0 f i ImageExWnd.obj
 0001:00012ab0       ?CreatePen@CPen@@QAEHHHK@Z 67d93ab0 f i ImageExWnd.obj
 0001:00012ae0       ?CreateSolidBrush@CBrush@@QAEHK@Z 67d93ae0 f i ImageExWnd.obj
 0001:00012b00       ??0CBitmap@@QAE@XZ         67d93b00 f i ImageExWnd.obj
 0001:00012b10       ??1CBitmap@@UAE@XZ         67d93b10 f i ImageExWnd.obj
 0001:00012b20       ?CreateCompatibleBitmap@CBitmap@@QAEHPAVCDC@@HH@Z 67d93b20 f i ImageExWnd.obj
 0001:00012b50       ??0CRgn@@QAE@XZ            67d93b50 f i ImageExWnd.obj
 0001:00012b60       ??1CRgn@@UAE@XZ            67d93b60 f i ImageExWnd.obj
 0001:00012b70       ?CreateRectRgnIndirect@CRgn@@QAEHPBUtagRECT@@@Z 67d93b70 f i ImageExWnd.obj
 0001:00012b90       ?SetRectRgn@CRgn@@QAEXPBUtagRECT@@@Z 67d93b90 f i ImageExWnd.obj
 0001:00012bc0       ?CombineRgn@CRgn@@QAEHPBV1@0H@Z 67d93bc0 f i ImageExWnd.obj
 0001:00012c00       ?GetRgnBox@CRgn@@QBEHPAUtagRECT@@@Z 67d93c00 f i ImageExWnd.obj
 0001:00012c20       ?GetSafeHdc@CDC@@QBEPAUHDC__@@XZ 67d93c20 f i ImageExWnd.obj
 0001:00012c30       ?CreateCompatibleDC@CDC@@QAEHPAV1@@Z 67d93c30 f i ImageExWnd.obj
 0001:00012c70       ?SelectObject@CDC@@QAEPAVCBitmap@@PAV2@@Z 67d93c70 f i ImageExWnd.obj
 0001:00012ca0       ?FillRgn@CDC@@QAEHPAVCRgn@@PAVCBrush@@@Z 67d93ca0 f i ImageExWnd.obj
 0001:00012ce0       ?FillRect@CDC@@QAEXPBUtagRECT@@PAVCBrush@@@Z 67d93ce0 f i ImageExWnd.obj
 0001:00012d20       ?Rectangle@CDC@@QAEHPBUtagRECT@@@Z 67d93d20 f i ImageExWnd.obj
 0001:00012d50       ?BitBlt@CDC@@QAEHHHHHPAV1@HHK@Z 67d93d50 f i ImageExWnd.obj
 0001:00012d90       ?GetSafeHwnd@CWnd@@QBEPAUHWND__@@XZ 67d93d90 f i ImageExWnd.obj
 0001:00012da0       ?Invalidate@CWnd@@QAEXH@Z  67d93da0 f i ImageExWnd.obj
 0001:00012dc0       ?OnCreate@CWnd@@IAEHPAUtagCREATESTRUCTA@@@Z 67d93dc0 f i ImageExWnd.obj
 0001:00012dd0       ?OnSize@CWnd@@IAEXIHH@Z    67d93dd0 f i ImageExWnd.obj
 0001:00012de0       ?OnLButtonDown@CWnd@@IAEXIVCPoint@@@Z 67d93de0 f i ImageExWnd.obj
 0001:00012df0       ?OnMouseMove@CWnd@@IAEXIVCPoint@@@Z 67d93df0 f i ImageExWnd.obj
 0001:00012e00       ?SetScrollInfo@CScrollBar@@QAEHPAUtagSCROLLINFO@@H@Z 67d93e00 f i ImageExWnd.obj
 0001:00012e20       ?GetScrollInfo@CScrollBar@@QAEHPAUtagSCROLLINFO@@I@Z 67d93e20 f i ImageExWnd.obj
 0001:00012e40       ??0CImageViewportWndEventHandler@@QAE@XZ 67d93e40 f i ImageExWnd.obj
 0001:00012e50       ?PixelChanged@CImageViewportWndEventHandler@@UAEXHH@Z 67d93e50 f i ImageExWnd.obj
 0001:00012e60       ?ScaleChanged@CImageViewportWndEventHandler@@UAEXXZ 67d93e60 f i ImageExWnd.obj
 0001:00012e70       ?RoiChanged@CImageViewportWndEventHandler@@UAEXXZ 67d93e70 f i ImageExWnd.obj
 0001:00012e80       ?ViewChanged@CImageViewportWndEventHandler@@UAEXXZ 67d93e80 f i ImageExWnd.obj
 0001:00012e90       ??1CImageExWnd@@UAE@XZ     67d93e90 f   ImageExWnd.obj
 0001:00012fe0       ?SetMarkerLine@CImageExWnd@@QAEXI@Z 67d93fe0 f   ImageExWnd.obj
 0001:00013040       ?CreateChildControls@CImageExWnd@@IAEHXZ 67d94040 f   ImageExWnd.obj
 0001:00013110       ?OnCreate@CImageExWnd@@IAEHPAUtagCREATESTRUCTA@@@Z 67d94110 f   ImageExWnd.obj
 0001:00013140       ?PreSubclassWindow@CImageExWnd@@MAEXXZ 67d94140 f   ImageExWnd.obj
 0001:00013170       ?PreTranslateMessage@CImageExWnd@@MAEHPAUtagMSG@@@Z 67d94170 f   ImageExWnd.obj
 0001:000131e0       ?PaintMarker@CImageExWnd@@IAEXAAVCDC@@H@Z 67d941e0 f   ImageExWnd.obj
 0001:000132f0       ?OnMouseMove@CImageExWnd@@IAEXIVCPoint@@@Z 67d942f0 f   ImageExWnd.obj
 0001:00013400       ?OnMouseLeave@CImageExWnd@@IAEJIJ@Z 67d94400 f   ImageExWnd.obj
 0001:00013440       ?OnLButtonDown@CImageExWnd@@IAEXIVCPoint@@@Z 67d94440 f   ImageExWnd.obj
 0001:00013480       ?UpdateScrollBars@CImageExWnd@@IAEXXZ 67d94480 f   ImageExWnd.obj
 0001:00013620       ?OnHScroll@CImageExWnd@@IAEXIIPAVCScrollBar@@@Z 67d94620 f   ImageExWnd.obj
 0001:00013750       ?OnVScroll@CImageExWnd@@IAEXIIPAVCScrollBar@@@Z 67d94750 f   ImageExWnd.obj
 0001:00013880       ??_ECPen@@UAEPAXI@Z        67d94880 f i ImageExWnd.obj
 0001:00013880       ??_GCPen@@UAEPAXI@Z        67d94880 f i ImageExWnd.obj
 0001:000138b0       ??_GCBitmap@@UAEPAXI@Z     67d948b0 f i ImageExWnd.obj
 0001:000138b0       ??_ECBitmap@@UAEPAXI@Z     67d948b0 f i ImageExWnd.obj
 0001:000138e0       ??_GCRgn@@UAEPAXI@Z        67d948e0 f i ImageExWnd.obj
 0001:000138e0       ??_ECRgn@@UAEPAXI@Z        67d948e0 f i ImageExWnd.obj
 0001:00013910       ??_GCImageExWnd@@UAEPAXI@Z 67d94910 f i ImageExWnd.obj
 0001:00013940       ??_ECImageExWnd@@UAEPAXI@Z 67d94940 f i ImageExWnd.obj
 0001:000139a0       ?ScaleChanged@CImageExWnd@@MAEXXZ 67d949a0 f   ImageExWnd.obj
 0001:000139f0       ?ViewChanged@CImageExWnd@@MAEXXZ 67d949f0 f   ImageExWnd.obj
 0001:00013a40       ?OnPaint@CImageExWnd@@IAEXXZ 67d94a40 f   ImageExWnd.obj
 0001:00013ce0       ?UpdateLayout@CImageExWnd@@IAEXXZ 67d94ce0 f   ImageExWnd.obj
 0001:00013fa0       ?OnSize@CImageExWnd@@IAEXIHH@Z 67d94fa0 f   ImageExWnd.obj
 0001:00013fc0       ?Refresh@CImageExWnd@@QAEXXZ 67d94fc0 f   ImageExWnd.obj
 0001:00013fe0       ?Reset@CImageExWnd@@QAEXXZ 67d94fe0 f   ImageExWnd.obj
 0001:00014000       ?EnableMarker@CImageExWnd@@QAEX_N@Z 67d95000 f   ImageExWnd.obj
 0001:00014070       ?GetThisMessageMap@CImageExWnd@@KGPBUAFX_MSGMAP@@XZ 67d95070 f   ImageExWnd.obj
 0001:00014080       ??0CImageExWnd@@QAE@XZ     67d95080 f   ImageExWnd.obj
 0001:00014250       ?GetMessageMap@CImageExWnd@@MBEPBUAFX_MSGMAP@@XZ 67d95250 f   ImageExWnd.obj
 0001:00014280       ?_GetBaseClass@CImageFilterEditorDlg@@KGPAUCRuntimeClass@@XZ 67d95280 f   ImageFilterEditorDlg.obj
 0001:00014290       ?GetThisClass@CImageFilterEditorDlg@@SGPAUCRuntimeClass@@XZ 67d95290 f   ImageFilterEditorDlg.obj
 0001:000142a0       ?GetRuntimeClass@CImageFilterEditorDlg@@UBEPAUCRuntimeClass@@XZ 67d952a0 f   ImageFilterEditorDlg.obj
 0001:000142b0       ?DestroyCoeffEditControls@CImageFilterEditorDlg@@IAEXXZ 67d952b0 f   ImageFilterEditorDlg.obj
 0001:00014340       ?ReadCoefficientsFromBuffer@CImageFilterEditorDlg@@IAE_NAAVSapBuffer@@@Z 67d95340 f   ImageFilterEditorDlg.obj
 0001:00014550       ?OnBnClickedBtnImport@CImageFilterEditorDlg@@IAEXXZ 67d95550 f   ImageFilterEditorDlg.obj
 0001:00014730       ?PreTranslateMessage@CImageFilterEditorDlg@@MAEHPAUtagMSG@@@Z 67d95730 f   ImageFilterEditorDlg.obj
 0001:00014760       ?_Getstate@?$basic_stringbuf@DU?$char_traits@D@std@@V?$allocator@D@2@@std@@AAEHH@Z 67d95760 f i ImageFilterEditorDlg.obj
 0001:00014790       ?FromHandle@CFont@@SGPAV1@PAUHFONT__@@@Z 67d95790 f i ImageFilterEditorDlg.obj
 0001:000147a0       ?SetFont@CWnd@@QAEXPAVCFont@@H@Z 67d957a0 f i ImageFilterEditorDlg.obj
 0001:000147d0       ?GetFont@CWnd@@QBEPAVCFont@@XZ 67d957d0 f i ImageFilterEditorDlg.obj
 0001:000147f0       ?InsertString@CComboBox@@QAEHHPBD@Z 67d957f0 f i ImageFilterEditorDlg.obj
 0001:00014810       ??0bad_alloc@std@@QAE@PBD@Z 67d95810 f i ImageFilterEditorDlg.obj
 0001:00014830       ??1bad_alloc@std@@UAE@XZ   67d95830 f i ImageFilterEditorDlg.obj
 0001:00014840       ??_Gbad_alloc@std@@UAEPAXI@Z 67d95840 f i ImageFilterEditorDlg.obj
 0001:00014840       ??_Ebad_alloc@std@@UAEPAXI@Z 67d95840 f i ImageFilterEditorDlg.obj
 0001:00014870       ?length@?$char_traits@D@std@@SAIPBD@Z 67d95870 f i ImageFilterEditorDlg.obj
 0001:00014890       ?copy@?$char_traits@D@std@@SAPADPADPBDI@Z 67d95890 f i ImageFilterEditorDlg.obj
 0001:000148a0       ?move@?$char_traits@D@std@@SAPADPADPBDI@Z 67d958a0 f i ImageFilterEditorDlg.obj
 0001:000148b0       ?assign@?$char_traits@D@std@@SAXAADABD@Z 67d958b0 f i ImageFilterEditorDlg.obj
 0001:000148c0       ?size@?$basic_string@DU?$char_traits@D@std@@V?$allocator@D@2@@std@@QBEIXZ 67d958c0 f i ImageFilterEditorDlg.obj
 0001:000148d0       ?_Myptr@?$basic_string@DU?$char_traits@D@std@@V?$allocator@D@2@@std@@QBEPBDXZ 67d958d0 f i ImageFilterEditorDlg.obj
 0001:000148e0       ??1?$_String_val@DV?$allocator@D@std@@@std@@QAE@XZ 67d958e0 f i ImageFilterEditorDlg.obj
 0001:000148f0       ??0?$allocator@D@std@@QAE@XZ 67d958f0 f i ImageFilterEditorDlg.obj
 0001:00014900       ??0?$allocator@D@std@@QAE@ABV01@@Z 67d95900 f i ImageFilterEditorDlg.obj
 0001:00014910       ?_Myptr@?$basic_string@DU?$char_traits@D@std@@V?$allocator@D@2@@std@@QAEPADXZ 67d95910 f i ImageFilterEditorDlg.obj
 0001:00014920       ?_Xran@?$basic_string@DU?$char_traits@D@std@@V?$allocator@D@2@@std@@QBEXXZ 67d95920 f i ImageFilterEditorDlg.obj
 0001:00014930       ?deallocate@?$allocator@D@std@@QAEXPADI@Z 67d95930 f i ImageFilterEditorDlg.obj
 0001:00014950       ?_Inside@?$basic_string@DU?$char_traits@D@std@@V?$allocator@D@2@@std@@QAE_NPBD@Z 67d95950 f i ImageFilterEditorDlg.obj
 0001:00014990       ?_Xlen@?$basic_string@DU?$char_traits@D@std@@V?$allocator@D@2@@std@@QBEXXZ 67d95990 f i ImageFilterEditorDlg.obj
 0001:000149a0       ?max_size@?$allocator@D@std@@QBEIXZ 67d959a0 f i ImageFilterEditorDlg.obj
 0001:000149b0       ??$_Allocate@D@std@@YAPADIPAD@Z 67d959b0 f i ImageFilterEditorDlg.obj
 0001:00014a00       ??0bad_alloc@std@@QAE@ABV01@@Z 67d95a00 f i ImageFilterEditorDlg.obj
 0001:00014a20       ??0CImageFilterEditorDlg@@QAE@PAVSapAcquisition@@PAVCWnd@@@Z 67d95a20 f   ImageFilterEditorDlg.obj
 0001:00014b50       ??1CImageFilterEditorDlg@@UAE@XZ 67d95b50 f   ImageFilterEditorDlg.obj
 0001:00014c00       ?CreateCoeffEditControls@CImageFilterEditorDlg@@IAE_NH@Z 67d95c00 f   ImageFilterEditorDlg.obj
 0001:00014d40       ??_ECEdit@@UAEPAXI@Z       67d95d40 f i ImageFilterEditorDlg.obj
 0001:00014da0       ?InitControls@CImageFilterEditorDlg@@IAEXXZ 67d95da0 f   ImageFilterEditorDlg.obj
 0001:00014f90       ?UpdateKernelSizeCombo@CImageFilterEditorDlg@@IAEXXZ 67d95f90 f   ImageFilterEditorDlg.obj
 0001:00015040       ?ArrangeCoeffEditControls@CImageFilterEditorDlg@@IAEXXZ 67d96040 f   ImageFilterEditorDlg.obj
 0001:00015230       ?ReadCoefficients@CImageFilterEditorDlg@@IAE_NXZ 67d96230 f   ImageFilterEditorDlg.obj
 0001:00015400       ?DoDataExchange@CImageFilterEditorDlg@@MAEXPAVCDataExchange@@@Z 67d96400 f   ImageFilterEditorDlg.obj
 0001:00015480       ?OnCheckImageFilterEnable@CImageFilterEditorDlg@@IAEXXZ 67d96480 f   ImageFilterEditorDlg.obj
 0001:000154d0       ?_Tidy@?$basic_stringbuf@DU?$char_traits@D@std@@V?$allocator@D@2@@std@@IAEXXZ 67d964d0 f i ImageFilterEditorDlg.obj
 0001:00015530       ??_GCImageFilterEditorDlg@@UAEPAXI@Z 67d96530 f i ImageFilterEditorDlg.obj
 0001:00015560       ??_ECImageFilterEditorDlg@@UAEPAXI@Z 67d96560 f i ImageFilterEditorDlg.obj
 0001:000155c0       ?c_str@?$basic_string@DU?$char_traits@D@std@@V?$allocator@D@2@@std@@QBEPBDXZ 67d965c0 f i ImageFilterEditorDlg.obj
 0001:000155d0       ??0?$_String_val@DV?$allocator@D@std@@@std@@QAE@V?$allocator@D@1@@Z 67d965d0 f i ImageFilterEditorDlg.obj
 0001:000155e0       ?_Eos@?$basic_string@DU?$char_traits@D@std@@V?$allocator@D@2@@std@@QAEXI@Z 67d965e0 f i ImageFilterEditorDlg.obj
 0001:00015600       ?erase@?$basic_string@DU?$char_traits@D@std@@V?$allocator@D@2@@std@@QAEAAV12@II@Z 67d96600 f i ImageFilterEditorDlg.obj
 0001:00015690       ?max_size@?$basic_string@DU?$char_traits@D@std@@V?$allocator@D@2@@std@@QBEIXZ 67d96690 f i ImageFilterEditorDlg.obj
 0001:000156a0       ?allocate@?$allocator@D@std@@QAEPADI@Z 67d966a0 f i ImageFilterEditorDlg.obj
 0001:000156f0       ?UpdateState@CImageFilterEditorDlg@@IAE_NXZ 67d966f0 f   ImageFilterEditorDlg.obj
 0001:00015750       ?OnChangeImageFilterIndex@CImageFilterEditorDlg@@IAEXXZ 67d96750 f   ImageFilterEditorDlg.obj
 0001:00015760       ?OnChangeImageFilterSize@CImageFilterEditorDlg@@IAEXXZ 67d96760 f   ImageFilterEditorDlg.obj
 0001:00015770       ??1?$basic_stringbuf@DU?$char_traits@D@std@@V?$allocator@D@2@@std@@UAE@XZ 67d96770 f i ImageFilterEditorDlg.obj
 0001:000157d0       ??B?$fpos@H@std@@QBE_JXZ   67d967d0 f i ImageFilterEditorDlg.obj
 0001:000157e0       ?eq@?$char_traits@D@std@@SA_NABD0@Z 67d967e0 f i ImageFilterEditorDlg.obj
 0001:00015800       ?to_char_type@?$char_traits@D@std@@SADABH@Z 67d96800 f i ImageFilterEditorDlg.obj
 0001:00015810       ?to_int_type@?$char_traits@D@std@@SAHABD@Z 67d96810 f i ImageFilterEditorDlg.obj
 0001:00015820       ?eq_int_type@?$char_traits@D@std@@SA_NABH0@Z 67d96820 f i ImageFilterEditorDlg.obj
 0001:00015840       ?eof@?$char_traits@D@std@@SAHXZ 67d96840 f i ImageFilterEditorDlg.obj
 0001:00015850       ??0?$fpos@H@std@@QAE@_J@Z  67d96850 f i ImageFilterEditorDlg.obj
 0001:00015870       ?underflow@?$basic_stringbuf@DU?$char_traits@D@std@@V?$allocator@D@2@@std@@MAEHXZ 67d96870 f i ImageFilterEditorDlg.obj
 0001:00015930       ?seekoff@?$basic_stringbuf@DU?$char_traits@D@std@@V?$allocator@D@2@@std@@MAE?AV?$fpos@H@2@_JHH@Z 67d96930 f i ImageFilterEditorDlg.obj
 0001:00015b50       ?seekpos@?$basic_stringbuf@DU?$char_traits@D@std@@V?$allocator@D@2@@std@@MAE?AV?$fpos@H@2@V32@H@Z 67d96b50 f i ImageFilterEditorDlg.obj
 0001:00015ce0       ?not_eof@?$char_traits@D@std@@SAHABH@Z 67d96ce0 f i ImageFilterEditorDlg.obj
 0001:00015d00       ?overflow@?$basic_stringbuf@DU?$char_traits@D@std@@V?$allocator@D@2@@std@@MAEHH@Z 67d96d00 f i ImageFilterEditorDlg.obj
 0001:00015f10       ?pbackfail@?$basic_stringbuf@DU?$char_traits@D@std@@V?$allocator@D@2@@std@@MAEHH@Z 67d96f10 f i ImageFilterEditorDlg.obj
 0001:00015f90       ??_E?$basic_stringbuf@DU?$char_traits@D@std@@V?$allocator@D@2@@std@@UAEPAXI@Z 67d96f90 f i ImageFilterEditorDlg.obj
 0001:00015f90       ??_G?$basic_stringbuf@DU?$char_traits@D@std@@V?$allocator@D@2@@std@@UAEPAXI@Z 67d96f90 f i ImageFilterEditorDlg.obj
 0001:00016000       ?_Init@?$basic_stringbuf@DU?$char_traits@D@std@@V?$allocator@D@2@@std@@IAEXPBDIH@Z 67d97000 f i ImageFilterEditorDlg.obj
 0001:000160b0       ?_Tidy@?$basic_string@DU?$char_traits@D@std@@V?$allocator@D@2@@std@@QAEX_NI@Z 67d970b0 f i ImageFilterEditorDlg.obj
 0001:00016100       ?_Copy@?$basic_string@DU?$char_traits@D@std@@V?$allocator@D@2@@std@@QAEXII@Z 67d97100 f i ImageFilterEditorDlg.obj
 0001:00016270       ?OnInitDialog@CImageFilterEditorDlg@@MAEHXZ 67d97270 f   ImageFilterEditorDlg.obj
 0001:000163e0       ??1?$basic_istringstream@DU?$char_traits@D@std@@V?$allocator@D@2@@std@@UAE@XZ 67d973e0 f i ImageFilterEditorDlg.obj
 0001:00016460       ??0?$basic_stringbuf@DU?$char_traits@D@std@@V?$allocator@D@2@@std@@QAE@ABV?$basic_string@DU?$char_traits@D@std@@V?$allocator@D@2@@1@H@Z 67d97460 f i ImageFilterEditorDlg.obj
 0001:000164f0       ??1?$basic_string@DU?$char_traits@D@std@@V?$allocator@D@2@@std@@QAE@XZ 67d974f0 f i ImageFilterEditorDlg.obj
 0001:00016520       ?_Grow@?$basic_string@DU?$char_traits@D@std@@V?$allocator@D@2@@std@@QAE_NI_N@Z 67d97520 f i ImageFilterEditorDlg.obj
 0001:000165d0       ??_D?$basic_istringstream@DU?$char_traits@D@std@@V?$allocator@D@2@@std@@QAEXXZ 67d975d0 f i ImageFilterEditorDlg.obj
 0001:00016660       ??0?$basic_istringstream@DU?$char_traits@D@std@@V?$allocator@D@2@@std@@QAE@ABV?$basic_string@DU?$char_traits@D@std@@V?$allocator@D@2@@1@H@Z 67d97660 f i ImageFilterEditorDlg.obj
 0001:00016740       ??_E?$basic_istringstream@DU?$char_traits@D@std@@V?$allocator@D@2@@std@@UAEPAXI@Z 67d97740 f i ImageFilterEditorDlg.obj
 0001:00016740       ??_G?$basic_istringstream@DU?$char_traits@D@std@@V?$allocator@D@2@@std@@UAEPAXI@Z 67d97740 f i ImageFilterEditorDlg.obj
 0001:00016770       ?assign@?$basic_string@DU?$char_traits@D@std@@V?$allocator@D@2@@std@@QAEAAV12@ABV12@II@Z 67d97770 f i ImageFilterEditorDlg.obj
 0001:00016860       ?assign@?$basic_string@DU?$char_traits@D@std@@V?$allocator@D@2@@std@@QAEAAV12@PBDI@Z 67d97860 f i ImageFilterEditorDlg.obj
 0001:00016960       ?assign@?$basic_string@DU?$char_traits@D@std@@V?$allocator@D@2@@std@@QAEAAV12@PBD@Z 67d97960 f i ImageFilterEditorDlg.obj
 0001:00016990       ??0?$basic_string@DU?$char_traits@D@std@@V?$allocator@D@2@@std@@QAE@PBD@Z 67d97990 f i ImageFilterEditorDlg.obj
 0001:000169d0       ?ConvertToDecimal@CImageFilterEditorDlg@@KA_NV?$CStringT@DV?$StrTraitMFC_DLL@DV?$ChTraitsCRT@D@ATL@@@@@ATL@@AAN@Z 67d979d0 f   ImageFilterEditorDlg.obj
 0001:00016be0       ?WriteCoefficientsToBuffer@CImageFilterEditorDlg@@IAE_NAAVSapBuffer@@@Z 67d97be0 f   ImageFilterEditorDlg.obj
 0001:00016f00       ?OnBnClickedBtnExport@CImageFilterEditorDlg@@IAEXXZ 67d97f00 f   ImageFilterEditorDlg.obj
 0001:00017140       ?WriteCoefficients@CImageFilterEditorDlg@@IAE_NXZ 67d98140 f   ImageFilterEditorDlg.obj
 0001:00017300       ?GetThisMessageMap@CImageFilterEditorDlg@@KGPBUAFX_MSGMAP@@XZ 67d98300 f   ImageFilterEditorDlg.obj
 0001:00017310       ?OnOK@CImageFilterEditorDlg@@MAEXXZ 67d98310 f   ImageFilterEditorDlg.obj
 0001:00017350       ?GetMessageMap@CImageFilterEditorDlg@@MBEPBUAFX_MSGMAP@@XZ 67d98350 f   ImageFilterEditorDlg.obj
 0001:00017360       ?_GetBaseClass@CImageViewportWnd@@KGPAUCRuntimeClass@@XZ 67d98360 f   ImageViewportWnd.obj
 0001:00017370       ?GetThisClass@CImageViewportWnd@@SGPAUCRuntimeClass@@XZ 67d98370 f   ImageViewportWnd.obj
 0001:00017380       ?GetRuntimeClass@CImageViewportWnd@@UBEPAUCRuntimeClass@@XZ 67d98380 f   ImageViewportWnd.obj
 0001:00017390       ??_H@YGXPAXIHP6EPAX0@Z@Z   67d98390 f i ImageViewportWnd.obj
 0001:000173c0       ?AttachEventHandler@CImageViewportWnd@@QAEXPAVCImageViewportWndEventHandler@@@Z 67d983c0 f   ImageViewportWnd.obj
 0001:000173d0       ?IsImageCentered@CImageViewportWnd@@QBE_NXZ 67d983d0 f   ImageViewportWnd.obj
 0001:000173e0       ?OnEraseBkgnd@CImageViewportWnd@@IAEHPAVCDC@@@Z 67d983e0 f   ImageViewportWnd.obj
 0001:000173f0       ?NotifyPixelChanged@CImageViewportWnd@@AAEXHH@Z 67d983f0 f   ImageViewportWnd.obj
 0001:00017410       ?NotifyScaleChanged@CImageViewportWnd@@AAEXXZ 67d98410 f   ImageViewportWnd.obj
 0001:00017430       ?NotifyRoiChanged@CImageViewportWnd@@AAEXXZ 67d98430 f   ImageViewportWnd.obj
 0001:00017450       ?NotifyViewChanged@CImageViewportWnd@@AAEXXZ 67d98450 f   ImageViewportWnd.obj
 0001:00017470       ?SupportROI@CImageViewportWnd@@QAEX_N@Z 67d98470 f   ImageViewportWnd.obj
 0001:00017480       ?IsRoiSupported@CImageViewportWnd@@QBE_NXZ 67d98480 f   ImageViewportWnd.obj
 0001:00017490       ?IsRoiActive@CImageViewportWnd@@QBE_NXZ 67d98490 f   ImageViewportWnd.obj
 0001:000174b0       ?GetROI@CImageViewportWnd@@QBEXAAVCRect@@@Z 67d984b0 f   ImageViewportWnd.obj
 0001:000174e0       ?SetPixelStringFormatDecimal@CImageViewportWnd@@QAEX_N@Z 67d984e0 f   ImageViewportWnd.obj
 0001:000174f0       ?IsPixelStringFormatDecimal@CImageViewportWnd@@QBE_NXZ 67d984f0 f   ImageViewportWnd.obj
 0001:00017500       ??0CSize@@QAE@HH@Z         67d98500 f i ImageViewportWnd.obj
 0001:00017520       ??0CPoint@@QAE@HH@Z        67d98520 f i ImageViewportWnd.obj
 0001:00017540       ??0CPoint@@QAE@UtagSIZE@@@Z 67d98540 f i ImageViewportWnd.obj
 0001:00017560       ?Offset@CPoint@@QAEXHH@Z   67d98560 f i ImageViewportWnd.obj
 0001:00017580       ??HCPoint@@QBE?AV0@UtagPOINT@@@Z 67d98580 f i ImageViewportWnd.obj
 0001:000175a0       ??GCPoint@@QBE?AVCSize@@UtagPOINT@@@Z 67d985a0 f i ImageViewportWnd.obj
 0001:000175c0       ?TopLeft@CRect@@QAEAAVCPoint@@XZ 67d985c0 f i ImageViewportWnd.obj
 0001:000175d0       ?BottomRight@CRect@@QAEAAVCPoint@@XZ 67d985d0 f i ImageViewportWnd.obj
 0001:000175e0       ?TopLeft@CRect@@QBEABVCPoint@@XZ 67d985e0 f i ImageViewportWnd.obj
 0001:000175f0       ?BottomRight@CRect@@QBEABVCPoint@@XZ 67d985f0 f i ImageViewportWnd.obj
 0001:00017600       ?PtInRect@CRect@@QBEHUtagPOINT@@@Z 67d98600 f i ImageViewportWnd.obj
 0001:00017620       ?SetRect@CRect@@QAEXHHHH@Z 67d98620 f i ImageViewportWnd.obj
 0001:00017640       ?SetRect@CRect@@QAEXUtagPOINT@@0@Z 67d98640 f i ImageViewportWnd.obj
 0001:00017660       ?OffsetRect@CRect@@QAEXUtagPOINT@@@Z 67d98660 f i ImageViewportWnd.obj
 0001:00017680       ?MoveToY@CRect@@QAEXH@Z    67d98680 f i ImageViewportWnd.obj
 0001:000176a0       ?MoveToX@CRect@@QAEXH@Z    67d986a0 f i ImageViewportWnd.obj
 0001:000176c0       ?MoveToXY@CRect@@QAEXHH@Z  67d986c0 f i ImageViewportWnd.obj
 0001:000176f0       ??YCRect@@QAEXUtagPOINT@@@Z 67d986f0 f i ImageViewportWnd.obj
 0001:00017710       ?NormalizeRect@CRect@@QAEXXZ 67d98710 f i ImageViewportWnd.obj
 0001:00017730       ?CreateStockObject@CGdiObject@@QAEHH@Z 67d98730 f i ImageViewportWnd.obj
 0001:00017760       ?ScreenToClient@CWnd@@QBEXPAUtagPOINT@@@Z 67d98760 f i ImageViewportWnd.obj
 0001:00017780       ?OnSetCursor@CWnd@@IAEHPAV1@II@Z 67d98780 f i ImageViewportWnd.obj
 0001:00017790       ?OnSysKeyDown@CWnd@@IAEXIII@Z 67d98790 f i ImageViewportWnd.obj
 0001:000177a0       ?OnKeyDown@CWnd@@IAEXIII@Z 67d987a0 f i ImageViewportWnd.obj
 0001:000177b0       ?OnKeyUp@CWnd@@IAEXIII@Z   67d987b0 f i ImageViewportWnd.obj
 0001:000177c0       ?OnLButtonDblClk@CWnd@@IAEXIVCPoint@@@Z 67d987c0 f i ImageViewportWnd.obj
 0001:000177d0       ?OnLButtonUp@CWnd@@IAEXIVCPoint@@@Z 67d987d0 f i ImageViewportWnd.obj
 0001:000177e0       ?OnMouseWheel@CWnd@@IAEHIFVCPoint@@@Z 67d987e0 f i ImageViewportWnd.obj
 0001:000177f0       ?LoadStandardCursor@CWinApp@@QBEPAUHICON__@@PBD@Z 67d987f0 f i ImageViewportWnd.obj
 0001:00017810       ??0SImageViewportROI@@QAE@XZ 67d98810 f i ImageViewportWnd.obj
 0001:000178d0       ??1SImageViewportROI@@QAE@XZ 67d988d0 f i ImageViewportWnd.obj
 0001:00017970       ??1CImageViewportWnd@@UAE@XZ 67d98970 f   ImageViewportWnd.obj
 0001:00017a30       ?PreSubclassWindow@CImageViewportWnd@@MAEXXZ 67d98a30 f   ImageViewportWnd.obj
 0001:00017ad0       ?OnKeyUp@CImageViewportWnd@@IAEXIII@Z 67d98ad0 f   ImageViewportWnd.obj
 0001:00017b00       ?OnMouseLeave@CImageViewportWnd@@IAEJIJ@Z 67d98b00 f   ImageViewportWnd.obj
 0001:00017b30       ?TranslatePointToNativeView@CImageViewportWnd@@ABE?AVCPoint@@V2@@Z 67d98b30 f   ImageViewportWnd.obj
 0001:00017ca0       ?TranslatePointToDestinationView@CImageViewportWnd@@ABE?AVCPoint@@V2@@Z 67d98ca0 f   ImageViewportWnd.obj
 0001:00017da0       ?GetDstRectFromCurrentScalingOptions@CImageViewportWnd@@ABE?AVCRect@@XZ 67d98da0 f   ImageViewportWnd.obj
 0001:00017e80       ?GetROI@CImageViewportWnd@@QBEXAAI000@Z 67d98e80 f   ImageViewportWnd.obj
 0001:00017ec0       ?GetROI@CImageViewportWnd@@QBEXAAVCPoint@@0@Z 67d98ec0 f   ImageViewportWnd.obj
 0001:00017ef0       ?ValidateRoi@CImageViewportWnd@@AAEXXZ 67d98ef0 f   ImageViewportWnd.obj
 0001:00017fe0       ?MoveMouseCursor@CImageViewportWnd@@ABEXHH@Z 67d98fe0 f   ImageViewportWnd.obj
 0001:00018070       ?GetPixelString@CImageViewportWnd@@QBE?AV?$CStringT@DV?$StrTraitMFC_DLL@DV?$ChTraitsCRT@D@ATL@@@@@ATL@@VCPoint@@@Z 67d99070 f   ImageViewportWnd.obj
 0001:00018110       ??_GCImageViewportWnd@@UAEPAXI@Z 67d99110 f i ImageViewportWnd.obj
 0001:00018140       ??_ECImageViewportWnd@@UAEPAXI@Z 67d99140 f i ImageViewportWnd.obj
 0001:000181a0       ?PaintROI@CImageViewportWnd@@AAEXXZ 67d991a0 f   ImageViewportWnd.obj
 0001:00018540       ?OnLButtonDown@CImageViewportWnd@@IAEXIVCPoint@@@Z 67d99540 f   ImageViewportWnd.obj
 0001:00018670       ?OnLButtonUp@CImageViewportWnd@@IAEXIVCPoint@@@Z 67d99670 f   ImageViewportWnd.obj
 0001:000186e0       ?OnSysKeyDown@CImageViewportWnd@@IAEXIII@Z 67d996e0 f   ImageViewportWnd.obj
 0001:00018770       ?OnSetCursor@CImageViewportWnd@@IAEHPAVCWnd@@II@Z 67d99770 f   ImageViewportWnd.obj
 0001:000188f0       ?UpdateScales@CImageViewportWnd@@AAEXMM@Z 67d998f0 f   ImageViewportWnd.obj
 0001:00018db0       ?MoveInView@CImageViewportWnd@@AAEXVCPoint@@@Z 67d99db0 f   ImageViewportWnd.obj
 0001:00018fe0       ?MoveRoi@CImageViewportWnd@@AAEXVCPoint@@@Z 67d99fe0 f   ImageViewportWnd.obj
 0001:00019090       ?MoveRoiAnchor@CImageViewportWnd@@AAEXVCPoint@@@Z 67d9a090 f   ImageViewportWnd.obj
 0001:00019190       ?ChangeZoom@CImageViewportWnd@@AAEX_N0VCPoint@@00@Z 67d9a190 f   ImageViewportWnd.obj
 0001:00019290       ?ActivateROI@CImageViewportWnd@@QAEX_N@Z 67d9a290 f   ImageViewportWnd.obj
 0001:000192d0       ?SetROI@CImageViewportWnd@@QAEXHHII@Z 67d9a2d0 f   ImageViewportWnd.obj
 0001:00019340       ?SetROI@CImageViewportWnd@@QAEXVCPoint@@0@Z 67d9a340 f   ImageViewportWnd.obj
 0001:00019370       ?SetROI@CImageViewportWnd@@QAEXVCRect@@@Z 67d9a370 f   ImageViewportWnd.obj
 0001:00019390       ?Refresh@CImageViewportWnd@@QAEXXZ 67d9a390 f   ImageViewportWnd.obj
 0001:00019410       ?Reset@CImageViewportWnd@@QAEXXZ 67d9a410 f   ImageViewportWnd.obj
 0001:000194b0       ??0CImageViewportWnd@@QAE@XZ 67d9a4b0 f   ImageViewportWnd.obj
 0001:000195d0       ?ViewCallback@CImageViewportWnd@@CAXPAVSapViewCallbackInfo@@@Z 67d9a5d0 f   ImageViewportWnd.obj
 0001:000195f0       ?CenterImage@CImageViewportWnd@@QAEX_N@Z 67d9a5f0 f   ImageViewportWnd.obj
 0001:00019620       ?OnPaint@CImageViewportWnd@@IAEXXZ 67d9a620 f   ImageViewportWnd.obj
 0001:000197e0       ?PreTranslateMessage@CImageViewportWnd@@MAEHPAUtagMSG@@@Z 67d9a7e0 f   ImageViewportWnd.obj
 0001:00019810       ?OnSize@CImageViewportWnd@@IAEXIHH@Z 67d9a810 f   ImageViewportWnd.obj
 0001:00019850       ?OnLButtonDblClk@CImageViewportWnd@@IAEXIVCPoint@@@Z 67d9a850 f   ImageViewportWnd.obj
 0001:000199c0       ?OnKeyDown@CImageViewportWnd@@IAEXIII@Z 67d9a9c0 f   ImageViewportWnd.obj
 0001:00019b40       ?OnMouseMove@CImageViewportWnd@@IAEXIVCPoint@@@Z 67d9ab40 f   ImageViewportWnd.obj
 0001:00019c40       ?OnMouseWheel@CImageViewportWnd@@IAEHIFVCPoint@@@Z 67d9ac40 f   ImageViewportWnd.obj
 0001:00019d00       ?AttachSapView@CImageViewportWnd@@QAE_NPAVSapView@@@Z 67d9ad00 f   ImageViewportWnd.obj
 0001:00019d40       ?GetThisMessageMap@CImageViewportWnd@@KGPBUAFX_MSGMAP@@XZ 67d9ad40 f   ImageViewportWnd.obj
 0001:00019d50       ?GetMessageMap@CImageViewportWnd@@MBEPBUAFX_MSGMAP@@XZ 67d9ad50 f   ImageViewportWnd.obj
 0001:00019d60       ?OnMove@CImageWnd@@QAEXXZ  67d9ad60 f   ImageWnd.obj
 0001:00019d90       ?OnPaint@CImageWnd@@QAEXXZ 67d9ad90 f   ImageWnd.obj
 0001:00019dc0       ?GetSelectedRoi@CImageWnd@@QAE?AVCRect@@XZ 67d9adc0 f   ImageWnd.obj
 0001:00019df0       ?SetPixelStringFormatDecimal@CImageWnd@@QAEXH@Z 67d9adf0 f   ImageWnd.obj
 0001:00019e00       ?GetPixelString@CImageWnd@@SA?AV?$CStringT@DV?$StrTraitMFC_DLL@DV?$ChTraitsCRT@D@ATL@@@@@ATL@@PAVSapBuffer@@VCPoint@@HH@Z 67d9ae00 f   ImageWnd.obj
 0001:0001a660       ?AdjustRect@CSapRectTracker@@UAEXHPAUtagRECT@@@Z 67d9b660 f   ImageWnd.obj
 0001:0001a6c0       ?SetLimitRect@CSapRectTracker@@QAEXPAVCRect@@@Z 67d9b6c0 f   ImageWnd.obj
 0001:0001a6f0       ??0CSize@@QAE@XZ           67d9b6f0 f i ImageWnd.obj
 0001:0001a700       ?GetBkColor@CDC@@QBEKXZ    67d9b700 f i ImageWnd.obj
 0001:0001a710       ?InvalidateRect@CWnd@@QAEXPBUtagRECT@@H@Z 67d9b710 f i ImageWnd.obj
 0001:0001a730       ?ShowScrollBar@CScrollBar@@QAEXH@Z 67d9b730 f i ImageWnd.obj
 0001:0001a750       ??0CRectTracker@@QAE@XZ    67d9b750 f i ImageWnd.obj
 0001:0001a790       ??_ECRectTracker@@UAEPAXI@Z 67d9b790 f i ImageWnd.obj
 0001:0001a790       ??_GCRectTracker@@UAEPAXI@Z 67d9b790 f i ImageWnd.obj
 0001:0001a7c0       ??1CSapRectTracker@@UAE@XZ 67d9b7c0 f i ImageWnd.obj
 0001:0001a7d0       ??0CSapRectTracker@@QAE@XZ 67d9b7d0 f i ImageWnd.obj
 0001:0001a820       ??_GCSapRectTracker@@UAEPAXI@Z 67d9b820 f i ImageWnd.obj
 0001:0001a820       ??_ECSapRectTracker@@UAEPAXI@Z 67d9b820 f i ImageWnd.obj
 0001:0001a850       ??1CImageWnd@@UAE@XZ       67d9b850 f   ImageWnd.obj
 0001:0001a860       ?GetScrollInfo@CImageWnd@@IAEHHPAUtagSCROLLINFO@@@Z 67d9b860 f   ImageWnd.obj
 0001:0001a8e0       ?SetScrollInfo@CImageWnd@@IAEHHPAUtagSCROLLINFO@@H@Z 67d9b8e0 f   ImageWnd.obj
 0001:0001a950       ?IsPointInside@CImageWnd@@QAEHVCPoint@@@Z 67d9b950 f   ImageWnd.obj
 0001:0001a970       ?UpdateClientArea@CImageWnd@@QAEXK@Z 67d9b970 f   ImageWnd.obj
 0001:0001aa80       ?UpdateClientArea@CImageWnd@@QAEXXZ 67d9ba80 f   ImageWnd.obj
 0001:0001aad0       ?Invalidate@CImageWnd@@QAEXH@Z 67d9bad0 f   ImageWnd.obj
 0001:0001aaf0       ?HideRoiTracker@CImageWnd@@QAEXXZ 67d9baf0 f   ImageWnd.obj
 0001:0001ab30       ?ValidateRoi@CImageWnd@@IAE?AVCRect@@V2@@Z 67d9bb30 f   ImageWnd.obj
 0001:0001abe0       ?OnSetCursor@CImageWnd@@QAEHI@Z 67d9bbe0 f   ImageWnd.obj
 0001:0001acb0       ??_ECImageWnd@@UAEPAXI@Z   67d9bcb0 f i ImageWnd.obj
 0001:0001ad10       ?GetScrollPos@CImageWnd@@IAEHH@Z 67d9bd10 f   ImageWnd.obj
 0001:0001ad70       ?GetScrollRange@CImageWnd@@IAEXHPAH0@Z 67d9bd70 f   ImageWnd.obj
 0001:0001ade0       ?SetScrollPos@CImageWnd@@IAEHHHH@Z 67d9bde0 f   ImageWnd.obj
 0001:0001ae60       ?TranslatePos@CImageWnd@@QAE?AVCPoint@@V2@@Z 67d9be60 f   ImageWnd.obj
 0001:0001afa0       ?UntranslatePos@CImageWnd@@QAE?AVCPoint@@V2@@Z 67d9bfa0 f   ImageWnd.obj
 0001:0001b0b0       ?DisplayRoiTracker@CImageWnd@@QAEXXZ 67d9c0b0 f   ImageWnd.obj
 0001:0001b1c0       ?UpdateRectTracker@CImageWnd@@IAEXXZ 67d9c1c0 f   ImageWnd.obj
 0001:0001b220       ?SelectRoi@CImageWnd@@QAEXVCRect@@@Z 67d9c220 f   ImageWnd.obj
 0001:0001b290       ?OnLButtonDown@CImageWnd@@QAEHVCPoint@@@Z 67d9c290 f   ImageWnd.obj
 0001:0001b390       ?TranslateMousePos@CImageWnd@@QAE?AVCPoint@@V2@@Z 67d9c390 f   ImageWnd.obj
 0001:0001b3e0       ?UpdateScrollBars@CImageWnd@@IAEXXZ 67d9c3e0 f   ImageWnd.obj
 0001:0001b620       ?OnHScroll@CImageWnd@@QAEXII@Z 67d9c620 f   ImageWnd.obj
 0001:0001b700       ?OnVScroll@CImageWnd@@QAEXII@Z 67d9c700 f   ImageWnd.obj
 0001:0001b7e0       ?GetPixelString@CImageWnd@@QAE?AV?$CStringT@DV?$StrTraitMFC_DLL@DV?$ChTraitsCRT@D@ATL@@@@@ATL@@VCPoint@@@Z 67d9c7e0 f   ImageWnd.obj
 0001:0001b8b0       ?OnSize@CImageWnd@@QAEXH@Z 67d9c8b0 f   ImageWnd.obj
 0001:0001bbb0       ??0CImageWnd@@QAE@PAVSapView@@PAVCWnd@@PAVCScrollBar@@21@Z 67d9cbb0 f   ImageWnd.obj
 0001:0001bce0       ??0CImageWnd@@QAE@PAVSapView@@PAVCWnd@@@Z 67d9cce0 f   ImageWnd.obj
 0001:0001bde0       ?OnFinalRelease@CJpegFileDlg@@UAEXXZ 67d9cde0 f   JpegFileDlg.obj
 0001:0001bdf0       ?GetThisDispatchMap@CJpegFileDlg@@KGPBUAFX_DISPMAP@@XZ 67d9cdf0 f   JpegFileDlg.obj
 0001:0001be00       ?GetDispatchMap@CJpegFileDlg@@MBEPBUAFX_DISPMAP@@XZ 67d9ce00 f   JpegFileDlg.obj
 0001:0001be10       ?GetThisInterfaceMap@CJpegFileDlg@@KGPBUAFX_INTERFACEMAP@@XZ 67d9ce10 f   JpegFileDlg.obj
 0001:0001be20       ?GetInterfaceMap@CJpegFileDlg@@MBEPBUAFX_INTERFACEMAP@@XZ 67d9ce20 f   JpegFileDlg.obj
 0001:0001be30       ?OnVScroll@CJpegFileDlg@@IAEXIIPAVCScrollBar@@@Z 67d9ce30 f   JpegFileDlg.obj
 0001:0001bee0       ?OnOK@CJpegFileDlg@@MAEXXZ 67d9cee0 f   JpegFileDlg.obj
 0001:0001bf10       ?OnUpdateJpgEditQuality@CJpegFileDlg@@IAEXXZ 67d9cf10 f   JpegFileDlg.obj
 0001:0001bf20       ??0CJpegFileDlg@@QAE@PAVCWnd@@H@Z 67d9cf20 f   JpegFileDlg.obj
 0001:0001bfb0       ??1CJpegFileDlg@@UAE@XZ    67d9cfb0 f i JpegFileDlg.obj
 0001:0001bfc0       ??_GCJpegFileDlg@@UAEPAXI@Z 67d9cfc0 f i JpegFileDlg.obj
 0001:0001bfc0       ??_ECJpegFileDlg@@UAEPAXI@Z 67d9cfc0 f i JpegFileDlg.obj
 0001:0001bff0       ?DoDataExchange@CJpegFileDlg@@MAEXPAVCDataExchange@@@Z 67d9cff0 f   JpegFileDlg.obj
 0001:0001c020       ?GetThisMessageMap@CJpegFileDlg@@KGPBUAFX_MSGMAP@@XZ 67d9d020 f   JpegFileDlg.obj
 0001:0001c030       ?GetMessageMap@CJpegFileDlg@@MBEPBUAFX_MSGMAP@@XZ 67d9d030 f   JpegFileDlg.obj
 0001:0001c040       ?GetRawFileWidth@CRawFileDlg@@QAEHXZ 67d9d040 f i LoadSaveDlg.obj
 0001:0001c050       ?GetRawFileHeight@CRawFileDlg@@QAEHXZ 67d9d050 f i LoadSaveDlg.obj
 0001:0001c060       ?GetRawFileOffset@CRawFileDlg@@QAEHXZ 67d9d060 f i LoadSaveDlg.obj
 0001:0001c070       ?GetRawFileFormat@CRawFileDlg@@QAEHXZ 67d9d070 f i LoadSaveDlg.obj
 0001:0001c080       ?GetJpegFileQuality@CJpegFileDlg@@QAEHXZ 67d9d080 f i LoadSaveDlg.obj
 0001:0001c090       ?GetFirstFrame@CAviFileDlg@@QAEHXZ 67d9d090 f i LoadSaveDlg.obj
 0001:0001c0a0       ?GetCompressionLevel@CTiffFileDlg@@QAEHXZ 67d9d0a0 f i LoadSaveDlg.obj
 0001:0001c0b0       ?GetCompressionType@CTiffFileDlg@@QAEHXZ 67d9d0b0 f i LoadSaveDlg.obj
 0001:0001c0c0       ?_GetBaseClass@CLoadSaveDlg@@KGPAUCRuntimeClass@@XZ 67d9d0c0 f   LoadSaveDlg.obj
 0001:0001c0d0       ?GetThisClass@CLoadSaveDlg@@SGPAUCRuntimeClass@@XZ 67d9d0d0 f   LoadSaveDlg.obj
 0001:0001c0e0       ?GetRuntimeClass@CLoadSaveDlg@@UBEPAUCRuntimeClass@@XZ 67d9d0e0 f   LoadSaveDlg.obj
 0001:0001c0f0       ?SaveSettings@CLoadSaveDlg@@IAEXXZ 67d9d0f0 f   LoadSaveDlg.obj
 0001:0001c1a0       ??1CTiffFileDlg@@UAE@XZ    67d9d1a0 f i LoadSaveDlg.obj
 0001:0001c1b0       ??1CRawFileDlg@@UAE@XZ     67d9d1b0 f i LoadSaveDlg.obj
 0001:0001c210       ?SetFilterIndex@CLoadSaveDlg@@IAEXXZ 67d9d210 f   LoadSaveDlg.obj
 0001:0001c270       ?GetThisMessageMap@CLoadSaveDlg@@KGPBUAFX_MSGMAP@@XZ 67d9d270 f   LoadSaveDlg.obj
 0001:0001c280       ?GetForegroundWindow@CWnd@@SGPAV1@XZ 67d9d280 f i LoadSaveDlg.obj
 0001:0001c300       ??_GCLoadSaveDlg@@UAEPAXI@Z 67d9d300 f i LoadSaveDlg.obj
 0001:0001c330       ??_ECLoadSaveDlg@@UAEPAXI@Z 67d9d330 f i LoadSaveDlg.obj
 0001:0001c3a0       ?AddTiffOptions@CLoadSaveDlg@@IAEHXZ 67d9d3a0 f   LoadSaveDlg.obj
 0001:0001c4d0       ?AddRawOptions@CLoadSaveDlg@@IAEHXZ 67d9d4d0 f   LoadSaveDlg.obj
 0001:0001c670       ?AddJpegOptions@CLoadSaveDlg@@IAEHXZ 67d9d670 f   LoadSaveDlg.obj
 0001:0001c750       ?AddAviOptions@CLoadSaveDlg@@IAEHXZ 67d9d750 f   LoadSaveDlg.obj
 0001:0001c800       ?OnTypeChange@CLoadSaveDlg@@MAEXXZ 67d9d800 f   LoadSaveDlg.obj
 0001:0001c8a0       ?GetMessageMap@CLoadSaveDlg@@MBEPBUAFX_MSGMAP@@XZ 67d9d8a0 f   LoadSaveDlg.obj
 0001:0001c8b0       ?LoadSettings@CLoadSaveDlg@@IAEXXZ 67d9d8b0 f   LoadSaveDlg.obj
 0001:0001c980       ?SetOptions@CLoadSaveDlg@@IAEHXZ 67d9d980 f   LoadSaveDlg.obj
[...]
 0001:00026ff8       __unwindfunclet$??1CImageViewportWnd@@UAE@XZ$1 67da7ff8 f   ImageViewportWnd.obj
 0001:00027006       __unwindfunclet$??1CImageViewportWnd@@UAE@XZ$2 67da8006 f   ImageViewportWnd.obj
 0001:00027014       __ehhandler$??1CImageViewportWnd@@UAE@XZ 67da8014 f   ImageViewportWnd.obj
 0001:00027030       __unwindfunclet$?TranslatePointToNativeView@CImageViewportWnd@@ABE?AVCPoint@@V2@@Z$0 67da8030 f   ImageViewportWnd.obj
 0001:00027039       __ehhandler$?TranslatePointToNativeView@CImageViewportWnd@@ABE?AVCPoint@@V2@@Z 67da8039 f   ImageViewportWnd.obj
 0001:00027060       __unwindfunclet$?TranslatePointToDestinationView@CImageViewportWnd@@ABE?AVCPoint@@V2@@Z$0 67da8060 f   ImageViewportWnd.obj
 0001:00027069       __ehhandler$?TranslatePointToDestinationView@CImageViewportWnd@@ABE?AVCPoint@@V2@@Z 67da8069 f   ImageViewportWnd.obj
 0001:00027090       __unwindfunclet$?GetDstRectFromCurrentScalingOptions@CImageViewportWnd@@ABE?AVCRect@@XZ$0 67da8090 f   ImageViewportWnd.obj
 0001:00027099       __ehhandler$?GetDstRectFromCurrentScalingOptions@CImageViewportWnd@@ABE?AVCRect@@XZ 67da8099 f   ImageViewportWnd.obj
 0001:000270c0       __unwindfunclet$?PaintROI@CImageViewportWnd@@AAEXXZ$0 67da80c0 f   ImageViewportWnd.obj
 0001:000270c8       __ehhandler$?PaintROI@CImageViewportWnd@@AAEXXZ 67da80c8 f   ImageViewportWnd.obj
 0001:000270f0       __unwindfunclet$?UpdateScales@CImageViewportWnd@@AAEXMM@Z$0 67da80f0 f   ImageViewportWnd.obj
 0001:000270fc       __unwindfunclet$?UpdateScales@CImageViewportWnd@@AAEXMM@Z$1 67da80fc f   ImageViewportWnd.obj
 0001:00027105       __ehhandler$?UpdateScales@CImageViewportWnd@@AAEXMM@Z 67da8105 f   ImageViewportWnd.obj
 0001:00027130       __unwindfunclet$?MoveInView@CImageViewportWnd@@AAEXVCPoint@@@Z$0 67da8130 f   ImageViewportWnd.obj
 0001:00027139       __ehhandler$?MoveInView@CImageViewportWnd@@AAEXVCPoint@@@Z 67da8139 f   ImageViewportWnd.obj
 0001:00027160       __unwindfunclet$??0CImageViewportWnd@@QAE@XZ$0 67da8160 f   ImageViewportWnd.obj
 0001:00027168       __unwindfunclet$??0CImageViewportWnd@@QAE@XZ$1 67da8168 f   ImageViewportWnd.obj
 0001:00027176       __unwindfunclet$??0CImageViewportWnd@@QAE@XZ$2 67da8176 f   ImageViewportWnd.obj
 0001:00027184       __ehhandler$??0CImageViewportWnd@@QAE@XZ 67da8184 f   ImageViewportWnd.obj
 0001:000271a0       __unwindfunclet$?OnPaint@CImageViewportWnd@@IAEXXZ$0 67da81a0 f   ImageViewportWnd.obj
 0001:000271ab       __ehhandler$?OnPaint@CImageViewportWnd@@IAEXXZ 67da81ab f   ImageViewportWnd.obj
 0001:000271e0       __unwindfunclet$?GetPixelString@CImageWnd@@SA?AV?$CStringT@DV?$StrTraitMFC_DLL@DV?$ChTraitsCRT@D@ATL@@@@@ATL@@PAVSapBuffer@@VCPoint@@HH@Z$0 67da81e0 f   ImageWnd.obj
 0001:000271fa       __unwindfunclet$?GetPixelString@CImageWnd@@SA?AV?$CStringT@DV?$StrTraitMFC_DLL@DV?$ChTraitsCRT@D@ATL@@@@@ATL@@PAVSapBuffer@@VCPoint@@HH@Z$1 67da81fa f   ImageWnd.obj
 0001:00027203       __unwindfunclet$?GetPixelString@CImageWnd@@SA?AV?$CStringT@DV?$StrTraitMFC_DLL@DV?$ChTraitsCRT@D@ATL@@@@@ATL@@PAVSapBuffer@@VCPoint@@HH@Z$4 67da8203 f   ImageWnd.obj
 0001:0002720c       __unwindfunclet$?GetPixelString@CImageWnd@@SA?AV?$CStringT@DV?$StrTraitMFC_DLL@DV?$ChTraitsCRT@D@ATL@@@@@ATL@@PAVSapBuffer@@VCPoint@@HH@Z$5 67da820c f   ImageWnd.obj
 0001:00027215       __unwindfunclet$?GetPixelString@CImageWnd@@SA?AV?$CStringT@DV?$StrTraitMFC_DLL@DV?$ChTraitsCRT@D@ATL@@@@@ATL@@PAVSapBuffer@@VCPoint@@HH@Z$9 67da8215 f   ImageWnd.obj
 0001:0002721e       __unwindfunclet$?GetPixelString@CImageWnd@@SA?AV?$CStringT@DV?$StrTraitMFC_DLL@DV?$ChTraitsCRT@D@ATL@@@@@ATL@@PAVSapBuffer@@VCPoint@@HH@Z$14 67da821e f   ImageWnd.obj
 0001:00027227       __unwindfunclet$?GetPixelString@CImageWnd@@SA?AV?$CStringT@DV?$StrTraitMFC_DLL@DV?$ChTraitsCRT@D@ATL@@@@@ATL@@PAVSapBuffer@@VCPoint@@HH@Z$11 67da8227 f   ImageWnd.obj
 0001:00027230       __unwindfunclet$?GetPixelString@CImageWnd@@SA?AV?$CStringT@DV?$StrTraitMFC_DLL@DV?$ChTraitsCRT@D@ATL@@@@@ATL@@PAVSapBuffer@@VCPoint@@HH@Z$12 67da8230 f   ImageWnd.obj
 0001:00027239       __unwindfunclet$?GetPixelString@CImageWnd@@SA?AV?$CStringT@DV?$StrTraitMFC_DLL@DV?$ChTraitsCRT@D@ATL@@@@@ATL@@PAVSapBuffer@@VCPoint@@HH@Z$13 67da8239 f   ImageWnd.obj
 0001:00027242       __unwindfunclet$?GetPixelString@CImageWnd@@SA?AV?$CStringT@DV?$StrTraitMFC_DLL@DV?$ChTraitsCRT@D@ATL@@@@@ATL@@PAVSapBuffer@@VCPoint@@HH@Z$10 67da8242 f   ImageWnd.obj
 0001:0002724b       __unwindfunclet$?GetPixelString@CImageWnd@@SA?AV?$CStringT@DV?$StrTraitMFC_DLL@DV?$ChTraitsCRT@D@ATL@@@@@ATL@@PAVSapBuffer@@VCPoint@@HH@Z$8 67da824b f   ImageWnd.obj
 0001:00027254       __unwindfunclet$?GetPixelString@CImageWnd@@SA?AV?$CStringT@DV?$StrTraitMFC_DLL@DV?$ChTraitsCRT@D@ATL@@@@@ATL@@PAVSapBuffer@@VCPoint@@HH@Z$7 67da8254 f   ImageWnd.obj
 0001:0002725d       __unwindfunclet$?GetPixelString@CImageWnd@@SA?AV?$CStringT@DV?$StrTraitMFC_DLL@DV?$ChTraitsCRT@D@ATL@@@@@ATL@@PAVSapBuffer@@VCPoint@@HH@Z$6 67da825d f   ImageWnd.obj
 0001:00027266       __unwindfunclet$?GetPixelString@CImageWnd@@SA?AV?$CStringT@DV?$StrTraitMFC_DLL@DV?$ChTraitsCRT@D@ATL@@@@@ATL@@PAVSapBuffer@@VCPoint@@HH@Z$3 67da8266 f   ImageWnd.obj
 0001:0002726f       __unwindfunclet$?GetPixelString@CImageWnd@@SA?AV?$CStringT@DV?$StrTraitMFC_DLL@DV?$ChTraitsCRT@D@ATL@@@@@ATL@@PAVSapBuffer@@VCPoint@@HH@Z$2 67da826f f   ImageWnd.obj
 0001:00027278       __unwindfunclet$?GetPixelString@CImageWnd@@SA?AV?$CStringT@DV?$StrTraitMFC_DLL@DV?$ChTraitsCRT@D@ATL@@@@@ATL@@PAVSapBuffer@@VCPoint@@HH@Z$15 67da8278 f   ImageWnd.obj
 0001:00027281       __ehhandler$?GetPixelString@CImageWnd@@SA?AV?$CStringT@DV?$StrTraitMFC_DLL@DV?$ChTraitsCRT@D@ATL@@@@@ATL@@PAVSapBuffer@@VCPoint@@HH@Z 67da8281 f   ImageWnd.obj
 0001:000272b0       __unwindfunclet$?DisplayRoiTracker@CImageWnd@@QAEXXZ$0 67da82b0 f   ImageWnd.obj
 0001:000272b8       __unwindfunclet$?DisplayRoiTracker@CImageWnd@@QAEXXZ$1 67da82b8 f   ImageWnd.obj
 0001:000272c0       __ehhandler$?DisplayRoiTracker@CImageWnd@@QAEXXZ 67da82c0 f   ImageWnd.obj
 0001:000272f0       __unwindfunclet$??0CImageWnd@@QAE@PAVSapView@@PAVCWnd@@PAVCScrollBar@@21@Z$0 67da82f0 f   ImageWnd.obj
 0001:000272fb       __ehhandler$??0CImageWnd@@QAE@PAVSapView@@PAVCWnd@@PAVCScrollBar@@21@Z 67da82fb f   ImageWnd.obj
 0001:00027320       __unwindfunclet$??0CImageWnd@@QAE@PAVSapView@@PAVCWnd@@@Z$0 67da8320 f   ImageWnd.obj
 0001:0002732b       __ehhandler$??0CImageWnd@@QAE@PAVSapView@@PAVCWnd@@@Z 67da832b f   ImageWnd.obj
 0001:00027350       __unwindfunclet$??0CJpegFileDlg@@QAE@PAVCWnd@@H@Z$0 67da8350 f   JpegFileDlg.obj
 0001:00027358       __ehhandler$??0CJpegFileDlg@@QAE@PAVCWnd@@H@Z 67da8358 f   JpegFileDlg.obj
 0001:00027380       __unwindfunclet$?SaveSettings@CLoadSaveDlg@@IAEXXZ$0 67da8380 f   LoadSaveDlg.obj
 0001:00027389       __ehhandler$?SaveSettings@CLoadSaveDlg@@IAEXXZ 67da8389 f   LoadSaveDlg.obj
 0001:000273b0       __unwindfunclet$??1CRawFileDlg@@UAE@XZ$0 67da83b0 f   LoadSaveDlg.obj
 0001:000273b8       __ehhandler$??1CRawFileDlg@@UAE@XZ 67da83b8 f   LoadSaveDlg.obj
 0001:000273e0       __unwindfunclet$?AddTiffOptions@CLoadSaveDlg@@IAEHXZ$0 67da83e0 f   LoadSaveDlg.obj
 0001:000273eb       __unwindfunclet$?AddTiffOptions@CLoadSaveDlg@@IAEHXZ$1 67da83eb f   LoadSaveDlg.obj
 0001:000273f4       __unwindfunclet$?AddTiffOptions@CLoadSaveDlg@@IAEHXZ$2 67da83f4 f   LoadSaveDlg.obj
 0001:000273fd       __ehhandler$?AddTiffOptions@CLoadSaveDlg@@IAEHXZ 67da83fd f   LoadSaveDlg.obj
 0001:00027420       __unwindfunclet$?AddRawOptions@CLoadSaveDlg@@IAEHXZ$0 67da8420 f   LoadSaveDlg.obj
 0001:0002742b       __unwindfunclet$?AddRawOptions@CLoadSaveDlg@@IAEHXZ$2 67da842b f   LoadSaveDlg.obj
 0001:00027436       __unwindfunclet$?AddRawOptions@CLoadSaveDlg@@IAEHXZ$1 67da8436 f   LoadSaveDlg.obj
 0001:0002743f       __unwindfunclet$?AddRawOptions@CLoadSaveDlg@@IAEHXZ$4 67da843f f   LoadSaveDlg.obj
 0001:0002744a       __ehhandler$?AddRawOptions@CLoadSaveDlg@@IAEHXZ 67da844a f   LoadSaveDlg.obj
 0001:00027470       __unwindfunclet$?AddJpegOptions@CLoadSaveDlg@@IAEHXZ$0 67da8470 f   LoadSaveDlg.obj
 0001:0002747b       __unwindfunclet$?AddJpegOptions@CLoadSaveDlg@@IAEHXZ$1 67da847b f   LoadSaveDlg.obj
 0001:00027484       __ehhandler$?AddJpegOptions@CLoadSaveDlg@@IAEHXZ 67da8484 f   LoadSaveDlg.obj
 0001:000274b0       __unwindfunclet$?AddAviOptions@CLoadSaveDlg@@IAEHXZ$0 67da84b0 f   LoadSaveDlg.obj
 0001:000274bb       __ehhandler$?AddAviOptions@CLoadSaveDlg@@IAEHXZ 67da84bb f   LoadSaveDlg.obj
 0001:000274e0       __unwindfunclet$?OnTypeChange@CLoadSaveDlg@@MAEXXZ$0 67da84e0 f   LoadSaveDlg.obj
 0001:000274e9       __ehhandler$?OnTypeChange@CLoadSaveDlg@@MAEXXZ 67da84e9 f   LoadSaveDlg.obj
 0001:00027510       __unwindfunclet$?LoadSettings@CLoadSaveDlg@@IAEXXZ$0 67da8510 f   LoadSaveDlg.obj
 0001:00027519       __ehhandler$?LoadSettings@CLoadSaveDlg@@IAEXXZ 67da8519 f   LoadSaveDlg.obj
 0001:00027540       __unwindfunclet$??0CLoadSaveDlg@@QAE@PAVCWnd@@PAVSapBuffer@@HH@Z$0 67da8540 f   LoadSaveDlg.obj
 0001:00027548       __unwindfunclet$??0CLoadSaveDlg@@QAE@PAVCWnd@@PAVSapBuffer@@HH@Z$1 67da8548 f   LoadSaveDlg.obj
 0001:00027557       __ehhandler$??0CLoadSaveDlg@@QAE@PAVCWnd@@PAVSapBuffer@@HH@Z 67da8557 f   LoadSaveDlg.obj
 0001:00027580       __unwindfunclet$?UpdateBuffer@CLoadSaveDlg@@IAEHXZ$0 67da8580 f   LoadSaveDlg.obj
 0001:00027588       __unwindfunclet$?UpdateBuffer@CLoadSaveDlg@@IAEHXZ$1 67da8588 f   LoadSaveDlg.obj
 0001:00027591       __unwindfunclet$?UpdateBuffer@CLoadSaveDlg@@IAEHXZ$2 67da8591 f   LoadSaveDlg.obj
 0001:0002759a       __unwindfunclet$?UpdateBuffer@CLoadSaveDlg@@IAEHXZ$3 67da859a f   LoadSaveDlg.obj
 0001:000275a3       __unwindfunclet$?UpdateBuffer@CLoadSaveDlg@@IAEHXZ$4 67da85a3 f   LoadSaveDlg.obj
 0001:000275ac       __unwindfunclet$?UpdateBuffer@CLoadSaveDlg@@IAEHXZ$5 67da85ac f   LoadSaveDlg.obj
 0001:000275b5       __ehhandler$?UpdateBuffer@CLoadSaveDlg@@IAEHXZ 67da85b5 f   LoadSaveDlg.obj
 0001:000275d0       __unwindfunclet$??1CLScanDlg@@UAE@XZ$0 67da85d0 f   LScanDlg.obj
 0001:000275d8       __unwindfunclet$??1CLScanDlg@@UAE@XZ$1 67da85d8 f   LScanDlg.obj
 0001:000275e7       __unwindfunclet$??1CLScanDlg@@UAE@XZ$2 67da85e7 f   LScanDlg.obj
 0001:000275f5       __ehhandler$??1CLScanDlg@@UAE@XZ 67da85f5 f   LScanDlg.obj
 0001:00027610       __unwindfunclet$??_GCLScanDlg@@UAEPAXI@Z$0 67da8610 f   LScanDlg.obj
 0001:00027618       __unwindfunclet$??_GCLScanDlg@@UAEPAXI@Z$1 67da8618 f   LScanDlg.obj
 0001:00027627       __unwindfunclet$??_GCLScanDlg@@UAEPAXI@Z$2 67da8627 f   LScanDlg.obj
 0001:00027635       __ehhandler$??_GCLScanDlg@@UAEPAXI@Z 67da8635 f   LScanDlg.obj
 0001:00027650       __unwindfunclet$??_ECLScanDlg@@UAEPAXI@Z$0 67da8650 f   LScanDlg.obj
 0001:00027658       __unwindfunclet$??_ECLScanDlg@@UAEPAXI@Z$1 67da8658 f   LScanDlg.obj
 0001:00027667       __unwindfunclet$??_ECLScanDlg@@UAEPAXI@Z$2 67da8667 f   LScanDlg.obj
 0001:00027675       __ehhandler$??_ECLScanDlg@@UAEPAXI@Z 67da8675 f   LScanDlg.obj
 0001:00027690       __unwindfunclet$??0CLScanDlg@@QAE@PAVCWnd@@PAVSapAcquisition@@@Z$0 67da8690 f   LScanDlg.obj
 0001:00027698       __unwindfunclet$??0CLScanDlg@@QAE@PAVCWnd@@PAVSapAcquisition@@@Z$1 67da8698 f   LScanDlg.obj
 0001:000276a7       __unwindfunclet$??0CLScanDlg@@QAE@PAVCWnd@@PAVSapAcquisition@@@Z$2 67da86a7 f   LScanDlg.obj
 0001:000276b5       __ehhandler$??0CLScanDlg@@QAE@PAVCWnd@@PAVSapAcquisition@@@Z 67da86b5 f   LScanDlg.obj
 0001:000276d0       __unwindfunclet$?VerifyLineIntegrateDuration@CLScanDlg@@IAEXXZ$0 67da86d0 f   LScanDlg.obj
 0001:000276d9       __ehhandler$?VerifyLineIntegrateDuration@CLScanDlg@@IAEXXZ 67da86d9 f   LScanDlg.obj
 0001:00027700       __unwindfunclet$?LoadSettings@CPixProDlg@@IAEXXZ$0 67da8700 f   PixProDlg.obj
 0001:00027709       __unwindfunclet$?LoadSettings@CPixProDlg@@IAEXXZ$1 67da8709 f   PixProDlg.obj
 0001:00027712       __unwindfunclet$?LoadSettings@CPixProDlg@@IAEXXZ$2 67da8712 f   PixProDlg.obj
 0001:0002771b       __ehhandler$?LoadSettings@CPixProDlg@@IAEXXZ 67da871b f   PixProDlg.obj
 0001:00027740       __unwindfunclet$?SaveSettings@CPixProDlg@@IAEXXZ$0 67da8740 f   PixProDlg.obj
 0001:00027749       __ehhandler$?SaveSettings@CPixProDlg@@IAEXXZ 67da8749 f   PixProDlg.obj
 0001:00027770       __unwindfunclet$??1CPixProWAvgDlg@@UAE@XZ$0 67da8770 f   PixProDlg.obj
 0001:00027778       __ehhandler$??1CPixProWAvgDlg@@UAE@XZ 67da8778 f   PixProDlg.obj
 0001:000277a0       __unwindfunclet$??1CPixProIntScaleDlg@@UAE@XZ$0 67da87a0 f   PixProDlg.obj
 0001:000277a8       __ehhandler$??1CPixProIntScaleDlg@@UAE@XZ 67da87a8 f   PixProDlg.obj
 0001:000277d0       __unwindfunclet$??1CPixProDlg@@UAE@XZ$0 67da87d0 f   PixProDlg.obj
 0001:000277d8       __unwindfunclet$??1CPixProDlg@@UAE@XZ$1 67da87d8 f   PixProDlg.obj
 0001:000277e6       __unwindfunclet$??1CPixProDlg@@UAE@XZ$2 67da87e6 f   PixProDlg.obj
 0001:000277f4       __unwindfunclet$??1CPixProDlg@@UAE@XZ$3 67da87f4 f   PixProDlg.obj
 0001:00027802       __unwindfunclet$??1CPixProDlg@@UAE@XZ$4 67da8802 f   PixProDlg.obj
 0001:00027810       __ehhandler$??1CPixProDlg@@UAE@XZ 67da8810 f   PixProDlg.obj
 0001:00027830       __unwindfunclet$??0CPixProDlg@@QAE@PAVCWnd@@PAVSapPixPro@@PAVSapXferNode@@@Z$0 67da8830 f   PixProDlg.obj
 0001:0002783b       __unwindfunclet$??0CPixProDlg@@QAE@PAVCWnd@@PAVSapPixPro@@PAVSapXferNode@@@Z$1 67da883b f   PixProDlg.obj
 0001:0002784c       __unwindfunclet$??0CPixProDlg@@QAE@PAVCWnd@@PAVSapPixPro@@PAVSapXferNode@@@Z$2 67da884c f   PixProDlg.obj
 0001:0002785d       __unwindfunclet$??0CPixProDlg@@QAE@PAVCWnd@@PAVSapPixPro@@PAVSapXferNode@@@Z$3 67da885d f   PixProDlg.obj
 0001:0002786e       __unwindfunclet$??0CPixProDlg@@QAE@PAVCWnd@@PAVSapPixPro@@PAVSapXferNode@@@Z$4 67da886e f   PixProDlg.obj
 0001:0002787f       __unwindfunclet$??0CPixProDlg@@QAE@PAVCWnd@@PAVSapPixPro@@PAVSapXferNode@@@Z$6 67da887f f   PixProDlg.obj
 0001:00027891       __unwindfunclet$??0CPixProDlg@@QAE@PAVCWnd@@PAVSapPixPro@@PAVSapXferNode@@@Z$7 67da8891 f   PixProDlg.obj
 0001:0002789a       __unwindfunclet$??0CPixProDlg@@QAE@PAVCWnd@@PAVSapPixPro@@PAVSapXferNode@@@Z$8 67da889a f   PixProDlg.obj
 0001:000278a3       __unwindfunclet$??0CPixProDlg@@QAE@PAVCWnd@@PAVSapPixPro@@PAVSapXferNode@@@Z$10 67da88a3 f   PixProDlg.obj
 0001:000278af       __ehhandler$??0CPixProDlg@@QAE@PAVCWnd@@PAVSapPixPro@@PAVSapXferNode@@@Z 67da88af f   PixProDlg.obj
 0001:000278e0       __unwindfunclet$?FillFunctionCombo@CPixProDlg@@IAEXXZ$0 67da88e0 f   PixProDlg.obj
 0001:000278ec       __unwindfunclet$?FillFunctionCombo@CPixProDlg@@IAEXXZ$1 67da88ec f   PixProDlg.obj
 0001:000278f8       __ehhandler$?FillFunctionCombo@CPixProDlg@@IAEXXZ 67da88f8 f   PixProDlg.obj
 0001:00027920       __unwindfunclet$?SetDirectories@CPixProDlg@@IAEXXZ$0 67da8920 f   PixProDlg.obj
 0001:0002792c       __ehhandler$?SetDirectories@CPixProDlg@@IAEXXZ 67da892c f   PixProDlg.obj
 0001:00027960       __unwindfunclet$?OnOK@CPixProDlg@@MAEXXZ$0 67da8960 f   PixProDlg.obj
 0001:0002796c       __unwindfunclet$?OnOK@CPixProDlg@@MAEXXZ$1 67da896c f   PixProDlg.obj
 0001:00027978       __unwindfunclet$?OnOK@CPixProDlg@@MAEXXZ$2 67da8978 f   PixProDlg.obj
 0001:00027983       __unwindfunclet$?OnOK@CPixProDlg@@MAEXXZ$3 67da8983 f   PixProDlg.obj
 0001:0002798e       __unwindfunclet$?OnOK@CPixProDlg@@MAEXXZ$4 67da898e f   PixProDlg.obj
 0001:00027999       __unwindfunclet$?OnOK@CPixProDlg@@MAEXXZ$5 67da8999 f   PixProDlg.obj
 0001:000279a4       __unwindfunclet$?OnOK@CPixProDlg@@MAEXXZ$10 67da89a4 f   PixProDlg.obj
 0001:000279af       __unwindfunclet$?OnOK@CPixProDlg@@MAEXXZ$6 67da89af f   PixProDlg.obj
 0001:000279ba       __unwindfunclet$?OnOK@CPixProDlg@@MAEXXZ$12 67da89ba f   PixProDlg.obj
 0001:000279c5       __ehhandler$?OnOK@CPixProDlg@@MAEXXZ 67da89c5 f   PixProDlg.obj
 0001:000279f0       __unwindfunclet$?OnBrowse@CPixProDlg@@IAEXXZ$0 67da89f0 f   PixProDlg.obj
 0001:000279f9       __unwindfunclet$?OnBrowse@CPixProDlg@@IAEXXZ$1 67da89f9 f   PixProDlg.obj
 0001:00027a01       __unwindfunclet$?OnBrowse@CPixProDlg@@IAEXXZ$2 67da8a01 f   PixProDlg.obj
 0001:00027a0a       __ehhandler$?OnBrowse@CPixProDlg@@IAEXXZ 67da8a0a f   PixProDlg.obj
 0001:00027a30       __unwindfunclet$??0CPixProIntScaleDlg@@QAE@PAVCWnd@@PAUCORPPL_FCT_PROP@@PAVSapPixProParams@@@Z$0 67da8a30 f   PixProIntScaleDlg.obj
 0001:00027a38       __ehhandler$??0CPixProIntScaleDlg@@QAE@PAVCWnd@@PAUCORPPL_FCT_PROP@@PAVSapPixProParams@@@Z 67da8a38 f   PixProIntScaleDlg.obj
 0001:00027a60       __unwindfunclet$??_GCPixProIntScaleDlg@@UAEPAXI@Z$0 67da8a60 f   PixProIntScaleDlg.obj
 0001:00027a68       __ehhandler$??_GCPixProIntScaleDlg@@UAEPAXI@Z 67da8a68 f   PixProIntScaleDlg.obj
 0001:00027a90       __unwindfunclet$??0CPixProWAvgDlg@@QAE@PAVCWnd@@PAUCORPPL_FCT_PROP@@PAVSapPixProParams@@@Z$0 67da8a90 f   PixProWAvgDlg.obj
 0001:00027a98       __ehhandler$??0CPixProWAvgDlg@@QAE@PAVCWnd@@PAUCORPPL_FCT_PROP@@PAVSapPixProParams@@@Z 67da8a98 f   PixProWAvgDlg.obj
 0001:00027ac0       __unwindfunclet$??_GCPixProWAvgDlg@@UAEPAXI@Z$0 67da8ac0 f   PixProWAvgDlg.obj
 0001:00027ac8       __ehhandler$??_GCPixProWAvgDlg@@UAEPAXI@Z 67da8ac8 f   PixProWAvgDlg.obj
 0001:00027af0       __unwindfunclet$??0CRawFileDlg@@QAE@PAVCWnd@@HHHH@Z$0 67da8af0 f   RawFileDlg.obj
 0001:00027af8       __unwindfunclet$??0CRawFileDlg@@QAE@PAVCWnd@@HHHH@Z$1 67da8af8 f   RawFileDlg.obj
 0001:00027b06       __ehhandler$??0CRawFileDlg@@QAE@PAVCWnd@@HHHH@Z 67da8b06 f   RawFileDlg.obj
 0001:00027b30       __unwindfunclet$??_GCRawFileDlg@@UAEPAXI@Z$0 67da8b30 f   RawFileDlg.obj
 0001:00027b38       __ehhandler$??_GCRawFileDlg@@UAEPAXI@Z 67da8b38 f   RawFileDlg.obj
 0001:00027b60       __unwindfunclet$??1CViewDlg@@UAE@XZ$0 67da8b60 f   SapClassGui.obj
 0001:00027b68       __unwindfunclet$??1CViewDlg@@UAE@XZ$1 67da8b68 f   SapClassGui.obj
 0001:00027b76       __unwindfunclet$??1CViewDlg@@UAE@XZ$2 67da8b76 f   SapClassGui.obj
 0001:00027b84       __unwindfunclet$??1CViewDlg@@UAE@XZ$3 67da8b84 f   SapClassGui.obj
 0001:00027b92       __unwindfunclet$??1CViewDlg@@UAE@XZ$4 67da8b92 f   SapClassGui.obj
 0001:00027ba0       __ehhandler$??1CViewDlg@@UAE@XZ 67da8ba0 f   SapClassGui.obj
 0001:00027bc0       __unwindfunclet$?SapClassGuiInitModule@@YAXXZ$0 67da8bc0 f   SapClassGui.obj
 0001:00027bca       __ehhandler$?SapClassGuiInitModule@@YAXXZ 67da8bca f   SapClassGui.obj
 0001:00027bf0       __unwindfunclet$??0CTiffFileDlg@@QAE@PAVCWnd@@HH@Z$0 67da8bf0 f   TiffFileDlg.obj
 0001:00027bf8       __ehhandler$??0CTiffFileDlg@@QAE@PAVCWnd@@HH@Z 67da8bf8 f   TiffFileDlg.obj
 0001:00027c20       __unwindfunclet$??0CViewDlg@@QAE@PAVCWnd@@PAVSapView@@@Z$0 67da8c20 f   ViewDlg.obj
 0001:00027c28       __unwindfunclet$??0CViewDlg@@QAE@PAVCWnd@@PAVSapView@@@Z$1 67da8c28 f   ViewDlg.obj
 0001:00027c36       __unwindfunclet$??0CViewDlg@@QAE@PAVCWnd@@PAVSapView@@@Z$2 67da8c36 f   ViewDlg.obj
 0001:00027c44       __unwindfunclet$??0CViewDlg@@QAE@PAVCWnd@@PAVSapView@@@Z$3 67da8c44 f   ViewDlg.obj
 0001:00027c52       __unwindfunclet$??0CViewDlg@@QAE@PAVCWnd@@PAVSapView@@@Z$4 67da8c52 f   ViewDlg.obj
 0001:00027c60       __unwindfunclet$??0CViewDlg@@QAE@PAVCWnd@@PAVSapView@@@Z$5 67da8c60 f   ViewDlg.obj
 0001:00027c6e       __unwindfunclet$??0CViewDlg@@QAE@PAVCWnd@@PAVSapView@@@Z$6 67da8c6e f   ViewDlg.obj
 0001:00027c77       __ehhandler$??0CViewDlg@@QAE@PAVCWnd@@PAVSapView@@@Z 67da8c77 f   ViewDlg.obj
 0001:00027ca0       __unwindfunclet$?OnInitDialog@CViewDlg@@MAEHXZ$0 67da8ca0 f   ViewDlg.obj
 0001:00027cac       __unwindfunclet$?OnInitDialog@CViewDlg@@MAEHXZ$1 67da8cac f   ViewDlg.obj
 0001:00027cb8       __ehhandler$?OnInitDialog@CViewDlg@@MAEHXZ 67da8cb8 f   ViewDlg.obj
 0001:00027ce0       ??__E?m_Methods@CColorConversionOptionsDlg@@0PAUSapColorConversionMethodDictionary@@A@@YAXXZ 67da8ce0 f   ColorConversionDlg.obj
 0001:00027e10       ??__F?m_Methods@CColorConversionOptionsDlg@@0PAUSapColorConversionMethodDictionary@@A@@YAXXZ 67da8e10 f   ColorConversionDlg.obj
