 GigeCameraDemo

 Timestamp is 5ac48af7 (Wed Apr 04 16:21:11 2018)

 Preferred load address is 0000000140000000

 Start         Length     Name                   Class
 0001:00000000 0001f8daH .text                   CODE
 0001:0001f8e0 00002958H .text$x                 CODE
 0001:00022240 000018bcH .text$yc                CODE
 0001:00023b00 000010d5H .text$yd                CODE
 0002:00000000 00000109H .CRT$XCA                DATA
 0002:00000110 00000109H .CRT$XCAA               DATA
 0002:00000220 0000011cH .CRT$XCC                DATA
 0002:00000340 00000220H .CRT$XCL                DATA
 0002:00000560 0000013fH .CRT$XCU                DATA
 0002:000006a0 00000109H .CRT$XCZ                DATA
 0002:000007b0 00000109H .CRT$XIA                DATA
 0002:000008c0 00000109H .CRT$XIAA               DATA
 0002:000009d0 00000109H .CRT$XIY                DATA
 0002:00000ae0 00000109H .CRT$XIZ                DATA
 0002:00000bf0 00008592H .rdata                  DATA
 0002:00009184 000001a9H .rdata$debug            DATA
 0002:00009330 00000d12H .rdata$r                DATA
 0002:0000a048 00000109H .rtc$IAA                DATA
 0002:0000a158 00000109H .rtc$IZZ                DATA
 0002:0000a268 00000109H .rtc$TAA                DATA
 0002:0000a378 00000109H .rtc$TZZ                DATA
 0002:0000a488 000028b5H .xdata                  DATA
 0002:0000cd40 00000164H .xdata$x                DATA
 0002:0000cea8 00000109H ATL$__a                 DATA
 0002:0000cfb8 00000109H ATL$__z                 DATA
 0002:0000d0c1 00000000H .edata                  DATA
 0003:00000000 000005ddH .data                   DATA
 0003:000005e0 345271a0H .bss                    DATA
 0004:00000000 00001d70H .pdata                  DATA
 0005:00000000 0000012cH .idata$2                DATA
 0005:0000012c 00000014H .idata$3                DATA
 0005:00000140 000019c0H .idata$4                DATA
 0005:00001b00 000019c0H .idata$5                DATA
 0005:000034c0 00001517H .idata$6                DATA
 0006:00000000 00001253H .rsrc$01                DATA
 0006:00001260 000b7f06H .rsrc$02                DATA

  Address         Publics by Value              Rva+Base               Lib:Object

 0000:00000000       ___safe_se_handler_table   0000000000000000     <absolute>
 0000:00000000       ___safe_se_handler_count   0000000000000000     <absolute>
 0000:00000000       __ImageBase                0000000140000000     <linker-defined>
 0001:000009c0       ?_AfxInitManaged@@YAHXZ    00000001400019c0 f i GigeCameraDemo.obj
 0001:000009d0       ??_H@YAXPEAX_KHP6APEAX0@Z@Z 00000001400019d0 f i GigeCameraDemo.obj
 0001:00000a40       ?GetMessageMap@CGigeCameraDemoApp@@MEBAPEBUAFX_MSGMAP@@XZ 0000000140001a40 f   GigeCameraDemo.obj
 0001:00000a60       ?GetThisMessageMap@CGigeCameraDemoApp@@KAPEBUAFX_MSGMAP@@XZ 0000000140001a60 f   GigeCameraDemo.obj
 0001:00000a70       ??0CGigeCameraDemoApp@@QEAA@XZ 0000000140001a70 f   GigeCameraDemo.obj
 0001:00000ab0       ?InitInstance@CGigeCameraDemoApp@@UEAAHXZ 0000000140001ab0 f   GigeCameraDemo.obj
 0001:00000b90       ?SupportsRestartManager@CWinApp@@UEBAHXZ 0000000140001b90 f i GigeCameraDemo.obj
 0001:00000bb0       ?SupportsApplicationRecovery@CWinApp@@UEBAHXZ 0000000140001bb0 f i GigeCameraDemo.obj
 0001:00000bd0       ?SupportsAutosaveAtRestart@CWinApp@@UEBAHXZ 0000000140001bd0 f i GigeCameraDemo.obj
 0001:00000bf0       ?SupportsAutosaveAtInterval@CWinApp@@UEBAHXZ 0000000140001bf0 f i GigeCameraDemo.obj
 0001:00000c10       ?ReopenPreviousFilesAtRestart@CWinApp@@UEBAHXZ 0000000140001c10 f i GigeCameraDemo.obj
 0001:00000c30       ?RestoreAutosavedFilesAtRestart@CWinApp@@UEBAHXZ 0000000140001c30 f i GigeCameraDemo.obj
 0001:00000c50       ?GetApplicationRestartFlags@CWinApp@@UEAAKXZ 0000000140001c50 f i GigeCameraDemo.obj
 0001:00000c60       ?GetApplicationRecoveryParameter@CWinApp@@UEAAPEAXXZ 0000000140001c60 f i GigeCameraDemo.obj
 0001:00000c70       ?GetApplicationRecoveryPingInterval@CWinApp@@UEAAKXZ 0000000140001c70 f i GigeCameraDemo.obj
 0001:00000c80       ??_ECGigeCameraDemoApp@@UEAAPEAXI@Z 0000000140001c80 f i GigeCameraDemo.obj
 0001:00000c80       ??_GCGigeCameraDemoApp@@UEAAPEAXI@Z 0000000140001c80 f i GigeCameraDemo.obj
 0001:00000cd0       ??1CGigeCameraDemoApp@@UEAA@XZ 0000000140001cd0 f i GigeCameraDemo.obj
 0001:00000cf0       ??1CGigeCameraDemoDlg@@UEAA@XZ 0000000140001cf0 f i GigeCameraDemo.obj
 0001:00000ff0       ??0Thank_you@Define_the_symbol__ATL_MIXED@@QEAA@XZ 0000000140001ff0 f i GigeCameraDemo.obj
 0001:00001010       ?one@Thank_you@Define_the_symbol__ATL_MIXED@@UEAAXXZ 0000000140002010 f i GigeCameraDemo.obj
 0001:00001020       ??0CAboutDlg@@QEAA@XZ      0000000140002020 f   GigeCameraDemoDlg.obj
 0001:00001060       ?DoDataExchange@CAboutDlg@@MEAAXPEAVCDataExchange@@@Z 0000000140002060 f   GigeCameraDemoDlg.obj
 0001:00001090       ?GetMessageMap@CAboutDlg@@MEBAPEBUAFX_MSGMAP@@XZ 0000000140002090 f   GigeCameraDemoDlg.obj
 0001:000010b0       ?GetThisMessageMap@CAboutDlg@@KAPEBUAFX_MSGMAP@@XZ 00000001400020b0 f   GigeCameraDemoDlg.obj
 0001:000010c0       ??0CGigeCameraDemoDlg@@QEAA@PEAVCWnd@@@Z 00000001400020c0 f   GigeCameraDemoDlg.obj
 0001:00001a90       ?DoDataExchange@CGigeCameraDemoDlg@@MEAAXPEAVCDataExchange@@@Z 0000000140002a90 f   GigeCameraDemoDlg.obj
 0001:00001b10       ?GetMessageMap@CGigeCameraDemoDlg@@MEBAPEBUAFX_MSGMAP@@XZ 0000000140002b10 f   GigeCameraDemoDlg.obj
 0001:00001b30       ?GetThisMessageMap@CGigeCameraDemoDlg@@KAPEBUAFX_MSGMAP@@XZ 0000000140002b30 f   GigeCameraDemoDlg.obj
 0001:00001b40       ?onShowTask@CGigeCameraDemoDlg@@IEAA_J_K_J@Z 0000000140002b40 f   GigeCameraDemoDlg.obj
 0001:00001c90       ?PushImageToMyBuffer@@YA_NQEAUtag_BuffNode@@PEADHHHHH@Z 0000000140002c90 f   GigeCameraDemoDlg.obj
 0001:00001cb0       ?PushImageToMyBuffer_1@@YA_NQEAUtag_BuffNode@@PEADHHHHH@Z 0000000140002cb0 f   GigeCameraDemoDlg.obj
 0001:00001e90       ?PushImageToMyBuffer_2@@YA_NQEAUtag_BuffNode@@PEADHHHHH@Z 0000000140002e90 f   GigeCameraDemoDlg.obj
 0001:00002070       ?CreateFile2@@YAHV?$CStringT@DV?$StrTraitMFC_DLL@DV?$ChTraitsCRT@D@ATL@@@@@ATL@@0H@Z 0000000140003070 f   GigeCameraDemoDlg.obj
 0001:00002170       ?SaveImageData@@YAKPEAX@Z  0000000140003170 f   GigeCameraDemoDlg.obj
 0001:000021a0       ?SaveImageData_1@@YAKPEAX@Z 00000001400031a0 f   GigeCameraDemoDlg.obj
 0001:000024b0       ?SaveImageData_2@@YAKPEAX@Z 00000001400034b0 f   GigeCameraDemoDlg.obj
 0001:000027c0       ?XferCallback_1@CGigeCameraDemoDlg@@SAXPEAVSapXferCallbackInfo@@@Z 00000001400037c0 f   GigeCameraDemoDlg.obj
 0001:00002ad0       ?XferCallback_2@CGigeCameraDemoDlg@@SAXPEAVSapXferCallbackInfo@@@Z 0000000140003ad0 f   GigeCameraDemoDlg.obj
 0001:00002f00       ?PixelChanged@CGigeCameraDemoDlg@@UEAAXHH@Z 0000000140003f00 f   GigeCameraDemoDlg.obj
 0001:000030c0       ?GetPathUseSpace@@YA_KPEBD@Z 00000001400040c0 f   GigeCameraDemoDlg.obj
 0001:00003160       ?GetDirFileCount@@YA_KV?$CStringT@DV?$StrTraitMFC_DLL@DV?$ChTraitsCRT@D@ATL@@@@@ATL@@@Z 0000000140004160 f   GigeCameraDemoDlg.obj
 0001:00003260       ?ReadFreeSpace@@YANV?$CStringT@DV?$StrTraitMFC_DLL@DV?$ChTraitsCRT@D@ATL@@@@@ATL@@@Z 0000000140004260 f   GigeCameraDemoDlg.obj
 0001:000033b0       ?OnReceiveData@CGigeCameraDemoDlg@@IEAA_J_K_J@Z 00000001400043b0 f   GigeCameraDemoDlg.obj
 0001:00003600       ?us_Delay@@YAXK@Z          0000000140004600 f   GigeCameraDemoDlg.obj
 0001:00003690       ?CheckMessageQueue@@YAHXZ  0000000140004690 f   GigeCameraDemoDlg.obj
 0001:000036f0       ?delay_time@@YAXK@Z        00000001400046f0 f   GigeCameraDemoDlg.obj
 0001:00003790       ?OnInitDialog@CGigeCameraDemoDlg@@MEAAHXZ 0000000140004790 f   GigeCameraDemoDlg.obj
 0001:00003950       ?ThreadFunc@@YAIPEAX@Z     0000000140004950 f   GigeCameraDemoDlg.obj
 0001:00003a80       ?IsUserAdmin@CGigeCameraDemoDlg@@QEAAHXZ 0000000140004a80 f   GigeCameraDemoDlg.obj
 0001:00003ad0       ?CreateObjects_1@CGigeCameraDemoDlg@@QEAAHXZ 0000000140004ad0 f   GigeCameraDemoDlg.obj
 0001:00003d50       ?CreateObjects_2@CGigeCameraDemoDlg@@QEAAHXZ 0000000140004d50 f   GigeCameraDemoDlg.obj
 0001:00003fd0       ?DestroyObjects_1@CGigeCameraDemoDlg@@QEAAHXZ 0000000140004fd0 f   GigeCameraDemoDlg.obj
 0001:00004100       ?DestroyObjects_2@CGigeCameraDemoDlg@@QEAAHXZ 0000000140005100 f   GigeCameraDemoDlg.obj
 0001:00004230       ?OnSysCommand@CGigeCameraDemoDlg@@IEAAXI_J@Z 0000000140005230 f   GigeCameraDemoDlg.obj
 0001:000042b0       ?OnPaint@CGigeCameraDemoDlg@@IEAAXXZ 00000001400052b0 f   GigeCameraDemoDlg.obj
 0001:00004400       ?OnDestroy@CGigeCameraDemoDlg@@IEAAXXZ 0000000140005400 f   GigeCameraDemoDlg.obj
 0001:000048d0       ?OnSize@CGigeCameraDemoDlg@@IEAAXIHH@Z 00000001400058d0 f   GigeCameraDemoDlg.obj
 0001:00004c00       ?OnQueryDragIcon@CGigeCameraDemoDlg@@IEAAPEAUHICON__@@XZ 0000000140005c00 f   GigeCameraDemoDlg.obj
 0001:00004c20       ?OnEndSession@CGigeCameraDemoDlg@@IEAAXH@Z 0000000140005c20 f   GigeCameraDemoDlg.obj
 0001:00004c60       ?OnQueryEndSession@CGigeCameraDemoDlg@@IEAAHXZ 0000000140005c60 f   GigeCameraDemoDlg.obj
 0001:00004c90       ?UpdateMenu@CGigeCameraDemoDlg@@QEAAXXZ 0000000140005c90 f   GigeCameraDemoDlg.obj
 0001:00004df0       ?DoEvents@@YA_NXZ          0000000140005df0 f   GigeCameraDemoDlg.obj
 0001:00004e80       ?OnTest@CGigeCameraDemoDlg@@IEAAXXZ 0000000140005e80 f   GigeCameraDemoDlg.obj
 0001:00004f60       ?ReadParamFromIniFile@CGigeCameraDemoDlg@@QEAA_NXZ 0000000140005f60 f   GigeCameraDemoDlg.obj
 0001:00005500       ?WriteParamFileIniFile@CGigeCameraDemoDlg@@QEAA_NXZ 0000000140006500 f   GigeCameraDemoDlg.obj
 0001:00005590       ?OnMainitemShow@CGigeCameraDemoDlg@@QEAAXXZ 0000000140006590 f   GigeCameraDemoDlg.obj
 0001:000055f0       ?OnMainitemHide@CGigeCameraDemoDlg@@QEAAXXZ 00000001400065f0 f   GigeCameraDemoDlg.obj
 0001:00005610       ?OnMainitemExit@CGigeCameraDemoDlg@@QEAAXXZ 0000000140006610 f   GigeCameraDemoDlg.obj
 0001:00005640       ?FitToWindow@CGigeCameraDemoDlg@@QEAAXPEAVSapView@@@Z 0000000140006640 f   GigeCameraDemoDlg.obj
 0001:000058c0       ?OnGrab@CGigeCameraDemoDlg@@IEAAXXZ 00000001400068c0 f   GigeCameraDemoDlg.obj
 0001:00005bd0       ?OnFreeze@CGigeCameraDemoDlg@@IEAAXXZ 0000000140006bd0 f   GigeCameraDemoDlg.obj
 0001:00005e60       ?OnNcPaint@CGigeCameraDemoDlg@@QEAAXXZ 0000000140006e60 f   GigeCameraDemoDlg.obj
 0001:00005e80       ?OnTimer@CGigeCameraDemoDlg@@QEAAX_K@Z 0000000140006e80 f   GigeCameraDemoDlg.obj
 0001:00006600       ?OnMainitemTest@CGigeCameraDemoDlg@@QEAAXXZ 0000000140007600 f   GigeCameraDemoDlg.obj
 0001:00006620       ?OnBnClickedReturn@CGigeCameraDemoDlg@@QEAAXXZ 0000000140007620 f   GigeCameraDemoDlg.obj
 0001:00006760       ?ImageFrom_IDResource@CGigeCameraDemoDlg@@QEAAXIPEBDPEAVCImage@ATL@@@Z 0000000140007760 f   GigeCameraDemoDlg.obj
 0001:00006860       ?RefreshUI@CGigeCameraDemoDlg@@QEAAXXZ 0000000140007860 f   GigeCameraDemoDlg.obj
 0001:000076c0       ?OnLButtonDown@CGigeCameraDemoDlg@@QEAAXIVCPoint@@@Z 00000001400086c0 f   GigeCameraDemoDlg.obj
 0001:00008250       ?OnEraseBkgnd@CGigeCameraDemoDlg@@QEAAHPEAVCDC@@@Z 0000000140009250 f   GigeCameraDemoDlg.obj
 0001:000082a0       ?WritePosInfo@CGigeCameraDemoDlg@@QEAAXH@Z 00000001400092a0 f   GigeCameraDemoDlg.obj
 0001:00008540       ?SetUI@CGigeCameraDemoDlg@@QEAAXXZ 0000000140009540 f   GigeCameraDemoDlg.obj
 0001:00008b60       ?OnCreate@CGigeCameraDemoDlg@@QEAAHPEAUtagCREATESTRUCTA@@@Z 0000000140009b60 f   GigeCameraDemoDlg.obj
 0001:00008ba0       ?HideCursor@CGigeCameraDemoDlg@@QEAAXXZ 0000000140009ba0 f   GigeCameraDemoDlg.obj
 0001:0000aa90       ??_ECAboutDlg@@UEAAPEAXI@Z 000000014000ba90 f i GigeCameraDemoDlg.obj
 0001:0000aa90       ??_GCAboutDlg@@UEAAPEAXI@Z 000000014000ba90 f i GigeCameraDemoDlg.obj
 0001:0000aae0       ??1CAboutDlg@@UEAA@XZ      000000014000bae0 f i GigeCameraDemoDlg.obj
 0001:0000ab00       ??_ECGigeCameraDemoDlg@@UEAAPEAXI@Z 000000014000bb00 f i GigeCameraDemoDlg.obj
 0001:0000ab00       ??_GCGigeCameraDemoDlg@@UEAAPEAXI@Z 000000014000bb00 f i GigeCameraDemoDlg.obj
 0001:0000ab50       ?floor@@YAMM@Z             000000014000bb50 f i GigeCameraDemoDlg.obj
 0001:0000ab80       ?Load@CImage@ATL@@QEAAJPEAUIStream@@@Z 000000014000bb80 f i GigeCameraDemoDlg.obj
 0001:0000ac20       ?GetLastStatus@Image@Gdiplus@@QEBA?AW4Status@2@XZ 000000014000bc20 f i GigeCameraDemoDlg.obj
 0001:0000ac60       ??1Bitmap@Gdiplus@@UEAA@XZ 000000014000bc60 f i GigeCameraDemoDlg.obj
 0001:0000ac80       ??1Image@Gdiplus@@UEAA@XZ  000000014000bc80 f i GigeCameraDemoDlg.obj
 0001:0000acc0       ??_GImage@Gdiplus@@UEAAPEAXI@Z 000000014000bcc0 f i GigeCameraDemoDlg.obj
 0001:0000acc0       ??_EImage@Gdiplus@@UEAAPEAXI@Z 000000014000bcc0 f i GigeCameraDemoDlg.obj
 0001:0000ad10       ??3GdiplusBase@Gdiplus@@SAXPEAX@Z 000000014000bd10 f i GigeCameraDemoDlg.obj
 0001:0000ad30       ?Clone@Image@Gdiplus@@UEAAPEAV12@XZ 000000014000bd30 f i GigeCameraDemoDlg.obj
 0001:0000ade0       ??2GdiplusBase@Gdiplus@@SAPEAX_K@Z 000000014000bde0 f i GigeCameraDemoDlg.obj
 0001:0000ae00       ?SetStatus@Image@Gdiplus@@IEBA?AW4Status@2@W432@@Z 000000014000be00 f i GigeCameraDemoDlg.obj
 0001:0000ae40       ??0Image@Gdiplus@@IEAA@PEAVGpImage@1@W4Status@1@@Z 000000014000be40 f i GigeCameraDemoDlg.obj
 0001:0000aea0       ?SetNativeImage@Image@Gdiplus@@IEAAXPEAVGpImage@2@@Z 000000014000bea0 f i GigeCameraDemoDlg.obj
 0001:0000aec0       ??0Bitmap@Gdiplus@@QEAA@PEAUIStream@@H@Z 000000014000bec0 f i GigeCameraDemoDlg.obj
 0001:0000af80       ??0Image@Gdiplus@@IEAA@XZ  000000014000bf80 f i GigeCameraDemoDlg.obj
 0001:0000afa0       ??_EBitmap@Gdiplus@@UEAAPEAXI@Z 000000014000bfa0 f i GigeCameraDemoDlg.obj
 0001:0000afa0       ??_GBitmap@Gdiplus@@UEAAPEAXI@Z 000000014000bfa0 f i GigeCameraDemoDlg.obj
 0001:0000aff0       ?CreateFromGdiplusBitmap@CImage@ATL@@AEAAJAEAVBitmap@Gdiplus@@@Z 000000014000bff0 f i GigeCameraDemoDlg.obj
 0001:0000b6f0       ?_AtlVerifyStackAvailable@_ATL_SAFE_ALLOCA_IMPL@ATL@@YA_N_K@Z 000000014000c6f0 f i GigeCameraDemoDlg.obj
 0001:0000b800       ?memcpy_s@Checked@ATL@@YAXPEAX_KPEBX1@Z 000000014000c800 f i GigeCameraDemoDlg.obj
 0001:0000b850       ?AfxCrtErrorCheck@@YAHH@Z  000000014000c850 f i GigeCameraDemoDlg.obj
 0001:0000b8c0       ??0Rect@Gdiplus@@QEAA@HHHH@Z 000000014000c8c0 f i GigeCameraDemoDlg.obj
 0001:0000b920       ?GetPixelFormatSize@Gdiplus@@YAIH@Z 000000014000c920 f i GigeCameraDemoDlg.obj
 0001:0000b940       ?IsIndexedPixelFormat@Gdiplus@@YAHH@Z 000000014000c940 f i GigeCameraDemoDlg.obj
 0001:0000b980       ?IsAlphaPixelFormat@Gdiplus@@YAHH@Z 000000014000c980 f i GigeCameraDemoDlg.obj
 0001:0000b9c0       ??0Graphics@Gdiplus@@QEAA@PEAVImage@1@@Z 000000014000c9c0 f i GigeCameraDemoDlg.obj
 0001:0000ba30       ??1Graphics@Gdiplus@@QEAA@XZ 000000014000ca30 f i GigeCameraDemoDlg.obj
 0001:0000ba60       ?DrawImage@Graphics@Gdiplus@@QEAA?AW4Status@2@PEAVImage@2@HH@Z 000000014000ca60 f i GigeCameraDemoDlg.obj
 0001:0000bae0       ?SetNativeGraphics@Graphics@Gdiplus@@IEAAXPEAVGpGraphics@2@@Z 000000014000cae0 f i GigeCameraDemoDlg.obj
 0001:0000bb00       ?SetStatus@Graphics@Gdiplus@@IEBA?AW4Status@2@W432@@Z 000000014000cb00 f i GigeCameraDemoDlg.obj
 0001:0000bb40       ?GetWidth@Image@Gdiplus@@QEAAIXZ 000000014000cb40 f i GigeCameraDemoDlg.obj
 0001:0000bb90       ?GetHeight@Image@Gdiplus@@QEAAIXZ 000000014000cb90 f i GigeCameraDemoDlg.obj
 0001:0000bbe0       ?GetPixelFormat@Image@Gdiplus@@QEAAHXZ 000000014000cbe0 f i GigeCameraDemoDlg.obj
 0001:0000bc20       ?GetPaletteSize@Image@Gdiplus@@QEAAHXZ 000000014000cc20 f i GigeCameraDemoDlg.obj
 0001:0000bc70       ?GetPalette@Image@Gdiplus@@QEAA?AW4Status@2@PEAUColorPalette@2@H@Z 000000014000cc70 f i GigeCameraDemoDlg.obj
 0001:0000bcc0       ??0Bitmap@Gdiplus@@QEAA@HHHHPEAE@Z 000000014000ccc0 f i GigeCameraDemoDlg.obj
 0001:0000bd80       ?LockBits@Bitmap@Gdiplus@@QEAA?AW4Status@2@PEBVRect@2@IHPEAVBitmapData@2@@Z 000000014000cd80 f i GigeCameraDemoDlg.obj
 0001:0000bdf0       ?UnlockBits@Bitmap@Gdiplus@@QEAA?AW4Status@2@PEAVBitmapData@2@@Z 000000014000cdf0 f i GigeCameraDemoDlg.obj
 0001:0000be30       ?Create@CImage@ATL@@QEAAHHHHK@Z 000000014000ce30 f i GigeCameraDemoDlg.obj
 0001:0000be90       ?CreateEx@CImage@ATL@@QEAAHHHHKPEBKK@Z 000000014000ce90 f i GigeCameraDemoDlg.obj
 0001:0000c230       ?Attach@CImage@ATL@@QEAAXPEAUHBITMAP__@@W4DIBOrientation@12@@Z 000000014000d230 f i GigeCameraDemoDlg.obj
 0001:0000c310       ?GetBits@CImage@ATL@@QEAAPEAXXZ 000000014000d310 f i GigeCameraDemoDlg.obj
 0001:0000c3e0       ?GetHeight@CImage@ATL@@QEBAHXZ 000000014000d3e0 f i GigeCameraDemoDlg.obj
 0001:0000c460       ?GetPitch@CImage@ATL@@QEBAHXZ 000000014000d460 f i GigeCameraDemoDlg.obj
 0001:0000c530       ?GetWidth@CImage@ATL@@QEBAHXZ 000000014000d530 f i GigeCameraDemoDlg.obj
 0001:0000c5b0       ?IsDIBSection@CImage@ATL@@QEBA_NXZ 000000014000d5b0 f i GigeCameraDemoDlg.obj
 0001:0000c5d0       ?SetColorTable@CImage@ATL@@QEAAXIIPEBUtagRGBQUAD@@@Z 000000014000d5d0 f i GigeCameraDemoDlg.obj
 0001:0000c730       ?GetDC@CImage@ATL@@QEBAPEAUHDC__@@XZ 000000014000d730 f i GigeCameraDemoDlg.obj
 0001:0000c810       ?GetDC@CDCCache@CImage@ATL@@QEAAPEAUHDC__@@XZ 000000014000d810 f i GigeCameraDemoDlg.obj
 0001:0000c890       ?IsIndexed@CImage@ATL@@QEBA_NXZ 000000014000d890 f i GigeCameraDemoDlg.obj
 0001:0000c980       ?ReleaseDC@CImage@ATL@@QEBAXXZ 000000014000d980 f i GigeCameraDemoDlg.obj
 0001:0000cab0       ?ReleaseDC@CDCCache@CImage@ATL@@QEAAXPEAUHDC__@@@Z 000000014000dab0 f i GigeCameraDemoDlg.obj
 0001:0000cb50       ?UpdateBitmapInfo@CImage@ATL@@AEAAXW4DIBOrientation@12@@Z 000000014000db50 f i GigeCameraDemoDlg.obj
 0001:0000ce00       ?abs@@YAJJ@Z               000000014000de00 f i GigeCameraDemoDlg.obj
 0001:0000ce20       ?ComputePitch@CImage@ATL@@CAHHH@Z 000000014000de20 f i GigeCameraDemoDlg.obj
 0001:0000ce50       ?InitGDIPlus@CImage@ATL@@CA_NXZ 000000014000de50 f i GigeCameraDemoDlg.obj
 0001:0000ce80       ?Init@CInitGDIPlus@CImage@ATL@@QEAA_NXZ 000000014000de80 f i GigeCameraDemoDlg.obj
 0001:0000cf30       ??0GdiplusStartupInput@Gdiplus@@QEAA@P6AXW4DebugEventLevel@1@PEAD@ZHH@Z 000000014000df30 f i GigeCameraDemoDlg.obj
 0001:0000cf90       ??0CImage@ATL@@QEAA@XZ     000000014000df90 f i GigeCameraDemoDlg.obj
 0001:0000d090       ?IncreaseCImageCount@CInitGDIPlus@CImage@ATL@@QEAAXXZ 000000014000e090 f i GigeCameraDemoDlg.obj
 0001:0000d0f0       ??_GCImage@ATL@@UEAAPEAXI@Z 000000014000e0f0 f i GigeCameraDemoDlg.obj
 0001:0000d0f0       ??_ECImage@ATL@@UEAAPEAXI@Z 000000014000e0f0 f i GigeCameraDemoDlg.obj
 0001:0000d140       ??1CImage@ATL@@UEAA@XZ     000000014000e140 f i GigeCameraDemoDlg.obj
 0001:0000d180       ?DecreaseCImageCount@CInitGDIPlus@CImage@ATL@@QEAAXXZ 000000014000e180 f i GigeCameraDemoDlg.obj
 0001:0000d200       ?ReleaseGDIPlus@CInitGDIPlus@CImage@ATL@@QEAAXXZ 000000014000e200 f i GigeCameraDemoDlg.obj
 0001:0000d270       ?Destroy@CImage@ATL@@QEAAXXZ 000000014000e270 f i GigeCameraDemoDlg.obj
 0001:0000d2c0       ?Detach@CImage@ATL@@QEAAPEAUHBITMAP__@@XZ 000000014000e2c0 f i GigeCameraDemoDlg.obj
 0001:0000d430       ?Draw@CImage@ATL@@QEBAHPEAUHDC__@@AEBUtagRECT@@@Z 000000014000e430 f i GigeCameraDemoDlg.obj
 0001:0000d4e0       ?Draw@CImage@ATL@@QEBAHPEAUHDC__@@HHHHHHHH@Z 000000014000e4e0 f i GigeCameraDemoDlg.obj
 0001:0000d990       ?IsTransparencySupported@CImage@ATL@@SAHXZ 000000014000e990 f i GigeCameraDemoDlg.obj
 0001:0000d9a0       ?GetTransparentRGB@CImage@ATL@@AEBAKXZ 000000014000e9a0 f i GigeCameraDemoDlg.obj
 0001:0000dae0       ??0?$CAtlSafeAllocBufferManager@VCCRTAllocator@ATL@@@_ATL_SAFE_ALLOCA_IMPL@ATL@@QEAA@XZ 000000014000eae0 f i GigeCameraDemoDlg.obj
 0001:0000db00       ?Allocate@?$CAtlSafeAllocBufferManager@VCCRTAllocator@ATL@@@_ATL_SAFE_ALLOCA_IMPL@ATL@@QEAAPEAX_K@Z 000000014000eb00 f i GigeCameraDemoDlg.obj
 0001:0000db80       ?Allocate@CCRTAllocator@ATL@@SAPEAX_K@Z 000000014000eb80 f i GigeCameraDemoDlg.obj
 0001:0000dba0       ??1?$CAtlSafeAllocBufferManager@VCCRTAllocator@ATL@@@_ATL_SAFE_ALLOCA_IMPL@ATL@@QEAA@XZ 000000014000eba0 f i GigeCameraDemoDlg.obj
 0001:0000dc00       ?Free@CCRTAllocator@ATL@@SAXPEAX@Z 000000014000ec00 f i GigeCameraDemoDlg.obj
 0001:0000dc20       ??HATL@@YA?AV?$CStringT@DV?$StrTraitMFC_DLL@DV?$ChTraitsCRT@D@ATL@@@@@0@AEBV10@PEBD@Z 000000014000ec20 f i GigeCameraDemoDlg.obj
 0001:0000dd10       ??HATL@@YA?AV?$CStringT@DV?$StrTraitMFC_DLL@DV?$ChTraitsCRT@D@ATL@@@@@0@PEBDAEBV10@@Z 000000014000ed10 f i GigeCameraDemoDlg.obj
 0001:0000de10       ?GetData@CAtlSafeAllocBufferNode@?$CAtlSafeAllocBufferManager@VCCRTAllocator@ATL@@@_ATL_SAFE_ALLOCA_IMPL@ATL@@QEAAPEAXXZ 000000014000ee10 f i GigeCameraDemoDlg.obj
 0001:0000de30       ??$AtlAdd@_K@ATL@@YAJPEA_K_K1@Z 000000014000ee30 f i GigeCameraDemoDlg.obj
 0001:0000dea0       HRESULT_FROM_WIN32         000000014000eea0 f i GigeCameraDemoDlg.obj
 0001:0000def0       ??$AtlAlignUp@I@ATL@@YAIIK@Z 000000014000eef0 f i GigeCameraDemoDlg.obj
 0001:0000df20       ??$sprintf_s@$0EAA@@@YAHAEAY0EAA@DPEBDZZ 000000014000ef20 f i GigeCameraDemoDlg.obj
 0001:0000df80       ??$sprintf_s@$09@@YAHAEAY09DPEBDZZ 000000014000ef80 f i GigeCameraDemoDlg.obj
 0001:0000dfe0       ??$sprintf_s@$0CAA@@@YAHAEAY0CAA@DPEBDZZ 000000014000efe0 f i GigeCameraDemoDlg.obj
 0001:0000e040       ??$strcpy_s@$0IA@@@YAHAEAY0IA@DPEBD@Z 000000014000f040 f i GigeCameraDemoDlg.obj
 0001:0000e080       ??$AtlAddThrow@_K@ATL@@YA_K_K0@Z 000000014000f080 f i GigeCameraDemoDlg.obj
 0001:0000e0d0       ?AtlThrowImpl@ATL@@YAXJ@Z  000000014000f0d0 f i GigeCameraDemoDlg.obj
 0001:0000e160       ??0CTraceFileAndLineInfo@ATL@@QEAA@PEBDH@Z 000000014000f160 f i GigeCameraDemoDlg.obj
 0001:0000e1a0       ??RCTraceFileAndLineInfo@ATL@@QEBAX_KIPEBDZZ 000000014000f1a0 f i GigeCameraDemoDlg.obj
 0001:0000e230       ?TraceV@CTrace@ATL@@QEBAXPEBDH_KI0PEAD@Z 000000014000f230 f i GigeCameraDemoDlg.obj
 0001:0000e2a0       ??BCTraceCategory@ATL@@QEBA_KXZ 000000014000f2a0 f i GigeCameraDemoDlg.obj
 0001:0000e2c0       ?_GetBaseClass@CInputDialog@@KAPEAUCRuntimeClass@@XZ 000000014000f2c0 f   InputDialog.obj
 0001:0000e2e0       ?GetThisClass@CInputDialog@@SAPEAUCRuntimeClass@@XZ 000000014000f2e0 f   InputDialog.obj
 0001:0000e2f0       ?GetRuntimeClass@CInputDialog@@UEBAPEAUCRuntimeClass@@XZ 000000014000f2f0 f   InputDialog.obj
 0001:0000e310       ??0CInputDialog@@QEAA@PEAVCWnd@@@Z 000000014000f310 f   InputDialog.obj
 0001:0000e360       ??1CInputDialog@@UEAA@XZ   000000014000f360 f   InputDialog.obj
 0001:0000e390       ?DoDataExchange@CInputDialog@@MEAAXPEAVCDataExchange@@@Z 000000014000f390 f   InputDialog.obj
 0001:0000e3e0       ?GetMessageMap@CInputDialog@@MEBAPEBUAFX_MSGMAP@@XZ 000000014000f3e0 f   InputDialog.obj
 0001:0000e400       ?GetThisMessageMap@CInputDialog@@KAPEBUAFX_MSGMAP@@XZ 000000014000f400 f   InputDialog.obj
 0001:0000e410       ?OnBnClickedOk@CInputDialog@@QEAAXXZ 000000014000f410 f   InputDialog.obj
 0001:0000e4a0       ??_ECInputDialog@@UEAAPEAXI@Z 000000014000f4a0 f i InputDialog.obj
 0001:0000e4a0       ??_GCInputDialog@@UEAAPEAXI@Z 000000014000f4a0 f i InputDialog.obj
 0001:0000e4f0       ?_GetBaseClass@CMessageDialog@@KAPEAUCRuntimeClass@@XZ 000000014000f4f0 f   MessageDialog.obj
 0001:0000e510       ?GetThisClass@CMessageDialog@@SAPEAUCRuntimeClass@@XZ 000000014000f510 f   MessageDialog.obj
 0001:0000e520       ?GetRuntimeClass@CMessageDialog@@UEBAPEAUCRuntimeClass@@XZ 000000014000f520 f   MessageDialog.obj
 0001:0000e540       ??0CMessageDialog@@QEAA@PEAVCWnd@@@Z 000000014000f540 f   MessageDialog.obj
 0001:0000e5b0       ??1CMessageDialog@@UEAA@XZ 000000014000f5b0 f   MessageDialog.obj
 0001:0000e600       ?DoDataExchange@CMessageDialog@@MEAAXPEAVCDataExchange@@@Z 000000014000f600 f   MessageDialog.obj
 0001:0000e630       ?GetMessageMap@CMessageDialog@@MEBAPEBUAFX_MSGMAP@@XZ 000000014000f630 f   MessageDialog.obj
 0001:0000e650       ?GetThisMessageMap@CMessageDialog@@KAPEBUAFX_MSGMAP@@XZ 000000014000f650 f   MessageDialog.obj
 0001:0000e660       ?Response@CMessageDialog@@QEAA_J_K_J@Z 000000014000f660 f   MessageDialog.obj
 0001:0000e740       ?OnCtlColor@CMessageDialog@@QEAAPEAUHBRUSH__@@PEAVCDC@@PEAVCWnd@@I@Z 000000014000f740 f   MessageDialog.obj
 0001:0000e910       ?OnEraseBkgnd@CMessageDialog@@QEAAHPEAVCDC@@@Z 000000014000f910 f   MessageDialog.obj
 0001:0000ea10       ?OnCreate@CMessageDialog@@QEAAHPEAUtagCREATESTRUCTA@@@Z 000000014000fa10 f   MessageDialog.obj
 0001:0000ea90       ?OnClose@CMessageDialog@@QEAAXXZ 000000014000fa90 f   MessageDialog.obj
 0001:0000ead0       ?OnPaint@CMessageDialog@@QEAAXXZ 000000014000fad0 f   MessageDialog.obj
 0001:0000eb30       ?OnBnClickedOk@CMessageDialog@@QEAAXXZ 000000014000fb30 f   MessageDialog.obj
 0001:0000eb50       ?OnInitDialog@CMessageDialog@@UEAAHXZ 000000014000fb50 f   MessageDialog.obj
 0001:0000eb80       ?OnTimer@CMessageDialog@@QEAAX_K@Z 000000014000fb80 f   MessageDialog.obj
 0001:0000ebb0       ?OnLButtonUp@CMessageDialog@@QEAAXIVCPoint@@@Z 000000014000fbb0 f   MessageDialog.obj
 0001:0000eda0       ??_GCMessageDialog@@UEAAPEAXI@Z 000000014000fda0 f i MessageDialog.obj
 0001:0000eda0       ??_ECMessageDialog@@UEAAPEAXI@Z 000000014000fda0 f i MessageDialog.obj
 0001:0000edf0       ??0CSerialPort@@QEAA@XZ    000000014000fdf0 f   SerialPort.obj
 0001:0000ee90       ??1CSerialPort@@UEAA@XZ    000000014000fe90 f   SerialPort.obj
 0001:0000ef10       ?InitPort@CSerialPort@@QEAAHPEAVCWnd@@IIDIIKI@Z 000000014000ff10 f   SerialPort.obj
 0001:0000f560       ?CommThread@CSerialPort@@KAIPEAX@Z 0000000140010560 f   SerialPort.obj
 0001:0000f870       ?StartMonitoring@CSerialPort@@QEAAHXZ 0000000140010870 f   SerialPort.obj
 0001:0000f900       ?RestartMonitoring@CSerialPort@@QEAAHXZ 0000000140010900 f   SerialPort.obj
 0001:0000f950       ?StopMonitoring@CSerialPort@@QEAAHXZ 0000000140010950 f   SerialPort.obj
 0001:0000f9a0       ?ProcessErrorMessage@CSerialPort@@IEAAXPEAD@Z 00000001400109a0 f   SerialPort.obj
 0001:0000fa70       ?WriteChar@CSerialPort@@KAXPEAV1@H@Z 0000000140010a70 f   SerialPort.obj
 0001:0000fca0       ?ReceiveChar@CSerialPort@@KAXPEAV1@U_COMSTAT@@@Z 0000000140010ca0 f   SerialPort.obj
 0001:0000fe70       ?WriteToPort@CSerialPort@@QEAAXPEAD@Z 0000000140010e70 f   SerialPort.obj
 0001:0000fef0       ?WriteToPort@CSerialPort@@QEAAXPEADH@Z 0000000140010ef0 f   SerialPort.obj
 0001:0000ffb0       ?GetDCB@CSerialPort@@QEAA?AU_DCB@@XZ 0000000140010fb0 f   SerialPort.obj
 0001:00010000       ?GetCommEvents@CSerialPort@@QEAAKXZ 0000000140011000 f   SerialPort.obj
 0001:00010020       ?GetWriteBufferSize@CSerialPort@@QEAAKXZ 0000000140011020 f   SerialPort.obj
 0001:00010040       ?GetPortNO@CSerialPort@@QEAAHXZ 0000000140011040 f   SerialPort.obj
 0001:000104f0       ??_ECSerialPort@@UEAAPEAXI@Z 00000001400114f0 f i SerialPort.obj
 0001:000104f0       ??_GCSerialPort@@UEAAPEAXI@Z 00000001400114f0 f i SerialPort.obj
 0001:00010540       ??RCTraceFileAndLineInfo@ATL@@QEBAXPEBDZZ 0000000140011540 f i SerialPort.obj
 0001:000105e0       ?_GetBaseClass@CSplashWnd@@KAPEAUCRuntimeClass@@XZ 00000001400115e0 f   SplashWnd.obj
 0001:00010600       ?GetThisClass@CSplashWnd@@SAPEAUCRuntimeClass@@XZ 0000000140011600 f   SplashWnd.obj
 0001:00010610       ?GetRuntimeClass@CSplashWnd@@UEBAPEAUCRuntimeClass@@XZ 0000000140011610 f   SplashWnd.obj
 0001:00010630       ??0CSplashWnd@@QEAA@XZ     0000000140011630 f   SplashWnd.obj
 0001:00010740       ??1CSplashWnd@@UEAA@XZ     0000000140011740 f   SplashWnd.obj
 0001:000107f0       ?GetMessageMap@CSplashWnd@@MEBAPEBUAFX_MSGMAP@@XZ 00000001400117f0 f   SplashWnd.obj
 0001:00010810       ?GetThisMessageMap@CSplashWnd@@KAPEBUAFX_MSGMAP@@XZ 0000000140011810 f   SplashWnd.obj
 0001:00010820       ?DeleteSplash@CSplashWnd@@QEAAXXZ 0000000140011820 f   SplashWnd.obj
 0001:00010840       ?CreateSplash@CSplashWnd@@QEAAXXZ 0000000140011840 f   SplashWnd.obj
 0001:00010940       ?OnPaint@CSplashWnd@@IEAAXXZ 0000000140011940 f   SplashWnd.obj
 0001:00010b40       ?ImageFrom_IDResource@CSplashWnd@@QEAAXIPEBDPEAVCImage@ATL@@@Z 0000000140011b40 f   SplashWnd.obj
 0001:00010c40       ?SetInfo@CSplashWnd@@QEAAXV?$CStringT@DV?$StrTraitMFC_DLL@DV?$ChTraitsCRT@D@ATL@@@@@ATL@@@Z 0000000140011c40 f   SplashWnd.obj
 0001:00010c90       ?On_Timer@@YAKPEAX@Z       0000000140011c90 f   SplashWnd.obj
 0001:000115a0       ?OnNcDestroy@CSplashWnd@@QEAAXXZ 00000001400125a0 f   SplashWnd.obj
 0001:000115d0       ?HideCursor@CSplashWnd@@QEAAXXZ 00000001400125d0 f   SplashWnd.obj
 0001:00011a10       ??_ECSplashWnd@@UEAAPEAXI@Z 0000000140012a10 f i SplashWnd.obj
 0001:00011a10       ??_GCSplashWnd@@UEAAPEAXI@Z 0000000140012a10 f i SplashWnd.obj
 0001:00011a54       ??1SapAcquisition@@UEAA@XZ 0000000140012a54 f   SapClassBasic:SapClassBasic82.dll
 0001:00011a5a       ??0SapAcquisition@@QEAA@VSapLocation@@@Z 0000000140012a5a f   SapClassBasic:SapClassBasic82.dll
 0001:00011a60       ??0SapLocation@@QEAA@HH@Z  0000000140012a60 f   SapClassBasic:SapClassBasic82.dll
 0001:00011a66       ?GetEventCount@SapXferCallbackInfo@@QEBAHXZ 0000000140012a66 f   SapClassBasic:SapClassBasic82.dll
 0001:00011a6c       ?GetHeight@SapBuffer@@QEBAHXZ 0000000140012a6c f   SapClassBasic:SapClassBasic82.dll
 0001:00011a72       ?GetWidth@SapBuffer@@QEBAHXZ 0000000140012a72 f   SapClassBasic:SapClassBasic82.dll
 0001:00011a78       ?GetContext@SapXferCallbackInfo@@QEBAPEAXXZ 0000000140012a78 f   SapClassBasic:SapClassBasic82.dll
 0001:00011a7e       ?SetCycleMode@SapXferPair@@QEAAHH@Z 0000000140012a7e f   SapClassBasic:SapClassBasic82.dll
 0001:00011a84       ?GetPair@SapTransfer@@QEAAPEAVSapXferPair@@H@Z 0000000140012a84 f   SapClassBasic:SapClassBasic82.dll
 0001:00011a8a       ??BSapManager@@QEBAHXZ     0000000140012a8a f   SapClassBasic:SapClassBasic82.dll
 0001:00011a90       ?GetBuffer@SapView@@QEBAPEAVSapBuffer@@XZ 0000000140012a90 f   SapClassBasic:SapClassBasic82.dll
 0001:00011a96       ??1CImageExWnd@@UEAA@XZ    0000000140012a96 f   SapClassGuiD:SapClassGui82D.NET_2010.dll
 0001:00011a9c       ??0CImageExWnd@@QEAA@XZ    0000000140012a9c f   SapClassGuiD:SapClassGui82D.NET_2010.dll
 0001:00011aa2       ??0CImageExWndEventHandler@@QEAA@XZ 0000000140012aa2 f   SapClassGuiD:SapClassGui82D.NET_2010.dll
 0001:00011aa8       ?ScaleChanged@CImageViewportWndEventHandler@@UEAAXXZ 0000000140012aa8 f   SapClassGuiD:SapClassGui82D.NET_2010.dll
 0001:00011aae       ?RoiChanged@CImageViewportWndEventHandler@@UEAAXXZ 0000000140012aae f   SapClassGuiD:SapClassGui82D.NET_2010.dll
 0001:00011ab4       ?ViewChanged@CImageViewportWndEventHandler@@UEAAXXZ 0000000140012ab4 f   SapClassGuiD:SapClassGui82D.NET_2010.dll
 0001:00011aba       ?MarkerChanged@CImageExWndEventHandler@@UEAAXXZ 0000000140012aba f   SapClassGuiD:SapClassGui82D.NET_2010.dll
 0001:00011ac0       ?InteractiveMarkerChanged@CImageExWndEventHandler@@UEAAXH@Z 0000000140012ac0 f   SapClassGuiD:SapClassGui82D.NET_2010.dll
 0001:00011ac6       ?GetPixelString@CImageExWnd@@QEBA?AV?$CStringT@DV?$StrTraitMFC_DLL@DV?$ChTraitsCRT@D@ATL@@@@@ATL@@VCPoint@@@Z 0000000140012ac6 f   SapClassGuiD:SapClassGui82D.NET_2010.dll
 0001:00011acc       ??1CViewDlg@@UEAA@XZ       0000000140012acc f   SapClassGuiD:SapClassGui82D.NET_2010.dll
 0001:00011ad2       ?Refresh@CImageExWnd@@QEAAXXZ 0000000140012ad2 f   SapClassGuiD:SapClassGui82D.NET_2010.dll
 0001:00011ad8       ??0CViewDlg@@QEAA@PEAVCWnd@@PEAVSapView@@@Z 0000000140012ad8 f   SapClassGuiD:SapClassGui82D.NET_2010.dll
 0001:00011ade       ??1CAbortDlg@@UEAA@XZ      0000000140012ade f   SapClassGuiD:SapClassGui82D.NET_2010.dll
 0001:00011ae4       ??0CAbortDlg@@QEAA@PEAVCWnd@@PEAVSapTransfer@@H@Z 0000000140012ae4 f   SapClassGuiD:SapClassGui82D.NET_2010.dll
 0001:00011aea       ZLBSaveImage               0000000140012aea f   ZLBImage:ZLBImage.dll
 0001:00011af0       ZLBCreateDirectory         0000000140012af0 f   ZLBCommon:ZLBCommon.dll
 0001:00011af6       ZLBIsPathExist             0000000140012af6 f   ZLBCommon:ZLBCommon.dll
 0001:00011afc       ZLBIniReadDouble           0000000140012afc f   ZLBCommon:ZLBCommon.dll
 0001:00011b02       ZLBIniReadString           0000000140012b02 f   ZLBCommon:ZLBCommon.dll
 0001:00011b08       ZLBIniReadInt              0000000140012b08 f   ZLBCommon:ZLBCommon.dll
 0001:00011b0e       ZLBIniFile                 0000000140012b0e f   ZLBCommon:ZLBCommon.dll
 0001:00011b14       ZLBGetCurrentPath          0000000140012b14 f   ZLBCommon:ZLBCommon.dll
 0001:00011b1a       ??3@YAXPEAX@Z              0000000140012b1a f   mfc100d:mfc100d.dll
 0001:00011b20       ?GetThisMessageMap@CWinApp@@KAPEBUAFX_MSGMAP@@XZ 0000000140012b20 f   mfc100d:mfc100d.dll
 0001:00011b26       ??0CWinApp@@QEAA@PEBD@Z    0000000140012b26 f   mfc100d:mfc100d.dll
 0001:00011b2c       ?GetRuntimeClass@CWinApp@@UEBAPEAUCRuntimeClass@@XZ 0000000140012b2c f   mfc100d:mfc100d.dll
 0001:00011b32       ?Serialize@CObject@@UEAAXAEAVCArchive@@@Z 0000000140012b32 f   mfc100d:mfc100d.dll
 0001:00011b38       ?AssertValid@CWinApp@@UEBAXXZ 0000000140012b38 f   mfc100d:mfc100d.dll
 0001:00011b3e       ?Dump@CWinApp@@UEBAXAEAVCDumpContext@@@Z 0000000140012b3e f   mfc100d:mfc100d.dll
 0001:00011b44       ?OnCmdMsg@CCmdTarget@@UEAAHIHPEAXPEAUAFX_CMDHANDLERINFO@@@Z 0000000140012b44 f   mfc100d:mfc100d.dll
 0001:00011b4a       ?OnFinalRelease@CCmdTarget@@UEAAXXZ 0000000140012b4a f   mfc100d:mfc100d.dll
 0001:00011b50       ?IsInvokeAllowed@CCmdTarget@@UEAAHJ@Z 0000000140012b50 f   mfc100d:mfc100d.dll
 0001:00011b56       ?GetDispatchIID@CCmdTarget@@UEAAHPEAU_GUID@@@Z 0000000140012b56 f   mfc100d:mfc100d.dll
 0001:00011b5c       ?GetTypeInfoCount@CCmdTarget@@UEAAIXZ 0000000140012b5c f   mfc100d:mfc100d.dll
 0001:00011b62       ?GetTypeLibCache@CCmdTarget@@UEAAPEAVCTypeLibCache@@XZ 0000000140012b62 f   mfc100d:mfc100d.dll
 0001:00011b68       ?GetTypeLib@CCmdTarget@@UEAAJKPEAPEAUITypeLib@@@Z 0000000140012b68 f   mfc100d:mfc100d.dll
 0001:00011b6e       ?GetCommandMap@CCmdTarget@@MEBAPEBUAFX_OLECMDMAP@@XZ 0000000140012b6e f   mfc100d:mfc100d.dll
 0001:00011b74       ?GetDispatchMap@CCmdTarget@@MEBAPEBUAFX_DISPMAP@@XZ 0000000140012b74 f   mfc100d:mfc100d.dll
 0001:00011b7a       ?GetConnectionMap@CCmdTarget@@MEBAPEBUAFX_CONNECTIONMAP@@XZ 0000000140012b7a f   mfc100d:mfc100d.dll
 0001:00011b80       ?GetInterfaceMap@CCmdTarget@@MEBAPEBUAFX_INTERFACEMAP@@XZ 0000000140012b80 f   mfc100d:mfc100d.dll
 0001:00011b86       ?GetEventSinkMap@CCmdTarget@@MEBAPEBUAFX_EVENTSINKMAP@@XZ 0000000140012b86 f   mfc100d:mfc100d.dll
 0001:00011b8c       ?OnCreateAggregates@CCmdTarget@@UEAAHXZ 0000000140012b8c f   mfc100d:mfc100d.dll
 0001:00011b92       ?GetInterfaceHook@CCmdTarget@@UEAAPEAUIUnknown@@PEBX@Z 0000000140012b92 f   mfc100d:mfc100d.dll
 0001:00011b98       ?GetExtraConnectionPoints@CCmdTarget@@MEAAHPEAVCPtrArray@@@Z 0000000140012b98 f   mfc100d:mfc100d.dll
 0001:00011b9e       ?GetConnectionHook@CCmdTarget@@MEAAPEAUIConnectionPoint@@AEBU_GUID@@@Z 0000000140012b9e f   mfc100d:mfc100d.dll
 0001:00011ba4       ?Run@CWinApp@@UEAAHXZ      0000000140012ba4 f   mfc100d:mfc100d.dll
 0001:00011baa       ?PreTranslateMessage@CWinThread@@UEAAHPEAUtagMSG@@@Z 0000000140012baa f   mfc100d:mfc100d.dll
 0001:00011bb0       ?PumpMessage@CWinThread@@UEAAHXZ 0000000140012bb0 f   mfc100d:mfc100d.dll
 0001:00011bb6       ?OnIdle@CWinApp@@UEAAHJ@Z  0000000140012bb6 f   mfc100d:mfc100d.dll
 0001:00011bbc       ?IsIdleMessage@CWinThread@@UEAAHPEAUtagMSG@@@Z 0000000140012bbc f   mfc100d:mfc100d.dll
 0001:00011bc2       ?ExitInstance@CWinApp@@UEAAHXZ 0000000140012bc2 f   mfc100d:mfc100d.dll
 0001:00011bc8       ?ProcessWndProcException@CWinApp@@UEAA_JPEAVCException@@PEBUtagMSG@@@Z 0000000140012bc8 f   mfc100d:mfc100d.dll
 0001:00011bce       ?ProcessMessageFilter@CWinThread@@UEAAHHPEAUtagMSG@@@Z 0000000140012bce f   mfc100d:mfc100d.dll
 0001:00011bd4       ?GetMainWnd@CWinThread@@UEAAPEAVCWnd@@XZ 0000000140012bd4 f   mfc100d:mfc100d.dll
 0001:00011bda       ?Delete@CWinThread@@UEAAXXZ 0000000140012bda f   mfc100d:mfc100d.dll
 0001:00011be0       ?GetProfileIntA@CWinApp@@UEAAIPEBD0H@Z 0000000140012be0 f   mfc100d:mfc100d.dll
 0001:00011be6       ?WriteProfileInt@CWinApp@@UEAAHPEBD0H@Z 0000000140012be6 f   mfc100d:mfc100d.dll
 0001:00011bec       ?GetProfileStringA@CWinApp@@UEAA?AV?$CStringT@DV?$StrTraitMFC_DLL@DV?$ChTraitsCRT@D@ATL@@@@@ATL@@PEBD00@Z 0000000140012bec f   mfc100d:mfc100d.dll
 0001:00011bf2       ?WriteProfileStringA@CWinApp@@UEAAHPEBD00@Z 0000000140012bf2 f   mfc100d:mfc100d.dll
 0001:00011bf8       ?GetProfileBinary@CWinApp@@UEAAHPEBD0PEAPEAEPEAI@Z 0000000140012bf8 f   mfc100d:mfc100d.dll
 0001:00011bfe       ?WriteProfileBinary@CWinApp@@UEAAHPEBD0PEAEI@Z 0000000140012bfe f   mfc100d:mfc100d.dll
 0001:00011c04       ?InitLibId@CWinApp@@UEAAXXZ 0000000140012c04 f   mfc100d:mfc100d.dll
 0001:00011c0a       ?Register@CWinApp@@UEAAHXZ 0000000140012c0a f   mfc100d:mfc100d.dll
 0001:00011c10       ?Unregister@CWinApp@@UEAAHXZ 0000000140012c10 f   mfc100d:mfc100d.dll
 0001:00011c16       ?OpenDocumentFile@CWinApp@@UEAAPEAVCDocument@@PEBDH@Z 0000000140012c16 f   mfc100d:mfc100d.dll
 0001:00011c1c       ?OpenDocumentFile@CWinApp@@UEAAPEAVCDocument@@PEBD@Z 0000000140012c1c f   mfc100d:mfc100d.dll
 0001:00011c22       ?AddToRecentFileList@CWinApp@@UEAAXPEBD@Z 0000000140012c22 f   mfc100d:mfc100d.dll
 0001:00011c28       ?InitApplication@CWinApp@@UEAAHXZ 0000000140012c28 f   mfc100d:mfc100d.dll
 0001:00011c2e       ?SaveAllModified@CWinApp@@UEAAHXZ 0000000140012c2e f   mfc100d:mfc100d.dll
 0001:00011c34       ?DoMessageBox@CWinApp@@UEAAHPEBDII@Z 0000000140012c34 f   mfc100d:mfc100d.dll
 0001:00011c3a       ?DoWaitCursor@CWinApp@@UEAAXH@Z 0000000140012c3a f   mfc100d:mfc100d.dll
 0001:00011c40       ?OnDDECommand@CWinApp@@UEAAHPEAD@Z 0000000140012c40 f   mfc100d:mfc100d.dll
 0001:00011c46       ?WinHelpA@CWinApp@@UEAAX_KI@Z 0000000140012c46 f   mfc100d:mfc100d.dll
 0001:00011c4c       ?HtmlHelpA@CWinApp@@UEAAX_KI@Z 0000000140012c4c f   mfc100d:mfc100d.dll
 0001:00011c52       ?WinHelpInternal@CWinApp@@UEAAX_KI@Z 0000000140012c52 f   mfc100d:mfc100d.dll
 0001:00011c58       ?RegisterWithRestartManager@CWinApp@@UEAAJPEB_WKP6AKPEAX@Z1KK@Z 0000000140012c58 f   mfc100d:mfc100d.dll
 0001:00011c5e       ?RegisterWithRestartManager@CWinApp@@UEAAJHAEBV?$CStringT@DV?$StrTraitMFC_DLL@DV?$ChTraitsCRT@D@ATL@@@@@ATL@@@Z 0000000140012c5e f   mfc100d:mfc100d.dll
 0001:00011c64       ?ApplicationRecoveryCallback@CWinApp@@UEAAKPEAX@Z 0000000140012c64 f   mfc100d:mfc100d.dll
 0001:00011c6a       ?GetDataRecoveryHandler@CWinApp@@UEAAPEAVCDataRecoveryHandler@@XZ 0000000140012c6a f   mfc100d:mfc100d.dll
 0001:00011c70       ?IsTaskbarInteractionEnabled@CWinApp@@UEAAHXZ 0000000140012c70 f   mfc100d:mfc100d.dll
 0001:00011c76       ?RestartInstance@CWinApp@@UEAAHXZ 0000000140012c76 f   mfc100d:mfc100d.dll
 0001:00011c7c       ?LoadAppLangResourceDLL@CWinApp@@UEAAPEAUHINSTANCE__@@XZ 0000000140012c7c f   mfc100d:mfc100d.dll
 0001:00011c82       ?LoadSysPolicies@CWinApp@@UEAAHXZ 0000000140012c82 f   mfc100d:mfc100d.dll
 0001:00011c88       ??3CObject@@SAXPEAX@Z      0000000140012c88 f   mfc100d:mfc100d.dll
 0001:00011c8e       ??1CWinApp@@UEAA@XZ        0000000140012c8e f   mfc100d:mfc100d.dll
 0001:00011c94       ?DoModal@CDialog@@UEAA_JXZ 0000000140012c94 f   mfc100d:mfc100d.dll
 0001:00011c9a       ?AfxEnableControlContainer@@YAXPEAVCOccManager@@@Z 0000000140012c9a f   mfc100d:mfc100d.dll
 0001:00011ca0       ??1CDialog@@UEAA@XZ        0000000140012ca0 f   mfc100d:mfc100d.dll
 0001:00011ca6       ??1CStatic@@UEAA@XZ        0000000140012ca6 f   mfc100d:mfc100d.dll
 0001:00011cac       ??1CEdit@@UEAA@XZ          0000000140012cac f   mfc100d:mfc100d.dll
 0001:00011cb2       ??1CButton@@UEAA@XZ        0000000140012cb2 f   mfc100d:mfc100d.dll
 0001:00011cb8       ??1CComboBox@@UEAA@XZ      0000000140012cb8 f   mfc100d:mfc100d.dll
 0001:00011cbe       ??1?$CStringT@DV?$StrTraitMFC_DLL@DV?$ChTraitsCRT@D@ATL@@@@@ATL@@QEAA@XZ 0000000140012cbe f   mfc100d:mfc100d.dll
 0001:00011cc4       ??0CDialog@@QEAA@IPEAVCWnd@@@Z 0000000140012cc4 f   mfc100d:mfc100d.dll
 0001:00011cca       ?GetRuntimeClass@CDialog@@UEBAPEAUCRuntimeClass@@XZ 0000000140012cca f   mfc100d:mfc100d.dll
 0001:00011cd0       ?AssertValid@CDialog@@UEBAXXZ 0000000140012cd0 f   mfc100d:mfc100d.dll
 0001:00011cd6       ?Dump@CDialog@@UEBAXAEAVCDumpContext@@@Z 0000000140012cd6 f   mfc100d:mfc100d.dll
 0001:00011cdc       ?OnCmdMsg@CDialog@@UEAAHIHPEAXPEAUAFX_CMDHANDLERINFO@@@Z 0000000140012cdc f   mfc100d:mfc100d.dll
 0001:00011ce2       ?OnFinalRelease@CWnd@@UEAAXXZ 0000000140012ce2 f   mfc100d:mfc100d.dll
 0001:00011ce8       ?GetInterfaceMap@CWnd@@MEBAPEBUAFX_INTERFACEMAP@@XZ 0000000140012ce8 f   mfc100d:mfc100d.dll
 0001:00011cee       ?PreSubclassWindow@CWnd@@UEAAXXZ 0000000140012cee f   mfc100d:mfc100d.dll
 0001:00011cf4       ?Create@CWnd@@UEAAHPEBD0KAEBUtagRECT@@PEAV1@IPEAUCCreateContext@@@Z 0000000140012cf4 f   mfc100d:mfc100d.dll
 0001:00011cfa       ?CreateEx@CWnd@@UEAAHKPEBD0KAEBUtagRECT@@PEAV1@IPEAX@Z 0000000140012cfa f   mfc100d:mfc100d.dll
 0001:00011d00       ?CreateEx@CWnd@@UEAAHKPEBD0KHHHHPEAUHWND__@@PEAUHMENU__@@PEAX@Z 0000000140012d00 f   mfc100d:mfc100d.dll
 0001:00011d06       ?DestroyWindow@CWnd@@UEAAHXZ 0000000140012d06 f   mfc100d:mfc100d.dll
 0001:00011d0c       ?PreCreateWindow@CWnd@@UEAAHAEAUtagCREATESTRUCTA@@@Z 0000000140012d0c f   mfc100d:mfc100d.dll
 0001:00011d12       ?CalcWindowRect@CWnd@@UEAAXPEAUtagRECT@@I@Z 0000000140012d12 f   mfc100d:mfc100d.dll
 0001:00011d18       ?GetMenu@CWnd@@UEBAPEAVCMenu@@XZ 0000000140012d18 f   mfc100d:mfc100d.dll
 0001:00011d1e       ?SetMenu@CWnd@@UEAAHPEAVCMenu@@@Z 0000000140012d1e f   mfc100d:mfc100d.dll
 0001:00011d24       ?OnToolHitTest@CWnd@@UEBA_JVCPoint@@PEAUtagTOOLINFOA@@@Z 0000000140012d24 f   mfc100d:mfc100d.dll
 0001:00011d2a       ?GetScrollBarCtrl@CWnd@@UEBAPEAVCScrollBar@@H@Z 0000000140012d2a f   mfc100d:mfc100d.dll
 0001:00011d30       ?WinHelpA@CWnd@@UEAAX_KI@Z 0000000140012d30 f   mfc100d:mfc100d.dll
 0001:00011d36       ?HtmlHelpA@CWnd@@UEAAX_KI@Z 0000000140012d36 f   mfc100d:mfc100d.dll
 0001:00011d3c       ?WinHelpInternal@CWnd@@UEAAX_KI@Z 0000000140012d3c f   mfc100d:mfc100d.dll
 0001:00011d42       ?ContinueModal@CWnd@@UEAAHXZ 0000000140012d42 f   mfc100d:mfc100d.dll
 0001:00011d48       ?EndModalLoop@CWnd@@UEAAXH@Z 0000000140012d48 f   mfc100d:mfc100d.dll
 0001:00011d4e       ?OnDrawIconicThumbnailOrLivePreview@CWnd@@UEAAXAEAVCDC@@VCRect@@VCSize@@HAEAH@Z 0000000140012d4e f   mfc100d:mfc100d.dll
 0001:00011d54       ?EnsureStdObj@CWnd@@UEAAJXZ 0000000140012d54 f   mfc100d:mfc100d.dll
 0001:00011d5a       ?get_accParent@CWnd@@UEAAJPEAPEAUIDispatch@@@Z 0000000140012d5a f   mfc100d:mfc100d.dll
 0001:00011d60       ?get_accChildCount@CWnd@@UEAAJPEAJ@Z 0000000140012d60 f   mfc100d:mfc100d.dll
 0001:00011d66       ?get_accChild@CWnd@@UEAAJUtagVARIANT@@PEAPEAUIDispatch@@@Z 0000000140012d66 f   mfc100d:mfc100d.dll
 0001:00011d6c       ?get_accName@CWnd@@UEAAJUtagVARIANT@@PEAPEA_W@Z 0000000140012d6c f   mfc100d:mfc100d.dll
 0001:00011d72       ?get_accValue@CWnd@@UEAAJUtagVARIANT@@PEAPEA_W@Z 0000000140012d72 f   mfc100d:mfc100d.dll
 0001:00011d78       ?get_accDescription@CWnd@@UEAAJUtagVARIANT@@PEAPEA_W@Z 0000000140012d78 f   mfc100d:mfc100d.dll
 0001:00011d7e       ?get_accRole@CWnd@@UEAAJUtagVARIANT@@PEAU2@@Z 0000000140012d7e f   mfc100d:mfc100d.dll
 0001:00011d84       ?get_accState@CWnd@@UEAAJUtagVARIANT@@PEAU2@@Z 0000000140012d84 f   mfc100d:mfc100d.dll
 0001:00011d8a       ?get_accHelp@CWnd@@UEAAJUtagVARIANT@@PEAPEA_W@Z 0000000140012d8a f   mfc100d:mfc100d.dll
 0001:00011d90       ?get_accHelpTopic@CWnd@@UEAAJPEAPEA_WUtagVARIANT@@PEAJ@Z 0000000140012d90 f   mfc100d:mfc100d.dll
 0001:00011d96       ?get_accKeyboardShortcut@CWnd@@UEAAJUtagVARIANT@@PEAPEA_W@Z 0000000140012d96 f   mfc100d:mfc100d.dll
 0001:00011d9c       ?get_accFocus@CWnd@@UEAAJPEAUtagVARIANT@@@Z 0000000140012d9c f   mfc100d:mfc100d.dll
 0001:00011da2       ?get_accSelection@CWnd@@UEAAJPEAUtagVARIANT@@@Z 0000000140012da2 f   mfc100d:mfc100d.dll
 0001:00011da8       ?get_accDefaultAction@CWnd@@UEAAJUtagVARIANT@@PEAPEA_W@Z 0000000140012da8 f   mfc100d:mfc100d.dll
 0001:00011dae       ?accSelect@CWnd@@UEAAJJUtagVARIANT@@@Z 0000000140012dae f   mfc100d:mfc100d.dll
 0001:00011db4       ?accLocation@CWnd@@UEAAJPEAJ000UtagVARIANT@@@Z 0000000140012db4 f   mfc100d:mfc100d.dll
 0001:00011dba       ?accNavigate@CWnd@@UEAAJJUtagVARIANT@@PEAU2@@Z 0000000140012dba f   mfc100d:mfc100d.dll
 0001:00011dc0       ?accHitTest@CWnd@@UEAAJJJPEAUtagVARIANT@@@Z 0000000140012dc0 f   mfc100d:mfc100d.dll
 0001:00011dc6       ?accDoDefaultAction@CWnd@@UEAAJUtagVARIANT@@@Z 0000000140012dc6 f   mfc100d:mfc100d.dll
 0001:00011dcc       ?put_accName@CWnd@@UEAAJUtagVARIANT@@PEA_W@Z 0000000140012dcc f   mfc100d:mfc100d.dll
 0001:00011dd2       ?put_accValue@CWnd@@UEAAJUtagVARIANT@@PEA_W@Z 0000000140012dd2 f   mfc100d:mfc100d.dll
 0001:00011dd8       ?SetProxy@CWnd@@UEAAJPEAUIAccessibleProxy@@@Z 0000000140012dd8 f   mfc100d:mfc100d.dll
 0001:00011dde       ?CreateAccessibleProxy@CWnd@@UEAAJ_K_JPEA_J@Z 0000000140012dde f   mfc100d:mfc100d.dll
 0001:00011de4       ?OnCommand@CWnd@@MEAAH_K_J@Z 0000000140012de4 f   mfc100d:mfc100d.dll
 0001:00011dea       ?OnNotify@CWnd@@MEAAH_K_JPEA_J@Z 0000000140012dea f   mfc100d:mfc100d.dll
 0001:00011df0       ?GetSuperWndProcAddr@CWnd@@MEAAPEAP6A_JPEAUHWND__@@I_K_J@ZXZ 0000000140012df0 f   mfc100d:mfc100d.dll
 0001:00011df6       ?BeginModalState@CWnd@@UEAAXXZ 0000000140012df6 f   mfc100d:mfc100d.dll
 0001:00011dfc       ?EndModalState@CWnd@@UEAAXXZ 0000000140012dfc f   mfc100d:mfc100d.dll
 0001:00011e02       ?PreTranslateMessage@CDialog@@UEAAHPEAUtagMSG@@@Z 0000000140012e02 f   mfc100d:mfc100d.dll
 0001:00011e08       ?OnAmbientProperty@CWnd@@UEAAHPEAVCOleControlSite@@JPEAUtagVARIANT@@@Z 0000000140012e08 f   mfc100d:mfc100d.dll
 0001:00011e0e       ?WindowProc@CWnd@@MEAA_JI_K_J@Z 0000000140012e0e f   mfc100d:mfc100d.dll
 0001:00011e14       ?OnWndMsg@CWnd@@MEAAHI_K_JPEA_J@Z 0000000140012e14 f   mfc100d:mfc100d.dll
 0001:00011e1a       ?DefWindowProcA@CWnd@@MEAA_JI_K_J@Z 0000000140012e1a f   mfc100d:mfc100d.dll
 0001:00011e20       ?PostNcDestroy@CWnd@@MEAAXXZ 0000000140012e20 f   mfc100d:mfc100d.dll
 0001:00011e26       ?OnChildNotify@CWnd@@MEAAHI_K_JPEA_J@Z 0000000140012e26 f   mfc100d:mfc100d.dll
 0001:00011e2c       ?OnTouchInputs@CWnd@@MEAAHIPEAUtagTOUCHINPUT@@@Z 0000000140012e2c f   mfc100d:mfc100d.dll
 0001:00011e32       ?OnTouchInput@CWnd@@MEAAHVCPoint@@HHPEAUtagTOUCHINPUT@@@Z 0000000140012e32 f   mfc100d:mfc100d.dll
 0001:00011e38       ?GetGestureStatus@CWnd@@MEAAKVCPoint@@@Z 0000000140012e38 f   mfc100d:mfc100d.dll
 0001:00011e3e       ?OnGestureZoom@CWnd@@MEAAHVCPoint@@J@Z 0000000140012e3e f   mfc100d:mfc100d.dll
 0001:00011e44       ?OnGesturePan@CWnd@@MEAAHVCPoint@@0@Z 0000000140012e44 f   mfc100d:mfc100d.dll
 0001:00011e4a       ?OnGestureRotate@CWnd@@MEAAHVCPoint@@N@Z 0000000140012e4a f   mfc100d:mfc100d.dll
 0001:00011e50       ?OnGestureTwoFingerTap@CWnd@@MEAAHVCPoint@@@Z 0000000140012e50 f   mfc100d:mfc100d.dll
 0001:00011e56       ?OnGesturePressAndTap@CWnd@@MEAAHVCPoint@@J@Z 0000000140012e56 f   mfc100d:mfc100d.dll
 0001:00011e5c       ?CheckAutoCenter@CDialog@@UEAAHXZ 0000000140012e5c f   mfc100d:mfc100d.dll
 0001:00011e62       ?IsFrameWnd@CWnd@@UEBAHXZ  0000000140012e62 f   mfc100d:mfc100d.dll
 0001:00011e68       ?CreateControlContainer@CWnd@@MEAAHPEAPEAVCOleControlContainer@@@Z 0000000140012e68 f   mfc100d:mfc100d.dll
 0001:00011e6e       ?CreateControlSite@CWnd@@MEAAHPEAVCOleControlContainer@@PEAPEAVCOleControlSite@@IAEBU_GUID@@@Z 0000000140012e6e f   mfc100d:mfc100d.dll
 0001:00011e74       ?SetOccDialogInfo@CDialog@@MEAAHPEAU_AFX_OCC_DIALOG_INFO@@@Z 0000000140012e74 f   mfc100d:mfc100d.dll
 0001:00011e7a       ?GetOccDialogInfo@CDialog@@MEAAPEAU_AFX_OCC_DIALOG_INFO@@XZ 0000000140012e7a f   mfc100d:mfc100d.dll
 0001:00011e80       ?Create@CDialog@@UEAAHIPEAVCWnd@@@Z 0000000140012e80 f   mfc100d:mfc100d.dll
 0001:00011e86       ?Create@CDialog@@UEAAHPEBDPEAVCWnd@@@Z 0000000140012e86 f   mfc100d:mfc100d.dll
 0001:00011e8c       ?CreateIndirect@CDialog@@UEAAHPEAXPEAVCWnd@@@Z 0000000140012e8c f   mfc100d:mfc100d.dll
 0001:00011e92       ?CreateIndirect@CDialog@@UEAAHPEBUDLGTEMPLATE@@PEAVCWnd@@PEAX@Z 0000000140012e92 f   mfc100d:mfc100d.dll
 0001:00011e98       ?OnInitDialog@CDialog@@UEAAHXZ 0000000140012e98 f   mfc100d:mfc100d.dll
 0001:00011e9e       ?OnSetFont@CDialog@@UEAAXPEAVCFont@@@Z 0000000140012e9e f   mfc100d:mfc100d.dll
 0001:00011ea4       ?OnOK@CDialog@@MEAAXXZ     0000000140012ea4 f   mfc100d:mfc100d.dll
 0001:00011eaa       ?OnCancel@CDialog@@MEAAXXZ 0000000140012eaa f   mfc100d:mfc100d.dll
 0001:00011eb0       ?PreInitDialog@CDialog@@MEAAXXZ 0000000140012eb0 f   mfc100d:mfc100d.dll
 0001:00011eb6       ?DoDataExchange@CWnd@@MEAAXPEAVCDataExchange@@@Z 0000000140012eb6 f   mfc100d:mfc100d.dll
 0001:00011ebc       ?GetThisMessageMap@CDialog@@KAPEBUAFX_MSGMAP@@XZ 0000000140012ebc f   mfc100d:mfc100d.dll
 0001:00011ec2       ??4?$CStringT@DV?$StrTraitMFC_DLL@DV?$ChTraitsCRT@D@ATL@@@@@ATL@@QEAAAEAV01@PEBD@Z 0000000140012ec2 f   mfc100d:mfc100d.dll
 0001:00011ec8       ?LoadIconA@CWinApp@@QEBAPEAUHICON__@@I@Z 0000000140012ec8 f   mfc100d:mfc100d.dll
 0001:00011ece       ?AfxGetApp@@YAPEAVCWinApp@@XZ 0000000140012ece f   mfc100d:mfc100d.dll
 0001:00011ed4       ??0?$CStringT@DV?$StrTraitMFC_DLL@DV?$ChTraitsCRT@D@ATL@@@@@ATL@@QEAA@PEBD@Z 0000000140012ed4 f   mfc100d:mfc100d.dll
 0001:00011eda       ??0CComboBox@@QEAA@XZ      0000000140012eda f   mfc100d:mfc100d.dll
 0001:00011ee0       ??0CEdit@@QEAA@XZ          0000000140012ee0 f   mfc100d:mfc100d.dll
 0001:00011ee6       ??0CButton@@QEAA@XZ        0000000140012ee6 f   mfc100d:mfc100d.dll
 0001:00011eec       ??0?$CStringT@DV?$StrTraitMFC_DLL@DV?$ChTraitsCRT@D@ATL@@@@@ATL@@QEAA@XZ 0000000140012eec f   mfc100d:mfc100d.dll
 0001:00011ef2       ??0CStatic@@QEAA@XZ        0000000140012ef2 f   mfc100d:mfc100d.dll
 0001:00011ef8       ?DDX_Control@@YAXPEAVCDataExchange@@HAEAVCWnd@@@Z 0000000140012ef8 f   mfc100d:mfc100d.dll
 0001:00011efe       ??1CMenu@@UEAA@XZ          0000000140012efe f   mfc100d:mfc100d.dll
 0001:00011f04       ?DestroyMenu@CMenu@@QEAAHXZ 0000000140012f04 f   mfc100d:mfc100d.dll
 0001:00011f0a       ?PostMessageA@CWnd@@QEAAHI_K_J@Z 0000000140012f0a f   mfc100d:mfc100d.dll
 0001:00011f10       ?TrackPopupMenu@CMenu@@QEAAHIHHPEAVCWnd@@PEBUtagRECT@@@Z 0000000140012f10 f   mfc100d:mfc100d.dll
 0001:00011f16       ?SetForegroundWindow@CWnd@@QEAAHXZ 0000000140012f16 f   mfc100d:mfc100d.dll
 0001:00011f1c       ?GetSubMenu@CMenu@@QEBAPEAV1@H@Z 0000000140012f1c f   mfc100d:mfc100d.dll
 0001:00011f22       ?LoadMenuA@CMenu@@QEAAHI@Z 0000000140012f22 f   mfc100d:mfc100d.dll
 0001:00011f28       ??0CMenu@@QEAA@XZ          0000000140012f28 f   mfc100d:mfc100d.dll
 0001:00011f2e       ??2@YAPEAX_KPEBDH@Z        0000000140012f2e f   mfc100d:mfc100d.dll
 0001:00011f34       ??1CFile@@UEAA@XZ          0000000140012f34 f   mfc100d:mfc100d.dll
 0001:00011f3a       ?Close@CFile@@UEAAXXZ      0000000140012f3a f   mfc100d:mfc100d.dll
 0001:00011f40       ?Write@CFile@@UEAAXPEBXI@Z 0000000140012f40 f   mfc100d:mfc100d.dll
 0001:00011f46       ?Open@CFile@@UEAAHPEBDIPEAVCFileException@@@Z 0000000140012f46 f   mfc100d:mfc100d.dll
 0001:00011f4c       ??B?$CSimpleStringT@D$00@ATL@@QEBAPEBDXZ 0000000140012f4c f   mfc100d:mfc100d.dll
 0001:00011f52       ??0CFile@@QEAA@XZ          0000000140012f52 f   mfc100d:mfc100d.dll
 0001:00011f58       ?GetLength@?$CSimpleStringT@D$00@ATL@@QEBAHXZ 0000000140012f58 f   mfc100d:mfc100d.dll
 0001:00011f5e       ?SetWindowTextA@CWnd@@QEAAXPEBD@Z 0000000140012f5e f   mfc100d:mfc100d.dll
 0001:00011f64       ??Y?$CStringT@DV?$StrTraitMFC_DLL@DV?$ChTraitsCRT@D@ATL@@@@@ATL@@QEAAAEAV01@AEBV?$CSimpleStringT@D$00@1@@Z 0000000140012f64 f   mfc100d:mfc100d.dll
 0001:00011f6a       ??0?$CStringT@DV?$StrTraitMFC_DLL@DV?$ChTraitsCRT@D@ATL@@@@@ATL@@QEAA@AEBV01@@Z 0000000140012f6a f   mfc100d:mfc100d.dll
 0001:00011f70       ?AfxAssertFailedLine@@YAHPEBDH@Z 0000000140012f70 f   mfc100d:mfc100d.dll
 0001:00011f76       ??1CFileFind@@UEAA@XZ      0000000140012f76 f   mfc100d:mfc100d.dll
 0001:00011f7c       ?IsDirectory@CFileFind@@QEBAHXZ 0000000140012f7c f   mfc100d:mfc100d.dll
 0001:00011f82       ?IsDots@CFileFind@@UEBAHXZ 0000000140012f82 f   mfc100d:mfc100d.dll
 0001:00011f88       ?FindNextFileA@CFileFind@@UEAAHXZ 0000000140012f88 f   mfc100d:mfc100d.dll
 0001:00011f8e       ?FindFile@CFileFind@@UEAAHPEBDK@Z 0000000140012f8e f   mfc100d:mfc100d.dll
 0001:00011f94       ??0CFileFind@@QEAA@XZ      0000000140012f94 f   mfc100d:mfc100d.dll
 0001:00011f9a       ?Left@?$CStringT@DV?$StrTraitMFC_DLL@DV?$ChTraitsCRT@D@ATL@@@@@ATL@@QEBA?AV12@H@Z 0000000140012f9a f   mfc100d:mfc100d.dll
 0001:00011fa0       ?AfxBeginThread@@YAPEAVCWinThread@@P6AIPEAX@Z0HIKPEAU_SECURITY_ATTRIBUTES@@@Z 0000000140012fa0 f   mfc100d:mfc100d.dll
 0001:00011fa6       ?GetSafeHwnd@CWnd@@QEBAPEAUHWND__@@XZ 0000000140012fa6 f   mfc100d:mfc100d.dll
 0001:00011fac       ?SetIcon@CWnd@@QEAAPEAUHICON__@@PEAU2@H@Z 0000000140012fac f   mfc100d:mfc100d.dll
 0001:00011fb2       ?EnableMenuItem@CMenu@@QEAAIII@Z 0000000140012fb2 f   mfc100d:mfc100d.dll
 0001:00011fb8       ?AppendMenuA@CMenu@@QEAAHI_KPEBD@Z 0000000140012fb8 f   mfc100d:mfc100d.dll
 0001:00011fbe       ?IsEmpty@?$CSimpleStringT@D$00@ATL@@QEBA_NXZ 0000000140012fbe f   mfc100d:mfc100d.dll
 0001:00011fc4       ?LoadStringA@?$CStringT@DV?$StrTraitMFC_DLL@DV?$ChTraitsCRT@D@ATL@@@@@ATL@@QEAAHI@Z 0000000140012fc4 f   mfc100d:mfc100d.dll
 0001:00011fca       ?GetSystemMenu@CWnd@@QEBAPEAVCMenu@@H@Z 0000000140012fca f   mfc100d:mfc100d.dll
 0001:00011fd0       ?Format@?$CStringT@DV?$StrTraitMFC_DLL@DV?$ChTraitsCRT@D@ATL@@@@@ATL@@QEAAXPEBDZZ 0000000140012fd0 f   mfc100d:mfc100d.dll
 0001:00011fd6       ??1CWaitCursor@@QEAA@XZ    0000000140012fd6 f   mfc100d:mfc100d.dll
 0001:00011fdc       ??0CWaitCursor@@QEAA@XZ    0000000140012fdc f   mfc100d:mfc100d.dll
 0001:00011fe2       ?OnSysCommand@CWnd@@IEAAXI_J@Z 0000000140012fe2 f   mfc100d:mfc100d.dll
 0001:00011fe8       ?OnPaint@CDialog@@IEAAXXZ  0000000140012fe8 f   mfc100d:mfc100d.dll
 0001:00011fee       ??1CPaintDC@@UEAA@XZ       0000000140012fee f   mfc100d:mfc100d.dll
 0001:00011ff4       ?DrawIcon@CDC@@QEAAHHHPEAUHICON__@@@Z 0000000140012ff4 f   mfc100d:mfc100d.dll
 0001:00011ffa       ?GetClientRect@CWnd@@QEBAXPEAUtagRECT@@@Z 0000000140012ffa f   mfc100d:mfc100d.dll
 0001:00012000       ?SendMessageA@CWnd@@QEBA_JI_K_J@Z 0000000140013000 f   mfc100d:mfc100d.dll
 0001:00012006       ?GetSafeHdc@CDC@@QEBAPEAUHDC__@@XZ 0000000140013006 f   mfc100d:mfc100d.dll
 0001:0001200c       ??0CPaintDC@@QEAA@PEAVCWnd@@@Z 000000014001300c f   mfc100d:mfc100d.dll
 0001:00012012       ?IsIconic@CWnd@@QEBAHXZ    0000000140013012 f   mfc100d:mfc100d.dll
 0001:00012018       ?InvalidateRect@CWnd@@QEAAXPEBUtagRECT@@H@Z 0000000140013018 f   mfc100d:mfc100d.dll
 0001:0001201e       ??4?$CStringT@DV?$StrTraitMFC_DLL@DV?$ChTraitsCRT@D@ATL@@@@@ATL@@QEAAAEAV01@AEBV01@@Z 000000014001301e f   mfc100d:mfc100d.dll
 0001:00012024       ?OnDestroy@CWnd@@IEAAXXZ   0000000140013024 f   mfc100d:mfc100d.dll
 0001:0001202a       ?ShowWindow@CWnd@@QEAAHH@Z 000000014001302a f   mfc100d:mfc100d.dll
 0001:00012030       ?MoveWindow@CWnd@@QEAAXPEBUtagRECT@@H@Z 0000000140013030 f   mfc100d:mfc100d.dll
 0001:00012036       ?ScreenToClient@CWnd@@QEBAXPEAUtagRECT@@@Z 0000000140013036 f   mfc100d:mfc100d.dll
 0001:0001203c       ?GetWindowRect@CWnd@@QEBAXPEAUtagRECT@@@Z 000000014001303c f   mfc100d:mfc100d.dll
 0001:00012042       ?GetDlgItem@CWnd@@QEBAPEAV1@H@Z 0000000140013042 f   mfc100d:mfc100d.dll
 0001:00012048       ?OnSize@CWnd@@IEAAXIHH@Z   0000000140013048 f   mfc100d:mfc100d.dll
 0001:0001204e       ?OnEndSession@CDialog@@IEAAXH@Z 000000014001304e f   mfc100d:mfc100d.dll
 0001:00012054       ?OnQueryEndSession@CDialog@@IEAAHXZ 0000000140013054 f   mfc100d:mfc100d.dll
 0001:0001205a       ?EnableWindow@CWnd@@QEAAHH@Z 000000014001305a f   mfc100d:mfc100d.dll
 0001:00012060       ?MessageBoxA@CWnd@@QEAAHPEBD0I@Z 0000000140013060 f   mfc100d:mfc100d.dll
 0001:00012066       ?GetBuffer@?$CSimpleStringT@D$00@ATL@@QEAAPEADXZ 0000000140013066 f   mfc100d:mfc100d.dll
 0001:0001206c       ?GetBuffer@?$CSimpleStringT@D$00@ATL@@QEAAPEADH@Z 000000014001306c f   mfc100d:mfc100d.dll
 0001:00012072       ?SetWindowPos@CWnd@@QEAAHPEBV1@HHHHI@Z 0000000140013072 f   mfc100d:mfc100d.dll
 0001:00012078       ?EndDialog@CDialog@@QEAAXH@Z 0000000140013078 f   mfc100d:mfc100d.dll
 0001:0001207e       ?UpdateData@CWnd@@QEAAHH@Z 000000014001307e f   mfc100d:mfc100d.dll
 0001:00012084       ?SetTimer@CWnd@@QEAA_K_KIP6AXPEAUHWND__@@I0K@Z@Z 0000000140013084 f   mfc100d:mfc100d.dll
 0001:0001208a       ?OnNcPaint@CWnd@@IEAAXXZ   000000014001308a f   mfc100d:mfc100d.dll
 0001:00012090       ?OnTimer@CWnd@@IEAAX_K@Z   0000000140013090 f   mfc100d:mfc100d.dll
 0001:00012096       ?GetForegroundWindow@CWnd@@SAPEAV1@XZ 0000000140013096 f   mfc100d:mfc100d.dll
 0001:0001209c       ?KillTimer@CWnd@@QEAAH_K@Z 000000014001309c f   mfc100d:mfc100d.dll
 0001:000120a2       ?MoveWindow@CWnd@@QEAAXHHHHH@Z 00000001400130a2 f   mfc100d:mfc100d.dll
 0001:000120a8       ?ModifyStyle@CWnd@@QEAAHKKI@Z 00000001400130a8 f   mfc100d:mfc100d.dll
 0001:000120ae       ?AfxThrowInvalidArgException@@YAXXZ 00000001400130ae f   mfc100d:mfc100d.dll
 0001:000120b4       ?AfxThrowMemoryException@@YAXXZ 00000001400130b4 f   mfc100d:mfc100d.dll
 0001:000120ba       ??3CObject@@SAXPEAXPEBDH@Z 00000001400130ba f   mfc100d:mfc100d.dll
 0001:000120c0       ??1CDC@@UEAA@XZ            00000001400130c0 f   mfc100d:mfc100d.dll
 0001:000120c6       ??1CBitmap@@UEAA@XZ        00000001400130c6 f   mfc100d:mfc100d.dll
 0001:000120cc       ??1CFont@@UEAA@XZ          00000001400130cc f   mfc100d:mfc100d.dll
 0001:000120d2       ??1CPen@@UEAA@XZ           00000001400130d2 f   mfc100d:mfc100d.dll
 0001:000120d8       ?DeleteDC@CDC@@QEAAHXZ     00000001400130d8 f   mfc100d:mfc100d.dll
 0001:000120de       ?BitBlt@CDC@@QEAAHHHHHPEAV1@HHK@Z 00000001400130de f   mfc100d:mfc100d.dll
 0001:000120e4       ?Mid@?$CStringT@DV?$StrTraitMFC_DLL@DV?$ChTraitsCRT@D@ATL@@@@@ATL@@QEBA?AV12@HH@Z 00000001400130e4 f   mfc100d:mfc100d.dll
 0001:000120ea       ?Find@?$CStringT@DV?$StrTraitMFC_DLL@DV?$ChTraitsCRT@D@ATL@@@@@ATL@@QEBAHDH@Z 00000001400130ea f   mfc100d:mfc100d.dll
 0001:000120f0       ?LineTo@CDC@@QEAAHHH@Z     00000001400130f0 f   mfc100d:mfc100d.dll
 0001:000120f6       ?MoveTo@CDC@@QEAA?AVCPoint@@HH@Z 00000001400130f6 f   mfc100d:mfc100d.dll
 0001:000120fc       ?SelectObject@CDC@@QEAAPEAVCPen@@PEAV2@@Z 00000001400130fc f   mfc100d:mfc100d.dll
 0001:00012102       ??0CPen@@QEAA@HHK@Z        0000000140013102 f   mfc100d:mfc100d.dll
 0001:00012108       ?DeleteObject@CGdiObject@@QEAAHXZ 0000000140013108 f   mfc100d:mfc100d.dll
 0001:0001210e       ?DrawTextA@CDC@@QEAAHAEBV?$CStringT@DV?$StrTraitMFC_DLL@DV?$ChTraitsCRT@D@ATL@@@@@ATL@@PEAUtagRECT@@I@Z 000000014001310e f   mfc100d:mfc100d.dll
 0001:00012114       ?SetBkMode@CDC@@QEAAHH@Z   0000000140013114 f   mfc100d:mfc100d.dll
 0001:0001211a       ?CreateFontA@CFont@@QEAAHHHHHHEEEEEEEEPEBD@Z 000000014001311a f   mfc100d:mfc100d.dll
 0001:00012120       ??0CFont@@QEAA@XZ          0000000140013120 f   mfc100d:mfc100d.dll
 0001:00012126       ?SelectObject@CDC@@QEAAPEAVCBitmap@@PEAV2@@Z 0000000140013126 f   mfc100d:mfc100d.dll
 0001:0001212c       ?CreateCompatibleBitmap@CBitmap@@QEAAHPEAVCDC@@HH@Z 000000014001312c f   mfc100d:mfc100d.dll
 0001:00012132       ??0CBitmap@@QEAA@XZ        0000000140013132 f   mfc100d:mfc100d.dll
 0001:00012138       ?CreateCompatibleDC@CDC@@QEAAHPEAV1@@Z 0000000140013138 f   mfc100d:mfc100d.dll
 0001:0001213e       ??2CObject@@SAPEAX_KPEBDH@Z 000000014001313e f   mfc100d:mfc100d.dll
 0001:00012144       ?GetDC@CWnd@@QEAAPEAVCDC@@XZ 0000000140013144 f   mfc100d:mfc100d.dll
 0001:0001214a       ??0CDC@@QEAA@XZ            000000014001314a f   mfc100d:mfc100d.dll
 0001:00012150       ?OnLButtonDown@CWnd@@IEAAXIVCPoint@@@Z 0000000140013150 f   mfc100d:mfc100d.dll
 0001:00012156       ?AppendChar@?$CSimpleStringT@D$00@ATL@@QEAAXD@Z 0000000140013156 f   mfc100d:mfc100d.dll
 0001:0001215c       ?Delete@?$CStringT@DV?$StrTraitMFC_DLL@DV?$ChTraitsCRT@D@ATL@@@@@ATL@@QEAAHHH@Z 000000014001315c f   mfc100d:mfc100d.dll
 0001:00012162       ?OnEraseBkgnd@CWnd@@IEAAHPEAVCDC@@@Z 0000000140013162 f   mfc100d:mfc100d.dll
 0001:00012168       ??1CStdioFile@@UEAA@XZ     0000000140013168 f   mfc100d:mfc100d.dll
 0001:0001216e       ?Close@CStdioFile@@UEAAXXZ 000000014001316e f   mfc100d:mfc100d.dll
 0001:00012174       ?WriteString@CStdioFile@@UEAAXPEBD@Z 0000000140013174 f   mfc100d:mfc100d.dll
 0001:0001217a       ?SeekToEnd@CFile@@QEAA_KXZ 000000014001317a f   mfc100d:mfc100d.dll
 0001:00012180       ?Open@CStdioFile@@UEAAHPEBDIPEAVCFileException@@@Z 0000000140013180 f   mfc100d:mfc100d.dll
 0001:00012186       ??0CStdioFile@@QEAA@XZ     0000000140013186 f   mfc100d:mfc100d.dll
 0001:0001218c       ?OnCreate@CWnd@@IEAAHPEAUtagCREATESTRUCTA@@@Z 000000014001318c f   mfc100d:mfc100d.dll
 0001:00012192       ?Concatenate@?$CSimpleStringT@D$00@ATL@@KAXAEAV12@PEBDH1H@Z 0000000140013192 f   mfc100d:mfc100d.dll
 0001:00012198       ?StringLength@?$CSimpleStringT@D$00@ATL@@SAHPEBD@Z 0000000140013198 f   mfc100d:mfc100d.dll
 0001:0001219e       ??0?$CStringT@DV?$StrTraitMFC_DLL@DV?$ChTraitsCRT@D@ATL@@@@@ATL@@QEAA@PEAUIAtlStringMgr@1@@Z 000000014001319e f   mfc100d:mfc100d.dll
 0001:000121a4       ?GetManager@?$CStringT@DV?$StrTraitMFC_DLL@DV?$ChTraitsCRT@D@ATL@@@@@ATL@@QEBAPEAUIAtlStringMgr@2@XZ 00000001400131a4 f   mfc100d:mfc100d.dll
 0001:000121aa       ?AfxThrowOleException@@YAXJ@Z 00000001400131aa f   mfc100d:mfc100d.dll
 0001:000121b0       ?GetThisClass@CDialog@@SAPEAUCRuntimeClass@@XZ 00000001400131b0 f   mfc100d:mfc100d.dll
 0001:000121b6       ?DDX_Text@@YAXPEAVCDataExchange@@HAEAK@Z 00000001400131b6 f   mfc100d:mfc100d.dll
 0001:000121bc       ?SetFont@CWnd@@QEAAXPEAVCFont@@H@Z 00000001400131bc f   mfc100d:mfc100d.dll
 0001:000121c2       ??2CObject@@SAPEAX_K@Z     00000001400131c2 f   mfc100d:mfc100d.dll
 0001:000121c8       ?OnCtlColor@CWnd@@IEAAPEAUHBRUSH__@@PEAVCDC@@PEAV1@I@Z 00000001400131c8 f   mfc100d:mfc100d.dll
 0001:000121ce       ??1CBrush@@UEAA@XZ         00000001400131ce f   mfc100d:mfc100d.dll
 0001:000121d4       ?PatBlt@CDC@@QEAAHHHHHK@Z  00000001400131d4 f   mfc100d:mfc100d.dll
 0001:000121da       ?SelectObject@CDC@@QEAAPEAVCBrush@@PEAV2@@Z 00000001400131da f   mfc100d:mfc100d.dll
 0001:000121e0       ??0CBrush@@QEAA@K@Z        00000001400131e0 f   mfc100d:mfc100d.dll
 0001:000121e6       ?OnClose@CWnd@@IEAAXXZ     00000001400131e6 f   mfc100d:mfc100d.dll
 0001:000121ec       ?OnLButtonUp@CWnd@@IEAAXIVCPoint@@@Z 00000001400131ec f   mfc100d:mfc100d.dll
 0001:000121f2       ??_V@YAXPEAX@Z             00000001400131f2 f   mfc100d:mfc100d.dll
 0001:000121f8       ??_U@YAPEAX_K@Z            00000001400131f8 f   mfc100d:mfc100d.dll
 0001:000121fe       ?AfxEndThread@@YAXIH@Z     00000001400131fe f   mfc100d:mfc100d.dll
 0001:00012204       ?ResumeThread@CWinThread@@QEAAKXZ 0000000140013204 f   mfc100d:mfc100d.dll
 0001:0001220a       ?SuspendThread@CWinThread@@QEAAKXZ 000000014001320a f   mfc100d:mfc100d.dll
 0001:00012210       ?GetThisClass@CWnd@@SAPEAUCRuntimeClass@@XZ 0000000140013210 f   mfc100d:mfc100d.dll
 0001:00012216       ??1CWnd@@UEAA@XZ           0000000140013216 f   mfc100d:mfc100d.dll
 0001:0001221c       ??0CWnd@@QEAA@XZ           000000014001321c f   mfc100d:mfc100d.dll
 0001:00012222       ?AssertValid@CWnd@@UEBAXXZ 0000000140013222 f   mfc100d:mfc100d.dll
 0001:00012228       ?Dump@CWnd@@UEBAXAEAVCDumpContext@@@Z 0000000140013228 f   mfc100d:mfc100d.dll
 0001:0001222e       ?PreTranslateMessage@CWnd@@UEAAHPEAUtagMSG@@@Z 000000014001322e f   mfc100d:mfc100d.dll
 0001:00012234       ?CheckAutoCenter@CWnd@@UEAAHXZ 0000000140013234 f   mfc100d:mfc100d.dll
 0001:0001223a       ?SetOccDialogInfo@CWnd@@MEAAHPEAU_AFX_OCC_DIALOG_INFO@@@Z 000000014001323a f   mfc100d:mfc100d.dll
 0001:00012240       ?GetOccDialogInfo@CWnd@@MEAAPEAU_AFX_OCC_DIALOG_INFO@@XZ 0000000140013240 f   mfc100d:mfc100d.dll
 0001:00012246       ?GetThisMessageMap@CWnd@@KAPEBUAFX_MSGMAP@@XZ 0000000140013246 f   mfc100d:mfc100d.dll
 0001:0001224c       ?UpdateWindow@CWnd@@QEAAXXZ 000000014001324c f   mfc100d:mfc100d.dll
 0001:00012252       ?CenterWindow@CWnd@@QEAAXPEAV1@@Z 0000000140013252 f   mfc100d:mfc100d.dll
 0001:00012258       ?AfxRegisterWndClass@@YAPEBDIPEAUHICON__@@PEAUHBRUSH__@@0@Z 0000000140013258 f   mfc100d:mfc100d.dll
 0001:0001225e       ?LoadStandardCursor@CWinApp@@QEBAPEAUHICON__@@PEBD@Z 000000014001325e f   mfc100d:mfc100d.dll
 0001:00012264       ?SelectObject@CDC@@UEAAPEAVCFont@@PEAV2@@Z 0000000140013264 f   mfc100d:mfc100d.dll
 0001:0001226a       ?SetTextColor@CDC@@UEAAKK@Z 000000014001326a f   mfc100d:mfc100d.dll
 0001:00012270       ?Find@?$CStringT@DV?$StrTraitMFC_DLL@DV?$ChTraitsCRT@D@ATL@@@@@ATL@@QEBAHPEBDH@Z 0000000140013270 f   mfc100d:mfc100d.dll
 0001:00012276       ?OnNcDestroy@CWnd@@IEAAXXZ 0000000140013276 f   mfc100d:mfc100d.dll
 0001:00012280       ??_Estringdispid@CComTypeInfoHolder@ATL@@QEAAPEAXI@Z 0000000140013280 f i mfcs100d:nolib.obj
 0001:00012310       ??1stringdispid@CComTypeInfoHolder@ATL@@QEAA@XZ 0000000140013310 f i mfcs100d:nolib.obj
 0001:00012330       ??1CComBSTR@ATL@@QEAA@XZ   0000000140013330 f i mfcs100d:nolib.obj
 0001:00012350       ??0type_info@@AEAA@AEBV0@@Z 0000000140013350 f   msvcrtd:ti_inst.obj
 0001:00012370       ??_Etype_info@@UEAAPEAXI@Z 0000000140013370 f i msvcrtd:ti_inst.obj
 0001:00012400       ??4type_info@@AEAAAEAV0@AEBV0@@Z 0000000140013400 f   msvcrtd:ti_inst.obj
 0001:00012410       __GSHandlerCheck_EH        0000000140013410 f   msvcrtd:gshandlereh.obj
 0001:000124d0       __security_check_cookie    00000001400134d0 f   msvcrtd:amdsecgs.obj
 0001:00012500       __chkstk                   0000000140013500 f   msvcrtd:chkstk.obj
 0001:00012500       _alloca_probe              0000000140013500     msvcrtd:chkstk.obj
 0001:0001254e       __CxxFrameHandler3         000000014001354e f   msvcrtd:MSVCR100D.dll
 0001:00012560       _onexit                    0000000140013560 f   msvcrtd:atonexit.obj
 0001:00012620       atexit                     0000000140013620 f   msvcrtd:atonexit.obj
 0001:00012654       memcpy                     0000000140013654 f   msvcrtd:MSVCR100D.dll
 0001:00012660       __GSHandlerCheck           0000000140013660 f   msvcrtd:gshandler.obj
 0001:000126a0       __GSHandlerCheckCommon     00000001400136a0 f   msvcrtd:gshandler.obj
 0001:00012798       fprintf_s                  0000000140013798 f   msvcrtd:MSVCR100D.dll
 0001:0001279e       clock                      000000014001379e f   msvcrtd:MSVCR100D.dll
 0001:000127a4       fprintf                    00000001400137a4 f   msvcrtd:MSVCR100D.dll
 0001:000127aa       sprintf                    00000001400137aa f   msvcrtd:MSVCR100D.dll
 0001:000127b0       strlen                     00000001400137b0 f   msvcrtd:MSVCR100D.dll
 0001:000127b6       fclose                     00000001400137b6 f   msvcrtd:MSVCR100D.dll
 0001:000127bc       exit                       00000001400137bc f   msvcrtd:MSVCR100D.dll
 0001:000127c2       memset                     00000001400137c2 f   msvcrtd:MSVCR100D.dll
 0001:000127c8       floorf                     00000001400137c8 f   msvcrtd:MSVCR100D.dll
 0001:000127ce       _CrtDbgReportW             00000001400137ce f   msvcrtd:MSVCR100D.dll
 0001:000127e0       __GSHandlerCheck_SEH       00000001400137e0 f   msvcrtd:gshandlerseh.obj
 0001:0001289e       _resetstkoflw              000000014001389e f   msvcrtd:MSVCR100D.dll
 0001:000128a4       memcpy_s                   00000001400138a4 f   msvcrtd:MSVCR100D.dll
 0001:000128aa       labs                       00000001400138aa f   msvcrtd:MSVCR100D.dll
 0001:000128b0       cos                        00000001400138b0 f   msvcrtd:MSVCR100D.dll
 0001:000128b6       sin                        00000001400138b6 f   msvcrtd:MSVCR100D.dll
 0001:000128bc       malloc                     00000001400138bc f   msvcrtd:MSVCR100D.dll
 0001:000128c2       free                       00000001400138c2 f   msvcrtd:MSVCR100D.dll
 0001:000128c8       vsprintf_s                 00000001400138c8 f   msvcrtd:MSVCR100D.dll
 0001:000128ce       strcpy_s                   00000001400138ce f   msvcrtd:MSVCR100D.dll
 0001:000128d4       _wassert                   00000001400138d4 f   msvcrtd:MSVCR100D.dll
 0001:000128da       strcpy                     00000001400138da f   msvcrtd:MSVCR100D.dll
 0001:000129f0       WinMainCRTStartup          00000001400139f0 f   msvcrtd:crtexew.obj
 0001:00012d80       NtCurrentTeb               0000000140013d80 f i msvcrtd:crtexew.obj
 0001:00012e30       ??_M@YAXPEAX_KHP6AX0@Z@Z   0000000140013e30 f   msvcrtd:ehvecdtr.obj
 0001:00012ee0       ?__ArrayUnwind@@YAXPEAX_KHP6AX0@Z@Z 0000000140013ee0 f   msvcrtd:ehvecdtr.obj
 0001:00012f70       __report_gsfailure         0000000140013f70 f   msvcrtd:gs_report.obj
 0001:000130ba       __C_specific_handler       00000001400140ba f   msvcrtd:MSVCR100D.dll
 0001:000130c0       _unlock                    00000001400140c0 f   msvcrtd:MSVCR100D.dll
 0001:000130c6       __dllonexit                00000001400140c6 f   msvcrtd:MSVCR100D.dll
 0001:000130cc       _lock                      00000001400140cc f   msvcrtd:MSVCR100D.dll
 0001:000130e0       ?__CxxUnhandledExceptionFilter@@YAJPEAU_EXCEPTION_POINTERS@@@Z 00000001400140e0 f   msvcrtd:unhandld.obj
 0001:00013160       __CxxSetUnhandledExceptionFilter 0000000140014160 f   msvcrtd:unhandld.obj
 0001:00013178       _configthreadlocale        0000000140014178 f   msvcrtd:MSVCR100D.dll
 0001:0001317e       __setusermatherr           000000014001417e f   msvcrtd:MSVCR100D.dll
 0001:00013190       _matherr                   0000000140014190 f   msvcrtd:merr.obj
 0001:000131a0       _setargv                   00000001400141a0 f   msvcrtd:dllargv.obj
 0001:000131b0       _RTC_Initialize            00000001400141b0 f   msvcrtd:_initsect_.obj
 0001:000131f0       _RTC_Terminate             00000001400141f0 f   msvcrtd:_initsect_.obj
 0001:0001322e       __set_app_type             000000014001422e f   msvcrtd:MSVCR100D.dll
 0001:00013234       _amsg_exit                 0000000140014234 f   msvcrtd:MSVCR100D.dll
 0001:0001323a       __getmainargs              000000014001423a f   msvcrtd:MSVCR100D.dll
 0001:00013240       __security_init_cookie     0000000140014240 f   msvcrtd:gs_support.obj
 0001:0001334e       _XcptFilter                000000014001434e f   msvcrtd:MSVCR100D.dll
 0001:00013354       _exit                      0000000140014354 f   msvcrtd:MSVCR100D.dll
 0001:0001335a       _cexit                     000000014001435a f   msvcrtd:MSVCR100D.dll
 0001:00013360       _ismbblead                 0000000140014360 f   msvcrtd:MSVCR100D.dll
 0001:00013366       _CrtSetCheckCount          0000000140014366 f   msvcrtd:MSVCR100D.dll
 0001:00013370       _ValidateImageBase         0000000140014370 f   msvcrtd:pesect.obj
 0001:000133f0       _FindPESection             00000001400143f0 f   msvcrtd:pesect.obj
 0001:000134a0       _IsNonwritableInCurrentImage 00000001400144a0 f   msvcrtd:pesect.obj
 0001:0001352e       _initterm                  000000014001452e f   msvcrtd:MSVCR100D.dll
 0001:00013534       _initterm_e                0000000140014534 f   msvcrtd:MSVCR100D.dll
 0001:0001353a       ?terminate@@YAXXZ          000000014001453a f   msvcrtd:MSVCR100D.dll
 0001:00013540       ?_type_info_dtor_internal_method@type_info@@QEAAXXZ 0000000140014540 f   msvcrtd:MSVCR100D.dll
 0001:00013540       ??1type_info@@UEAA@XZ      0000000140014540 f   msvcrtd:MSVCR100D.dll
 0001:00013546       __crt_debugger_hook        0000000140014546 f   msvcrtd:MSVCR100D.dll
 0001:0001354c       GetLocalTime               000000014001454c f   kernel32:KERNEL32.dll
 0001:00013552       GetDiskFreeSpaceExA        0000000140014552 f   kernel32:KERNEL32.dll
 0001:00013558       GetDiskFreeSpaceA          0000000140014558 f   kernel32:KERNEL32.dll
 0001:0001355e       QueryPerformanceCounter    000000014001455e f   kernel32:KERNEL32.dll
 0001:00013564       QueryPerformanceFrequency  0000000140014564 f   kernel32:KERNEL32.dll
 0001:0001356a       Sleep                      000000014001456a f   kernel32:KERNEL32.dll
 0001:00013570       CloseHandle                0000000140014570 f   kernel32:KERNEL32.dll
 0001:00013576       GetSystemInfo              0000000140014576 f   kernel32:KERNEL32.dll
 0001:0001357c       SizeofResource             000000014001457c f   kernel32:KERNEL32.dll
 0001:00013582       LockResource               0000000140014582 f   kernel32:KERNEL32.dll
 0001:00013588       LoadResource               0000000140014588 f   kernel32:KERNEL32.dll
 0001:0001358e       FindResourceA              000000014001458e f   kernel32:KERNEL32.dll
 0001:00013594       LeaveCriticalSection       0000000140014594 f   kernel32:KERNEL32.dll
 0001:0001359a       EnterCriticalSection       000000014001459a f   kernel32:KERNEL32.dll
 0001:000135a0       SetConsoleCursorInfo       00000001400145a0 f   kernel32:KERNEL32.dll
 0001:000135a6       GetStdHandle               00000001400145a6 f   kernel32:KERNEL32.dll
 0001:000135ac       SetEvent                   00000001400145ac f   kernel32:KERNEL32.dll
 0001:000135b2       PurgeComm                  00000001400145b2 f   kernel32:KERNEL32.dll
 0001:000135b8       SetCommState               00000001400145b8 f   kernel32:KERNEL32.dll
 0001:000135be       BuildCommDCBA              00000001400145be f   kernel32:KERNEL32.dll
 0001:000135c4       GetCommState               00000001400145c4 f   kernel32:KERNEL32.dll
 0001:000135ca       SetCommMask                00000001400145ca f   kernel32:KERNEL32.dll
 0001:000135d0       SetCommTimeouts            00000001400145d0 f   kernel32:KERNEL32.dll
 0001:000135d6       CreateFileA                00000001400145d6 f   kernel32:KERNEL32.dll
 0001:000135dc       InitializeCriticalSection  00000001400145dc f   kernel32:KERNEL32.dll
 0001:000135e2       CreateEventA               00000001400145e2 f   kernel32:KERNEL32.dll
 0001:000135e8       ResetEvent                 00000001400145e8 f   kernel32:KERNEL32.dll
 0001:000135ee       GetCommMask                00000001400145ee f   kernel32:KERNEL32.dll
 0001:000135f4       WaitForMultipleObjects     00000001400145f4 f   kernel32:KERNEL32.dll
 0001:000135fa       ClearCommError             00000001400145fa f   kernel32:KERNEL32.dll
 0001:00013600       GetLastError               0000000140014600 f   kernel32:KERNEL32.dll
 0001:00013606       WaitCommEvent              0000000140014606 f   kernel32:KERNEL32.dll
 0001:0001360c       LocalFree                  000000014001460c f   kernel32:KERNEL32.dll
 0001:00013612       FormatMessageA             0000000140014612 f   kernel32:KERNEL32.dll
 0001:00013618       GetOverlappedResult        0000000140014618 f   kernel32:KERNEL32.dll
 0001:0001361e       WriteFile                  000000014001461e f   kernel32:KERNEL32.dll
 0001:00013624       ReadFile                   0000000140014624 f   kernel32:KERNEL32.dll
 0001:0001362a       CreateThread               000000014001462a f   kernel32:KERNEL32.dll
 0001:00013630       EncodePointer              0000000140014630 f   kernel32:KERNEL32.dll
 0001:00013636       DecodePointer              0000000140014636 f   kernel32:KERNEL32.dll
 0001:0001363c       GetStartupInfoW            000000014001463c f   kernel32:KERNEL32.dll
 0001:00013642       TerminateProcess           0000000140014642 f   kernel32:KERNEL32.dll
 0001:00013648       GetCurrentProcess          0000000140014648 f   kernel32:KERNEL32.dll
 0001:0001364e       UnhandledExceptionFilter   000000014001464e f   kernel32:KERNEL32.dll
 0001:00013654       SetUnhandledExceptionFilter 0000000140014654 f   kernel32:KERNEL32.dll
 0001:0001365a       IsDebuggerPresent          000000014001465a f   kernel32:KERNEL32.dll
 0001:00013660       RtlVirtualUnwind           0000000140014660 f   kernel32:KERNEL32.dll
 0001:00013666       RtlLookupFunctionEntry     0000000140014666 f   kernel32:KERNEL32.dll
 0001:0001366c       RtlCaptureContext          000000014001466c f   kernel32:KERNEL32.dll
 0001:00013672       GetTickCount               0000000140014672 f   kernel32:KERNEL32.dll
 0001:00013678       GetCurrentThreadId         0000000140014678 f   kernel32:KERNEL32.dll
 0001:0001367e       GetCurrentProcessId        000000014001467e f   kernel32:KERNEL32.dll
 0001:00013684       GetSystemTimeAsFileTime    0000000140014684 f   kernel32:KERNEL32.dll
 0001:0001368a       GetCursorPos               000000014001468a f   user32:USER32.dll
 0001:00013690       DispatchMessageA           0000000140014690 f   user32:USER32.dll
 0001:00013696       TranslateMessage           0000000140014696 f   user32:USER32.dll
 0001:0001369c       PeekMessageA               000000014001469c f   user32:USER32.dll
 0001:000136a2       PostQuitMessage            00000001400146a2 f   user32:USER32.dll
 0001:000136a8       IsWindow                   00000001400146a8 f   user32:USER32.dll
 0001:000136ae       GetSystemMetrics           00000001400146ae f   user32:USER32.dll
 0001:000136b4       GetDlgCtrlID               00000001400146b4 f   user32:USER32.dll
 0001:000136ba       GetWindow                  00000001400146ba f   user32:USER32.dll
 0001:000136c0       SetDlgItemTextA            00000001400146c0 f   user32:USER32.dll
 0001:000136c6       SendMessageA               00000001400146c6 f   user32:USER32.dll
 0001:000136cc       MessageBoxA                00000001400146cc f   user32:USER32.dll
 0001:000136d2       SetCursor                  00000001400146d2 f   user32:USER32.dll
 0001:000136d8       LoadCursorA                00000001400146d8 f   user32:USER32.dll
 0001:000136de       CreateDIBSection           00000001400146de f   gdi32:GDI32.dll
 0001:000136e4       SetDIBColorTable           00000001400146e4 f   gdi32:GDI32.dll
 0001:000136ea       SelectObject               00000001400146ea f   gdi32:GDI32.dll
 0001:000136f0       CreateCompatibleDC         00000001400146f0 f   gdi32:GDI32.dll
 0001:000136f6       DeleteDC                   00000001400146f6 f   gdi32:GDI32.dll
 0001:000136fc       GetObjectA                 00000001400146fc f   gdi32:GDI32.dll
 0001:00013702       DeleteObject               0000000140014702 f   gdi32:GDI32.dll
 0001:00013708       StretchBlt                 0000000140014708 f   gdi32:GDI32.dll
 0001:0001370e       GetDIBColorTable           000000014001470e f   gdi32:GDI32.dll
 0001:00013714       CreateSolidBrush           0000000140014714 f   gdi32:GDI32.dll
 0001:0001371a       AlphaBlend                 000000014001471a f   msimg32:MSIMG32.dll
 0001:00013720       TransparentBlt             0000000140014720 f   msimg32:MSIMG32.dll
 0001:00013726       OpenSCManagerA             0000000140014726 f   advapi32:ADVAPI32.dll
 0001:0001372c       Shell_NotifyIconA          000000014001472c f   shell32:SHELL32.dll
 0001:00013740       ??0CSize@@QEAA@XZ          0000000140014740 f   atlsd:atltypes.obj
 0001:00013770       ??0CSize@@QEAA@HH@Z        0000000140014770 f   atlsd:atltypes.obj
 0001:000137a0       ??0CSize@@QEAA@UtagSIZE@@@Z 00000001400147a0 f   atlsd:atltypes.obj
 0001:000137c0       ??0CSize@@QEAA@UtagPOINT@@@Z 00000001400147c0 f   atlsd:atltypes.obj
 0001:000137e0       ??0CSize@@QEAA@K@Z         00000001400147e0 f   atlsd:atltypes.obj
 0001:00013820       ??8CSize@@QEBAHUtagSIZE@@@Z 0000000140014820 f   atlsd:atltypes.obj
 0001:00013870       ??9CSize@@QEBAHUtagSIZE@@@Z 0000000140014870 f   atlsd:atltypes.obj
 0001:000138c0       ??YCSize@@QEAAXUtagSIZE@@@Z 00000001400148c0 f   atlsd:atltypes.obj
[...]
 0005:00002c88       __imp_?get_accDescription@CWnd@@UEAAJUtagVARIANT@@PEAPEA_W@Z 0000000174561c88     mfc100d:mfc100d.dll
 0005:00002c90       __imp_?get_accValue@CWnd@@UEAAJUtagVARIANT@@PEAPEA_W@Z 0000000174561c90     mfc100d:mfc100d.dll
 0005:00002c98       __imp_?get_accName@CWnd@@UEAAJUtagVARIANT@@PEAPEA_W@Z 0000000174561c98     mfc100d:mfc100d.dll
 0005:00002ca0       __imp_?get_accChild@CWnd@@UEAAJUtagVARIANT@@PEAPEAUIDispatch@@@Z 0000000174561ca0     mfc100d:mfc100d.dll
 0005:00002ca8       __imp_?get_accChildCount@CWnd@@UEAAJPEAJ@Z 0000000174561ca8     mfc100d:mfc100d.dll
 0005:00002cb0       __imp_?get_accParent@CWnd@@UEAAJPEAPEAUIDispatch@@@Z 0000000174561cb0     mfc100d:mfc100d.dll
 0005:00002cb8       __imp_?EnsureStdObj@CWnd@@UEAAJXZ 0000000174561cb8     mfc100d:mfc100d.dll
 0005:00002cc0       __imp_?OnDrawIconicThumbnailOrLivePreview@CWnd@@UEAAXAEAVCDC@@VCRect@@VCSize@@HAEAH@Z 0000000174561cc0     mfc100d:mfc100d.dll
 0005:00002cc8       __imp_?EndModalLoop@CWnd@@UEAAXH@Z 0000000174561cc8     mfc100d:mfc100d.dll
 0005:00002cd0       __imp_?ContinueModal@CWnd@@UEAAHXZ 0000000174561cd0     mfc100d:mfc100d.dll
 0005:00002cd8       __imp_?WinHelpInternal@CWnd@@UEAAX_KI@Z 0000000174561cd8     mfc100d:mfc100d.dll
 0005:00002ce0       __imp_?HtmlHelpA@CWnd@@UEAAX_KI@Z 0000000174561ce0     mfc100d:mfc100d.dll
 0005:00002ce8       __imp_?WinHelpA@CWnd@@UEAAX_KI@Z 0000000174561ce8     mfc100d:mfc100d.dll
 0005:00002cf0       __imp_?GetScrollBarCtrl@CWnd@@UEBAPEAVCScrollBar@@H@Z 0000000174561cf0     mfc100d:mfc100d.dll
 0005:00002cf8       __imp_?OnToolHitTest@CWnd@@UEBA_JVCPoint@@PEAUtagTOOLINFOA@@@Z 0000000174561cf8     mfc100d:mfc100d.dll
 0005:00002d00       __imp_?SetMenu@CWnd@@UEAAHPEAVCMenu@@@Z 0000000174561d00     mfc100d:mfc100d.dll
 0005:00002d08       __imp_?GetMenu@CWnd@@UEBAPEAVCMenu@@XZ 0000000174561d08     mfc100d:mfc100d.dll
 0005:00002d10       __imp_?CalcWindowRect@CWnd@@UEAAXPEAUtagRECT@@I@Z 0000000174561d10     mfc100d:mfc100d.dll
 0005:00002d18       __imp_?PreCreateWindow@CWnd@@UEAAHAEAUtagCREATESTRUCTA@@@Z 0000000174561d18     mfc100d:mfc100d.dll
 0005:00002d20       __imp_?DestroyWindow@CWnd@@UEAAHXZ 0000000174561d20     mfc100d:mfc100d.dll
 0005:00002d28       __imp_?CreateEx@CWnd@@UEAAHKPEBD0KHHHHPEAUHWND__@@PEAUHMENU__@@PEAX@Z 0000000174561d28     mfc100d:mfc100d.dll
 0005:00002d30       __imp_?CreateEx@CWnd@@UEAAHKPEBD0KAEBUtagRECT@@PEAV1@IPEAX@Z 0000000174561d30     mfc100d:mfc100d.dll
 0005:00002d38       __imp_?Create@CWnd@@UEAAHPEBD0KAEBUtagRECT@@PEAV1@IPEAUCCreateContext@@@Z 0000000174561d38     mfc100d:mfc100d.dll
 0005:00002d40       __imp_?PreSubclassWindow@CWnd@@UEAAXXZ 0000000174561d40     mfc100d:mfc100d.dll
 0005:00002d48       __imp_?GetInterfaceMap@CWnd@@MEBAPEBUAFX_INTERFACEMAP@@XZ 0000000174561d48     mfc100d:mfc100d.dll
 0005:00002d50       __imp_?OnFinalRelease@CWnd@@UEAAXXZ 0000000174561d50     mfc100d:mfc100d.dll
 0005:00002d58       __imp_?OnCmdMsg@CDialog@@UEAAHIHPEAXPEAUAFX_CMDHANDLERINFO@@@Z 0000000174561d58     mfc100d:mfc100d.dll
 0005:00002d60       __imp_?Dump@CDialog@@UEBAXAEAVCDumpContext@@@Z 0000000174561d60     mfc100d:mfc100d.dll
 0005:00002d68       __imp_?AssertValid@CDialog@@UEBAXXZ 0000000174561d68     mfc100d:mfc100d.dll
 0005:00002d70       __imp_?GetRuntimeClass@CDialog@@UEBAPEAUCRuntimeClass@@XZ 0000000174561d70     mfc100d:mfc100d.dll
 0005:00002d78       __imp_??0CDialog@@QEAA@IPEAVCWnd@@@Z 0000000174561d78     mfc100d:mfc100d.dll
 0005:00002d80       __imp_??1?$CStringT@DV?$StrTraitMFC_DLL@DV?$ChTraitsCRT@D@ATL@@@@@ATL@@QEAA@XZ 0000000174561d80     mfc100d:mfc100d.dll
 0005:00002d88       __imp_??1CComboBox@@UEAA@XZ 0000000174561d88     mfc100d:mfc100d.dll
 0005:00002d90       __imp_??1CButton@@UEAA@XZ  0000000174561d90     mfc100d:mfc100d.dll
 0005:00002d98       __imp_??1CEdit@@UEAA@XZ    0000000174561d98     mfc100d:mfc100d.dll
 0005:00002da0       __imp_??1CStatic@@UEAA@XZ  0000000174561da0     mfc100d:mfc100d.dll
 0005:00002da8       __imp_??1CDialog@@UEAA@XZ  0000000174561da8     mfc100d:mfc100d.dll
 0005:00002db0       __imp_?AfxEnableControlContainer@@YAXPEAVCOccManager@@@Z 0000000174561db0     mfc100d:mfc100d.dll
 0005:00002db8       __imp_?DoModal@CDialog@@UEAA_JXZ 0000000174561db8     mfc100d:mfc100d.dll
 0005:00002dc0       __imp_??1CWinApp@@UEAA@XZ  0000000174561dc0     mfc100d:mfc100d.dll
 0005:00002dc8       __imp_??3CObject@@SAXPEAX@Z 0000000174561dc8     mfc100d:mfc100d.dll
 0005:00002dd0       __imp_?LoadSysPolicies@CWinApp@@UEAAHXZ 0000000174561dd0     mfc100d:mfc100d.dll
 0005:00002dd8       __imp_?LoadAppLangResourceDLL@CWinApp@@UEAAPEAUHINSTANCE__@@XZ 0000000174561dd8     mfc100d:mfc100d.dll
 0005:00002de0       __imp_?RestartInstance@CWinApp@@UEAAHXZ 0000000174561de0     mfc100d:mfc100d.dll
 0005:00002de8       __imp_?IsTaskbarInteractionEnabled@CWinApp@@UEAAHXZ 0000000174561de8     mfc100d:mfc100d.dll
 0005:00002df0       __imp_?GetDataRecoveryHandler@CWinApp@@UEAAPEAVCDataRecoveryHandler@@XZ 0000000174561df0     mfc100d:mfc100d.dll
 0005:00002df8       __imp_?ApplicationRecoveryCallback@CWinApp@@UEAAKPEAX@Z 0000000174561df8     mfc100d:mfc100d.dll
 0005:00002e00       __imp_?RegisterWithRestartManager@CWinApp@@UEAAJHAEBV?$CStringT@DV?$StrTraitMFC_DLL@DV?$ChTraitsCRT@D@ATL@@@@@ATL@@@Z 0000000174561e00     mfc100d:mfc100d.dll
 0005:00002e08       __imp_?RegisterWithRestartManager@CWinApp@@UEAAJPEB_WKP6AKPEAX@Z1KK@Z 0000000174561e08     mfc100d:mfc100d.dll
 0005:00002e10       __imp_?WinHelpInternal@CWinApp@@UEAAX_KI@Z 0000000174561e10     mfc100d:mfc100d.dll
 0005:00002e18       __imp_?HtmlHelpA@CWinApp@@UEAAX_KI@Z 0000000174561e18     mfc100d:mfc100d.dll
 0005:00002e20       __imp_?WinHelpA@CWinApp@@UEAAX_KI@Z 0000000174561e20     mfc100d:mfc100d.dll
 0005:00002e28       __imp_?OnDDECommand@CWinApp@@UEAAHPEAD@Z 0000000174561e28     mfc100d:mfc100d.dll
 0005:00002e30       __imp_?DoWaitCursor@CWinApp@@UEAAXH@Z 0000000174561e30     mfc100d:mfc100d.dll
 0005:00002e38       __imp_?DoMessageBox@CWinApp@@UEAAHPEBDII@Z 0000000174561e38     mfc100d:mfc100d.dll
 0005:00002e40       __imp_?SaveAllModified@CWinApp@@UEAAHXZ 0000000174561e40     mfc100d:mfc100d.dll
 0005:00002e48       __imp_?InitApplication@CWinApp@@UEAAHXZ 0000000174561e48     mfc100d:mfc100d.dll
 0005:00002e50       __imp_?AddToRecentFileList@CWinApp@@UEAAXPEBD@Z 0000000174561e50     mfc100d:mfc100d.dll
 0005:00002e58       __imp_?OpenDocumentFile@CWinApp@@UEAAPEAVCDocument@@PEBD@Z 0000000174561e58     mfc100d:mfc100d.dll
 0005:00002e60       __imp_?OpenDocumentFile@CWinApp@@UEAAPEAVCDocument@@PEBDH@Z 0000000174561e60     mfc100d:mfc100d.dll
 0005:00002e68       __imp_?Unregister@CWinApp@@UEAAHXZ 0000000174561e68     mfc100d:mfc100d.dll
 0005:00002e70       __imp_?Register@CWinApp@@UEAAHXZ 0000000174561e70     mfc100d:mfc100d.dll
 0005:00002e78       __imp_?InitLibId@CWinApp@@UEAAXXZ 0000000174561e78     mfc100d:mfc100d.dll
 0005:00002e80       __imp_?WriteProfileBinary@CWinApp@@UEAAHPEBD0PEAEI@Z 0000000174561e80     mfc100d:mfc100d.dll
 0005:00002e88       __imp_?GetProfileBinary@CWinApp@@UEAAHPEBD0PEAPEAEPEAI@Z 0000000174561e88     mfc100d:mfc100d.dll
 0005:00002e90       __imp_?Open@CFile@@UEAAHPEBDIPEAVCFileException@@@Z 0000000174561e90     mfc100d:mfc100d.dll
 0005:00002e98       __imp_?Write@CFile@@UEAAXPEBXI@Z 0000000174561e98     mfc100d:mfc100d.dll
 0005:00002ea0       __imp_?Close@CFile@@UEAAXXZ 0000000174561ea0     mfc100d:mfc100d.dll
 0005:00002ea8       __imp_??1CFile@@UEAA@XZ    0000000174561ea8     mfc100d:mfc100d.dll
 0005:00002eb0       __imp_??2@YAPEAX_KPEBDH@Z  0000000174561eb0     mfc100d:mfc100d.dll
 0005:00002eb8       __imp_??0CMenu@@QEAA@XZ    0000000174561eb8     mfc100d:mfc100d.dll
 0005:00002ec0       __imp_?LoadMenuA@CMenu@@QEAAHI@Z 0000000174561ec0     mfc100d:mfc100d.dll
 0005:00002ec8       __imp_?GetSubMenu@CMenu@@QEBAPEAV1@H@Z 0000000174561ec8     mfc100d:mfc100d.dll
 0005:00002ed0       __imp_?SetForegroundWindow@CWnd@@QEAAHXZ 0000000174561ed0     mfc100d:mfc100d.dll
 0005:00002ed8       __imp_?TrackPopupMenu@CMenu@@QEAAHIHHPEAVCWnd@@PEBUtagRECT@@@Z 0000000174561ed8     mfc100d:mfc100d.dll
 0005:00002ee0       __imp_?PostMessageA@CWnd@@QEAAHI_K_J@Z 0000000174561ee0     mfc100d:mfc100d.dll
 0005:00002ee8       __imp_?DestroyMenu@CMenu@@QEAAHXZ 0000000174561ee8     mfc100d:mfc100d.dll
 0005:00002ef0       __imp_??1CMenu@@UEAA@XZ    0000000174561ef0     mfc100d:mfc100d.dll
 0005:00002ef8       __imp_?DDX_Control@@YAXPEAVCDataExchange@@HAEAVCWnd@@@Z 0000000174561ef8     mfc100d:mfc100d.dll
 0005:00002f00       __imp_??0CStatic@@QEAA@XZ  0000000174561f00     mfc100d:mfc100d.dll
 0005:00002f08       __imp_?WriteProfileStringA@CWinApp@@UEAAHPEBD00@Z 0000000174561f08     mfc100d:mfc100d.dll
 0005:00002f10       __imp_?GetProfileStringA@CWinApp@@UEAA?AV?$CStringT@DV?$StrTraitMFC_DLL@DV?$ChTraitsCRT@D@ATL@@@@@ATL@@PEBD00@Z 0000000174561f10     mfc100d:mfc100d.dll
 0005:00002f18       __imp_?WriteProfileInt@CWinApp@@UEAAHPEBD0H@Z 0000000174561f18     mfc100d:mfc100d.dll
 0005:00002f20       __imp_?GetProfileIntA@CWinApp@@UEAAIPEBD0H@Z 0000000174561f20     mfc100d:mfc100d.dll
 0005:00002f28       __imp_?Delete@CWinThread@@UEAAXXZ 0000000174561f28     mfc100d:mfc100d.dll
 0005:00002f30       __imp_?GetMainWnd@CWinThread@@UEAAPEAVCWnd@@XZ 0000000174561f30     mfc100d:mfc100d.dll
 0005:00002f38       __imp_?ProcessMessageFilter@CWinThread@@UEAAHHPEAUtagMSG@@@Z 0000000174561f38     mfc100d:mfc100d.dll
 0005:00002f40       __imp_?ProcessWndProcException@CWinApp@@UEAA_JPEAVCException@@PEBUtagMSG@@@Z 0000000174561f40     mfc100d:mfc100d.dll
 0005:00002f48       __imp_?ExitInstance@CWinApp@@UEAAHXZ 0000000174561f48     mfc100d:mfc100d.dll
 0005:00002f50       __imp_?IsIdleMessage@CWinThread@@UEAAHPEAUtagMSG@@@Z 0000000174561f50     mfc100d:mfc100d.dll
 0005:00002f58       __imp_?OnIdle@CWinApp@@UEAAHJ@Z 0000000174561f58     mfc100d:mfc100d.dll
 0005:00002f60       __imp_?PumpMessage@CWinThread@@UEAAHXZ 0000000174561f60     mfc100d:mfc100d.dll
 0005:00002f68       __imp_?PreTranslateMessage@CWinThread@@UEAAHPEAUtagMSG@@@Z 0000000174561f68     mfc100d:mfc100d.dll
 0005:00002f70       __imp_?Run@CWinApp@@UEAAHXZ 0000000174561f70     mfc100d:mfc100d.dll
 0005:00002f78       __imp_?GetConnectionHook@CCmdTarget@@MEAAPEAUIConnectionPoint@@AEBU_GUID@@@Z 0000000174561f78     mfc100d:mfc100d.dll
 0005:00002f80       __imp_?GetExtraConnectionPoints@CCmdTarget@@MEAAHPEAVCPtrArray@@@Z 0000000174561f80     mfc100d:mfc100d.dll
 0005:00002f88       __imp_?GetInterfaceHook@CCmdTarget@@UEAAPEAUIUnknown@@PEBX@Z 0000000174561f88     mfc100d:mfc100d.dll
 0005:00002f90       __imp_?OnCreateAggregates@CCmdTarget@@UEAAHXZ 0000000174561f90     mfc100d:mfc100d.dll
 0005:00002f98       __imp_?AfxWinMain@@YAHPEAUHINSTANCE__@@0PEADH@Z 0000000174561f98     mfc100d:mfc100d.dll
 0005:00002fa0       __imp_?GetEventSinkMap@CCmdTarget@@MEBAPEBUAFX_EVENTSINKMAP@@XZ 0000000174561fa0     mfc100d:mfc100d.dll
 0005:00002fa8       __imp_?GetInterfaceMap@CCmdTarget@@MEBAPEBUAFX_INTERFACEMAP@@XZ 0000000174561fa8     mfc100d:mfc100d.dll
 0005:00002fb0       __imp_?GetConnectionMap@CCmdTarget@@MEBAPEBUAFX_CONNECTIONMAP@@XZ 0000000174561fb0     mfc100d:mfc100d.dll
 0005:00002fb8       __imp_?GetClientRect@CWnd@@QEBAXPEAUtagRECT@@@Z 0000000174561fb8     mfc100d:mfc100d.dll
 0005:00002fc0       __imp_?DrawIcon@CDC@@QEAAHHHPEAUHICON__@@@Z 0000000174561fc0     mfc100d:mfc100d.dll
 0005:00002fc8       __imp_??1CPaintDC@@UEAA@XZ 0000000174561fc8     mfc100d:mfc100d.dll
 0005:00002fd0       __imp_?OnPaint@CDialog@@IEAAXXZ 0000000174561fd0     mfc100d:mfc100d.dll
 0005:00002fd8       __imp_?OnSysCommand@CWnd@@IEAAXI_J@Z 0000000174561fd8     mfc100d:mfc100d.dll
 0005:00002fe0       __imp_??0CWaitCursor@@QEAA@XZ 0000000174561fe0     mfc100d:mfc100d.dll
 0005:00002fe8       __imp_??1CWaitCursor@@QEAA@XZ 0000000174561fe8     mfc100d:mfc100d.dll
 0005:00002ff0       __imp_?Format@?$CStringT@DV?$StrTraitMFC_DLL@DV?$ChTraitsCRT@D@ATL@@@@@ATL@@QEAAXPEBDZZ 0000000174561ff0     mfc100d:mfc100d.dll
 0005:00002ff8       __imp_?GetSystemMenu@CWnd@@QEBAPEAVCMenu@@H@Z 0000000174561ff8     mfc100d:mfc100d.dll
 0005:00003000       __imp_?LoadStringA@?$CStringT@DV?$StrTraitMFC_DLL@DV?$ChTraitsCRT@D@ATL@@@@@ATL@@QEAAHI@Z 0000000174562000     mfc100d:mfc100d.dll
 0005:00003008       __imp_?IsEmpty@?$CSimpleStringT@D$00@ATL@@QEBA_NXZ 0000000174562008     mfc100d:mfc100d.dll
 0005:00003010       __imp_?AppendMenuA@CMenu@@QEAAHI_KPEBD@Z 0000000174562010     mfc100d:mfc100d.dll
 0005:00003018       __imp_?EnableMenuItem@CMenu@@QEAAIII@Z 0000000174562018     mfc100d:mfc100d.dll
 0005:00003020       __imp_?SetIcon@CWnd@@QEAAPEAUHICON__@@PEAU2@H@Z 0000000174562020     mfc100d:mfc100d.dll
 0005:00003028       __imp_?GetSafeHwnd@CWnd@@QEBAPEAUHWND__@@XZ 0000000174562028     mfc100d:mfc100d.dll
 0005:00003030       __imp_?AfxBeginThread@@YAPEAVCWinThread@@P6AIPEAX@Z0HIKPEAU_SECURITY_ATTRIBUTES@@@Z 0000000174562030     mfc100d:mfc100d.dll
 0005:00003038       __imp_?Left@?$CStringT@DV?$StrTraitMFC_DLL@DV?$ChTraitsCRT@D@ATL@@@@@ATL@@QEBA?AV12@H@Z 0000000174562038     mfc100d:mfc100d.dll
 0005:00003040       __imp_??0CFileFind@@QEAA@XZ 0000000174562040     mfc100d:mfc100d.dll
 0005:00003048       __imp_?BeginModalState@CWnd@@UEAAXXZ 0000000174562048     mfc100d:mfc100d.dll
 0005:00003050       __imp_?FindFile@CFileFind@@UEAAHPEBDK@Z 0000000174562050     mfc100d:mfc100d.dll
 0005:00003058       __imp_??2@YAPEAX_K@Z       0000000174562058     mfc100d:mfc100d.dll
 0005:00003060       __imp_?GetDispatchMap@CCmdTarget@@MEBAPEBUAFX_DISPMAP@@XZ 0000000174562060     mfc100d:mfc100d.dll
 0005:00003068       __imp_?GetCommandMap@CCmdTarget@@MEBAPEBUAFX_OLECMDMAP@@XZ 0000000174562068     mfc100d:mfc100d.dll
 0005:00003070       __imp_?GetTypeLib@CCmdTarget@@UEAAJKPEAPEAUITypeLib@@@Z 0000000174562070     mfc100d:mfc100d.dll
 0005:00003078       __imp_?GetTypeLibCache@CCmdTarget@@UEAAPEAVCTypeLibCache@@XZ 0000000174562078     mfc100d:mfc100d.dll
 0005:00003080       __imp_?GetTypeInfoCount@CCmdTarget@@UEAAIXZ 0000000174562080     mfc100d:mfc100d.dll
 0005:00003088       __imp_?GetDispatchIID@CCmdTarget@@UEAAHPEAU_GUID@@@Z 0000000174562088     mfc100d:mfc100d.dll
 0005:00003090       __imp_?IsInvokeAllowed@CCmdTarget@@UEAAHJ@Z 0000000174562090     mfc100d:mfc100d.dll
 0005:00003098       __imp_?OnFinalRelease@CCmdTarget@@UEAAXXZ 0000000174562098     mfc100d:mfc100d.dll
 0005:000030a0       __imp_?OnCmdMsg@CCmdTarget@@UEAAHIHPEAXPEAUAFX_CMDHANDLERINFO@@@Z 00000001745620a0     mfc100d:mfc100d.dll
 0005:000030a8       __imp_?Dump@CWinApp@@UEBAXAEAVCDumpContext@@@Z 00000001745620a8     mfc100d:mfc100d.dll
 0005:000030b0       __imp_?AssertValid@CWinApp@@UEBAXXZ 00000001745620b0     mfc100d:mfc100d.dll
 0005:000030b8       __imp_?Serialize@CObject@@UEAAXAEAVCArchive@@@Z 00000001745620b8     mfc100d:mfc100d.dll
 0005:000030c0       __imp_?GetRuntimeClass@CWinApp@@UEBAPEAUCRuntimeClass@@XZ 00000001745620c0     mfc100d:mfc100d.dll
 0005:000030c8       __imp_??0CWinApp@@QEAA@PEBD@Z 00000001745620c8     mfc100d:mfc100d.dll
 0005:000030d0       __imp_?GetThisMessageMap@CWinApp@@KAPEBUAFX_MSGMAP@@XZ 00000001745620d0     mfc100d:mfc100d.dll
 0005:000030d8       __imp_??3@YAXPEAX@Z        00000001745620d8     mfc100d:mfc100d.dll
 0005:000030e0       __imp_?IsDots@CFileFind@@UEBAHXZ 00000001745620e0     mfc100d:mfc100d.dll
 0005:000030e8       __imp_?IsDirectory@CFileFind@@QEBAHXZ 00000001745620e8     mfc100d:mfc100d.dll
 0005:000030f0       __imp_??1CFileFind@@UEAA@XZ 00000001745620f0     mfc100d:mfc100d.dll
 0005:000030f8       __imp_?AfxAssertFailedLine@@YAHPEBDH@Z 00000001745620f8     mfc100d:mfc100d.dll
 0005:00003100       __imp_??0?$CStringT@DV?$StrTraitMFC_DLL@DV?$ChTraitsCRT@D@ATL@@@@@ATL@@QEAA@AEBV01@@Z 0000000174562100     mfc100d:mfc100d.dll
 0005:00003108       __imp_??Y?$CStringT@DV?$StrTraitMFC_DLL@DV?$ChTraitsCRT@D@ATL@@@@@ATL@@QEAAAEAV01@AEBV?$CSimpleStringT@D$00@1@@Z 0000000174562108     mfc100d:mfc100d.dll
 0005:00003110       __imp_?SetWindowTextA@CWnd@@QEAAXPEBD@Z 0000000174562110     mfc100d:mfc100d.dll
 0005:00003118       __imp_?GetLength@?$CSimpleStringT@D$00@ATL@@QEBAHXZ 0000000174562118     mfc100d:mfc100d.dll
 0005:00003120       __imp_?accDoDefaultAction@CWnd@@UEAAJUtagVARIANT@@@Z 0000000174562120     mfc100d:mfc100d.dll
 0005:00003128       __imp_??0CFile@@QEAA@XZ    0000000174562128     mfc100d:mfc100d.dll
 0005:00003130       __imp_??0?$CStringT@DV?$StrTraitMFC_DLL@DV?$ChTraitsCRT@D@ATL@@@@@ATL@@QEAA@XZ 0000000174562130     mfc100d:mfc100d.dll
 0005:00003138       __imp_??0CButton@@QEAA@XZ  0000000174562138     mfc100d:mfc100d.dll
 0005:00003140       __imp_??0CEdit@@QEAA@XZ    0000000174562140     mfc100d:mfc100d.dll
 0005:00003148       __imp_??0CComboBox@@QEAA@XZ 0000000174562148     mfc100d:mfc100d.dll
 0005:00003150       __imp_??0?$CStringT@DV?$StrTraitMFC_DLL@DV?$ChTraitsCRT@D@ATL@@@@@ATL@@QEAA@PEBD@Z 0000000174562150     mfc100d:mfc100d.dll
 0005:00003158       __imp_?AfxGetApp@@YAPEAVCWinApp@@XZ 0000000174562158     mfc100d:mfc100d.dll
 0005:00003160       __imp_?LoadIconA@CWinApp@@QEBAPEAUHICON__@@I@Z 0000000174562160     mfc100d:mfc100d.dll
 0005:00003168       __imp_??4?$CStringT@DV?$StrTraitMFC_DLL@DV?$ChTraitsCRT@D@ATL@@@@@ATL@@QEAAAEAV01@PEBD@Z 0000000174562168     mfc100d:mfc100d.dll
 0005:00003170       __imp_?GetThisMessageMap@CDialog@@KAPEBUAFX_MSGMAP@@XZ 0000000174562170     mfc100d:mfc100d.dll
 0005:00003178       __imp_?DoDataExchange@CWnd@@MEAAXPEAVCDataExchange@@@Z 0000000174562178     mfc100d:mfc100d.dll
 0005:00003180       __imp_?PreInitDialog@CDialog@@MEAAXXZ 0000000174562180     mfc100d:mfc100d.dll
 0005:00003188       __imp_?OnCancel@CDialog@@MEAAXXZ 0000000174562188     mfc100d:mfc100d.dll
 0005:00003190       __imp_?OnOK@CDialog@@MEAAXXZ 0000000174562190     mfc100d:mfc100d.dll
 0005:00003198       __imp_?OnSetFont@CDialog@@UEAAXPEAVCFont@@@Z 0000000174562198     mfc100d:mfc100d.dll
 0005:000031a0       __imp_?OnInitDialog@CDialog@@UEAAHXZ 00000001745621a0     mfc100d:mfc100d.dll
 0005:000031a8       __imp_?CreateIndirect@CDialog@@UEAAHPEBUDLGTEMPLATE@@PEAVCWnd@@PEAX@Z 00000001745621a8     mfc100d:mfc100d.dll
 0005:000031b0       __imp_?CreateIndirect@CDialog@@UEAAHPEAXPEAVCWnd@@@Z 00000001745621b0     mfc100d:mfc100d.dll
 0005:000031b8       __imp_?Create@CDialog@@UEAAHPEBDPEAVCWnd@@@Z 00000001745621b8     mfc100d:mfc100d.dll
 0005:000031c0       __imp_?Create@CDialog@@UEAAHIPEAVCWnd@@@Z 00000001745621c0     mfc100d:mfc100d.dll
 0005:000031c8       __imp_?GetOccDialogInfo@CDialog@@MEAAPEAU_AFX_OCC_DIALOG_INFO@@XZ 00000001745621c8     mfc100d:mfc100d.dll
 0005:000031d0       __imp_?SetOccDialogInfo@CDialog@@MEAAHPEAU_AFX_OCC_DIALOG_INFO@@@Z 00000001745621d0     mfc100d:mfc100d.dll
 0005:000031d8       __imp_?CreateControlSite@CWnd@@MEAAHPEAVCOleControlContainer@@PEAPEAVCOleControlSite@@IAEBU_GUID@@@Z 00000001745621d8     mfc100d:mfc100d.dll
 0005:000031e0       __imp_?CreateControlContainer@CWnd@@MEAAHPEAPEAVCOleControlContainer@@@Z 00000001745621e0     mfc100d:mfc100d.dll
 0005:000031e8       __imp_?IsFrameWnd@CWnd@@UEBAHXZ 00000001745621e8     mfc100d:mfc100d.dll
 0005:000031f0       __imp_?GetSuperWndProcAddr@CWnd@@MEAAPEAP6A_JPEAUHWND__@@I_K_J@ZXZ 00000001745621f0     mfc100d:mfc100d.dll
 0005:000031f8       __imp_?CheckAutoCenter@CDialog@@UEAAHXZ 00000001745621f8     mfc100d:mfc100d.dll
 0005:00003200       __imp_?DeleteDC@CDC@@QEAAHXZ 0000000174562200     mfc100d:mfc100d.dll
 0005:00003208       __imp_?AfxGetModuleState@@YAPEAVAFX_MODULE_STATE@@XZ 0000000174562208     mfc100d:mfc100d.dll
 0005:00003210       \177mfc100d_NULL_THUNK_DATA 0000000174562210     mfc100d:mfc100d.dll
 0005:00003460       __imp_CreateStreamOnHGlobal 0000000174562460     ole32:ole32.dll
 0005:00003468       \177ole32_NULL_THUNK_DATA  0000000174562468     ole32:ole32.dll

 entry point at        0001:000129f0

