 GigeCameraDemo

 Timestamp is 5b66cdab (Sun Aug 05 18:12:59 2018)

 Preferred load address is 0000000140000000

 Start         Length     Name                   Class
 0001:00000000 0001f91bH .text                   CODE
 0001:0001f920 00002958H .text$x                 CODE
 0001:00022280 000018bcH .text$yc                CODE
 0001:00023b40 000010d5H .text$yd                CODE
 0002:00000000 00000109H .CRT$XCA                DATA
 0002:00000110 00000109H .CRT$XCAA               DATA
 0002:00000220 0000011cH .CRT$XCC                DATA
 0002:00000340 00000220H .CRT$XCL                DATA
 0002:00000560 0000013fH .CRT$XCU                DATA
 0002:000006a0 00000109H .CRT$XCZ                DATA
 0002:000007b0 00000109H .CRT$XIA                DATA
 0002:000008c0 00000109H .CRT$XIAA               DATA
 0002:000009d0 00000109H .CRT$XIY                DATA
 0002:00000ae0 00000109H .CRT$XIZ                DATA
 0002:00000bf0 00008592H .rdata                  DATA
 0002:00009184 00000198H .rdata$debug            DATA
 0002:00009320 00000d12H .rdata$r                DATA
 0002:0000a038 00000109H .rtc$IAA                DATA
 0002:0000a148 00000109H .rtc$IZZ                DATA
 0002:0000a258 00000109H .rtc$TAA                DATA
 0002:0000a368 00000109H .rtc$TZZ                DATA
 0002:0000a478 000028b5H .xdata                  DATA
 0002:0000cd30 00000164H .xdata$x                DATA
 0002:0000ce98 00000109H ATL$__a                 DATA
 0002:0000cfa8 00000109H ATL$__z                 DATA
 0002:0000d0b1 00000000H .edata                  DATA
 0003:00000000 000005ddH .data                   DATA
 0003:000005e0 345271a0H .bss                    DATA
 0004:00000000 00001d70H .pdata                  DATA
 0005:00000000 0000012cH .idata$2                DATA
 0005:0000012c 00000014H .idata$3                DATA
 0005:00000140 000019c0H .idata$4                DATA
 0005:00001b00 000019c0H .idata$5                DATA
 0005:000034c0 00001517H .idata$6                DATA
 0006:00000000 00001253H .rsrc$01                DATA
 0006:00001260 000b7f06H .rsrc$02                DATA

  Address         Publics by Value              Rva+Base               Lib:Object

 0000:00000000       ___safe_se_handler_table   0000000000000000     <absolute>
 0000:00000000       ___safe_se_handler_count   0000000000000000     <absolute>
 0000:00000000       __ImageBase                0000000140000000     <linker-defined>
 0001:000009c0       ?_AfxInitManaged@@YAHXZ    00000001400019c0 f i GigeCameraDemo.obj
 0001:000009d0       ??_H@YAXPEAX_KHP6APEAX0@Z@Z 00000001400019d0 f i GigeCameraDemo.obj
 0001:00000a40       ?GetMessageMap@CGigeCameraDemoApp@@MEBAPEBUAFX_MSGMAP@@XZ 0000000140001a40 f   GigeCameraDemo.obj
 0001:00000a60       ?GetThisMessageMap@CGigeCameraDemoApp@@KAPEBUAFX_MSGMAP@@XZ 0000000140001a60 f   GigeCameraDemo.obj
 0001:00000a70       ??0CGigeCameraDemoApp@@QEAA@XZ 0000000140001a70 f   GigeCameraDemo.obj
 0001:00000ab0       ?InitInstance@CGigeCameraDemoApp@@UEAAHXZ 0000000140001ab0 f   GigeCameraDemo.obj
 0001:00000b90       ?SupportsRestartManager@CWinApp@@UEBAHXZ 0000000140001b90 f i GigeCameraDemo.obj
 0001:00000bb0       ?SupportsApplicationRecovery@CWinApp@@UEBAHXZ 0000000140001bb0 f i GigeCameraDemo.obj
 0001:00000bd0       ?SupportsAutosaveAtRestart@CWinApp@@UEBAHXZ 0000000140001bd0 f i GigeCameraDemo.obj
 0001:00000bf0       ?SupportsAutosaveAtInterval@CWinApp@@UEBAHXZ 0000000140001bf0 f i GigeCameraDemo.obj
 0001:00000c10       ?ReopenPreviousFilesAtRestart@CWinApp@@UEBAHXZ 0000000140001c10 f i GigeCameraDemo.obj
 0001:00000c30       ?RestoreAutosavedFilesAtRestart@CWinApp@@UEBAHXZ 0000000140001c30 f i GigeCameraDemo.obj
 0001:00000c50       ?GetApplicationRestartFlags@CWinApp@@UEAAKXZ 0000000140001c50 f i GigeCameraDemo.obj
 0001:00000c60       ?GetApplicationRecoveryParameter@CWinApp@@UEAAPEAXXZ 0000000140001c60 f i GigeCameraDemo.obj
 0001:00000c70       ?GetApplicationRecoveryPingInterval@CWinApp@@UEAAKXZ 0000000140001c70 f i GigeCameraDemo.obj
 0001:00000c80       ??_ECGigeCameraDemoApp@@UEAAPEAXI@Z 0000000140001c80 f i GigeCameraDemo.obj
 0001:00000c80       ??_GCGigeCameraDemoApp@@UEAAPEAXI@Z 0000000140001c80 f i GigeCameraDemo.obj
 0001:00000cd0       ??1CGigeCameraDemoApp@@UEAA@XZ 0000000140001cd0 f i GigeCameraDemo.obj
 0001:00000cf0       ??1CGigeCameraDemoDlg@@UEAA@XZ 0000000140001cf0 f i GigeCameraDemo.obj
 0001:00000ff0       ??0Thank_you@Define_the_symbol__ATL_MIXED@@QEAA@XZ 0000000140001ff0 f i GigeCameraDemo.obj
 0001:00001010       ?one@Thank_you@Define_the_symbol__ATL_MIXED@@UEAAXXZ 0000000140002010 f i GigeCameraDemo.obj
 0001:00001020       ??0CAboutDlg@@QEAA@XZ      0000000140002020 f   GigeCameraDemoDlg.obj
 0001:00001060       ?DoDataExchange@CAboutDlg@@MEAAXPEAVCDataExchange@@@Z 0000000140002060 f   GigeCameraDemoDlg.obj
 0001:00001090       ?GetMessageMap@CAboutDlg@@MEBAPEBUAFX_MSGMAP@@XZ 0000000140002090 f   GigeCameraDemoDlg.obj
 0001:000010b0       ?GetThisMessageMap@CAboutDlg@@KAPEBUAFX_MSGMAP@@XZ 00000001400020b0 f   GigeCameraDemoDlg.obj
 0001:000010c0       ??0CGigeCameraDemoDlg@@QEAA@PEAVCWnd@@@Z 00000001400020c0 f   GigeCameraDemoDlg.obj
 0001:00001a90       ?DoDataExchange@CGigeCameraDemoDlg@@MEAAXPEAVCDataExchange@@@Z 0000000140002a90 f   GigeCameraDemoDlg.obj
 0001:00001b10       ?GetMessageMap@CGigeCameraDemoDlg@@MEBAPEBUAFX_MSGMAP@@XZ 0000000140002b10 f   GigeCameraDemoDlg.obj
 0001:00001b30       ?GetThisMessageMap@CGigeCameraDemoDlg@@KAPEBUAFX_MSGMAP@@XZ 0000000140002b30 f   GigeCameraDemoDlg.obj
 0001:00001b40       ?onShowTask@CGigeCameraDemoDlg@@IEAA_J_K_J@Z 0000000140002b40 f   GigeCameraDemoDlg.obj
 0001:00001c90       ?PushImageToMyBuffer@@YA_NQEAUtag_BuffNode@@PEADHHHHH@Z 0000000140002c90 f   GigeCameraDemoDlg.obj
 0001:00001cb0       ?PushImageToMyBuffer_1@@YA_NQEAUtag_BuffNode@@PEADHHHHH@Z 0000000140002cb0 f   GigeCameraDemoDlg.obj
 0001:00001e90       ?PushImageToMyBuffer_2@@YA_NQEAUtag_BuffNode@@PEADHHHHH@Z 0000000140002e90 f   GigeCameraDemoDlg.obj
 0001:00002070       ?CreateFile2@@YAHV?$CStringT@DV?$StrTraitMFC_DLL@DV?$ChTraitsCRT@D@ATL@@@@@ATL@@0H@Z 0000000140003070 f   GigeCameraDemoDlg.obj
 0001:00002170       ?SaveImageData@@YAKPEAX@Z  0000000140003170 f   GigeCameraDemoDlg.obj
 0001:000021a0       ?SaveImageData_1@@YAKPEAX@Z 00000001400031a0 f   GigeCameraDemoDlg.obj
 0001:000024b0       ?SaveImageData_2@@YAKPEAX@Z 00000001400034b0 f   GigeCameraDemoDlg.obj
 0001:000027c0       ?XferCallback_1@CGigeCameraDemoDlg@@SAXPEAVSapXferCallbackInfo@@@Z 00000001400037c0 f   GigeCameraDemoDlg.obj
 0001:00002ad0       ?XferCallback_2@CGigeCameraDemoDlg@@SAXPEAVSapXferCallbackInfo@@@Z 0000000140003ad0 f   GigeCameraDemoDlg.obj
 0001:00002f00       ?PixelChanged@CGigeCameraDemoDlg@@UEAAXHH@Z 0000000140003f00 f   GigeCameraDemoDlg.obj
 0001:000030c0       ?GetPathUseSpace@@YA_KPEBD@Z 00000001400040c0 f   GigeCameraDemoDlg.obj
 0001:00003160       ?GetDirFileCount@@YA_KV?$CStringT@DV?$StrTraitMFC_DLL@DV?$ChTraitsCRT@D@ATL@@@@@ATL@@@Z 0000000140004160 f   GigeCameraDemoDlg.obj
 0001:00003260       ?ReadFreeSpace@@YANV?$CStringT@DV?$StrTraitMFC_DLL@DV?$ChTraitsCRT@D@ATL@@@@@ATL@@@Z 0000000140004260 f   GigeCameraDemoDlg.obj
 0001:000033b0       ?OnReceiveData@CGigeCameraDemoDlg@@IEAA_J_K_J@Z 00000001400043b0 f   GigeCameraDemoDlg.obj
 0001:00003600       ?us_Delay@@YAXK@Z          0000000140004600 f   GigeCameraDemoDlg.obj
 0001:00003690       ?CheckMessageQueue@@YAHXZ  0000000140004690 f   GigeCameraDemoDlg.obj
 0001:000036f0       ?delay_time@@YAXK@Z        00000001400046f0 f   GigeCameraDemoDlg.obj
 0001:00003790       ?OnInitDialog@CGigeCameraDemoDlg@@MEAAHXZ 0000000140004790 f   GigeCameraDemoDlg.obj
 0001:00003950       ?ThreadFunc@@YAIPEAX@Z     0000000140004950 f   GigeCameraDemoDlg.obj
 0001:00003a80       ?IsUserAdmin@CGigeCameraDemoDlg@@QEAAHXZ 0000000140004a80 f   GigeCameraDemoDlg.obj
 0001:00003ad0       ?CreateObjects_1@CGigeCameraDemoDlg@@QEAAHXZ 0000000140004ad0 f   GigeCameraDemoDlg.obj
 0001:00003d50       ?CreateObjects_2@CGigeCameraDemoDlg@@QEAAHXZ 0000000140004d50 f   GigeCameraDemoDlg.obj
 0001:00003fd0       ?DestroyObjects_1@CGigeCameraDemoDlg@@QEAAHXZ 0000000140004fd0 f   GigeCameraDemoDlg.obj
 0001:00004100       ?DestroyObjects_2@CGigeCameraDemoDlg@@QEAAHXZ 0000000140005100 f   GigeCameraDemoDlg.obj
 0001:00004230       ?OnSysCommand@CGigeCameraDemoDlg@@IEAAXI_J@Z 0000000140005230 f   GigeCameraDemoDlg.obj
 0001:000042b0       ?OnPaint@CGigeCameraDemoDlg@@IEAAXXZ 00000001400052b0 f   GigeCameraDemoDlg.obj
 0001:00004400       ?OnDestroy@CGigeCameraDemoDlg@@IEAAXXZ 0000000140005400 f   GigeCameraDemoDlg.obj
 0001:000048d0       ?OnSize@CGigeCameraDemoDlg@@IEAAXIHH@Z 00000001400058d0 f   GigeCameraDemoDlg.obj
 0001:00004c00       ?OnQueryDragIcon@CGigeCameraDemoDlg@@IEAAPEAUHICON__@@XZ 0000000140005c00 f   GigeCameraDemoDlg.obj
 0001:00004c20       ?OnEndSession@CGigeCameraDemoDlg@@IEAAXH@Z 0000000140005c20 f   GigeCameraDemoDlg.obj
 0001:00004c60       ?OnQueryEndSession@CGigeCameraDemoDlg@@IEAAHXZ 0000000140005c60 f   GigeCameraDemoDlg.obj
 0001:00004c90       ?UpdateMenu@CGigeCameraDemoDlg@@QEAAXXZ 0000000140005c90 f   GigeCameraDemoDlg.obj
 0001:00004df0       ?DoEvents@@YA_NXZ          0000000140005df0 f   GigeCameraDemoDlg.obj
 0001:00004e80       ?OnTest@CGigeCameraDemoDlg@@IEAAXXZ 0000000140005e80 f   GigeCameraDemoDlg.obj
 0001:00004f60       ?ReadParamFromIniFile@CGigeCameraDemoDlg@@QEAA_NXZ 0000000140005f60 f   GigeCameraDemoDlg.obj
 0001:00005500       ?WriteParamFileIniFile@CGigeCameraDemoDlg@@QEAA_NXZ 0000000140006500 f   GigeCameraDemoDlg.obj
 0001:00005590       ?OnMainitemShow@CGigeCameraDemoDlg@@QEAAXXZ 0000000140006590 f   GigeCameraDemoDlg.obj
 0001:000055f0       ?OnMainitemHide@CGigeCameraDemoDlg@@QEAAXXZ 00000001400065f0 f   GigeCameraDemoDlg.obj
 0001:00005610       ?OnMainitemExit@CGigeCameraDemoDlg@@QEAAXXZ 0000000140006610 f   GigeCameraDemoDlg.obj
 0001:00005640       ?FitToWindow@CGigeCameraDemoDlg@@QEAAXPEAVSapView@@@Z 0000000140006640 f   GigeCameraDemoDlg.obj
 0001:000058c0       ?OnGrab@CGigeCameraDemoDlg@@IEAAXXZ 00000001400068c0 f   GigeCameraDemoDlg.obj
 0001:00005bd0       ?OnFreeze@CGigeCameraDemoDlg@@IEAAXXZ 0000000140006bd0 f   GigeCameraDemoDlg.obj
 0001:00005e60       ?OnNcPaint@CGigeCameraDemoDlg@@QEAAXXZ 0000000140006e60 f   GigeCameraDemoDlg.obj
 0001:00005e80       ?OnTimer@CGigeCameraDemoDlg@@QEAAX_K@Z 0000000140006e80 f   GigeCameraDemoDlg.obj
 0001:00006600       ?OnMainitemTest@CGigeCameraDemoDlg@@QEAAXXZ 0000000140007600 f   GigeCameraDemoDlg.obj
 0001:00006620       ?OnBnClickedReturn@CGigeCameraDemoDlg@@QEAAXXZ 0000000140007620 f   GigeCameraDemoDlg.obj
 0001:00006760       ?ImageFrom_IDResource@CGigeCameraDemoDlg@@QEAAXIPEBDPEAVCImage@ATL@@@Z 0000000140007760 f   GigeCameraDemoDlg.obj
 0001:00006860       ?RefreshUI@CGigeCameraDemoDlg@@QEAAXXZ 0000000140007860 f   GigeCameraDemoDlg.obj
 0001:000076c0       ?OnLButtonDown@CGigeCameraDemoDlg@@QEAAXIVCPoint@@@Z 00000001400086c0 f   GigeCameraDemoDlg.obj
 0001:00008250       ?OnEraseBkgnd@CGigeCameraDemoDlg@@QEAAHPEAVCDC@@@Z 0000000140009250 f   GigeCameraDemoDlg.obj
 0001:000082a0       ?WritePosInfo@CGigeCameraDemoDlg@@QEAAXH@Z 00000001400092a0 f   GigeCameraDemoDlg.obj
 0001:00008540       ?SetUI@CGigeCameraDemoDlg@@QEAAXXZ 0000000140009540 f   GigeCameraDemoDlg.obj
 0001:00008b60       ?OnCreate@CGigeCameraDemoDlg@@QEAAHPEAUtagCREATESTRUCTA@@@Z 0000000140009b60 f   GigeCameraDemoDlg.obj
 0001:00008ba0       ?HideCursor@CGigeCameraDemoDlg@@QEAAXXZ 0000000140009ba0 f   GigeCameraDemoDlg.obj
 0001:0000aad0       ??_ECAboutDlg@@UEAAPEAXI@Z 000000014000bad0 f i GigeCameraDemoDlg.obj
 0001:0000aad0       ??_GCAboutDlg@@UEAAPEAXI@Z 000000014000bad0 f i GigeCameraDemoDlg.obj
 0001:0000ab20       ??1CAboutDlg@@UEAA@XZ      000000014000bb20 f i GigeCameraDemoDlg.obj
 0001:0000ab40       ??_ECGigeCameraDemoDlg@@UEAAPEAXI@Z 000000014000bb40 f i GigeCameraDemoDlg.obj
 0001:0000ab40       ??_GCGigeCameraDemoDlg@@UEAAPEAXI@Z 000000014000bb40 f i GigeCameraDemoDlg.obj
 0001:0000ab90       ?floor@@YAMM@Z             000000014000bb90 f i GigeCameraDemoDlg.obj
 0001:0000abc0       ?Load@CImage@ATL@@QEAAJPEAUIStream@@@Z 000000014000bbc0 f i GigeCameraDemoDlg.obj
 0001:0000ac60       ?GetLastStatus@Image@Gdiplus@@QEBA?AW4Status@2@XZ 000000014000bc60 f i GigeCameraDemoDlg.obj
 0001:0000aca0       ??1Bitmap@Gdiplus@@UEAA@XZ 000000014000bca0 f i GigeCameraDemoDlg.obj
 0001:0000acc0       ??1Image@Gdiplus@@UEAA@XZ  000000014000bcc0 f i GigeCameraDemoDlg.obj
 0001:0000ad00       ??_GImage@Gdiplus@@UEAAPEAXI@Z 000000014000bd00 f i GigeCameraDemoDlg.obj
 0001:0000ad00       ??_EImage@Gdiplus@@UEAAPEAXI@Z 000000014000bd00 f i GigeCameraDemoDlg.obj
 0001:0000ad50       ??3GdiplusBase@Gdiplus@@SAXPEAX@Z 000000014000bd50 f i GigeCameraDemoDlg.obj
 0001:0000ad70       ?Clone@Image@Gdiplus@@UEAAPEAV12@XZ 000000014000bd70 f i GigeCameraDemoDlg.obj
 0001:0000ae20       ??2GdiplusBase@Gdiplus@@SAPEAX_K@Z 000000014000be20 f i GigeCameraDemoDlg.obj
 0001:0000ae40       ?SetStatus@Image@Gdiplus@@IEBA?AW4Status@2@W432@@Z 000000014000be40 f i GigeCameraDemoDlg.obj
 0001:0000ae80       ??0Image@Gdiplus@@IEAA@PEAVGpImage@1@W4Status@1@@Z 000000014000be80 f i GigeCameraDemoDlg.obj
 0001:0000aee0       ?SetNativeImage@Image@Gdiplus@@IEAAXPEAVGpImage@2@@Z 000000014000bee0 f i GigeCameraDemoDlg.obj
 0001:0000af00       ??0Bitmap@Gdiplus@@QEAA@PEAUIStream@@H@Z 000000014000bf00 f i GigeCameraDemoDlg.obj
 0001:0000afc0       ??0Image@Gdiplus@@IEAA@XZ  000000014000bfc0 f i GigeCameraDemoDlg.obj
 0001:0000afe0       ??_EBitmap@Gdiplus@@UEAAPEAXI@Z 000000014000bfe0 f i GigeCameraDemoDlg.obj
 0001:0000afe0       ??_GBitmap@Gdiplus@@UEAAPEAXI@Z 000000014000bfe0 f i GigeCameraDemoDlg.obj
 0001:0000b030       ?CreateFromGdiplusBitmap@CImage@ATL@@AEAAJAEAVBitmap@Gdiplus@@@Z 000000014000c030 f i GigeCameraDemoDlg.obj
 0001:0000b730       ?_AtlVerifyStackAvailable@_ATL_SAFE_ALLOCA_IMPL@ATL@@YA_N_K@Z 000000014000c730 f i GigeCameraDemoDlg.obj
 0001:0000b840       ?memcpy_s@Checked@ATL@@YAXPEAX_KPEBX1@Z 000000014000c840 f i GigeCameraDemoDlg.obj
 0001:0000b890       ?AfxCrtErrorCheck@@YAHH@Z  000000014000c890 f i GigeCameraDemoDlg.obj
 0001:0000b900       ??0Rect@Gdiplus@@QEAA@HHHH@Z 000000014000c900 f i GigeCameraDemoDlg.obj
 0001:0000b960       ?GetPixelFormatSize@Gdiplus@@YAIH@Z 000000014000c960 f i GigeCameraDemoDlg.obj
 0001:0000b980       ?IsIndexedPixelFormat@Gdiplus@@YAHH@Z 000000014000c980 f i GigeCameraDemoDlg.obj
 0001:0000b9c0       ?IsAlphaPixelFormat@Gdiplus@@YAHH@Z 000000014000c9c0 f i GigeCameraDemoDlg.obj
 0001:0000ba00       ??0Graphics@Gdiplus@@QEAA@PEAVImage@1@@Z 000000014000ca00 f i GigeCameraDemoDlg.obj
 0001:0000ba70       ??1Graphics@Gdiplus@@QEAA@XZ 000000014000ca70 f i GigeCameraDemoDlg.obj
 0001:0000baa0       ?DrawImage@Graphics@Gdiplus@@QEAA?AW4Status@2@PEAVImage@2@HH@Z 000000014000caa0 f i GigeCameraDemoDlg.obj
 0001:0000bb20       ?SetNativeGraphics@Graphics@Gdiplus@@IEAAXPEAVGpGraphics@2@@Z 000000014000cb20 f i GigeCameraDemoDlg.obj
 0001:0000bb40       ?SetStatus@Graphics@Gdiplus@@IEBA?AW4Status@2@W432@@Z 000000014000cb40 f i GigeCameraDemoDlg.obj
 0001:0000bb80       ?GetWidth@Image@Gdiplus@@QEAAIXZ 000000014000cb80 f i GigeCameraDemoDlg.obj
 0001:0000bbd0       ?GetHeight@Image@Gdiplus@@QEAAIXZ 000000014000cbd0 f i GigeCameraDemoDlg.obj
 0001:0000bc20       ?GetPixelFormat@Image@Gdiplus@@QEAAHXZ 000000014000cc20 f i GigeCameraDemoDlg.obj
 0001:0000bc60       ?GetPaletteSize@Image@Gdiplus@@QEAAHXZ 000000014000cc60 f i GigeCameraDemoDlg.obj
 0001:0000bcb0       ?GetPalette@Image@Gdiplus@@QEAA?AW4Status@2@PEAUColorPalette@2@H@Z 000000014000ccb0 f i GigeCameraDemoDlg.obj
 0001:0000bd00       ??0Bitmap@Gdiplus@@QEAA@HHHHPEAE@Z 000000014000cd00 f i GigeCameraDemoDlg.obj
 0001:0000bdc0       ?LockBits@Bitmap@Gdiplus@@QEAA?AW4Status@2@PEBVRect@2@IHPEAVBitmapData@2@@Z 000000014000cdc0 f i GigeCameraDemoDlg.obj
 0001:0000be30       ?UnlockBits@Bitmap@Gdiplus@@QEAA?AW4Status@2@PEAVBitmapData@2@@Z 000000014000ce30 f i GigeCameraDemoDlg.obj
 0001:0000be70       ?Create@CImage@ATL@@QEAAHHHHK@Z 000000014000ce70 f i GigeCameraDemoDlg.obj
 0001:0000bed0       ?CreateEx@CImage@ATL@@QEAAHHHHKPEBKK@Z 000000014000ced0 f i GigeCameraDemoDlg.obj
 0001:0000c270       ?Attach@CImage@ATL@@QEAAXPEAUHBITMAP__@@W4DIBOrientation@12@@Z 000000014000d270 f i GigeCameraDemoDlg.obj
 0001:0000c350       ?GetBits@CImage@ATL@@QEAAPEAXXZ 000000014000d350 f i GigeCameraDemoDlg.obj
 0001:0000c420       ?GetHeight@CImage@ATL@@QEBAHXZ 000000014000d420 f i GigeCameraDemoDlg.obj
 0001:0000c4a0       ?GetPitch@CImage@ATL@@QEBAHXZ 000000014000d4a0 f i GigeCameraDemoDlg.obj
 0001:0000c570       ?GetWidth@CImage@ATL@@QEBAHXZ 000000014000d570 f i GigeCameraDemoDlg.obj
 0001:0000c5f0       ?IsDIBSection@CImage@ATL@@QEBA_NXZ 000000014000d5f0 f i GigeCameraDemoDlg.obj
 0001:0000c610       ?SetColorTable@CImage@ATL@@QEAAXIIPEBUtagRGBQUAD@@@Z 000000014000d610 f i GigeCameraDemoDlg.obj
 0001:0000c770       ?GetDC@CImage@ATL@@QEBAPEAUHDC__@@XZ 000000014000d770 f i GigeCameraDemoDlg.obj
 0001:0000c850       ?GetDC@CDCCache@CImage@ATL@@QEAAPEAUHDC__@@XZ 000000014000d850 f i GigeCameraDemoDlg.obj
 0001:0000c8d0       ?IsIndexed@CImage@ATL@@QEBA_NXZ 000000014000d8d0 f i GigeCameraDemoDlg.obj
 0001:0000c9c0       ?ReleaseDC@CImage@ATL@@QEBAXXZ 000000014000d9c0 f i GigeCameraDemoDlg.obj
 0001:0000caf0       ?ReleaseDC@CDCCache@CImage@ATL@@QEAAXPEAUHDC__@@@Z 000000014000daf0 f i GigeCameraDemoDlg.obj
 0001:0000cb90       ?UpdateBitmapInfo@CImage@ATL@@AEAAXW4DIBOrientation@12@@Z 000000014000db90 f i GigeCameraDemoDlg.obj
 0001:0000ce40       ?abs@@YAJJ@Z               000000014000de40 f i GigeCameraDemoDlg.obj
 0001:0000ce60       ?ComputePitch@CImage@ATL@@CAHHH@Z 000000014000de60 f i GigeCameraDemoDlg.obj
 0001:0000ce90       ?InitGDIPlus@CImage@ATL@@CA_NXZ 000000014000de90 f i GigeCameraDemoDlg.obj
 0001:0000cec0       ?Init@CInitGDIPlus@CImage@ATL@@QEAA_NXZ 000000014000dec0 f i GigeCameraDemoDlg.obj
 0001:0000cf70       ??0GdiplusStartupInput@Gdiplus@@QEAA@P6AXW4DebugEventLevel@1@PEAD@ZHH@Z 000000014000df70 f i GigeCameraDemoDlg.obj
 0001:0000cfd0       ??0CImage@ATL@@QEAA@XZ     000000014000dfd0 f i GigeCameraDemoDlg.obj
 0001:0000d0d0       ?IncreaseCImageCount@CInitGDIPlus@CImage@ATL@@QEAAXXZ 000000014000e0d0 f i GigeCameraDemoDlg.obj
 0001:0000d130       ??_GCImage@ATL@@UEAAPEAXI@Z 000000014000e130 f i GigeCameraDemoDlg.obj
 0001:0000d130       ??_ECImage@ATL@@UEAAPEAXI@Z 000000014000e130 f i GigeCameraDemoDlg.obj
 0001:0000d180       ??1CImage@ATL@@UEAA@XZ     000000014000e180 f i GigeCameraDemoDlg.obj
 0001:0000d1c0       ?DecreaseCImageCount@CInitGDIPlus@CImage@ATL@@QEAAXXZ 000000014000e1c0 f i GigeCameraDemoDlg.obj
 0001:0000d240       ?ReleaseGDIPlus@CInitGDIPlus@CImage@ATL@@QEAAXXZ 000000014000e240 f i GigeCameraDemoDlg.obj
 0001:0000d2b0       ?Destroy@CImage@ATL@@QEAAXXZ 000000014000e2b0 f i GigeCameraDemoDlg.obj
 0001:0000d300       ?Detach@CImage@ATL@@QEAAPEAUHBITMAP__@@XZ 000000014000e300 f i GigeCameraDemoDlg.obj
 0001:0000d470       ?Draw@CImage@ATL@@QEBAHPEAUHDC__@@AEBUtagRECT@@@Z 000000014000e470 f i GigeCameraDemoDlg.obj
 0001:0000d520       ?Draw@CImage@ATL@@QEBAHPEAUHDC__@@HHHHHHHH@Z 000000014000e520 f i GigeCameraDemoDlg.obj
 0001:0000d9d0       ?IsTransparencySupported@CImage@ATL@@SAHXZ 000000014000e9d0 f i GigeCameraDemoDlg.obj
 0001:0000d9e0       ?GetTransparentRGB@CImage@ATL@@AEBAKXZ 000000014000e9e0 f i GigeCameraDemoDlg.obj
 0001:0000db20       ??0?$CAtlSafeAllocBufferManager@VCCRTAllocator@ATL@@@_ATL_SAFE_ALLOCA_IMPL@ATL@@QEAA@XZ 000000014000eb20 f i GigeCameraDemoDlg.obj
 0001:0000db40       ?Allocate@?$CAtlSafeAllocBufferManager@VCCRTAllocator@ATL@@@_ATL_SAFE_ALLOCA_IMPL@ATL@@QEAAPEAX_K@Z 000000014000eb40 f i GigeCameraDemoDlg.obj
 0001:0000dbc0       ?Allocate@CCRTAllocator@ATL@@SAPEAX_K@Z 000000014000ebc0 f i GigeCameraDemoDlg.obj
 0001:0000dbe0       ??1?$CAtlSafeAllocBufferManager@VCCRTAllocator@ATL@@@_ATL_SAFE_ALLOCA_IMPL@ATL@@QEAA@XZ 000000014000ebe0 f i GigeCameraDemoDlg.obj
 0001:0000dc40       ?Free@CCRTAllocator@ATL@@SAXPEAX@Z 000000014000ec40 f i GigeCameraDemoDlg.obj
 0001:0000dc60       ??HATL@@YA?AV?$CStringT@DV?$StrTraitMFC_DLL@DV?$ChTraitsCRT@D@ATL@@@@@0@AEBV10@PEBD@Z 000000014000ec60 f i GigeCameraDemoDlg.obj
 0001:0000dd50       ??HATL@@YA?AV?$CStringT@DV?$StrTraitMFC_DLL@DV?$ChTraitsCRT@D@ATL@@@@@0@PEBDAEBV10@@Z 000000014000ed50 f i GigeCameraDemoDlg.obj
 0001:0000de50       ?GetData@CAtlSafeAllocBufferNode@?$CAtlSafeAllocBufferManager@VCCRTAllocator@ATL@@@_ATL_SAFE_ALLOCA_IMPL@ATL@@QEAAPEAXXZ 000000014000ee50 f i GigeCameraDemoDlg.obj
 0001:0000de70       ??$AtlAdd@_K@ATL@@YAJPEA_K_K1@Z 000000014000ee70 f i GigeCameraDemoDlg.obj
 0001:0000dee0       HRESULT_FROM_WIN32         000000014000eee0 f i GigeCameraDemoDlg.obj
 0001:0000df30       ??$AtlAlignUp@I@ATL@@YAIIK@Z 000000014000ef30 f i GigeCameraDemoDlg.obj
 0001:0000df60       ??$sprintf_s@$0EAA@@@YAHAEAY0EAA@DPEBDZZ 000000014000ef60 f i GigeCameraDemoDlg.obj
 0001:0000dfc0       ??$sprintf_s@$09@@YAHAEAY09DPEBDZZ 000000014000efc0 f i GigeCameraDemoDlg.obj
 0001:0000e020       ??$sprintf_s@$0CAA@@@YAHAEAY0CAA@DPEBDZZ 000000014000f020 f i GigeCameraDemoDlg.obj
 0001:0000e080       ??$strcpy_s@$0IA@@@YAHAEAY0IA@DPEBD@Z 000000014000f080 f i GigeCameraDemoDlg.obj
 0001:0000e0c0       ??$AtlAddThrow@_K@ATL@@YA_K_K0@Z 000000014000f0c0 f i GigeCameraDemoDlg.obj
 0001:0000e110       ?AtlThrowImpl@ATL@@YAXJ@Z  000000014000f110 f i GigeCameraDemoDlg.obj
 0001:0000e1a0       ??0CTraceFileAndLineInfo@ATL@@QEAA@PEBDH@Z 000000014000f1a0 f i GigeCameraDemoDlg.obj
 0001:0000e1e0       ??RCTraceFileAndLineInfo@ATL@@QEBAX_KIPEBDZZ 000000014000f1e0 f i GigeCameraDemoDlg.obj
 0001:0000e270       ?TraceV@CTrace@ATL@@QEBAXPEBDH_KI0PEAD@Z 000000014000f270 f i GigeCameraDemoDlg.obj
 0001:0000e2e0       ??BCTraceCategory@ATL@@QEBA_KXZ 000000014000f2e0 f i GigeCameraDemoDlg.obj
 0001:0000e300       ?_GetBaseClass@CInputDialog@@KAPEAUCRuntimeClass@@XZ 000000014000f300 f   InputDialog.obj
 0001:0000e320       ?GetThisClass@CInputDialog@@SAPEAUCRuntimeClass@@XZ 000000014000f320 f   InputDialog.obj
 0001:0000e330       ?GetRuntimeClass@CInputDialog@@UEBAPEAUCRuntimeClass@@XZ 000000014000f330 f   InputDialog.obj
 0001:0000e350       ??0CInputDialog@@QEAA@PEAVCWnd@@@Z 000000014000f350 f   InputDialog.obj
 0001:0000e3a0       ??1CInputDialog@@UEAA@XZ   000000014000f3a0 f   InputDialog.obj
 0001:0000e3d0       ?DoDataExchange@CInputDialog@@MEAAXPEAVCDataExchange@@@Z 000000014000f3d0 f   InputDialog.obj
 0001:0000e420       ?GetMessageMap@CInputDialog@@MEBAPEBUAFX_MSGMAP@@XZ 000000014000f420 f   InputDialog.obj
 0001:0000e440       ?GetThisMessageMap@CInputDialog@@KAPEBUAFX_MSGMAP@@XZ 000000014000f440 f   InputDialog.obj
 0001:0000e450       ?OnBnClickedOk@CInputDialog@@QEAAXXZ 000000014000f450 f   InputDialog.obj
 0001:0000e4e0       ??_ECInputDialog@@UEAAPEAXI@Z 000000014000f4e0 f i InputDialog.obj
 0001:0000e4e0       ??_GCInputDialog@@UEAAPEAXI@Z 000000014000f4e0 f i InputDialog.obj
 0001:0000e530       ?_GetBaseClass@CMessageDialog@@KAPEAUCRuntimeClass@@XZ 000000014000f530 f   MessageDialog.obj
 0001:0000e550       ?GetThisClass@CMessageDialog@@SAPEAUCRuntimeClass@@XZ 000000014000f550 f   MessageDialog.obj
 0001:0000e560       ?GetRuntimeClass@CMessageDialog@@UEBAPEAUCRuntimeClass@@XZ 000000014000f560 f   MessageDialog.obj
 0001:0000e580       ??0CMessageDialog@@QEAA@PEAVCWnd@@@Z 000000014000f580 f   MessageDialog.obj
 0001:0000e5f0       ??1CMessageDialog@@UEAA@XZ 000000014000f5f0 f   MessageDialog.obj
 0001:0000e640       ?DoDataExchange@CMessageDialog@@MEAAXPEAVCDataExchange@@@Z 000000014000f640 f   MessageDialog.obj
 0001:0000e670       ?GetMessageMap@CMessageDialog@@MEBAPEBUAFX_MSGMAP@@XZ 000000014000f670 f   MessageDialog.obj
 0001:0000e690       ?GetThisMessageMap@CMessageDialog@@KAPEBUAFX_MSGMAP@@XZ 000000014000f690 f   MessageDialog.obj
 0001:0000e6a0       ?Response@CMessageDialog@@QEAA_J_K_J@Z 000000014000f6a0 f   MessageDialog.obj
 0001:0000e780       ?OnCtlColor@CMessageDialog@@QEAAPEAUHBRUSH__@@PEAVCDC@@PEAVCWnd@@I@Z 000000014000f780 f   MessageDialog.obj
 0001:0000e950       ?OnEraseBkgnd@CMessageDialog@@QEAAHPEAVCDC@@@Z 000000014000f950 f   MessageDialog.obj
 0001:0000ea50       ?OnCreate@CMessageDialog@@QEAAHPEAUtagCREATESTRUCTA@@@Z 000000014000fa50 f   MessageDialog.obj
 0001:0000ead0       ?OnClose@CMessageDialog@@QEAAXXZ 000000014000fad0 f   MessageDialog.obj
 0001:0000eb10       ?OnPaint@CMessageDialog@@QEAAXXZ 000000014000fb10 f   MessageDialog.obj
 0001:0000eb70       ?OnBnClickedOk@CMessageDialog@@QEAAXXZ 000000014000fb70 f   MessageDialog.obj
 0001:0000eb90       ?OnInitDialog@CMessageDialog@@UEAAHXZ 000000014000fb90 f   MessageDialog.obj
 0001:0000ebc0       ?OnTimer@CMessageDialog@@QEAAX_K@Z 000000014000fbc0 f   MessageDialog.obj
 0001:0000ebf0       ?OnLButtonUp@CMessageDialog@@QEAAXIVCPoint@@@Z 000000014000fbf0 f   MessageDialog.obj
 0001:0000ede0       ??_GCMessageDialog@@UEAAPEAXI@Z 000000014000fde0 f i MessageDialog.obj
 0001:0000ede0       ??_ECMessageDialog@@UEAAPEAXI@Z 000000014000fde0 f i MessageDialog.obj
 0001:0000ee30       ??0CSerialPort@@QEAA@XZ    000000014000fe30 f   SerialPort.obj
 0001:0000eed0       ??1CSerialPort@@UEAA@XZ    000000014000fed0 f   SerialPort.obj
 0001:0000ef50       ?InitPort@CSerialPort@@QEAAHPEAVCWnd@@IIDIIKI@Z 000000014000ff50 f   SerialPort.obj
 0001:0000f5a0       ?CommThread@CSerialPort@@KAIPEAX@Z 00000001400105a0 f   SerialPort.obj
 0001:0000f8b0       ?StartMonitoring@CSerialPort@@QEAAHXZ 00000001400108b0 f   SerialPort.obj
 0001:0000f940       ?RestartMonitoring@CSerialPort@@QEAAHXZ 0000000140010940 f   SerialPort.obj
 0001:0000f990       ?StopMonitoring@CSerialPort@@QEAAHXZ 0000000140010990 f   SerialPort.obj
 0001:0000f9e0       ?ProcessErrorMessage@CSerialPort@@IEAAXPEAD@Z 00000001400109e0 f   SerialPort.obj
 0001:0000fab0       ?WriteChar@CSerialPort@@KAXPEAV1@H@Z 0000000140010ab0 f   SerialPort.obj
 0001:0000fce0       ?ReceiveChar@CSerialPort@@KAXPEAV1@U_COMSTAT@@@Z 0000000140010ce0 f   SerialPort.obj
 0001:0000feb0       ?WriteToPort@CSerialPort@@QEAAXPEAD@Z 0000000140010eb0 f   SerialPort.obj
 0001:0000ff30       ?WriteToPort@CSerialPort@@QEAAXPEADH@Z 0000000140010f30 f   SerialPort.obj
 0001:0000fff0       ?GetDCB@CSerialPort@@QEAA?AU_DCB@@XZ 0000000140010ff0 f   SerialPort.obj
 0001:00010040       ?GetCommEvents@CSerialPort@@QEAAKXZ 0000000140011040 f   SerialPort.obj
 0001:00010060       ?GetWriteBufferSize@CSerialPort@@QEAAKXZ 0000000140011060 f   SerialPort.obj
 0001:00010080       ?GetPortNO@CSerialPort@@QEAAHXZ 0000000140011080 f   SerialPort.obj
 0001:00010530       ??_ECSerialPort@@UEAAPEAXI@Z 0000000140011530 f i SerialPort.obj
 0001:00010530       ??_GCSerialPort@@UEAAPEAXI@Z 0000000140011530 f i SerialPort.obj
 0001:00010580       ??RCTraceFileAndLineInfo@ATL@@QEBAXPEBDZZ 0000000140011580 f i SerialPort.obj
 0001:00010620       ?_GetBaseClass@CSplashWnd@@KAPEAUCRuntimeClass@@XZ 0000000140011620 f   SplashWnd.obj
 0001:00010640       ?GetThisClass@CSplashWnd@@SAPEAUCRuntimeClass@@XZ 0000000140011640 f   SplashWnd.obj
 0001:00010650       ?GetRuntimeClass@CSplashWnd@@UEBAPEAUCRuntimeClass@@XZ 0000000140011650 f   SplashWnd.obj
 0001:00010670       ??0CSplashWnd@@QEAA@XZ     0000000140011670 f   SplashWnd.obj
 0001:00010780       ??1CSplashWnd@@UEAA@XZ     0000000140011780 f   SplashWnd.obj
 0001:00010830       ?GetMessageMap@CSplashWnd@@MEBAPEBUAFX_MSGMAP@@XZ 0000000140011830 f   SplashWnd.obj
 0001:00010850       ?GetThisMessageMap@CSplashWnd@@KAPEBUAFX_MSGMAP@@XZ 0000000140011850 f   SplashWnd.obj
 0001:00010860       ?DeleteSplash@CSplashWnd@@QEAAXXZ 0000000140011860 f   SplashWnd.obj
 0001:00010880       ?CreateSplash@CSplashWnd@@QEAAXXZ 0000000140011880 f   SplashWnd.obj
 0001:00010980       ?OnPaint@CSplashWnd@@IEAAXXZ 0000000140011980 f   SplashWnd.obj
 0001:00010b80       ?ImageFrom_IDResource@CSplashWnd@@QEAAXIPEBDPEAVCImage@ATL@@@Z 0000000140011b80 f   SplashWnd.obj
 0001:00010c80       ?SetInfo@CSplashWnd@@QEAAXV?$CStringT@DV?$StrTraitMFC_DLL@DV?$ChTraitsCRT@D@ATL@@@@@ATL@@@Z 0000000140011c80 f   SplashWnd.obj
 0001:00010cd0       ?On_Timer@@YAKPEAX@Z       0000000140011cd0 f   SplashWnd.obj
 0001:000115e0       ?OnNcDestroy@CSplashWnd@@QEAAXXZ 00000001400125e0 f   SplashWnd.obj
 0001:00011610       ?HideCursor@CSplashWnd@@QEAAXXZ 0000000140012610 f   SplashWnd.obj
 0001:00011a50       ??_ECSplashWnd@@UEAAPEAXI@Z 0000000140012a50 f i SplashWnd.obj
 0001:00011a50       ??_GCSplashWnd@@UEAAPEAXI@Z 0000000140012a50 f i SplashWnd.obj
 0001:00011a94       ??1SapAcquisition@@UEAA@XZ 0000000140012a94 f   SapClassBasic:SapClassBasic82.dll
 0001:00011a9a       ??0SapAcquisition@@QEAA@VSapLocation@@@Z 0000000140012a9a f   SapClassBasic:SapClassBasic82.dll
 0001:00011aa0       ??0SapLocation@@QEAA@HH@Z  0000000140012aa0 f   SapClassBasic:SapClassBasic82.dll
 0001:00011aa6       ?GetEventCount@SapXferCallbackInfo@@QEBAHXZ 0000000140012aa6 f   SapClassBasic:SapClassBasic82.dll
 0001:00011aac       ?GetHeight@SapBuffer@@QEBAHXZ 0000000140012aac f   SapClassBasic:SapClassBasic82.dll
 0001:00011ab2       ?GetWidth@SapBuffer@@QEBAHXZ 0000000140012ab2 f   SapClassBasic:SapClassBasic82.dll
 0001:00011ab8       ?GetContext@SapXferCallbackInfo@@QEBAPEAXXZ 0000000140012ab8 f   SapClassBasic:SapClassBasic82.dll
 0001:00011abe       ?SetCycleMode@SapXferPair@@QEAAHH@Z 0000000140012abe f   SapClassBasic:SapClassBasic82.dll
 0001:00011ac4       ?GetPair@SapTransfer@@QEAAPEAVSapXferPair@@H@Z 0000000140012ac4 f   SapClassBasic:SapClassBasic82.dll
 0001:00011aca       ??BSapManager@@QEBAHXZ     0000000140012aca f   SapClassBasic:SapClassBasic82.dll
 0001:00011ad0       ?GetBuffer@SapView@@QEBAPEAVSapBuffer@@XZ 0000000140012ad0 f   SapClassBasic:SapClassBasic82.dll
 0001:00011ad6       ??1CImageExWnd@@UEAA@XZ    0000000140012ad6 f   SapClassGuiD:SapClassGui82D.NET_2010.dll
 0001:00011adc       ??0CImageExWnd@@QEAA@XZ    0000000140012adc f   SapClassGuiD:SapClassGui82D.NET_2010.dll
 0001:00011ae2       ??0CImageExWndEventHandler@@QEAA@XZ 0000000140012ae2 f   SapClassGuiD:SapClassGui82D.NET_2010.dll
 0001:00011ae8       ?ScaleChanged@CImageViewportWndEventHandler@@UEAAXXZ 0000000140012ae8 f   SapClassGuiD:SapClassGui82D.NET_2010.dll
 0001:00011aee       ?RoiChanged@CImageViewportWndEventHandler@@UEAAXXZ 0000000140012aee f   SapClassGuiD:SapClassGui82D.NET_2010.dll
 0001:00011af4       ?ViewChanged@CImageViewportWndEventHandler@@UEAAXXZ 0000000140012af4 f   SapClassGuiD:SapClassGui82D.NET_2010.dll
 0001:00011afa       ?MarkerChanged@CImageExWndEventHandler@@UEAAXXZ 0000000140012afa f   SapClassGuiD:SapClassGui82D.NET_2010.dll
 0001:00011b00       ?InteractiveMarkerChanged@CImageExWndEventHandler@@UEAAXH@Z 0000000140012b00 f   SapClassGuiD:SapClassGui82D.NET_2010.dll
 0001:00011b06       ?GetPixelString@CImageExWnd@@QEBA?AV?$CStringT@DV?$StrTraitMFC_DLL@DV?$ChTraitsCRT@D@ATL@@@@@ATL@@VCPoint@@@Z 0000000140012b06 f   SapClassGuiD:SapClassGui82D.NET_2010.dll
 0001:00011b0c       ??1CViewDlg@@UEAA@XZ       0000000140012b0c f   SapClassGuiD:SapClassGui82D.NET_2010.dll
 0001:00011b12       ?Refresh@CImageExWnd@@QEAAXXZ 0000000140012b12 f   SapClassGuiD:SapClassGui82D.NET_2010.dll
 0001:00011b18       ??0CViewDlg@@QEAA@PEAVCWnd@@PEAVSapView@@@Z 0000000140012b18 f   SapClassGuiD:SapClassGui82D.NET_2010.dll
 0001:00011b1e       ??1CAbortDlg@@UEAA@XZ      0000000140012b1e f   SapClassGuiD:SapClassGui82D.NET_2010.dll
 0001:00011b24       ??0CAbortDlg@@QEAA@PEAVCWnd@@PEAVSapTransfer@@H@Z 0000000140012b24 f   SapClassGuiD:SapClassGui82D.NET_2010.dll
 0001:00011b2a       ZLBSaveImage               0000000140012b2a f   ZLBImage:ZLBImage.dll
 0001:00011b30       ZLBCreateDirectory         0000000140012b30 f   ZLBCommon:ZLBCommon.dll
 0001:00011b36       ZLBIsPathExist             0000000140012b36 f   ZLBCommon:ZLBCommon.dll
 0001:00011b3c       ZLBIniReadDouble           0000000140012b3c f   ZLBCommon:ZLBCommon.dll
 0001:00011b42       ZLBIniReadString           0000000140012b42 f   ZLBCommon:ZLBCommon.dll
 0001:00011b48       ZLBIniReadInt              0000000140012b48 f   ZLBCommon:ZLBCommon.dll
 0001:00011b4e       ZLBIniFile                 0000000140012b4e f   ZLBCommon:ZLBCommon.dll
 0001:00011b54       ZLBGetCurrentPath          0000000140012b54 f   ZLBCommon:ZLBCommon.dll
 0001:00011b5a       ??3@YAXPEAX@Z              0000000140012b5a f   mfc100d:mfc100d.dll
 0001:00011b60       ?GetThisMessageMap@CWinApp@@KAPEBUAFX_MSGMAP@@XZ 0000000140012b60 f   mfc100d:mfc100d.dll
 0001:00011b66       ??0CWinApp@@QEAA@PEBD@Z    0000000140012b66 f   mfc100d:mfc100d.dll
 0001:00011b6c       ?GetRuntimeClass@CWinApp@@UEBAPEAUCRuntimeClass@@XZ 0000000140012b6c f   mfc100d:mfc100d.dll
 0001:00011b72       ?Serialize@CObject@@UEAAXAEAVCArchive@@@Z 0000000140012b72 f   mfc100d:mfc100d.dll
 0001:00011b78       ?AssertValid@CWinApp@@UEBAXXZ 0000000140012b78 f   mfc100d:mfc100d.dll
 0001:00011b7e       ?Dump@CWinApp@@UEBAXAEAVCDumpContext@@@Z 0000000140012b7e f   mfc100d:mfc100d.dll
 0001:00011b84       ?OnCmdMsg@CCmdTarget@@UEAAHIHPEAXPEAUAFX_CMDHANDLERINFO@@@Z 0000000140012b84 f   mfc100d:mfc100d.dll
 0001:00011b8a       ?OnFinalRelease@CCmdTarget@@UEAAXXZ 0000000140012b8a f   mfc100d:mfc100d.dll
 0001:00011b90       ?IsInvokeAllowed@CCmdTarget@@UEAAHJ@Z 0000000140012b90 f   mfc100d:mfc100d.dll
 0001:00011b96       ?GetDispatchIID@CCmdTarget@@UEAAHPEAU_GUID@@@Z 0000000140012b96 f   mfc100d:mfc100d.dll
 0001:00011b9c       ?GetTypeInfoCount@CCmdTarget@@UEAAIXZ 0000000140012b9c f   mfc100d:mfc100d.dll
 0001:00011ba2       ?GetTypeLibCache@CCmdTarget@@UEAAPEAVCTypeLibCache@@XZ 0000000140012ba2 f   mfc100d:mfc100d.dll
 0001:00011ba8       ?GetTypeLib@CCmdTarget@@UEAAJKPEAPEAUITypeLib@@@Z 0000000140012ba8 f   mfc100d:mfc100d.dll
 0001:00011bae       ?GetCommandMap@CCmdTarget@@MEBAPEBUAFX_OLECMDMAP@@XZ 0000000140012bae f   mfc100d:mfc100d.dll
 0001:00011bb4       ?GetDispatchMap@CCmdTarget@@MEBAPEBUAFX_DISPMAP@@XZ 0000000140012bb4 f   mfc100d:mfc100d.dll
 0001:00011bba       ?GetConnectionMap@CCmdTarget@@MEBAPEBUAFX_CONNECTIONMAP@@XZ 0000000140012bba f   mfc100d:mfc100d.dll
 0001:00011bc0       ?GetInterfaceMap@CCmdTarget@@MEBAPEBUAFX_INTERFACEMAP@@XZ 0000000140012bc0 f   mfc100d:mfc100d.dll
 0001:00011bc6       ?GetEventSinkMap@CCmdTarget@@MEBAPEBUAFX_EVENTSINKMAP@@XZ 0000000140012bc6 f   mfc100d:mfc100d.dll
 0001:00011bcc       ?OnCreateAggregates@CCmdTarget@@UEAAHXZ 0000000140012bcc f   mfc100d:mfc100d.dll
 0001:00011bd2       ?GetInterfaceHook@CCmdTarget@@UEAAPEAUIUnknown@@PEBX@Z 0000000140012bd2 f   mfc100d:mfc100d.dll
 0001:00011bd8       ?GetExtraConnectionPoints@CCmdTarget@@MEAAHPEAVCPtrArray@@@Z 0000000140012bd8 f   mfc100d:mfc100d.dll
 0001:00011bde       ?GetConnectionHook@CCmdTarget@@MEAAPEAUIConnectionPoint@@AEBU_GUID@@@Z 0000000140012bde f   mfc100d:mfc100d.dll
 0001:00011be4       ?Run@CWinApp@@UEAAHXZ      0000000140012be4 f   mfc100d:mfc100d.dll
 0001:00011bea       ?PreTranslateMessage@CWinThread@@UEAAHPEAUtagMSG@@@Z 0000000140012bea f   mfc100d:mfc100d.dll
 0001:00011bf0       ?PumpMessage@CWinThread@@UEAAHXZ 0000000140012bf0 f   mfc100d:mfc100d.dll
 0001:00011bf6       ?OnIdle@CWinApp@@UEAAHJ@Z  0000000140012bf6 f   mfc100d:mfc100d.dll
 0001:00011bfc       ?IsIdleMessage@CWinThread@@UEAAHPEAUtagMSG@@@Z 0000000140012bfc f   mfc100d:mfc100d.dll
 0001:00011c02       ?ExitInstance@CWinApp@@UEAAHXZ 0000000140012c02 f   mfc100d:mfc100d.dll
 0001:00011c08       ?ProcessWndProcException@CWinApp@@UEAA_JPEAVCException@@PEBUtagMSG@@@Z 0000000140012c08 f   mfc100d:mfc100d.dll
 0001:00011c0e       ?ProcessMessageFilter@CWinThread@@UEAAHHPEAUtagMSG@@@Z 0000000140012c0e f   mfc100d:mfc100d.dll
 0001:00011c14       ?GetMainWnd@CWinThread@@UEAAPEAVCWnd@@XZ 0000000140012c14 f   mfc100d:mfc100d.dll
 0001:00011c1a       ?Delete@CWinThread@@UEAAXXZ 0000000140012c1a f   mfc100d:mfc100d.dll
 0001:00011c20       ?GetProfileIntA@CWinApp@@UEAAIPEBD0H@Z 0000000140012c20 f   mfc100d:mfc100d.dll
 0001:00011c26       ?WriteProfileInt@CWinApp@@UEAAHPEBD0H@Z 0000000140012c26 f   mfc100d:mfc100d.dll
 0001:00011c2c       ?GetProfileStringA@CWinApp@@UEAA?AV?$CStringT@DV?$StrTraitMFC_DLL@DV?$ChTraitsCRT@D@ATL@@@@@ATL@@PEBD00@Z 0000000140012c2c f   mfc100d:mfc100d.dll
 0001:00011c32       ?WriteProfileStringA@CWinApp@@UEAAHPEBD00@Z 0000000140012c32 f   mfc100d:mfc100d.dll
 0001:00011c38       ?GetProfileBinary@CWinApp@@UEAAHPEBD0PEAPEAEPEAI@Z 0000000140012c38 f   mfc100d:mfc100d.dll
 0001:00011c3e       ?WriteProfileBinary@CWinApp@@UEAAHPEBD0PEAEI@Z 0000000140012c3e f   mfc100d:mfc100d.dll
 0001:00011c44       ?InitLibId@CWinApp@@UEAAXXZ 0000000140012c44 f   mfc100d:mfc100d.dll
 0001:00011c4a       ?Register@CWinApp@@UEAAHXZ 0000000140012c4a f   mfc100d:mfc100d.dll
 0001:00011c50       ?Unregister@CWinApp@@UEAAHXZ 0000000140012c50 f   mfc100d:mfc100d.dll
 0001:00011c56       ?OpenDocumentFile@CWinApp@@UEAAPEAVCDocument@@PEBDH@Z 0000000140012c56 f   mfc100d:mfc100d.dll
 0001:00011c5c       ?OpenDocumentFile@CWinApp@@UEAAPEAVCDocument@@PEBD@Z 0000000140012c5c f   mfc100d:mfc100d.dll
 0001:00011c62       ?AddToRecentFileList@CWinApp@@UEAAXPEBD@Z 0000000140012c62 f   mfc100d:mfc100d.dll
 0001:00011c68       ?InitApplication@CWinApp@@UEAAHXZ 0000000140012c68 f   mfc100d:mfc100d.dll
 0001:00011c6e       ?SaveAllModified@CWinApp@@UEAAHXZ 0000000140012c6e f   mfc100d:mfc100d.dll
 0001:00011c74       ?DoMessageBox@CWinApp@@UEAAHPEBDII@Z 0000000140012c74 f   mfc100d:mfc100d.dll
 0001:00011c7a       ?DoWaitCursor@CWinApp@@UEAAXH@Z 0000000140012c7a f   mfc100d:mfc100d.dll
 0001:00011c80       ?OnDDECommand@CWinApp@@UEAAHPEAD@Z 0000000140012c80 f   mfc100d:mfc100d.dll
 0001:00011c86       ?WinHelpA@CWinApp@@UEAAX_KI@Z 0000000140012c86 f   mfc100d:mfc100d.dll
 0001:00011c8c       ?HtmlHelpA@CWinApp@@UEAAX_KI@Z 0000000140012c8c f   mfc100d:mfc100d.dll
 0001:00011c92       ?WinHelpInternal@CWinApp@@UEAAX_KI@Z 0000000140012c92 f   mfc100d:mfc100d.dll
 0001:00011c98       ?RegisterWithRestartManager@CWinApp@@UEAAJPEB_WKP6AKPEAX@Z1KK@Z 0000000140012c98 f   mfc100d:mfc100d.dll
 0001:00011c9e       ?RegisterWithRestartManager@CWinApp@@UEAAJHAEBV?$CStringT@DV?$StrTraitMFC_DLL@DV?$ChTraitsCRT@D@ATL@@@@@ATL@@@Z 0000000140012c9e f   mfc100d:mfc100d.dll
 0001:00011ca4       ?ApplicationRecoveryCallback@CWinApp@@UEAAKPEAX@Z 0000000140012ca4 f   mfc100d:mfc100d.dll
 0001:00011caa       ?GetDataRecoveryHandler@CWinApp@@UEAAPEAVCDataRecoveryHandler@@XZ 0000000140012caa f   mfc100d:mfc100d.dll
 0001:00011cb0       ?IsTaskbarInteractionEnabled@CWinApp@@UEAAHXZ 0000000140012cb0 f   mfc100d:mfc100d.dll
 0001:00011cb6       ?RestartInstance@CWinApp@@UEAAHXZ 0000000140012cb6 f   mfc100d:mfc100d.dll
 0001:00011cbc       ?LoadAppLangResourceDLL@CWinApp@@UEAAPEAUHINSTANCE__@@XZ 0000000140012cbc f   mfc100d:mfc100d.dll
 0001:00011cc2       ?LoadSysPolicies@CWinApp@@UEAAHXZ 0000000140012cc2 f   mfc100d:mfc100d.dll
 0001:00011cc8       ??3CObject@@SAXPEAX@Z      0000000140012cc8 f   mfc100d:mfc100d.dll
 0001:00011cce       ??1CWinApp@@UEAA@XZ        0000000140012cce f   mfc100d:mfc100d.dll
 0001:00011cd4       ?DoModal@CDialog@@UEAA_JXZ 0000000140012cd4 f   mfc100d:mfc100d.dll
 0001:00011cda       ?AfxEnableControlContainer@@YAXPEAVCOccManager@@@Z 0000000140012cda f   mfc100d:mfc100d.dll
 0001:00011ce0       ??1CDialog@@UEAA@XZ        0000000140012ce0 f   mfc100d:mfc100d.dll
 0001:00011ce6       ??1CStatic@@UEAA@XZ        0000000140012ce6 f   mfc100d:mfc100d.dll
 0001:00011cec       ??1CEdit@@UEAA@XZ          0000000140012cec f   mfc100d:mfc100d.dll
 0001:00011cf2       ??1CButton@@UEAA@XZ        0000000140012cf2 f   mfc100d:mfc100d.dll
 0001:00011cf8       ??1CComboBox@@UEAA@XZ      0000000140012cf8 f   mfc100d:mfc100d.dll
 0001:00011cfe       ??1?$CStringT@DV?$StrTraitMFC_DLL@DV?$ChTraitsCRT@D@ATL@@@@@ATL@@QEAA@XZ 0000000140012cfe f   mfc100d:mfc100d.dll
 0001:00011d04       ??0CDialog@@QEAA@IPEAVCWnd@@@Z 0000000140012d04 f   mfc100d:mfc100d.dll
 0001:00011d0a       ?GetRuntimeClass@CDialog@@UEBAPEAUCRuntimeClass@@XZ 0000000140012d0a f   mfc100d:mfc100d.dll
 0001:00011d10       ?AssertValid@CDialog@@UEBAXXZ 0000000140012d10 f   mfc100d:mfc100d.dll
 0001:00011d16       ?Dump@CDialog@@UEBAXAEAVCDumpContext@@@Z 0000000140012d16 f   mfc100d:mfc100d.dll
 0001:00011d1c       ?OnCmdMsg@CDialog@@UEAAHIHPEAXPEAUAFX_CMDHANDLERINFO@@@Z 0000000140012d1c f   mfc100d:mfc100d.dll
 0001:00011d22       ?OnFinalRelease@CWnd@@UEAAXXZ 0000000140012d22 f   mfc100d:mfc100d.dll
 0001:00011d28       ?GetInterfaceMap@CWnd@@MEBAPEBUAFX_INTERFACEMAP@@XZ 0000000140012d28 f   mfc100d:mfc100d.dll
 0001:00011d2e       ?PreSubclassWindow@CWnd@@UEAAXXZ 0000000140012d2e f   mfc100d:mfc100d.dll
 0001:00011d34       ?Create@CWnd@@UEAAHPEBD0KAEBUtagRECT@@PEAV1@IPEAUCCreateContext@@@Z 0000000140012d34 f   mfc100d:mfc100d.dll
 0001:00011d3a       ?CreateEx@CWnd@@UEAAHKPEBD0KAEBUtagRECT@@PEAV1@IPEAX@Z 0000000140012d3a f   mfc100d:mfc100d.dll
 0001:00011d40       ?CreateEx@CWnd@@UEAAHKPEBD0KHHHHPEAUHWND__@@PEAUHMENU__@@PEAX@Z 0000000140012d40 f   mfc100d:mfc100d.dll
 0001:00011d46       ?DestroyWindow@CWnd@@UEAAHXZ 0000000140012d46 f   mfc100d:mfc100d.dll
 0001:00011d4c       ?PreCreateWindow@CWnd@@UEAAHAEAUtagCREATESTRUCTA@@@Z 0000000140012d4c f   mfc100d:mfc100d.dll
 0001:00011d52       ?CalcWindowRect@CWnd@@UEAAXPEAUtagRECT@@I@Z 0000000140012d52 f   mfc100d:mfc100d.dll
 0001:00011d58       ?GetMenu@CWnd@@UEBAPEAVCMenu@@XZ 0000000140012d58 f   mfc100d:mfc100d.dll
 0001:00011d5e       ?SetMenu@CWnd@@UEAAHPEAVCMenu@@@Z 0000000140012d5e f   mfc100d:mfc100d.dll
 0001:00011d64       ?OnToolHitTest@CWnd@@UEBA_JVCPoint@@PEAUtagTOOLINFOA@@@Z 0000000140012d64 f   mfc100d:mfc100d.dll
 0001:00011d6a       ?GetScrollBarCtrl@CWnd@@UEBAPEAVCScrollBar@@H@Z 0000000140012d6a f   mfc100d:mfc100d.dll
 0001:00011d70       ?WinHelpA@CWnd@@UEAAX_KI@Z 0000000140012d70 f   mfc100d:mfc100d.dll
 0001:00011d76       ?HtmlHelpA@CWnd@@UEAAX_KI@Z 0000000140012d76 f   mfc100d:mfc100d.dll
 0001:00011d7c       ?WinHelpInternal@CWnd@@UEAAX_KI@Z 0000000140012d7c f   mfc100d:mfc100d.dll
 0001:00011d82       ?ContinueModal@CWnd@@UEAAHXZ 0000000140012d82 f   mfc100d:mfc100d.dll
 0001:00011d88       ?EndModalLoop@CWnd@@UEAAXH@Z 0000000140012d88 f   mfc100d:mfc100d.dll
 0001:00011d8e       ?OnDrawIconicThumbnailOrLivePreview@CWnd@@UEAAXAEAVCDC@@VCRect@@VCSize@@HAEAH@Z 0000000140012d8e f   mfc100d:mfc100d.dll
 0001:00011d94       ?EnsureStdObj@CWnd@@UEAAJXZ 0000000140012d94 f   mfc100d:mfc100d.dll
 0001:00011d9a       ?get_accParent@CWnd@@UEAAJPEAPEAUIDispatch@@@Z 0000000140012d9a f   mfc100d:mfc100d.dll
 0001:00011da0       ?get_accChildCount@CWnd@@UEAAJPEAJ@Z 0000000140012da0 f   mfc100d:mfc100d.dll
 0001:00011da6       ?get_accChild@CWnd@@UEAAJUtagVARIANT@@PEAPEAUIDispatch@@@Z 0000000140012da6 f   mfc100d:mfc100d.dll
 0001:00011dac       ?get_accName@CWnd@@UEAAJUtagVARIANT@@PEAPEA_W@Z 0000000140012dac f   mfc100d:mfc100d.dll
 0001:00011db2       ?get_accValue@CWnd@@UEAAJUtagVARIANT@@PEAPEA_W@Z 0000000140012db2 f   mfc100d:mfc100d.dll
 0001:00011db8       ?get_accDescription@CWnd@@UEAAJUtagVARIANT@@PEAPEA_W@Z 0000000140012db8 f   mfc100d:mfc100d.dll
 0001:00011dbe       ?get_accRole@CWnd@@UEAAJUtagVARIANT@@PEAU2@@Z 0000000140012dbe f   mfc100d:mfc100d.dll
 0001:00011dc4       ?get_accState@CWnd@@UEAAJUtagVARIANT@@PEAU2@@Z 0000000140012dc4 f   mfc100d:mfc100d.dll
 0001:00011dca       ?get_accHelp@CWnd@@UEAAJUtagVARIANT@@PEAPEA_W@Z 0000000140012dca f   mfc100d:mfc100d.dll
 0001:00011dd0       ?get_accHelpTopic@CWnd@@UEAAJPEAPEA_WUtagVARIANT@@PEAJ@Z 0000000140012dd0 f   mfc100d:mfc100d.dll
 0001:00011dd6       ?get_accKeyboardShortcut@CWnd@@UEAAJUtagVARIANT@@PEAPEA_W@Z 0000000140012dd6 f   mfc100d:mfc100d.dll
 0001:00011ddc       ?get_accFocus@CWnd@@UEAAJPEAUtagVARIANT@@@Z 0000000140012ddc f   mfc100d:mfc100d.dll
 0001:00011de2       ?get_accSelection@CWnd@@UEAAJPEAUtagVARIANT@@@Z 0000000140012de2 f   mfc100d:mfc100d.dll
 0001:00011de8       ?get_accDefaultAction@CWnd@@UEAAJUtagVARIANT@@PEAPEA_W@Z 0000000140012de8 f   mfc100d:mfc100d.dll
 0001:00011dee       ?accSelect@CWnd@@UEAAJJUtagVARIANT@@@Z 0000000140012dee f   mfc100d:mfc100d.dll
 0001:00011df4       ?accLocation@CWnd@@UEAAJPEAJ000UtagVARIANT@@@Z 0000000140012df4 f   mfc100d:mfc100d.dll
 0001:00011dfa       ?accNavigate@CWnd@@UEAAJJUtagVARIANT@@PEAU2@@Z 0000000140012dfa f   mfc100d:mfc100d.dll
 0001:00011e00       ?accHitTest@CWnd@@UEAAJJJPEAUtagVARIANT@@@Z 0000000140012e00 f   mfc100d:mfc100d.dll
 0001:00011e06       ?accDoDefaultAction@CWnd@@UEAAJUtagVARIANT@@@Z 0000000140012e06 f   mfc100d:mfc100d.dll
 0001:00011e0c       ?put_accName@CWnd@@UEAAJUtagVARIANT@@PEA_W@Z 0000000140012e0c f   mfc100d:mfc100d.dll
 0001:00011e12       ?put_accValue@CWnd@@UEAAJUtagVARIANT@@PEA_W@Z 0000000140012e12 f   mfc100d:mfc100d.dll
 0001:00011e18       ?SetProxy@CWnd@@UEAAJPEAUIAccessibleProxy@@@Z 0000000140012e18 f   mfc100d:mfc100d.dll
 0001:00011e1e       ?CreateAccessibleProxy@CWnd@@UEAAJ_K_JPEA_J@Z 0000000140012e1e f   mfc100d:mfc100d.dll
 0001:00011e24       ?OnCommand@CWnd@@MEAAH_K_J@Z 0000000140012e24 f   mfc100d:mfc100d.dll
 0001:00011e2a       ?OnNotify@CWnd@@MEAAH_K_JPEA_J@Z 0000000140012e2a f   mfc100d:mfc100d.dll
 0001:00011e30       ?GetSuperWndProcAddr@CWnd@@MEAAPEAP6A_JPEAUHWND__@@I_K_J@ZXZ 0000000140012e30 f   mfc100d:mfc100d.dll
 0001:00011e36       ?BeginModalState@CWnd@@UEAAXXZ 0000000140012e36 f   mfc100d:mfc100d.dll
 0001:00011e3c       ?EndModalState@CWnd@@UEAAXXZ 0000000140012e3c f   mfc100d:mfc100d.dll
 0001:00011e42       ?PreTranslateMessage@CDialog@@UEAAHPEAUtagMSG@@@Z 0000000140012e42 f   mfc100d:mfc100d.dll
 0001:00011e48       ?OnAmbientProperty@CWnd@@UEAAHPEAVCOleControlSite@@JPEAUtagVARIANT@@@Z 0000000140012e48 f   mfc100d:mfc100d.dll
 0001:00011e4e       ?WindowProc@CWnd@@MEAA_JI_K_J@Z 0000000140012e4e f   mfc100d:mfc100d.dll
 0001:00011e54       ?OnWndMsg@CWnd@@MEAAHI_K_JPEA_J@Z 0000000140012e54 f   mfc100d:mfc100d.dll
 0001:00011e5a       ?DefWindowProcA@CWnd@@MEAA_JI_K_J@Z 0000000140012e5a f   mfc100d:mfc100d.dll
 0001:00011e60       ?PostNcDestroy@CWnd@@MEAAXXZ 0000000140012e60 f   mfc100d:mfc100d.dll
 0001:00011e66       ?OnChildNotify@CWnd@@MEAAHI_K_JPEA_J@Z 0000000140012e66 f   mfc100d:mfc100d.dll
 0001:00011e6c       ?OnTouchInputs@CWnd@@MEAAHIPEAUtagTOUCHINPUT@@@Z 0000000140012e6c f   mfc100d:mfc100d.dll
 0001:00011e72       ?OnTouchInput@CWnd@@MEAAHVCPoint@@HHPEAUtagTOUCHINPUT@@@Z 0000000140012e72 f   mfc100d:mfc100d.dll
 0001:00011e78       ?GetGestureStatus@CWnd@@MEAAKVCPoint@@@Z 0000000140012e78 f   mfc100d:mfc100d.dll
 0001:00011e7e       ?OnGestureZoom@CWnd@@MEAAHVCPoint@@J@Z 0000000140012e7e f   mfc100d:mfc100d.dll
 0001:00011e84       ?OnGesturePan@CWnd@@MEAAHVCPoint@@0@Z 0000000140012e84 f   mfc100d:mfc100d.dll
 0001:00011e8a       ?OnGestureRotate@CWnd@@MEAAHVCPoint@@N@Z 0000000140012e8a f   mfc100d:mfc100d.dll
 0001:00011e90       ?OnGestureTwoFingerTap@CWnd@@MEAAHVCPoint@@@Z 0000000140012e90 f   mfc100d:mfc100d.dll
 0001:00011e96       ?OnGesturePressAndTap@CWnd@@MEAAHVCPoint@@J@Z 0000000140012e96 f   mfc100d:mfc100d.dll
 0001:00011e9c       ?CheckAutoCenter@CDialog@@UEAAHXZ 0000000140012e9c f   mfc100d:mfc100d.dll
 0001:00011ea2       ?IsFrameWnd@CWnd@@UEBAHXZ  0000000140012ea2 f   mfc100d:mfc100d.dll
 0001:00011ea8       ?CreateControlContainer@CWnd@@MEAAHPEAPEAVCOleControlContainer@@@Z 0000000140012ea8 f   mfc100d:mfc100d.dll
 0001:00011eae       ?CreateControlSite@CWnd@@MEAAHPEAVCOleControlContainer@@PEAPEAVCOleControlSite@@IAEBU_GUID@@@Z 0000000140012eae f   mfc100d:mfc100d.dll
 0001:00011eb4       ?SetOccDialogInfo@CDialog@@MEAAHPEAU_AFX_OCC_DIALOG_INFO@@@Z 0000000140012eb4 f   mfc100d:mfc100d.dll
 0001:00011eba       ?GetOccDialogInfo@CDialog@@MEAAPEAU_AFX_OCC_DIALOG_INFO@@XZ 0000000140012eba f   mfc100d:mfc100d.dll
 0001:00011ec0       ?Create@CDialog@@UEAAHIPEAVCWnd@@@Z 0000000140012ec0 f   mfc100d:mfc100d.dll
 0001:00011ec6       ?Create@CDialog@@UEAAHPEBDPEAVCWnd@@@Z 0000000140012ec6 f   mfc100d:mfc100d.dll
 0001:00011ecc       ?CreateIndirect@CDialog@@UEAAHPEAXPEAVCWnd@@@Z 0000000140012ecc f   mfc100d:mfc100d.dll
 0001:00011ed2       ?CreateIndirect@CDialog@@UEAAHPEBUDLGTEMPLATE@@PEAVCWnd@@PEAX@Z 0000000140012ed2 f   mfc100d:mfc100d.dll
 0001:00011ed8       ?OnInitDialog@CDialog@@UEAAHXZ 0000000140012ed8 f   mfc100d:mfc100d.dll
 0001:00011ede       ?OnSetFont@CDialog@@UEAAXPEAVCFont@@@Z 0000000140012ede f   mfc100d:mfc100d.dll
 0001:00011ee4       ?OnOK@CDialog@@MEAAXXZ     0000000140012ee4 f   mfc100d:mfc100d.dll
 0001:00011eea       ?OnCancel@CDialog@@MEAAXXZ 0000000140012eea f   mfc100d:mfc100d.dll
 0001:00011ef0       ?PreInitDialog@CDialog@@MEAAXXZ 0000000140012ef0 f   mfc100d:mfc100d.dll
 0001:00011ef6       ?DoDataExchange@CWnd@@MEAAXPEAVCDataExchange@@@Z 0000000140012ef6 f   mfc100d:mfc100d.dll
 0001:00011efc       ?GetThisMessageMap@CDialog@@KAPEBUAFX_MSGMAP@@XZ 0000000140012efc f   mfc100d:mfc100d.dll
 0001:00011f02       ??4?$CStringT@DV?$StrTraitMFC_DLL@DV?$ChTraitsCRT@D@ATL@@@@@ATL@@QEAAAEAV01@PEBD@Z 0000000140012f02 f   mfc100d:mfc100d.dll
 0001:00011f08       ?LoadIconA@CWinApp@@QEBAPEAUHICON__@@I@Z 0000000140012f08 f   mfc100d:mfc100d.dll
 0001:00011f0e       ?AfxGetApp@@YAPEAVCWinApp@@XZ 0000000140012f0e f   mfc100d:mfc100d.dll
 0001:00011f14       ??0?$CStringT@DV?$StrTraitMFC_DLL@DV?$ChTraitsCRT@D@ATL@@@@@ATL@@QEAA@PEBD@Z 0000000140012f14 f   mfc100d:mfc100d.dll
 0001:00011f1a       ??0CComboBox@@QEAA@XZ      0000000140012f1a f   mfc100d:mfc100d.dll
 0001:00011f20       ??0CEdit@@QEAA@XZ          0000000140012f20 f   mfc100d:mfc100d.dll
 0001:00011f26       ??0CButton@@QEAA@XZ        0000000140012f26 f   mfc100d:mfc100d.dll
 0001:00011f2c       ??0?$CStringT@DV?$StrTraitMFC_DLL@DV?$ChTraitsCRT@D@ATL@@@@@ATL@@QEAA@XZ 0000000140012f2c f   mfc100d:mfc100d.dll
 0001:00011f32       ??0CStatic@@QEAA@XZ        0000000140012f32 f   mfc100d:mfc100d.dll
 0001:00011f38       ?DDX_Control@@YAXPEAVCDataExchange@@HAEAVCWnd@@@Z 0000000140012f38 f   mfc100d:mfc100d.dll
 0001:00011f3e       ??1CMenu@@UEAA@XZ          0000000140012f3e f   mfc100d:mfc100d.dll
 0001:00011f44       ?DestroyMenu@CMenu@@QEAAHXZ 0000000140012f44 f   mfc100d:mfc100d.dll
 0001:00011f4a       ?PostMessageA@CWnd@@QEAAHI_K_J@Z 0000000140012f4a f   mfc100d:mfc100d.dll
 0001:00011f50       ?TrackPopupMenu@CMenu@@QEAAHIHHPEAVCWnd@@PEBUtagRECT@@@Z 0000000140012f50 f   mfc100d:mfc100d.dll
 0001:00011f56       ?SetForegroundWindow@CWnd@@QEAAHXZ 0000000140012f56 f   mfc100d:mfc100d.dll
 0001:00011f5c       ?GetSubMenu@CMenu@@QEBAPEAV1@H@Z 0000000140012f5c f   mfc100d:mfc100d.dll
 0001:00011f62       ?LoadMenuA@CMenu@@QEAAHI@Z 0000000140012f62 f   mfc100d:mfc100d.dll
 0001:00011f68       ??0CMenu@@QEAA@XZ          0000000140012f68 f   mfc100d:mfc100d.dll
 0001:00011f6e       ??2@YAPEAX_KPEBDH@Z        0000000140012f6e f   mfc100d:mfc100d.dll
 0001:00011f74       ??1CFile@@UEAA@XZ          0000000140012f74 f   mfc100d:mfc100d.dll
 0001:00011f7a       ?Close@CFile@@UEAAXXZ      0000000140012f7a f   mfc100d:mfc100d.dll
 0001:00011f80       ?Write@CFile@@UEAAXPEBXI@Z 0000000140012f80 f   mfc100d:mfc100d.dll
 0001:00011f86       ?Open@CFile@@UEAAHPEBDIPEAVCFileException@@@Z 0000000140012f86 f   mfc100d:mfc100d.dll
 0001:00011f8c       ??B?$CSimpleStringT@D$00@ATL@@QEBAPEBDXZ 0000000140012f8c f   mfc100d:mfc100d.dll
 0001:00011f92       ??0CFile@@QEAA@XZ          0000000140012f92 f   mfc100d:mfc100d.dll
 0001:00011f98       ?GetLength@?$CSimpleStringT@D$00@ATL@@QEBAHXZ 0000000140012f98 f   mfc100d:mfc100d.dll
 0001:00011f9e       ?SetWindowTextA@CWnd@@QEAAXPEBD@Z 0000000140012f9e f   mfc100d:mfc100d.dll
 0001:00011fa4       ??Y?$CStringT@DV?$StrTraitMFC_DLL@DV?$ChTraitsCRT@D@ATL@@@@@ATL@@QEAAAEAV01@AEBV?$CSimpleStringT@D$00@1@@Z 0000000140012fa4 f   mfc100d:mfc100d.dll
 0001:00011faa       ??0?$CStringT@DV?$StrTraitMFC_DLL@DV?$ChTraitsCRT@D@ATL@@@@@ATL@@QEAA@AEBV01@@Z 0000000140012faa f   mfc100d:mfc100d.dll
 0001:00011fb0       ?AfxAssertFailedLine@@YAHPEBDH@Z 0000000140012fb0 f   mfc100d:mfc100d.dll
 0001:00011fb6       ??1CFileFind@@UEAA@XZ      0000000140012fb6 f   mfc100d:mfc100d.dll
 0001:00011fbc       ?IsDirectory@CFileFind@@QEBAHXZ 0000000140012fbc f   mfc100d:mfc100d.dll
 0001:00011fc2       ?IsDots@CFileFind@@UEBAHXZ 0000000140012fc2 f   mfc100d:mfc100d.dll
 0001:00011fc8       ?FindNextFileA@CFileFind@@UEAAHXZ 0000000140012fc8 f   mfc100d:mfc100d.dll
 0001:00011fce       ?FindFile@CFileFind@@UEAAHPEBDK@Z 0000000140012fce f   mfc100d:mfc100d.dll
 0001:00011fd4       ??0CFileFind@@QEAA@XZ      0000000140012fd4 f   mfc100d:mfc100d.dll
 0001:00011fda       ?Left@?$CStringT@DV?$StrTraitMFC_DLL@DV?$ChTraitsCRT@D@ATL@@@@@ATL@@QEBA?AV12@H@Z 0000000140012fda f   mfc100d:mfc100d.dll
 0001:00011fe0       ?AfxBeginThread@@YAPEAVCWinThread@@P6AIPEAX@Z0HIKPEAU_SECURITY_ATTRIBUTES@@@Z 0000000140012fe0 f   mfc100d:mfc100d.dll
 0001:00011fe6       ?GetSafeHwnd@CWnd@@QEBAPEAUHWND__@@XZ 0000000140012fe6 f   mfc100d:mfc100d.dll
 0001:00011fec       ?ShowWindow@CWnd@@QEAAHH@Z 0000000140012fec f   mfc100d:mfc100d.dll
 0001:00011ff2       ?SetIcon@CWnd@@QEAAPEAUHICON__@@PEAU2@H@Z 0000000140012ff2 f   mfc100d:mfc100d.dll
 0001:00011ff8       ?EnableMenuItem@CMenu@@QEAAIII@Z 0000000140012ff8 f   mfc100d:mfc100d.dll
 0001:00011ffe       ?AppendMenuA@CMenu@@QEAAHI_KPEBD@Z 0000000140012ffe f   mfc100d:mfc100d.dll
 0001:00012004       ?IsEmpty@?$CSimpleStringT@D$00@ATL@@QEBA_NXZ 0000000140013004 f   mfc100d:mfc100d.dll
 0001:0001200a       ?LoadStringA@?$CStringT@DV?$StrTraitMFC_DLL@DV?$ChTraitsCRT@D@ATL@@@@@ATL@@QEAAHI@Z 000000014001300a f   mfc100d:mfc100d.dll
 0001:00012010       ?GetSystemMenu@CWnd@@QEBAPEAVCMenu@@H@Z 0000000140013010 f   mfc100d:mfc100d.dll
 0001:00012016       ?Format@?$CStringT@DV?$StrTraitMFC_DLL@DV?$ChTraitsCRT@D@ATL@@@@@ATL@@QEAAXPEBDZZ 0000000140013016 f   mfc100d:mfc100d.dll
 0001:0001201c       ??1CWaitCursor@@QEAA@XZ    000000014001301c f   mfc100d:mfc100d.dll
 0001:00012022       ??0CWaitCursor@@QEAA@XZ    0000000140013022 f   mfc100d:mfc100d.dll
 0001:00012028       ?OnSysCommand@CWnd@@IEAAXI_J@Z 0000000140013028 f   mfc100d:mfc100d.dll
 0001:0001202e       ?OnPaint@CDialog@@IEAAXXZ  000000014001302e f   mfc100d:mfc100d.dll
 0001:00012034       ??1CPaintDC@@UEAA@XZ       0000000140013034 f   mfc100d:mfc100d.dll
 0001:0001203a       ?DrawIcon@CDC@@QEAAHHHPEAUHICON__@@@Z 000000014001303a f   mfc100d:mfc100d.dll
 0001:00012040       ?GetClientRect@CWnd@@QEBAXPEAUtagRECT@@@Z 0000000140013040 f   mfc100d:mfc100d.dll
 0001:00012046       ?SendMessageA@CWnd@@QEBA_JI_K_J@Z 0000000140013046 f   mfc100d:mfc100d.dll
 0001:0001204c       ?GetSafeHdc@CDC@@QEBAPEAUHDC__@@XZ 000000014001304c f   mfc100d:mfc100d.dll
 0001:00012052       ??0CPaintDC@@QEAA@PEAVCWnd@@@Z 0000000140013052 f   mfc100d:mfc100d.dll
 0001:00012058       ?IsIconic@CWnd@@QEBAHXZ    0000000140013058 f   mfc100d:mfc100d.dll
 0001:0001205e       ?InvalidateRect@CWnd@@QEAAXPEBUtagRECT@@H@Z 000000014001305e f   mfc100d:mfc100d.dll
 0001:00012064       ??4?$CStringT@DV?$StrTraitMFC_DLL@DV?$ChTraitsCRT@D@ATL@@@@@ATL@@QEAAAEAV01@AEBV01@@Z 0000000140013064 f   mfc100d:mfc100d.dll
 0001:0001206a       ?OnDestroy@CWnd@@IEAAXXZ   000000014001306a f   mfc100d:mfc100d.dll
 0001:00012070       ?MoveWindow@CWnd@@QEAAXPEBUtagRECT@@H@Z 0000000140013070 f   mfc100d:mfc100d.dll
 0001:00012076       ?ScreenToClient@CWnd@@QEBAXPEAUtagRECT@@@Z 0000000140013076 f   mfc100d:mfc100d.dll
 0001:0001207c       ?GetWindowRect@CWnd@@QEBAXPEAUtagRECT@@@Z 000000014001307c f   mfc100d:mfc100d.dll
 0001:00012082       ?GetDlgItem@CWnd@@QEBAPEAV1@H@Z 0000000140013082 f   mfc100d:mfc100d.dll
 0001:00012088       ?OnSize@CWnd@@IEAAXIHH@Z   0000000140013088 f   mfc100d:mfc100d.dll
 0001:0001208e       ?OnEndSession@CDialog@@IEAAXH@Z 000000014001308e f   mfc100d:mfc100d.dll
 0001:00012094       ?OnQueryEndSession@CDialog@@IEAAHXZ 0000000140013094 f   mfc100d:mfc100d.dll
 0001:0001209a       ?EnableWindow@CWnd@@QEAAHH@Z 000000014001309a f   mfc100d:mfc100d.dll
 0001:000120a0       ?MessageBoxA@CWnd@@QEAAHPEBD0I@Z 00000001400130a0 f   mfc100d:mfc100d.dll
 0001:000120a6       ?GetBuffer@?$CSimpleStringT@D$00@ATL@@QEAAPEADXZ 00000001400130a6 f   mfc100d:mfc100d.dll
 0001:000120ac       ?GetBuffer@?$CSimpleStringT@D$00@ATL@@QEAAPEADH@Z 00000001400130ac f   mfc100d:mfc100d.dll
 0001:000120b2       ?SetWindowPos@CWnd@@QEAAHPEBV1@HHHHI@Z 00000001400130b2 f   mfc100d:mfc100d.dll
 0001:000120b8       ?EndDialog@CDialog@@QEAAXH@Z 00000001400130b8 f   mfc100d:mfc100d.dll
 0001:000120be       ?UpdateData@CWnd@@QEAAHH@Z 00000001400130be f   mfc100d:mfc100d.dll
 0001:000120c4       ?SetTimer@CWnd@@QEAA_K_KIP6AXPEAUHWND__@@I0K@Z@Z 00000001400130c4 f   mfc100d:mfc100d.dll
 0001:000120ca       ?OnNcPaint@CWnd@@IEAAXXZ   00000001400130ca f   mfc100d:mfc100d.dll
 0001:000120d0       ?OnTimer@CWnd@@IEAAX_K@Z   00000001400130d0 f   mfc100d:mfc100d.dll
 0001:000120d6       ?GetForegroundWindow@CWnd@@SAPEAV1@XZ 00000001400130d6 f   mfc100d:mfc100d.dll
 0001:000120dc       ?KillTimer@CWnd@@QEAAH_K@Z 00000001400130dc f   mfc100d:mfc100d.dll
 0001:000120e2       ?MoveWindow@CWnd@@QEAAXHHHHH@Z 00000001400130e2 f   mfc100d:mfc100d.dll
 0001:000120e8       ?ModifyStyle@CWnd@@QEAAHKKI@Z 00000001400130e8 f   mfc100d:mfc100d.dll
 0001:000120ee       ?AfxThrowInvalidArgException@@YAXXZ 00000001400130ee f   mfc100d:mfc100d.dll
 0001:000120f4       ?AfxThrowMemoryException@@YAXXZ 00000001400130f4 f   mfc100d:mfc100d.dll
 0001:000120fa       ??3CObject@@SAXPEAXPEBDH@Z 00000001400130fa f   mfc100d:mfc100d.dll
 0001:00012100       ??1CDC@@UEAA@XZ            0000000140013100 f   mfc100d:mfc100d.dll
 0001:00012106       ??1CBitmap@@UEAA@XZ        0000000140013106 f   mfc100d:mfc100d.dll
 0001:0001210c       ??1CFont@@UEAA@XZ          000000014001310c f   mfc100d:mfc100d.dll
 0001:00012112       ??1CPen@@UEAA@XZ           0000000140013112 f   mfc100d:mfc100d.dll
 0001:00012118       ?DeleteDC@CDC@@QEAAHXZ     0000000140013118 f   mfc100d:mfc100d.dll
 0001:0001211e       ?BitBlt@CDC@@QEAAHHHHHPEAV1@HHK@Z 000000014001311e f   mfc100d:mfc100d.dll
 0001:00012124       ?Mid@?$CStringT@DV?$StrTraitMFC_DLL@DV?$ChTraitsCRT@D@ATL@@@@@ATL@@QEBA?AV12@HH@Z 0000000140013124 f   mfc100d:mfc100d.dll
 0001:0001212a       ?Find@?$CStringT@DV?$StrTraitMFC_DLL@DV?$ChTraitsCRT@D@ATL@@@@@ATL@@QEBAHDH@Z 000000014001312a f   mfc100d:mfc100d.dll
 0001:00012130       ?LineTo@CDC@@QEAAHHH@Z     0000000140013130 f   mfc100d:mfc100d.dll
 0001:00012136       ?MoveTo@CDC@@QEAA?AVCPoint@@HH@Z 0000000140013136 f   mfc100d:mfc100d.dll
 0001:0001213c       ?SelectObject@CDC@@QEAAPEAVCPen@@PEAV2@@Z 000000014001313c f   mfc100d:mfc100d.dll
 0001:00012142       ??0CPen@@QEAA@HHK@Z        0000000140013142 f   mfc100d:mfc100d.dll
 0001:00012148       ?DeleteObject@CGdiObject@@QEAAHXZ 0000000140013148 f   mfc100d:mfc100d.dll
 0001:0001214e       ?DrawTextA@CDC@@QEAAHAEBV?$CStringT@DV?$StrTraitMFC_DLL@DV?$ChTraitsCRT@D@ATL@@@@@ATL@@PEAUtagRECT@@I@Z 000000014001314e f   mfc100d:mfc100d.dll
 0001:00012154       ?SetBkMode@CDC@@QEAAHH@Z   0000000140013154 f   mfc100d:mfc100d.dll
 0001:0001215a       ?CreateFontA@CFont@@QEAAHHHHHHEEEEEEEEPEBD@Z 000000014001315a f   mfc100d:mfc100d.dll
 0001:00012160       ??0CFont@@QEAA@XZ          0000000140013160 f   mfc100d:mfc100d.dll
 0001:00012166       ?SelectObject@CDC@@QEAAPEAVCBitmap@@PEAV2@@Z 0000000140013166 f   mfc100d:mfc100d.dll
 0001:0001216c       ?CreateCompatibleBitmap@CBitmap@@QEAAHPEAVCDC@@HH@Z 000000014001316c f   mfc100d:mfc100d.dll
 0001:00012172       ??0CBitmap@@QEAA@XZ        0000000140013172 f   mfc100d:mfc100d.dll
 0001:00012178       ?CreateCompatibleDC@CDC@@QEAAHPEAV1@@Z 0000000140013178 f   mfc100d:mfc100d.dll
 0001:0001217e       ??2CObject@@SAPEAX_KPEBDH@Z 000000014001317e f   mfc100d:mfc100d.dll
 0001:00012184       ?GetDC@CWnd@@QEAAPEAVCDC@@XZ 0000000140013184 f   mfc100d:mfc100d.dll
 0001:0001218a       ??0CDC@@QEAA@XZ            000000014001318a f   mfc100d:mfc100d.dll
 0001:00012190       ?OnLButtonDown@CWnd@@IEAAXIVCPoint@@@Z 0000000140013190 f   mfc100d:mfc100d.dll
 0001:00012196       ?AppendChar@?$CSimpleStringT@D$00@ATL@@QEAAXD@Z 0000000140013196 f   mfc100d:mfc100d.dll
 0001:0001219c       ?Delete@?$CStringT@DV?$StrTraitMFC_DLL@DV?$ChTraitsCRT@D@ATL@@@@@ATL@@QEAAHHH@Z 000000014001319c f   mfc100d:mfc100d.dll
 0001:000121a2       ?OnEraseBkgnd@CWnd@@IEAAHPEAVCDC@@@Z 00000001400131a2 f   mfc100d:mfc100d.dll
 0001:000121a8       ??1CStdioFile@@UEAA@XZ     00000001400131a8 f   mfc100d:mfc100d.dll
 0001:000121ae       ?Close@CStdioFile@@UEAAXXZ 00000001400131ae f   mfc100d:mfc100d.dll
 0001:000121b4       ?WriteString@CStdioFile@@UEAAXPEBD@Z 00000001400131b4 f   mfc100d:mfc100d.dll
 0001:000121ba       ?SeekToEnd@CFile@@QEAA_KXZ 00000001400131ba f   mfc100d:mfc100d.dll
 0001:000121c0       ?Open@CStdioFile@@UEAAHPEBDIPEAVCFileException@@@Z 00000001400131c0 f   mfc100d:mfc100d.dll
 0001:000121c6       ??0CStdioFile@@QEAA@XZ     00000001400131c6 f   mfc100d:mfc100d.dll
 0001:000121cc       ?OnCreate@CWnd@@IEAAHPEAUtagCREATESTRUCTA@@@Z 00000001400131cc f   mfc100d:mfc100d.dll
 0001:000121d2       ?Concatenate@?$CSimpleStringT@D$00@ATL@@KAXAEAV12@PEBDH1H@Z 00000001400131d2 f   mfc100d:mfc100d.dll
 0001:000121d8       ?StringLength@?$CSimpleStringT@D$00@ATL@@SAHPEBD@Z 00000001400131d8 f   mfc100d:mfc100d.dll
 0001:000121de       ??0?$CStringT@DV?$StrTraitMFC_DLL@DV?$ChTraitsCRT@D@ATL@@@@@ATL@@QEAA@PEAUIAtlStringMgr@1@@Z 00000001400131de f   mfc100d:mfc100d.dll
 0001:000121e4       ?GetManager@?$CStringT@DV?$StrTraitMFC_DLL@DV?$ChTraitsCRT@D@ATL@@@@@ATL@@QEBAPEAUIAtlStringMgr@2@XZ 00000001400131e4 f   mfc100d:mfc100d.dll
 0001:000121ea       ?AfxThrowOleException@@YAXJ@Z 00000001400131ea f   mfc100d:mfc100d.dll
 0001:000121f0       ?GetThisClass@CDialog@@SAPEAUCRuntimeClass@@XZ 00000001400131f0 f   mfc100d:mfc100d.dll
 0001:000121f6       ?DDX_Text@@YAXPEAVCDataExchange@@HAEAK@Z 00000001400131f6 f   mfc100d:mfc100d.dll
 0001:000121fc       ?SetFont@CWnd@@QEAAXPEAVCFont@@H@Z 00000001400131fc f   mfc100d:mfc100d.dll
 0001:00012202       ??2CObject@@SAPEAX_K@Z     0000000140013202 f   mfc100d:mfc100d.dll
 0001:00012208       ?OnCtlColor@CWnd@@IEAAPEAUHBRUSH__@@PEAVCDC@@PEAV1@I@Z 0000000140013208 f   mfc100d:mfc100d.dll
 0001:0001220e       ??1CBrush@@UEAA@XZ         000000014001320e f   mfc100d:mfc100d.dll
 0001:00012214       ?PatBlt@CDC@@QEAAHHHHHK@Z  0000000140013214 f   mfc100d:mfc100d.dll
 0001:0001221a       ?SelectObject@CDC@@QEAAPEAVCBrush@@PEAV2@@Z 000000014001321a f   mfc100d:mfc100d.dll
 0001:00012220       ??0CBrush@@QEAA@K@Z        0000000140013220 f   mfc100d:mfc100d.dll
 0001:00012226       ?OnClose@CWnd@@IEAAXXZ     0000000140013226 f   mfc100d:mfc100d.dll
 0001:0001222c       ?OnLButtonUp@CWnd@@IEAAXIVCPoint@@@Z 000000014001322c f   mfc100d:mfc100d.dll
 0001:00012232       ??_V@YAXPEAX@Z             0000000140013232 f   mfc100d:mfc100d.dll
 0001:00012238       ??_U@YAPEAX_K@Z            0000000140013238 f   mfc100d:mfc100d.dll
 0001:0001223e       ?AfxEndThread@@YAXIH@Z     000000014001323e f   mfc100d:mfc100d.dll
 0001:00012244       ?ResumeThread@CWinThread@@QEAAKXZ 0000000140013244 f   mfc100d:mfc100d.dll
 0001:0001224a       ?SuspendThread@CWinThread@@QEAAKXZ 000000014001324a f   mfc100d:mfc100d.dll
 0001:00012250       ?GetThisClass@CWnd@@SAPEAUCRuntimeClass@@XZ 0000000140013250 f   mfc100d:mfc100d.dll
 0001:00012256       ??1CWnd@@UEAA@XZ           0000000140013256 f   mfc100d:mfc100d.dll
 0001:0001225c       ??0CWnd@@QEAA@XZ           000000014001325c f   mfc100d:mfc100d.dll
 0001:00012262       ?AssertValid@CWnd@@UEBAXXZ 0000000140013262 f   mfc100d:mfc100d.dll
 0001:00012268       ?Dump@CWnd@@UEBAXAEAVCDumpContext@@@Z 0000000140013268 f   mfc100d:mfc100d.dll
 0001:0001226e       ?PreTranslateMessage@CWnd@@UEAAHPEAUtagMSG@@@Z 000000014001326e f   mfc100d:mfc100d.dll
 0001:00012274       ?CheckAutoCenter@CWnd@@UEAAHXZ 0000000140013274 f   mfc100d:mfc100d.dll
 0001:0001227a       ?SetOccDialogInfo@CWnd@@MEAAHPEAU_AFX_OCC_DIALOG_INFO@@@Z 000000014001327a f   mfc100d:mfc100d.dll
 0001:00012280       ?GetOccDialogInfo@CWnd@@MEAAPEAU_AFX_OCC_DIALOG_INFO@@XZ 0000000140013280 f   mfc100d:mfc100d.dll
 0001:00012286       ?GetThisMessageMap@CWnd@@KAPEBUAFX_MSGMAP@@XZ 0000000140013286 f   mfc100d:mfc100d.dll
 0001:0001228c       ?UpdateWindow@CWnd@@QEAAXXZ 000000014001328c f   mfc100d:mfc100d.dll
 0001:00012292       ?CenterWindow@CWnd@@QEAAXPEAV1@@Z 0000000140013292 f   mfc100d:mfc100d.dll
 0001:00012298       ?AfxRegisterWndClass@@YAPEBDIPEAUHICON__@@PEAUHBRUSH__@@0@Z 0000000140013298 f   mfc100d:mfc100d.dll
 0001:0001229e       ?LoadStandardCursor@CWinApp@@QEBAPEAUHICON__@@PEBD@Z 000000014001329e f   mfc100d:mfc100d.dll
 0001:000122a4       ?SelectObject@CDC@@UEAAPEAVCFont@@PEAV2@@Z 00000001400132a4 f   mfc100d:mfc100d.dll
 0001:000122aa       ?SetTextColor@CDC@@UEAAKK@Z 00000001400132aa f   mfc100d:mfc100d.dll
 0001:000122b0       ?Find@?$CStringT@DV?$StrTraitMFC_DLL@DV?$ChTraitsCRT@D@ATL@@@@@ATL@@QEBAHPEBDH@Z 00000001400132b0 f   mfc100d:mfc100d.dll
 0001:000122b6       ?OnNcDestroy@CWnd@@IEAAXXZ 00000001400132b6 f   mfc100d:mfc100d.dll
 0001:000122c0       ??_Estringdispid@CComTypeInfoHolder@ATL@@QEAAPEAXI@Z 00000001400132c0 f i mfcs100d:nolib.obj
 0001:00012350       ??1stringdispid@CComTypeInfoHolder@ATL@@QEAA@XZ 0000000140013350 f i mfcs100d:nolib.obj
 0001:00012370       ??1CComBSTR@ATL@@QEAA@XZ   0000000140013370 f i mfcs100d:nolib.obj
 0001:00012390       ??0type_info@@AEAA@AEBV0@@Z 0000000140013390 f   msvcrtd:ti_inst.obj
 0001:000123b0       ??_Etype_info@@UEAAPEAXI@Z 00000001400133b0 f i msvcrtd:ti_inst.obj
 0001:00012440       ??4type_info@@AEAAAEAV0@AEBV0@@Z 0000000140013440 f   msvcrtd:ti_inst.obj
 0001:00012450       __GSHandlerCheck_EH        0000000140013450 f   msvcrtd:gshandlereh.obj
 0001:00012510       __security_check_cookie    0000000140013510 f   msvcrtd:amdsecgs.obj
 0001:00012540       __chkstk                   0000000140013540 f   msvcrtd:chkstk.obj
 0001:00012540       _alloca_probe              0000000140013540     msvcrtd:chkstk.obj
 0001:0001258e       __CxxFrameHandler3         000000014001358e f   msvcrtd:MSVCR100D.dll
 0001:000125a0       _onexit                    00000001400135a0 f   msvcrtd:atonexit.obj
 0001:00012660       atexit                     0000000140013660 f   msvcrtd:atonexit.obj
 0001:00012694       memcpy                     0000000140013694 f   msvcrtd:MSVCR100D.dll
 0001:000126a0       __GSHandlerCheck           00000001400136a0 f   msvcrtd:gshandler.obj
 0001:000126e0       __GSHandlerCheckCommon     00000001400136e0 f   msvcrtd:gshandler.obj
 0001:000127d8       fprintf_s                  00000001400137d8 f   msvcrtd:MSVCR100D.dll
 0001:000127de       clock                      00000001400137de f   msvcrtd:MSVCR100D.dll
 0001:000127e4       fprintf                    00000001400137e4 f   msvcrtd:MSVCR100D.dll
 0001:000127ea       sprintf                    00000001400137ea f   msvcrtd:MSVCR100D.dll
 0001:000127f0       strlen                     00000001400137f0 f   msvcrtd:MSVCR100D.dll
 0001:000127f6       fclose                     00000001400137f6 f   msvcrtd:MSVCR100D.dll
 0001:000127fc       exit                       00000001400137fc f   msvcrtd:MSVCR100D.dll
 0001:00012802       memset                     0000000140013802 f   msvcrtd:MSVCR100D.dll
 0001:00012808       floorf                     0000000140013808 f   msvcrtd:MSVCR100D.dll
 0001:0001280e       _CrtDbgReportW             000000014001380e f   msvcrtd:MSVCR100D.dll
 0001:00012820       __GSHandlerCheck_SEH       0000000140013820 f   msvcrtd:gshandlerseh.obj
 0001:000128de       _resetstkoflw              00000001400138de f   msvcrtd:MSVCR100D.dll
 0001:000128e4       memcpy_s                   00000001400138e4 f   msvcrtd:MSVCR100D.dll
 0001:000128ea       labs                       00000001400138ea f   msvcrtd:MSVCR100D.dll
 0001:000128f0       cos                        00000001400138f0 f   msvcrtd:MSVCR100D.dll
 0001:000128f6       sin                        00000001400138f6 f   msvcrtd:MSVCR100D.dll
 0001:000128fc       malloc                     00000001400138fc f   msvcrtd:MSVCR100D.dll
 0001:00012902       free                       0000000140013902 f   msvcrtd:MSVCR100D.dll
 0001:00012908       vsprintf_s                 0000000140013908 f   msvcrtd:MSVCR100D.dll
 0001:0001290e       strcpy_s                   000000014001390e f   msvcrtd:MSVCR100D.dll
 0001:00012914       _wassert                   0000000140013914 f   msvcrtd:MSVCR100D.dll
 0001:0001291a       strcpy                     000000014001391a f   msvcrtd:MSVCR100D.dll
 0001:00012a30       WinMainCRTStartup          0000000140013a30 f   msvcrtd:crtexew.obj
 0001:00012dc0       NtCurrentTeb               0000000140013dc0 f i msvcrtd:crtexew.obj
 0001:00012e70       ??_M@YAXPEAX_KHP6AX0@Z@Z   0000000140013e70 f   msvcrtd:ehvecdtr.obj
 0001:00012f20       ?__ArrayUnwind@@YAXPEAX_KHP6AX0@Z@Z 0000000140013f20 f   msvcrtd:ehvecdtr.obj
 0001:00012fb0       __report_gsfailure         0000000140013fb0 f   msvcrtd:gs_report.obj
 0001:000130fa       __C_specific_handler       00000001400140fa f   msvcrtd:MSVCR100D.dll
 0001:00013100       _unlock                    0000000140014100 f   msvcrtd:MSVCR100D.dll
 0001:00013106       __dllonexit                0000000140014106 f   msvcrtd:MSVCR100D.dll
 0001:0001310c       _lock                      000000014001410c f   msvcrtd:MSVCR100D.dll
 0001:00013120       ?__CxxUnhandledExceptionFilter@@YAJPEAU_EXCEPTION_POINTERS@@@Z 0000000140014120 f   msvcrtd:unhandld.obj
 0001:000131a0       __CxxSetUnhandledExceptionFilter 00000001400141a0 f   msvcrtd:unhandld.obj
 0001:000131b8       _configthreadlocale        00000001400141b8 f   msvcrtd:MSVCR100D.dll
 0001:000131be       __setusermatherr           00000001400141be f   msvcrtd:MSVCR100D.dll
 0001:000131d0       _matherr                   00000001400141d0 f   msvcrtd:merr.obj
 0001:000131e0       _setargv                   00000001400141e0 f   msvcrtd:dllargv.obj
 0001:000131f0       _RTC_Initialize            00000001400141f0 f   msvcrtd:_initsect_.obj
 0001:00013230       _RTC_Terminate             0000000140014230 f   msvcrtd:_initsect_.obj
 0001:0001326e       __set_app_type             000000014001426e f   msvcrtd:MSVCR100D.dll
 0001:00013274       _amsg_exit                 0000000140014274 f   msvcrtd:MSVCR100D.dll
 0001:0001327a       __getmainargs              000000014001427a f   msvcrtd:MSVCR100D.dll
 0001:00013280       __security_init_cookie     0000000140014280 f   msvcrtd:gs_support.obj
 0001:0001338e       _XcptFilter                000000014001438e f   msvcrtd:MSVCR100D.dll
 0001:00013394       _exit                      0000000140014394 f   msvcrtd:MSVCR100D.dll
 0001:0001339a       _cexit                     000000014001439a f   msvcrtd:MSVCR100D.dll
 0001:000133a0       _ismbblead                 00000001400143a0 f   msvcrtd:MSVCR100D.dll
 0001:000133a6       _CrtSetCheckCount          00000001400143a6 f   msvcrtd:MSVCR100D.dll
 0001:000133b0       _ValidateImageBase         00000001400143b0 f   msvcrtd:pesect.obj
 0001:00013430       _FindPESection             0000000140014430 f   msvcrtd:pesect.obj
 0001:000134e0       _IsNonwritableInCurrentImage 00000001400144e0 f   msvcrtd:pesect.obj
 0001:0001356e       _initterm                  000000014001456e f   msvcrtd:MSVCR100D.dll
 0001:00013574       _initterm_e                0000000140014574 f   msvcrtd:MSVCR100D.dll
 0001:0001357a       ?terminate@@YAXXZ          000000014001457a f   msvcrtd:MSVCR100D.dll
 0001:00013580       ?_type_info_dtor_internal_method@type_info@@QEAAXXZ 0000000140014580 f   msvcrtd:MSVCR100D.dll
 0001:00013580       ??1type_info@@UEAA@XZ      0000000140014580 f   msvcrtd:MSVCR100D.dll
 0001:00013586       __crt_debugger_hook        0000000140014586 f   msvcrtd:MSVCR100D.dll
 0001:0001358c       GetLocalTime               000000014001458c f   kernel32:KERNEL32.dll
 0001:00013592       GetDiskFreeSpaceExA        0000000140014592 f   kernel32:KERNEL32.dll
 0001:00013598       GetDiskFreeSpaceA          0000000140014598 f   kernel32:KERNEL32.dll
 0001:0001359e       QueryPerformanceCounter    000000014001459e f   kernel32:KERNEL32.dll
 0001:000135a4       QueryPerformanceFrequency  00000001400145a4 f   kernel32:KERNEL32.dll
 0001:000135aa       Sleep                      00000001400145aa f   kernel32:KERNEL32.dll
 0001:000135b0       CloseHandle                00000001400145b0 f   kernel32:KERNEL32.dll
 0001:000135b6       GetSystemInfo              00000001400145b6 f   kernel32:KERNEL32.dll
 0001:000135bc       SizeofResource             00000001400145bc f   kernel32:KERNEL32.dll
 0001:000135c2       LockResource               00000001400145c2 f   kernel32:KERNEL32.dll
 0001:000135c8       LoadResource               00000001400145c8 f   kernel32:KERNEL32.dll
 0001:000135ce       FindResourceA              00000001400145ce f   kernel32:KERNEL32.dll
 0001:000135d4       LeaveCriticalSection       00000001400145d4 f   kernel32:KERNEL32.dll
 0001:000135da       EnterCriticalSection       00000001400145da f   kernel32:KERNEL32.dll
 0001:000135e0       SetConsoleCursorInfo       00000001400145e0 f   kernel32:KERNEL32.dll
 0001:000135e6       GetStdHandle               00000001400145e6 f   kernel32:KERNEL32.dll
 0001:000135ec       SetEvent                   00000001400145ec f   kernel32:KERNEL32.dll
 0001:000135f2       PurgeComm                  00000001400145f2 f   kernel32:KERNEL32.dll
 0001:000135f8       SetCommState               00000001400145f8 f   kernel32:KERNEL32.dll
 0001:000135fe       BuildCommDCBA              00000001400145fe f   kernel32:KERNEL32.dll
 0001:00013604       GetCommState               0000000140014604 f   kernel32:KERNEL32.dll
 0001:0001360a       SetCommMask                000000014001460a f   kernel32:KERNEL32.dll
 0001:00013610       SetCommTimeouts            0000000140014610 f   kernel32:KERNEL32.dll
 0001:00013616       CreateFileA                0000000140014616 f   kernel32:KERNEL32.dll
 0001:0001361c       InitializeCriticalSection  000000014001461c f   kernel32:KERNEL32.dll
 0001:00013622       CreateEventA               0000000140014622 f   kernel32:KERNEL32.dll
 0001:00013628       ResetEvent                 0000000140014628 f   kernel32:KERNEL32.dll
 0001:0001362e       GetCommMask                000000014001462e f   kernel32:KERNEL32.dll
 0001:00013634       WaitForMultipleObjects     0000000140014634 f   kernel32:KERNEL32.dll
 0001:0001363a       ClearCommError             000000014001463a f   kernel32:KERNEL32.dll
 0001:00013640       GetLastError               0000000140014640 f   kernel32:KERNEL32.dll
 0001:00013646       WaitCommEvent              0000000140014646 f   kernel32:KERNEL32.dll
 0001:0001364c       LocalFree                  000000014001464c f   kernel32:KERNEL32.dll
 0001:00013652       FormatMessageA             0000000140014652 f   kernel32:KERNEL32.dll
 0001:00013658       GetOverlappedResult        0000000140014658 f   kernel32:KERNEL32.dll
 0001:0001365e       WriteFile                  000000014001465e f   kernel32:KERNEL32.dll
 0001:00013664       ReadFile                   0000000140014664 f   kernel32:KERNEL32.dll
 0001:0001366a       CreateThread               000000014001466a f   kernel32:KERNEL32.dll
 0001:00013670       EncodePointer              0000000140014670 f   kernel32:KERNEL32.dll
 0001:00013676       DecodePointer              0000000140014676 f   kernel32:KERNEL32.dll
 0001:0001367c       GetStartupInfoW            000000014001467c f   kernel32:KERNEL32.dll
 0001:00013682       TerminateProcess           0000000140014682 f   kernel32:KERNEL32.dll
 0001:00013688       GetCurrentProcess          0000000140014688 f   kernel32:KERNEL32.dll
 0001:0001368e       UnhandledExceptionFilter   000000014001468e f   kernel32:KERNEL32.dll
 0001:00013694       SetUnhandledExceptionFilter 0000000140014694 f   kernel32:KERNEL32.dll
 0001:0001369a       IsDebuggerPresent          000000014001469a f   kernel32:KERNEL32.dll
 0001:000136a0       RtlVirtualUnwind           00000001400146a0 f   kernel32:KERNEL32.dll
 0001:000136a6       RtlLookupFunctionEntry     00000001400146a6 f   kernel32:KERNEL32.dll
 0001:000136ac       RtlCaptureContext          00000001400146ac f   kernel32:KERNEL32.dll
 0001:000136b2       GetTickCount               00000001400146b2 f   kernel32:KERNEL32.dll
 0001:000136b8       GetCurrentThreadId         00000001400146b8 f   kernel32:KERNEL32.dll
 0001:000136be       GetCurrentProcessId        00000001400146be f   kernel32:KERNEL32.dll
 0001:000136c4       GetSystemTimeAsFileTime    00000001400146c4 f   kernel32:KERNEL32.dll
 0001:000136ca       GetCursorPos               00000001400146ca f   user32:USER32.dll
 0001:000136d0       DispatchMessageA           00000001400146d0 f   user32:USER32.dll
 0001:000136d6       TranslateMessage           00000001400146d6 f   user32:USER32.dll
 0001:000136dc       PeekMessageA               00000001400146dc f   user32:USER32.dll
 0001:000136e2       PostQuitMessage            00000001400146e2 f   user32:USER32.dll
 0001:000136e8       IsWindow                   00000001400146e8 f   user32:USER32.dll
 0001:000136ee       GetSystemMetrics           00000001400146ee f   user32:USER32.dll
 0001:000136f4       GetDlgCtrlID               00000001400146f4 f   user32:USER32.dll
 0001:000136fa       GetWindow                  00000001400146fa f   user32:USER32.dll
 0001:00013700       SetDlgItemTextA            0000000140014700 f   user32:USER32.dll
 0001:00013706       SendMessageA               0000000140014706 f   user32:USER32.dll
 0001:0001370c       MessageBoxA                000000014001470c f   user32:USER32.dll
 0001:00013712       SetCursor                  0000000140014712 f   user32:USER32.dll
 0001:00013718       LoadCursorA                0000000140014718 f   user32:USER32.dll
 0001:0001371e       CreateDIBSection           000000014001471e f   gdi32:GDI32.dll
 0001:00013724       SetDIBColorTable           0000000140014724 f   gdi32:GDI32.dll
 0001:0001372a       SelectObject               000000014001472a f   gdi32:GDI32.dll
 0001:00013730       CreateCompatibleDC         0000000140014730 f   gdi32:GDI32.dll
 0001:00013736       DeleteDC                   0000000140014736 f   gdi32:GDI32.dll
 0001:0001373c       GetObjectA                 000000014001473c f   gdi32:GDI32.dll
 0001:00013742       DeleteObject               0000000140014742 f   gdi32:GDI32.dll
 0001:00013748       StretchBlt                 0000000140014748 f   gdi32:GDI32.dll
 0001:0001374e       GetDIBColorTable           000000014001474e f   gdi32:GDI32.dll
 0001:00013754       CreateSolidBrush           0000000140014754 f   gdi32:GDI32.dll
 0001:0001375a       AlphaBlend                 000000014001475a f   msimg32:MSIMG32.dll
 0001:00013760       TransparentBlt             0000000140014760 f   msimg32:MSIMG32.dll
 0001:00013766       OpenSCManagerA             0000000140014766 f   advapi32:ADVAPI32.dll
 0001:0001376c       Shell_NotifyIconA          000000014001476c f   shell32:SHELL32.dll
 0001:00013780       ??0CSize@@QEAA@XZ          0000000140014780 f   atlsd:atltypes.obj
 0001:000137b0       ??0CSize@@QEAA@HH@Z        00000001400147b0 f   atlsd:atltypes.obj
 0001:000137e0       ??0CSize@@QEAA@UtagSIZE@@@Z 00000001400147e0 f   atlsd:atltypes.obj
 0001:00013800       ??0CSize@@QEAA@UtagPOINT@@@Z 0000000140014800 f   atlsd:atltypes.obj
 0001:00013820       ??0CSize@@QEAA@K@Z         0000000140014820 f   atlsd:atltypes.obj
 0001:00013860       ??8CSize@@QEBAHUtagSIZE@@@Z 0000000140014860 f   atlsd:atltypes.obj
 0001:000138b0       ??9CSize@@QEBAHUtagSIZE@@@Z 00000001400148b0 f   atlsd:atltypes.obj
 0001:00013900       ??YCSize@@QEAAXUtagSIZE@@@Z 0000000140014900 f   atlsd:atltypes.obj
[...]
 0005:00002c80       __imp_?get_accRole@CWnd@@UEAAJUtagVARIANT@@PEAU2@@Z 0000000174561c80     mfc100d:mfc100d.dll
 0005:00002c88       __imp_?get_accDescription@CWnd@@UEAAJUtagVARIANT@@PEAPEA_W@Z 0000000174561c88     mfc100d:mfc100d.dll
 0005:00002c90       __imp_?get_accValue@CWnd@@UEAAJUtagVARIANT@@PEAPEA_W@Z 0000000174561c90     mfc100d:mfc100d.dll
 0005:00002c98       __imp_?get_accName@CWnd@@UEAAJUtagVARIANT@@PEAPEA_W@Z 0000000174561c98     mfc100d:mfc100d.dll
 0005:00002ca0       __imp_?get_accChild@CWnd@@UEAAJUtagVARIANT@@PEAPEAUIDispatch@@@Z 0000000174561ca0     mfc100d:mfc100d.dll
 0005:00002ca8       __imp_?get_accChildCount@CWnd@@UEAAJPEAJ@Z 0000000174561ca8     mfc100d:mfc100d.dll
 0005:00002cb0       __imp_?get_accParent@CWnd@@UEAAJPEAPEAUIDispatch@@@Z 0000000174561cb0     mfc100d:mfc100d.dll
 0005:00002cb8       __imp_?EnsureStdObj@CWnd@@UEAAJXZ 0000000174561cb8     mfc100d:mfc100d.dll
 0005:00002cc0       __imp_?OnDrawIconicThumbnailOrLivePreview@CWnd@@UEAAXAEAVCDC@@VCRect@@VCSize@@HAEAH@Z 0000000174561cc0     mfc100d:mfc100d.dll
 0005:00002cc8       __imp_?EndModalLoop@CWnd@@UEAAXH@Z 0000000174561cc8     mfc100d:mfc100d.dll
 0005:00002cd0       __imp_?ContinueModal@CWnd@@UEAAHXZ 0000000174561cd0     mfc100d:mfc100d.dll
 0005:00002cd8       __imp_?WinHelpInternal@CWnd@@UEAAX_KI@Z 0000000174561cd8     mfc100d:mfc100d.dll
 0005:00002ce0       __imp_?HtmlHelpA@CWnd@@UEAAX_KI@Z 0000000174561ce0     mfc100d:mfc100d.dll
 0005:00002ce8       __imp_?WinHelpA@CWnd@@UEAAX_KI@Z 0000000174561ce8     mfc100d:mfc100d.dll
 0005:00002cf0       __imp_?GetScrollBarCtrl@CWnd@@UEBAPEAVCScrollBar@@H@Z 0000000174561cf0     mfc100d:mfc100d.dll
 0005:00002cf8       __imp_?OnToolHitTest@CWnd@@UEBA_JVCPoint@@PEAUtagTOOLINFOA@@@Z 0000000174561cf8     mfc100d:mfc100d.dll
 0005:00002d00       __imp_?SetMenu@CWnd@@UEAAHPEAVCMenu@@@Z 0000000174561d00     mfc100d:mfc100d.dll
 0005:00002d08       __imp_?GetMenu@CWnd@@UEBAPEAVCMenu@@XZ 0000000174561d08     mfc100d:mfc100d.dll
 0005:00002d10       __imp_?CalcWindowRect@CWnd@@UEAAXPEAUtagRECT@@I@Z 0000000174561d10     mfc100d:mfc100d.dll
 0005:00002d18       __imp_?PreCreateWindow@CWnd@@UEAAHAEAUtagCREATESTRUCTA@@@Z 0000000174561d18     mfc100d:mfc100d.dll
 0005:00002d20       __imp_?DestroyWindow@CWnd@@UEAAHXZ 0000000174561d20     mfc100d:mfc100d.dll
 0005:00002d28       __imp_?CreateEx@CWnd@@UEAAHKPEBD0KHHHHPEAUHWND__@@PEAUHMENU__@@PEAX@Z 0000000174561d28     mfc100d:mfc100d.dll
 0005:00002d30       __imp_?CreateEx@CWnd@@UEAAHKPEBD0KAEBUtagRECT@@PEAV1@IPEAX@Z 0000000174561d30     mfc100d:mfc100d.dll
 0005:00002d38       __imp_?Create@CWnd@@UEAAHPEBD0KAEBUtagRECT@@PEAV1@IPEAUCCreateContext@@@Z 0000000174561d38     mfc100d:mfc100d.dll
 0005:00002d40       __imp_?PreSubclassWindow@CWnd@@UEAAXXZ 0000000174561d40     mfc100d:mfc100d.dll
 0005:00002d48       __imp_?GetInterfaceMap@CWnd@@MEBAPEBUAFX_INTERFACEMAP@@XZ 0000000174561d48     mfc100d:mfc100d.dll
 0005:00002d50       __imp_?OnFinalRelease@CWnd@@UEAAXXZ 0000000174561d50     mfc100d:mfc100d.dll
 0005:00002d58       __imp_?OnCmdMsg@CDialog@@UEAAHIHPEAXPEAUAFX_CMDHANDLERINFO@@@Z 0000000174561d58     mfc100d:mfc100d.dll
 0005:00002d60       __imp_?Dump@CDialog@@UEBAXAEAVCDumpContext@@@Z 0000000174561d60     mfc100d:mfc100d.dll
 0005:00002d68       __imp_?AssertValid@CDialog@@UEBAXXZ 0000000174561d68     mfc100d:mfc100d.dll
 0005:00002d70       __imp_?GetRuntimeClass@CDialog@@UEBAPEAUCRuntimeClass@@XZ 0000000174561d70     mfc100d:mfc100d.dll
 0005:00002d78       __imp_??0CDialog@@QEAA@IPEAVCWnd@@@Z 0000000174561d78     mfc100d:mfc100d.dll
 0005:00002d80       __imp_??1?$CStringT@DV?$StrTraitMFC_DLL@DV?$ChTraitsCRT@D@ATL@@@@@ATL@@QEAA@XZ 0000000174561d80     mfc100d:mfc100d.dll
 0005:00002d88       __imp_??1CComboBox@@UEAA@XZ 0000000174561d88     mfc100d:mfc100d.dll
 0005:00002d90       __imp_??1CButton@@UEAA@XZ  0000000174561d90     mfc100d:mfc100d.dll
 0005:00002d98       __imp_??1CEdit@@UEAA@XZ    0000000174561d98     mfc100d:mfc100d.dll
 0005:00002da0       __imp_??1CStatic@@UEAA@XZ  0000000174561da0     mfc100d:mfc100d.dll
 0005:00002da8       __imp_??1CDialog@@UEAA@XZ  0000000174561da8     mfc100d:mfc100d.dll
 0005:00002db0       __imp_?AfxEnableControlContainer@@YAXPEAVCOccManager@@@Z 0000000174561db0     mfc100d:mfc100d.dll
 0005:00002db8       __imp_?DoModal@CDialog@@UEAA_JXZ 0000000174561db8     mfc100d:mfc100d.dll
 0005:00002dc0       __imp_??1CWinApp@@UEAA@XZ  0000000174561dc0     mfc100d:mfc100d.dll
 0005:00002dc8       __imp_??3CObject@@SAXPEAX@Z 0000000174561dc8     mfc100d:mfc100d.dll
 0005:00002dd0       __imp_?LoadSysPolicies@CWinApp@@UEAAHXZ 0000000174561dd0     mfc100d:mfc100d.dll
 0005:00002dd8       __imp_?LoadAppLangResourceDLL@CWinApp@@UEAAPEAUHINSTANCE__@@XZ 0000000174561dd8     mfc100d:mfc100d.dll
 0005:00002de0       __imp_?RestartInstance@CWinApp@@UEAAHXZ 0000000174561de0     mfc100d:mfc100d.dll
 0005:00002de8       __imp_?IsTaskbarInteractionEnabled@CWinApp@@UEAAHXZ 0000000174561de8     mfc100d:mfc100d.dll
 0005:00002df0       __imp_?GetDataRecoveryHandler@CWinApp@@UEAAPEAVCDataRecoveryHandler@@XZ 0000000174561df0     mfc100d:mfc100d.dll
 0005:00002df8       __imp_?ApplicationRecoveryCallback@CWinApp@@UEAAKPEAX@Z 0000000174561df8     mfc100d:mfc100d.dll
 0005:00002e00       __imp_?RegisterWithRestartManager@CWinApp@@UEAAJHAEBV?$CStringT@DV?$StrTraitMFC_DLL@DV?$ChTraitsCRT@D@ATL@@@@@ATL@@@Z 0000000174561e00     mfc100d:mfc100d.dll
 0005:00002e08       __imp_?RegisterWithRestartManager@CWinApp@@UEAAJPEB_WKP6AKPEAX@Z1KK@Z 0000000174561e08     mfc100d:mfc100d.dll
 0005:00002e10       __imp_?WinHelpInternal@CWinApp@@UEAAX_KI@Z 0000000174561e10     mfc100d:mfc100d.dll
 0005:00002e18       __imp_?HtmlHelpA@CWinApp@@UEAAX_KI@Z 0000000174561e18     mfc100d:mfc100d.dll
 0005:00002e20       __imp_?WinHelpA@CWinApp@@UEAAX_KI@Z 0000000174561e20     mfc100d:mfc100d.dll
 0005:00002e28       __imp_?OnDDECommand@CWinApp@@UEAAHPEAD@Z 0000000174561e28     mfc100d:mfc100d.dll
 0005:00002e30       __imp_?DoWaitCursor@CWinApp@@UEAAXH@Z 0000000174561e30     mfc100d:mfc100d.dll
 0005:00002e38       __imp_?DoMessageBox@CWinApp@@UEAAHPEBDII@Z 0000000174561e38     mfc100d:mfc100d.dll
 0005:00002e40       __imp_?SaveAllModified@CWinApp@@UEAAHXZ 0000000174561e40     mfc100d:mfc100d.dll
 0005:00002e48       __imp_?InitApplication@CWinApp@@UEAAHXZ 0000000174561e48     mfc100d:mfc100d.dll
 0005:00002e50       __imp_?AddToRecentFileList@CWinApp@@UEAAXPEBD@Z 0000000174561e50     mfc100d:mfc100d.dll
 0005:00002e58       __imp_?OpenDocumentFile@CWinApp@@UEAAPEAVCDocument@@PEBD@Z 0000000174561e58     mfc100d:mfc100d.dll
 0005:00002e60       __imp_?OpenDocumentFile@CWinApp@@UEAAPEAVCDocument@@PEBDH@Z 0000000174561e60     mfc100d:mfc100d.dll
 0005:00002e68       __imp_?Unregister@CWinApp@@UEAAHXZ 0000000174561e68     mfc100d:mfc100d.dll
 0005:00002e70       __imp_?Register@CWinApp@@UEAAHXZ 0000000174561e70     mfc100d:mfc100d.dll
 0005:00002e78       __imp_?InitLibId@CWinApp@@UEAAXXZ 0000000174561e78     mfc100d:mfc100d.dll
 0005:00002e80       __imp_?WriteProfileBinary@CWinApp@@UEAAHPEBD0PEAEI@Z 0000000174561e80     mfc100d:mfc100d.dll
 0005:00002e88       __imp_?GetProfileBinary@CWinApp@@UEAAHPEBD0PEAPEAEPEAI@Z 0000000174561e88     mfc100d:mfc100d.dll
 0005:00002e90       __imp_?Open@CFile@@UEAAHPEBDIPEAVCFileException@@@Z 0000000174561e90     mfc100d:mfc100d.dll
 0005:00002e98       __imp_?Write@CFile@@UEAAXPEBXI@Z 0000000174561e98     mfc100d:mfc100d.dll
 0005:00002ea0       __imp_?Close@CFile@@UEAAXXZ 0000000174561ea0     mfc100d:mfc100d.dll
 0005:00002ea8       __imp_??1CFile@@UEAA@XZ    0000000174561ea8     mfc100d:mfc100d.dll
 0005:00002eb0       __imp_??2@YAPEAX_KPEBDH@Z  0000000174561eb0     mfc100d:mfc100d.dll
 0005:00002eb8       __imp_??0CMenu@@QEAA@XZ    0000000174561eb8     mfc100d:mfc100d.dll
 0005:00002ec0       __imp_?LoadMenuA@CMenu@@QEAAHI@Z 0000000174561ec0     mfc100d:mfc100d.dll
 0005:00002ec8       __imp_?GetSubMenu@CMenu@@QEBAPEAV1@H@Z 0000000174561ec8     mfc100d:mfc100d.dll
 0005:00002ed0       __imp_?SetForegroundWindow@CWnd@@QEAAHXZ 0000000174561ed0     mfc100d:mfc100d.dll
 0005:00002ed8       __imp_?TrackPopupMenu@CMenu@@QEAAHIHHPEAVCWnd@@PEBUtagRECT@@@Z 0000000174561ed8     mfc100d:mfc100d.dll
 0005:00002ee0       __imp_?PostMessageA@CWnd@@QEAAHI_K_J@Z 0000000174561ee0     mfc100d:mfc100d.dll
 0005:00002ee8       __imp_?DestroyMenu@CMenu@@QEAAHXZ 0000000174561ee8     mfc100d:mfc100d.dll
 0005:00002ef0       __imp_??1CMenu@@UEAA@XZ    0000000174561ef0     mfc100d:mfc100d.dll
 0005:00002ef8       __imp_?DDX_Control@@YAXPEAVCDataExchange@@HAEAVCWnd@@@Z 0000000174561ef8     mfc100d:mfc100d.dll
 0005:00002f00       __imp_??0CStatic@@QEAA@XZ  0000000174561f00     mfc100d:mfc100d.dll
 0005:00002f08       __imp_?WriteProfileStringA@CWinApp@@UEAAHPEBD00@Z 0000000174561f08     mfc100d:mfc100d.dll
 0005:00002f10       __imp_?GetProfileStringA@CWinApp@@UEAA?AV?$CStringT@DV?$StrTraitMFC_DLL@DV?$ChTraitsCRT@D@ATL@@@@@ATL@@PEBD00@Z 0000000174561f10     mfc100d:mfc100d.dll
 0005:00002f18       __imp_?WriteProfileInt@CWinApp@@UEAAHPEBD0H@Z 0000000174561f18     mfc100d:mfc100d.dll
 0005:00002f20       __imp_?GetProfileIntA@CWinApp@@UEAAIPEBD0H@Z 0000000174561f20     mfc100d:mfc100d.dll
 0005:00002f28       __imp_?Delete@CWinThread@@UEAAXXZ 0000000174561f28     mfc100d:mfc100d.dll
 0005:00002f30       __imp_?GetMainWnd@CWinThread@@UEAAPEAVCWnd@@XZ 0000000174561f30     mfc100d:mfc100d.dll
 0005:00002f38       __imp_?ProcessMessageFilter@CWinThread@@UEAAHHPEAUtagMSG@@@Z 0000000174561f38     mfc100d:mfc100d.dll
 0005:00002f40       __imp_?ProcessWndProcException@CWinApp@@UEAA_JPEAVCException@@PEBUtagMSG@@@Z 0000000174561f40     mfc100d:mfc100d.dll
 0005:00002f48       __imp_?ExitInstance@CWinApp@@UEAAHXZ 0000000174561f48     mfc100d:mfc100d.dll
 0005:00002f50       __imp_?IsIdleMessage@CWinThread@@UEAAHPEAUtagMSG@@@Z 0000000174561f50     mfc100d:mfc100d.dll
 0005:00002f58       __imp_?OnIdle@CWinApp@@UEAAHJ@Z 0000000174561f58     mfc100d:mfc100d.dll
 0005:00002f60       __imp_?PumpMessage@CWinThread@@UEAAHXZ 0000000174561f60     mfc100d:mfc100d.dll
 0005:00002f68       __imp_?PreTranslateMessage@CWinThread@@UEAAHPEAUtagMSG@@@Z 0000000174561f68     mfc100d:mfc100d.dll
 0005:00002f70       __imp_?Run@CWinApp@@UEAAHXZ 0000000174561f70     mfc100d:mfc100d.dll
 0005:00002f78       __imp_?GetConnectionHook@CCmdTarget@@MEAAPEAUIConnectionPoint@@AEBU_GUID@@@Z 0000000174561f78     mfc100d:mfc100d.dll
 0005:00002f80       __imp_?GetExtraConnectionPoints@CCmdTarget@@MEAAHPEAVCPtrArray@@@Z 0000000174561f80     mfc100d:mfc100d.dll
 0005:00002f88       __imp_?GetInterfaceHook@CCmdTarget@@UEAAPEAUIUnknown@@PEBX@Z 0000000174561f88     mfc100d:mfc100d.dll
 0005:00002f90       __imp_?OnCreateAggregates@CCmdTarget@@UEAAHXZ 0000000174561f90     mfc100d:mfc100d.dll
 0005:00002f98       __imp_?AfxWinMain@@YAHPEAUHINSTANCE__@@0PEADH@Z 0000000174561f98     mfc100d:mfc100d.dll
 0005:00002fa0       __imp_?GetEventSinkMap@CCmdTarget@@MEBAPEBUAFX_EVENTSINKMAP@@XZ 0000000174561fa0     mfc100d:mfc100d.dll
 0005:00002fa8       __imp_?GetInterfaceMap@CCmdTarget@@MEBAPEBUAFX_INTERFACEMAP@@XZ 0000000174561fa8     mfc100d:mfc100d.dll
 0005:00002fb0       __imp_?GetConnectionMap@CCmdTarget@@MEBAPEBUAFX_CONNECTIONMAP@@XZ 0000000174561fb0     mfc100d:mfc100d.dll
 0005:00002fb8       __imp_?DrawIcon@CDC@@QEAAHHHPEAUHICON__@@@Z 0000000174561fb8     mfc100d:mfc100d.dll
 0005:00002fc0       __imp_??1CPaintDC@@UEAA@XZ 0000000174561fc0     mfc100d:mfc100d.dll
 0005:00002fc8       __imp_?OnPaint@CDialog@@IEAAXXZ 0000000174561fc8     mfc100d:mfc100d.dll
 0005:00002fd0       __imp_?OnSysCommand@CWnd@@IEAAXI_J@Z 0000000174561fd0     mfc100d:mfc100d.dll
 0005:00002fd8       __imp_??0CWaitCursor@@QEAA@XZ 0000000174561fd8     mfc100d:mfc100d.dll
 0005:00002fe0       __imp_??1CWaitCursor@@QEAA@XZ 0000000174561fe0     mfc100d:mfc100d.dll
 0005:00002fe8       __imp_?Format@?$CStringT@DV?$StrTraitMFC_DLL@DV?$ChTraitsCRT@D@ATL@@@@@ATL@@QEAAXPEBDZZ 0000000174561fe8     mfc100d:mfc100d.dll
 0005:00002ff0       __imp_?GetSystemMenu@CWnd@@QEBAPEAVCMenu@@H@Z 0000000174561ff0     mfc100d:mfc100d.dll
 0005:00002ff8       __imp_?LoadStringA@?$CStringT@DV?$StrTraitMFC_DLL@DV?$ChTraitsCRT@D@ATL@@@@@ATL@@QEAAHI@Z 0000000174561ff8     mfc100d:mfc100d.dll
 0005:00003000       __imp_?IsEmpty@?$CSimpleStringT@D$00@ATL@@QEBA_NXZ 0000000174562000     mfc100d:mfc100d.dll
 0005:00003008       __imp_?AppendMenuA@CMenu@@QEAAHI_KPEBD@Z 0000000174562008     mfc100d:mfc100d.dll
 0005:00003010       __imp_?EnableMenuItem@CMenu@@QEAAIII@Z 0000000174562010     mfc100d:mfc100d.dll
 0005:00003018       __imp_?SetIcon@CWnd@@QEAAPEAUHICON__@@PEAU2@H@Z 0000000174562018     mfc100d:mfc100d.dll
 0005:00003020       __imp_?ShowWindow@CWnd@@QEAAHH@Z 0000000174562020     mfc100d:mfc100d.dll
 0005:00003028       __imp_?GetSafeHwnd@CWnd@@QEBAPEAUHWND__@@XZ 0000000174562028     mfc100d:mfc100d.dll
 0005:00003030       __imp_?AfxBeginThread@@YAPEAVCWinThread@@P6AIPEAX@Z0HIKPEAU_SECURITY_ATTRIBUTES@@@Z 0000000174562030     mfc100d:mfc100d.dll
 0005:00003038       __imp_?Left@?$CStringT@DV?$StrTraitMFC_DLL@DV?$ChTraitsCRT@D@ATL@@@@@ATL@@QEBA?AV12@H@Z 0000000174562038     mfc100d:mfc100d.dll
 0005:00003040       __imp_??0CFileFind@@QEAA@XZ 0000000174562040     mfc100d:mfc100d.dll
 0005:00003048       __imp_?BeginModalState@CWnd@@UEAAXXZ 0000000174562048     mfc100d:mfc100d.dll
 0005:00003050       __imp_?FindFile@CFileFind@@UEAAHPEBDK@Z 0000000174562050     mfc100d:mfc100d.dll
 0005:00003058       __imp_??2@YAPEAX_K@Z       0000000174562058     mfc100d:mfc100d.dll
 0005:00003060       __imp_?GetDispatchMap@CCmdTarget@@MEBAPEBUAFX_DISPMAP@@XZ 0000000174562060     mfc100d:mfc100d.dll
 0005:00003068       __imp_?GetCommandMap@CCmdTarget@@MEBAPEBUAFX_OLECMDMAP@@XZ 0000000174562068     mfc100d:mfc100d.dll
 0005:00003070       __imp_?GetTypeLib@CCmdTarget@@UEAAJKPEAPEAUITypeLib@@@Z 0000000174562070     mfc100d:mfc100d.dll
 0005:00003078       __imp_?GetTypeLibCache@CCmdTarget@@UEAAPEAVCTypeLibCache@@XZ 0000000174562078     mfc100d:mfc100d.dll
 0005:00003080       __imp_?GetTypeInfoCount@CCmdTarget@@UEAAIXZ 0000000174562080     mfc100d:mfc100d.dll
 0005:00003088       __imp_?GetDispatchIID@CCmdTarget@@UEAAHPEAU_GUID@@@Z 0000000174562088     mfc100d:mfc100d.dll
 0005:00003090       __imp_?IsInvokeAllowed@CCmdTarget@@UEAAHJ@Z 0000000174562090     mfc100d:mfc100d.dll
 0005:00003098       __imp_?OnFinalRelease@CCmdTarget@@UEAAXXZ 0000000174562098     mfc100d:mfc100d.dll
 0005:000030a0       __imp_?OnCmdMsg@CCmdTarget@@UEAAHIHPEAXPEAUAFX_CMDHANDLERINFO@@@Z 00000001745620a0     mfc100d:mfc100d.dll
 0005:000030a8       __imp_?Dump@CWinApp@@UEBAXAEAVCDumpContext@@@Z 00000001745620a8     mfc100d:mfc100d.dll
 0005:000030b0       __imp_?AssertValid@CWinApp@@UEBAXXZ 00000001745620b0     mfc100d:mfc100d.dll
 0005:000030b8       __imp_?Serialize@CObject@@UEAAXAEAVCArchive@@@Z 00000001745620b8     mfc100d:mfc100d.dll
 0005:000030c0       __imp_?GetRuntimeClass@CWinApp@@UEBAPEAUCRuntimeClass@@XZ 00000001745620c0     mfc100d:mfc100d.dll
 0005:000030c8       __imp_??0CWinApp@@QEAA@PEBD@Z 00000001745620c8     mfc100d:mfc100d.dll
 0005:000030d0       __imp_?GetThisMessageMap@CWinApp@@KAPEBUAFX_MSGMAP@@XZ 00000001745620d0     mfc100d:mfc100d.dll
 0005:000030d8       __imp_??3@YAXPEAX@Z        00000001745620d8     mfc100d:mfc100d.dll
 0005:000030e0       __imp_?IsDots@CFileFind@@UEBAHXZ 00000001745620e0     mfc100d:mfc100d.dll
 0005:000030e8       __imp_?IsDirectory@CFileFind@@QEBAHXZ 00000001745620e8     mfc100d:mfc100d.dll
 0005:000030f0       __imp_??1CFileFind@@UEAA@XZ 00000001745620f0     mfc100d:mfc100d.dll
 0005:000030f8       __imp_?AfxAssertFailedLine@@YAHPEBDH@Z 00000001745620f8     mfc100d:mfc100d.dll
 0005:00003100       __imp_??0?$CStringT@DV?$StrTraitMFC_DLL@DV?$ChTraitsCRT@D@ATL@@@@@ATL@@QEAA@AEBV01@@Z 0000000174562100     mfc100d:mfc100d.dll
 0005:00003108       __imp_??Y?$CStringT@DV?$StrTraitMFC_DLL@DV?$ChTraitsCRT@D@ATL@@@@@ATL@@QEAAAEAV01@AEBV?$CSimpleStringT@D$00@1@@Z 0000000174562108     mfc100d:mfc100d.dll
 0005:00003110       __imp_?SetWindowTextA@CWnd@@QEAAXPEBD@Z 0000000174562110     mfc100d:mfc100d.dll
 0005:00003118       __imp_?GetLength@?$CSimpleStringT@D$00@ATL@@QEBAHXZ 0000000174562118     mfc100d:mfc100d.dll
 0005:00003120       __imp_?accDoDefaultAction@CWnd@@UEAAJUtagVARIANT@@@Z 0000000174562120     mfc100d:mfc100d.dll
 0005:00003128       __imp_??0CFile@@QEAA@XZ    0000000174562128     mfc100d:mfc100d.dll
 0005:00003130       __imp_??0?$CStringT@DV?$StrTraitMFC_DLL@DV?$ChTraitsCRT@D@ATL@@@@@ATL@@QEAA@XZ 0000000174562130     mfc100d:mfc100d.dll
 0005:00003138       __imp_??0CButton@@QEAA@XZ  0000000174562138     mfc100d:mfc100d.dll
 0005:00003140       __imp_??0CEdit@@QEAA@XZ    0000000174562140     mfc100d:mfc100d.dll
 0005:00003148       __imp_??0CComboBox@@QEAA@XZ 0000000174562148     mfc100d:mfc100d.dll
 0005:00003150       __imp_??0?$CStringT@DV?$StrTraitMFC_DLL@DV?$ChTraitsCRT@D@ATL@@@@@ATL@@QEAA@PEBD@Z 0000000174562150     mfc100d:mfc100d.dll
 0005:00003158       __imp_?AfxGetApp@@YAPEAVCWinApp@@XZ 0000000174562158     mfc100d:mfc100d.dll
 0005:00003160       __imp_?LoadIconA@CWinApp@@QEBAPEAUHICON__@@I@Z 0000000174562160     mfc100d:mfc100d.dll
 0005:00003168       __imp_??4?$CStringT@DV?$StrTraitMFC_DLL@DV?$ChTraitsCRT@D@ATL@@@@@ATL@@QEAAAEAV01@PEBD@Z 0000000174562168     mfc100d:mfc100d.dll
 0005:00003170       __imp_?GetThisMessageMap@CDialog@@KAPEBUAFX_MSGMAP@@XZ 0000000174562170     mfc100d:mfc100d.dll
 0005:00003178       __imp_?DoDataExchange@CWnd@@MEAAXPEAVCDataExchange@@@Z 0000000174562178     mfc100d:mfc100d.dll
 0005:00003180       __imp_?PreInitDialog@CDialog@@MEAAXXZ 0000000174562180     mfc100d:mfc100d.dll
 0005:00003188       __imp_?OnCancel@CDialog@@MEAAXXZ 0000000174562188     mfc100d:mfc100d.dll
 0005:00003190       __imp_?OnOK@CDialog@@MEAAXXZ 0000000174562190     mfc100d:mfc100d.dll
 0005:00003198       __imp_?OnSetFont@CDialog@@UEAAXPEAVCFont@@@Z 0000000174562198     mfc100d:mfc100d.dll
 0005:000031a0       __imp_?OnInitDialog@CDialog@@UEAAHXZ 00000001745621a0     mfc100d:mfc100d.dll
 0005:000031a8       __imp_?CreateIndirect@CDialog@@UEAAHPEBUDLGTEMPLATE@@PEAVCWnd@@PEAX@Z 00000001745621a8     mfc100d:mfc100d.dll
 0005:000031b0       __imp_?CreateIndirect@CDialog@@UEAAHPEAXPEAVCWnd@@@Z 00000001745621b0     mfc100d:mfc100d.dll
 0005:000031b8       __imp_?Create@CDialog@@UEAAHPEBDPEAVCWnd@@@Z 00000001745621b8     mfc100d:mfc100d.dll
 0005:000031c0       __imp_?Create@CDialog@@UEAAHIPEAVCWnd@@@Z 00000001745621c0     mfc100d:mfc100d.dll
 0005:000031c8       __imp_?GetOccDialogInfo@CDialog@@MEAAPEAU_AFX_OCC_DIALOG_INFO@@XZ 00000001745621c8     mfc100d:mfc100d.dll
 0005:000031d0       __imp_?SetOccDialogInfo@CDialog@@MEAAHPEAU_AFX_OCC_DIALOG_INFO@@@Z 00000001745621d0     mfc100d:mfc100d.dll
 0005:000031d8       __imp_?CreateControlSite@CWnd@@MEAAHPEAVCOleControlContainer@@PEAPEAVCOleControlSite@@IAEBU_GUID@@@Z 00000001745621d8     mfc100d:mfc100d.dll
 0005:000031e0       __imp_?CreateControlContainer@CWnd@@MEAAHPEAPEAVCOleControlContainer@@@Z 00000001745621e0     mfc100d:mfc100d.dll
 0005:000031e8       __imp_?IsFrameWnd@CWnd@@UEBAHXZ 00000001745621e8     mfc100d:mfc100d.dll
 0005:000031f0       __imp_?GetSuperWndProcAddr@CWnd@@MEAAPEAP6A_JPEAUHWND__@@I_K_J@ZXZ 00000001745621f0     mfc100d:mfc100d.dll
 0005:000031f8       __imp_?CheckAutoCenter@CDialog@@UEAAHXZ 00000001745621f8     mfc100d:mfc100d.dll
 0005:00003200       __imp_?DeleteDC@CDC@@QEAAHXZ 0000000174562200     mfc100d:mfc100d.dll
 0005:00003208       __imp_?AfxGetModuleState@@YAPEAVAFX_MODULE_STATE@@XZ 0000000174562208     mfc100d:mfc100d.dll
 0005:00003210       \177mfc100d_NULL_THUNK_DATA 0000000174562210     mfc100d:mfc100d.dll
 0005:00003460       __imp_CreateStreamOnHGlobal 0000000174562460     ole32:ole32.dll
 0005:00003468       \177ole32_NULL_THUNK_DATA  0000000174562468     ole32:ole32.dll

 entry point at        0001:00012a30

