 GigeCameraDemo

 Timestamp is 5ac47c44 (Wed Apr 04 15:18:28 2018)

 Preferred load address is 0000000140000000

 Start         Length     Name                   Class
 0001:00000000 0001f6e7H .text                   CODE
 0001:0001f6f0 0000293aH .text$x                 CODE
 0001:00022030 000018bcH .text$yc                CODE
 0001:000238f0 000010d5H .text$yd                CODE
 0002:00000000 00000109H .CRT$XCA                DATA
 0002:00000110 00000109H .CRT$XCAA               DATA
 0002:00000220 0000011cH .CRT$XCC                DATA
 0002:00000340 00000220H .CRT$XCL                DATA
 0002:00000560 0000013fH .CRT$XCU                DATA
 0002:000006a0 00000109H .CRT$XCZ                DATA
 0002:000007b0 00000109H .CRT$XIA                DATA
 0002:000008c0 00000109H .CRT$XIAA               DATA
 0002:000009d0 00000109H .CRT$XIY                DATA
 0002:00000ae0 00000109H .CRT$XIZ                DATA
 0002:00000bf0 00008531H .rdata                  DATA
 0002:00009124 000001a9H .rdata$debug            DATA
 0002:000092d0 00000d12H .rdata$r                DATA
 0002:00009fe8 00000109H .rtc$IAA                DATA
 0002:0000a0f8 00000109H .rtc$IZZ                DATA
 0002:0000a208 00000109H .rtc$TAA                DATA
 0002:0000a318 00000109H .rtc$TZZ                DATA
 0002:0000a428 0000287dH .xdata                  DATA
 0002:0000cca8 00000164H .xdata$x                DATA
 0002:0000ce10 00000109H ATL$__a                 DATA
 0002:0000cf20 00000109H ATL$__z                 DATA
 0002:0000d029 00000000H .edata                  DATA
 0003:00000000 000005ddH .data                   DATA
 0003:000005e0 345271a0H .bss                    DATA
 0004:00000000 00001d58H .pdata                  DATA
 0005:00000000 0000012cH .idata$2                DATA
 0005:0000012c 00000014H .idata$3                DATA
 0005:00000140 000019a8H .idata$4                DATA
 0005:00001ae8 000019a8H .idata$5                DATA
 0005:00003490 0000150aH .idata$6                DATA
 0006:00000000 00001253H .rsrc$01                DATA
 0006:00001260 000b7f06H .rsrc$02                DATA

  Address         Publics by Value              Rva+Base               Lib:Object

 0000:00000000       ___safe_se_handler_count   0000000000000000     <absolute>
 0000:00000000       ___safe_se_handler_table   0000000000000000     <absolute>
 0000:00000000       __ImageBase                0000000140000000     <linker-defined>
 0001:000009b0       ?_AfxInitManaged@@YAHXZ    00000001400019b0 f i GigeCameraDemo.obj
 0001:000009c0       ??_H@YAXPEAX_KHP6APEAX0@Z@Z 00000001400019c0 f i GigeCameraDemo.obj
 0001:00000a30       ?GetMessageMap@CGigeCameraDemoApp@@MEBAPEBUAFX_MSGMAP@@XZ 0000000140001a30 f   GigeCameraDemo.obj
 0001:00000a50       ?GetThisMessageMap@CGigeCameraDemoApp@@KAPEBUAFX_MSGMAP@@XZ 0000000140001a50 f   GigeCameraDemo.obj
 0001:00000a60       ??0CGigeCameraDemoApp@@QEAA@XZ 0000000140001a60 f   GigeCameraDemo.obj
 0001:00000aa0       ?InitInstance@CGigeCameraDemoApp@@UEAAHXZ 0000000140001aa0 f   GigeCameraDemo.obj
 0001:00000b80       ?SupportsRestartManager@CWinApp@@UEBAHXZ 0000000140001b80 f i GigeCameraDemo.obj
 0001:00000ba0       ?SupportsApplicationRecovery@CWinApp@@UEBAHXZ 0000000140001ba0 f i GigeCameraDemo.obj
 0001:00000bc0       ?SupportsAutosaveAtRestart@CWinApp@@UEBAHXZ 0000000140001bc0 f i GigeCameraDemo.obj
 0001:00000be0       ?SupportsAutosaveAtInterval@CWinApp@@UEBAHXZ 0000000140001be0 f i GigeCameraDemo.obj
 0001:00000c00       ?ReopenPreviousFilesAtRestart@CWinApp@@UEBAHXZ 0000000140001c00 f i GigeCameraDemo.obj
 0001:00000c20       ?RestoreAutosavedFilesAtRestart@CWinApp@@UEBAHXZ 0000000140001c20 f i GigeCameraDemo.obj
 0001:00000c40       ?GetApplicationRestartFlags@CWinApp@@UEAAKXZ 0000000140001c40 f i GigeCameraDemo.obj
 0001:00000c50       ?GetApplicationRecoveryParameter@CWinApp@@UEAAPEAXXZ 0000000140001c50 f i GigeCameraDemo.obj
 0001:00000c60       ?GetApplicationRecoveryPingInterval@CWinApp@@UEAAKXZ 0000000140001c60 f i GigeCameraDemo.obj
 0001:00000c70       ??_GCGigeCameraDemoApp@@UEAAPEAXI@Z 0000000140001c70 f i GigeCameraDemo.obj
 0001:00000c70       ??_ECGigeCameraDemoApp@@UEAAPEAXI@Z 0000000140001c70 f i GigeCameraDemo.obj
 0001:00000cc0       ??1CGigeCameraDemoApp@@UEAA@XZ 0000000140001cc0 f i GigeCameraDemo.obj
 0001:00000ce0       ??1CGigeCameraDemoDlg@@UEAA@XZ 0000000140001ce0 f i GigeCameraDemo.obj
 0001:00000fe0       ??0Thank_you@Define_the_symbol__ATL_MIXED@@QEAA@XZ 0000000140001fe0 f i GigeCameraDemo.obj
 0001:00001000       ?one@Thank_you@Define_the_symbol__ATL_MIXED@@UEAAXXZ 0000000140002000 f i GigeCameraDemo.obj
 0001:00001010       ??0CAboutDlg@@QEAA@XZ      0000000140002010 f   GigeCameraDemoDlg.obj
 0001:00001050       ?DoDataExchange@CAboutDlg@@MEAAXPEAVCDataExchange@@@Z 0000000140002050 f   GigeCameraDemoDlg.obj
 0001:00001080       ?GetMessageMap@CAboutDlg@@MEBAPEBUAFX_MSGMAP@@XZ 0000000140002080 f   GigeCameraDemoDlg.obj
 0001:000010a0       ?GetThisMessageMap@CAboutDlg@@KAPEBUAFX_MSGMAP@@XZ 00000001400020a0 f   GigeCameraDemoDlg.obj
 0001:000010b0       ??0CGigeCameraDemoDlg@@QEAA@PEAVCWnd@@@Z 00000001400020b0 f   GigeCameraDemoDlg.obj
 0001:00001a80       ?DoDataExchange@CGigeCameraDemoDlg@@MEAAXPEAVCDataExchange@@@Z 0000000140002a80 f   GigeCameraDemoDlg.obj
 0001:00001b00       ?GetMessageMap@CGigeCameraDemoDlg@@MEBAPEBUAFX_MSGMAP@@XZ 0000000140002b00 f   GigeCameraDemoDlg.obj
 0001:00001b20       ?GetThisMessageMap@CGigeCameraDemoDlg@@KAPEBUAFX_MSGMAP@@XZ 0000000140002b20 f   GigeCameraDemoDlg.obj
 0001:00001b30       ?onShowTask@CGigeCameraDemoDlg@@IEAA_J_K_J@Z 0000000140002b30 f   GigeCameraDemoDlg.obj
 0001:00001c80       ?PushImageToMyBuffer@@YA_NQEAUtag_BuffNode@@PEADHHHHH@Z 0000000140002c80 f   GigeCameraDemoDlg.obj
 0001:00001ca0       ?PushImageToMyBuffer_1@@YA_NQEAUtag_BuffNode@@PEADHHHHH@Z 0000000140002ca0 f   GigeCameraDemoDlg.obj
 0001:00001e80       ?PushImageToMyBuffer_2@@YA_NQEAUtag_BuffNode@@PEADHHHHH@Z 0000000140002e80 f   GigeCameraDemoDlg.obj
 0001:00002060       ?CreateFile2@@YAHV?$CStringT@DV?$StrTraitMFC_DLL@DV?$ChTraitsCRT@D@ATL@@@@@ATL@@0H@Z 0000000140003060 f   GigeCameraDemoDlg.obj
 0001:00002160       ?SaveImageData@@YAKPEAX@Z  0000000140003160 f   GigeCameraDemoDlg.obj
 0001:00002190       ?SaveImageData_1@@YAKPEAX@Z 0000000140003190 f   GigeCameraDemoDlg.obj
 0001:000024a0       ?SaveImageData_2@@YAKPEAX@Z 00000001400034a0 f   GigeCameraDemoDlg.obj
 0001:000027b0       ?XferCallback_1@CGigeCameraDemoDlg@@SAXPEAVSapXferCallbackInfo@@@Z 00000001400037b0 f   GigeCameraDemoDlg.obj
 0001:00002ac0       ?XferCallback_2@CGigeCameraDemoDlg@@SAXPEAVSapXferCallbackInfo@@@Z 0000000140003ac0 f   GigeCameraDemoDlg.obj
 0001:00002ef0       ?PixelChanged@CGigeCameraDemoDlg@@UEAAXHH@Z 0000000140003ef0 f   GigeCameraDemoDlg.obj
 0001:000030b0       ?GetPathUseSpace@@YA_KPEBD@Z 00000001400040b0 f   GigeCameraDemoDlg.obj
 0001:00003150       ?GetDirFileCount@@YA_KV?$CStringT@DV?$StrTraitMFC_DLL@DV?$ChTraitsCRT@D@ATL@@@@@ATL@@@Z 0000000140004150 f   GigeCameraDemoDlg.obj
 0001:00003250       ?ReadFreeSpace@@YANV?$CStringT@DV?$StrTraitMFC_DLL@DV?$ChTraitsCRT@D@ATL@@@@@ATL@@@Z 0000000140004250 f   GigeCameraDemoDlg.obj
 0001:000033a0       ?OnReceiveData@CGigeCameraDemoDlg@@IEAA_J_K_J@Z 00000001400043a0 f   GigeCameraDemoDlg.obj
 0001:000035f0       ?us_Delay@@YAXK@Z          00000001400045f0 f   GigeCameraDemoDlg.obj
 0001:00003680       ?CheckMessageQueue@@YAHXZ  0000000140004680 f   GigeCameraDemoDlg.obj
 0001:000036e0       ?delay_time@@YAXK@Z        00000001400046e0 f   GigeCameraDemoDlg.obj
 0001:00003780       ?OnInitDialog@CGigeCameraDemoDlg@@MEAAHXZ 0000000140004780 f   GigeCameraDemoDlg.obj
 0001:000038c0       ?IsUserAdmin@CGigeCameraDemoDlg@@QEAAHXZ 00000001400048c0 f   GigeCameraDemoDlg.obj
 0001:00003910       ?CreateObjects_1@CGigeCameraDemoDlg@@QEAAHXZ 0000000140004910 f   GigeCameraDemoDlg.obj
 0001:00003b90       ?CreateObjects_2@CGigeCameraDemoDlg@@QEAAHXZ 0000000140004b90 f   GigeCameraDemoDlg.obj
 0001:00003e10       ?DestroyObjects_1@CGigeCameraDemoDlg@@QEAAHXZ 0000000140004e10 f   GigeCameraDemoDlg.obj
 0001:00003f40       ?DestroyObjects_2@CGigeCameraDemoDlg@@QEAAHXZ 0000000140004f40 f   GigeCameraDemoDlg.obj
 0001:00004070       ?OnSysCommand@CGigeCameraDemoDlg@@IEAAXI_J@Z 0000000140005070 f   GigeCameraDemoDlg.obj
 0001:000040f0       ?OnPaint@CGigeCameraDemoDlg@@IEAAXXZ 00000001400050f0 f   GigeCameraDemoDlg.obj
 0001:00004240       ?OnDestroy@CGigeCameraDemoDlg@@IEAAXXZ 0000000140005240 f   GigeCameraDemoDlg.obj
 0001:00004710       ?OnSize@CGigeCameraDemoDlg@@IEAAXIHH@Z 0000000140005710 f   GigeCameraDemoDlg.obj
 0001:00004a40       ?OnQueryDragIcon@CGigeCameraDemoDlg@@IEAAPEAUHICON__@@XZ 0000000140005a40 f   GigeCameraDemoDlg.obj
 0001:00004a60       ?OnEndSession@CGigeCameraDemoDlg@@IEAAXH@Z 0000000140005a60 f   GigeCameraDemoDlg.obj
 0001:00004aa0       ?OnQueryEndSession@CGigeCameraDemoDlg@@IEAAHXZ 0000000140005aa0 f   GigeCameraDemoDlg.obj
 0001:00004ad0       ?UpdateMenu@CGigeCameraDemoDlg@@QEAAXXZ 0000000140005ad0 f   GigeCameraDemoDlg.obj
 0001:00004c30       ?DoEvents@@YA_NXZ          0000000140005c30 f   GigeCameraDemoDlg.obj
 0001:00004cc0       ?OnTest@CGigeCameraDemoDlg@@IEAAXXZ 0000000140005cc0 f   GigeCameraDemoDlg.obj
 0001:00004da0       ?ReadParamFromIniFile@CGigeCameraDemoDlg@@QEAA_NXZ 0000000140005da0 f   GigeCameraDemoDlg.obj
 0001:00005340       ?WriteParamFileIniFile@CGigeCameraDemoDlg@@QEAA_NXZ 0000000140006340 f   GigeCameraDemoDlg.obj
 0001:000053d0       ?OnMainitemShow@CGigeCameraDemoDlg@@QEAAXXZ 00000001400063d0 f   GigeCameraDemoDlg.obj
 0001:00005430       ?OnMainitemHide@CGigeCameraDemoDlg@@QEAAXXZ 0000000140006430 f   GigeCameraDemoDlg.obj
 0001:00005450       ?OnMainitemExit@CGigeCameraDemoDlg@@QEAAXXZ 0000000140006450 f   GigeCameraDemoDlg.obj
 0001:00005480       ?FitToWindow@CGigeCameraDemoDlg@@QEAAXPEAVSapView@@@Z 0000000140006480 f   GigeCameraDemoDlg.obj
 0001:00005700       ?OnGrab@CGigeCameraDemoDlg@@IEAAXXZ 0000000140006700 f   GigeCameraDemoDlg.obj
 0001:00005a10       ?OnFreeze@CGigeCameraDemoDlg@@IEAAXXZ 0000000140006a10 f   GigeCameraDemoDlg.obj
 0001:00005ca0       ?OnNcPaint@CGigeCameraDemoDlg@@QEAAXXZ 0000000140006ca0 f   GigeCameraDemoDlg.obj
 0001:00005cc0       ?OnTimer@CGigeCameraDemoDlg@@QEAAX_K@Z 0000000140006cc0 f   GigeCameraDemoDlg.obj
 0001:00006440       ?OnMainitemTest@CGigeCameraDemoDlg@@QEAAXXZ 0000000140007440 f   GigeCameraDemoDlg.obj
 0001:00006460       ?OnBnClickedReturn@CGigeCameraDemoDlg@@QEAAXXZ 0000000140007460 f   GigeCameraDemoDlg.obj
 0001:000065a0       ?ImageFrom_IDResource@CGigeCameraDemoDlg@@QEAAXIPEBDPEAVCImage@ATL@@@Z 00000001400075a0 f   GigeCameraDemoDlg.obj
 0001:000066a0       ?RefreshUI@CGigeCameraDemoDlg@@QEAAXXZ 00000001400076a0 f   GigeCameraDemoDlg.obj
 0001:00007500       ?OnLButtonDown@CGigeCameraDemoDlg@@QEAAXIVCPoint@@@Z 0000000140008500 f   GigeCameraDemoDlg.obj
 0001:00008090       ?OnEraseBkgnd@CGigeCameraDemoDlg@@QEAAHPEAVCDC@@@Z 0000000140009090 f   GigeCameraDemoDlg.obj
 0001:000080e0       ?WritePosInfo@CGigeCameraDemoDlg@@QEAAXH@Z 00000001400090e0 f   GigeCameraDemoDlg.obj
 0001:00008380       ?SetUI@CGigeCameraDemoDlg@@QEAAXXZ 0000000140009380 f   GigeCameraDemoDlg.obj
 0001:000089a0       ?OnCreate@CGigeCameraDemoDlg@@QEAAHPEAUtagCREATESTRUCTA@@@Z 00000001400099a0 f   GigeCameraDemoDlg.obj
 0001:000089f0       ?HideCursor@CGigeCameraDemoDlg@@QEAAXXZ 00000001400099f0 f   GigeCameraDemoDlg.obj
 0001:0000a8b0       ??_GCAboutDlg@@UEAAPEAXI@Z 000000014000b8b0 f i GigeCameraDemoDlg.obj
 0001:0000a8b0       ??_ECAboutDlg@@UEAAPEAXI@Z 000000014000b8b0 f i GigeCameraDemoDlg.obj
 0001:0000a900       ??1CAboutDlg@@UEAA@XZ      000000014000b900 f i GigeCameraDemoDlg.obj
 0001:0000a920       ??_GCGigeCameraDemoDlg@@UEAAPEAXI@Z 000000014000b920 f i GigeCameraDemoDlg.obj
 0001:0000a920       ??_ECGigeCameraDemoDlg@@UEAAPEAXI@Z 000000014000b920 f i GigeCameraDemoDlg.obj
 0001:0000a970       ?floor@@YAMM@Z             000000014000b970 f i GigeCameraDemoDlg.obj
 0001:0000a9a0       ?Load@CImage@ATL@@QEAAJPEAUIStream@@@Z 000000014000b9a0 f i GigeCameraDemoDlg.obj
 0001:0000aa40       ?GetLastStatus@Image@Gdiplus@@QEBA?AW4Status@2@XZ 000000014000ba40 f i GigeCameraDemoDlg.obj
 0001:0000aa80       ??1Bitmap@Gdiplus@@UEAA@XZ 000000014000ba80 f i GigeCameraDemoDlg.obj
 0001:0000aaa0       ??1Image@Gdiplus@@UEAA@XZ  000000014000baa0 f i GigeCameraDemoDlg.obj
 0001:0000aae0       ??_EImage@Gdiplus@@UEAAPEAXI@Z 000000014000bae0 f i GigeCameraDemoDlg.obj
 0001:0000aae0       ??_GImage@Gdiplus@@UEAAPEAXI@Z 000000014000bae0 f i GigeCameraDemoDlg.obj
 0001:0000ab30       ??3GdiplusBase@Gdiplus@@SAXPEAX@Z 000000014000bb30 f i GigeCameraDemoDlg.obj
 0001:0000ab50       ?Clone@Image@Gdiplus@@UEAAPEAV12@XZ 000000014000bb50 f i GigeCameraDemoDlg.obj
 0001:0000ac00       ??2GdiplusBase@Gdiplus@@SAPEAX_K@Z 000000014000bc00 f i GigeCameraDemoDlg.obj
 0001:0000ac20       ?SetStatus@Image@Gdiplus@@IEBA?AW4Status@2@W432@@Z 000000014000bc20 f i GigeCameraDemoDlg.obj
 0001:0000ac60       ??0Image@Gdiplus@@IEAA@PEAVGpImage@1@W4Status@1@@Z 000000014000bc60 f i GigeCameraDemoDlg.obj
 0001:0000acc0       ?SetNativeImage@Image@Gdiplus@@IEAAXPEAVGpImage@2@@Z 000000014000bcc0 f i GigeCameraDemoDlg.obj
 0001:0000ace0       ??0Bitmap@Gdiplus@@QEAA@PEAUIStream@@H@Z 000000014000bce0 f i GigeCameraDemoDlg.obj
 0001:0000ada0       ??0Image@Gdiplus@@IEAA@XZ  000000014000bda0 f i GigeCameraDemoDlg.obj
 0001:0000adc0       ??_GBitmap@Gdiplus@@UEAAPEAXI@Z 000000014000bdc0 f i GigeCameraDemoDlg.obj
 0001:0000adc0       ??_EBitmap@Gdiplus@@UEAAPEAXI@Z 000000014000bdc0 f i GigeCameraDemoDlg.obj
 0001:0000ae10       ?CreateFromGdiplusBitmap@CImage@ATL@@AEAAJAEAVBitmap@Gdiplus@@@Z 000000014000be10 f i GigeCameraDemoDlg.obj
 0001:0000b510       ?_AtlVerifyStackAvailable@_ATL_SAFE_ALLOCA_IMPL@ATL@@YA_N_K@Z 000000014000c510 f i GigeCameraDemoDlg.obj
 0001:0000b620       ?memcpy_s@Checked@ATL@@YAXPEAX_KPEBX1@Z 000000014000c620 f i GigeCameraDemoDlg.obj
 0001:0000b670       ?AfxCrtErrorCheck@@YAHH@Z  000000014000c670 f i GigeCameraDemoDlg.obj
 0001:0000b6e0       ??0Rect@Gdiplus@@QEAA@HHHH@Z 000000014000c6e0 f i GigeCameraDemoDlg.obj
 0001:0000b740       ?GetPixelFormatSize@Gdiplus@@YAIH@Z 000000014000c740 f i GigeCameraDemoDlg.obj
 0001:0000b760       ?IsIndexedPixelFormat@Gdiplus@@YAHH@Z 000000014000c760 f i GigeCameraDemoDlg.obj
 0001:0000b7a0       ?IsAlphaPixelFormat@Gdiplus@@YAHH@Z 000000014000c7a0 f i GigeCameraDemoDlg.obj
 0001:0000b7e0       ??0Graphics@Gdiplus@@QEAA@PEAVImage@1@@Z 000000014000c7e0 f i GigeCameraDemoDlg.obj
 0001:0000b850       ??1Graphics@Gdiplus@@QEAA@XZ 000000014000c850 f i GigeCameraDemoDlg.obj
 0001:0000b880       ?DrawImage@Graphics@Gdiplus@@QEAA?AW4Status@2@PEAVImage@2@HH@Z 000000014000c880 f i GigeCameraDemoDlg.obj
 0001:0000b900       ?SetNativeGraphics@Graphics@Gdiplus@@IEAAXPEAVGpGraphics@2@@Z 000000014000c900 f i GigeCameraDemoDlg.obj
 0001:0000b920       ?SetStatus@Graphics@Gdiplus@@IEBA?AW4Status@2@W432@@Z 000000014000c920 f i GigeCameraDemoDlg.obj
 0001:0000b960       ?GetWidth@Image@Gdiplus@@QEAAIXZ 000000014000c960 f i GigeCameraDemoDlg.obj
 0001:0000b9b0       ?GetHeight@Image@Gdiplus@@QEAAIXZ 000000014000c9b0 f i GigeCameraDemoDlg.obj
 0001:0000ba00       ?GetPixelFormat@Image@Gdiplus@@QEAAHXZ 000000014000ca00 f i GigeCameraDemoDlg.obj
 0001:0000ba40       ?GetPaletteSize@Image@Gdiplus@@QEAAHXZ 000000014000ca40 f i GigeCameraDemoDlg.obj
 0001:0000ba90       ?GetPalette@Image@Gdiplus@@QEAA?AW4Status@2@PEAUColorPalette@2@H@Z 000000014000ca90 f i GigeCameraDemoDlg.obj
 0001:0000bae0       ??0Bitmap@Gdiplus@@QEAA@HHHHPEAE@Z 000000014000cae0 f i GigeCameraDemoDlg.obj
 0001:0000bba0       ?LockBits@Bitmap@Gdiplus@@QEAA?AW4Status@2@PEBVRect@2@IHPEAVBitmapData@2@@Z 000000014000cba0 f i GigeCameraDemoDlg.obj
 0001:0000bc10       ?UnlockBits@Bitmap@Gdiplus@@QEAA?AW4Status@2@PEAVBitmapData@2@@Z 000000014000cc10 f i GigeCameraDemoDlg.obj
 0001:0000bc50       ?Create@CImage@ATL@@QEAAHHHHK@Z 000000014000cc50 f i GigeCameraDemoDlg.obj
 0001:0000bcb0       ?CreateEx@CImage@ATL@@QEAAHHHHKPEBKK@Z 000000014000ccb0 f i GigeCameraDemoDlg.obj
 0001:0000c050       ?Attach@CImage@ATL@@QEAAXPEAUHBITMAP__@@W4DIBOrientation@12@@Z 000000014000d050 f i GigeCameraDemoDlg.obj
 0001:0000c130       ?GetBits@CImage@ATL@@QEAAPEAXXZ 000000014000d130 f i GigeCameraDemoDlg.obj
 0001:0000c200       ?GetHeight@CImage@ATL@@QEBAHXZ 000000014000d200 f i GigeCameraDemoDlg.obj
 0001:0000c280       ?GetPitch@CImage@ATL@@QEBAHXZ 000000014000d280 f i GigeCameraDemoDlg.obj
 0001:0000c350       ?GetWidth@CImage@ATL@@QEBAHXZ 000000014000d350 f i GigeCameraDemoDlg.obj
 0001:0000c3d0       ?IsDIBSection@CImage@ATL@@QEBA_NXZ 000000014000d3d0 f i GigeCameraDemoDlg.obj
 0001:0000c3f0       ?SetColorTable@CImage@ATL@@QEAAXIIPEBUtagRGBQUAD@@@Z 000000014000d3f0 f i GigeCameraDemoDlg.obj
 0001:0000c550       ?GetDC@CImage@ATL@@QEBAPEAUHDC__@@XZ 000000014000d550 f i GigeCameraDemoDlg.obj
 0001:0000c630       ?GetDC@CDCCache@CImage@ATL@@QEAAPEAUHDC__@@XZ 000000014000d630 f i GigeCameraDemoDlg.obj
 0001:0000c6b0       ?IsIndexed@CImage@ATL@@QEBA_NXZ 000000014000d6b0 f i GigeCameraDemoDlg.obj
 0001:0000c7a0       ?ReleaseDC@CImage@ATL@@QEBAXXZ 000000014000d7a0 f i GigeCameraDemoDlg.obj
 0001:0000c8d0       ?ReleaseDC@CDCCache@CImage@ATL@@QEAAXPEAUHDC__@@@Z 000000014000d8d0 f i GigeCameraDemoDlg.obj
 0001:0000c970       ?UpdateBitmapInfo@CImage@ATL@@AEAAXW4DIBOrientation@12@@Z 000000014000d970 f i GigeCameraDemoDlg.obj
 0001:0000cc20       ?abs@@YAJJ@Z               000000014000dc20 f i GigeCameraDemoDlg.obj
 0001:0000cc40       ?ComputePitch@CImage@ATL@@CAHHH@Z 000000014000dc40 f i GigeCameraDemoDlg.obj
 0001:0000cc70       ?InitGDIPlus@CImage@ATL@@CA_NXZ 000000014000dc70 f i GigeCameraDemoDlg.obj
 0001:0000cca0       ?Init@CInitGDIPlus@CImage@ATL@@QEAA_NXZ 000000014000dca0 f i GigeCameraDemoDlg.obj
 0001:0000cd50       ??0GdiplusStartupInput@Gdiplus@@QEAA@P6AXW4DebugEventLevel@1@PEAD@ZHH@Z 000000014000dd50 f i GigeCameraDemoDlg.obj
 0001:0000cdb0       ??0CImage@ATL@@QEAA@XZ     000000014000ddb0 f i GigeCameraDemoDlg.obj
 0001:0000ceb0       ?IncreaseCImageCount@CInitGDIPlus@CImage@ATL@@QEAAXXZ 000000014000deb0 f i GigeCameraDemoDlg.obj
 0001:0000cf10       ??_ECImage@ATL@@UEAAPEAXI@Z 000000014000df10 f i GigeCameraDemoDlg.obj
 0001:0000cf10       ??_GCImage@ATL@@UEAAPEAXI@Z 000000014000df10 f i GigeCameraDemoDlg.obj
 0001:0000cf60       ??1CImage@ATL@@UEAA@XZ     000000014000df60 f i GigeCameraDemoDlg.obj
 0001:0000cfa0       ?DecreaseCImageCount@CInitGDIPlus@CImage@ATL@@QEAAXXZ 000000014000dfa0 f i GigeCameraDemoDlg.obj
 0001:0000d020       ?ReleaseGDIPlus@CInitGDIPlus@CImage@ATL@@QEAAXXZ 000000014000e020 f i GigeCameraDemoDlg.obj
 0001:0000d090       ?Destroy@CImage@ATL@@QEAAXXZ 000000014000e090 f i GigeCameraDemoDlg.obj
 0001:0000d0e0       ?Detach@CImage@ATL@@QEAAPEAUHBITMAP__@@XZ 000000014000e0e0 f i GigeCameraDemoDlg.obj
 0001:0000d250       ?Draw@CImage@ATL@@QEBAHPEAUHDC__@@AEBUtagRECT@@@Z 000000014000e250 f i GigeCameraDemoDlg.obj
 0001:0000d300       ?Draw@CImage@ATL@@QEBAHPEAUHDC__@@HHHHHHHH@Z 000000014000e300 f i GigeCameraDemoDlg.obj
 0001:0000d7b0       ?IsTransparencySupported@CImage@ATL@@SAHXZ 000000014000e7b0 f i GigeCameraDemoDlg.obj
 0001:0000d7c0       ?GetTransparentRGB@CImage@ATL@@AEBAKXZ 000000014000e7c0 f i GigeCameraDemoDlg.obj
 0001:0000d900       ??0?$CAtlSafeAllocBufferManager@VCCRTAllocator@ATL@@@_ATL_SAFE_ALLOCA_IMPL@ATL@@QEAA@XZ 000000014000e900 f i GigeCameraDemoDlg.obj
 0001:0000d920       ?Allocate@?$CAtlSafeAllocBufferManager@VCCRTAllocator@ATL@@@_ATL_SAFE_ALLOCA_IMPL@ATL@@QEAAPEAX_K@Z 000000014000e920 f i GigeCameraDemoDlg.obj
 0001:0000d9a0       ?Allocate@CCRTAllocator@ATL@@SAPEAX_K@Z 000000014000e9a0 f i GigeCameraDemoDlg.obj
 0001:0000d9c0       ??1?$CAtlSafeAllocBufferManager@VCCRTAllocator@ATL@@@_ATL_SAFE_ALLOCA_IMPL@ATL@@QEAA@XZ 000000014000e9c0 f i GigeCameraDemoDlg.obj
 0001:0000da20       ?Free@CCRTAllocator@ATL@@SAXPEAX@Z 000000014000ea20 f i GigeCameraDemoDlg.obj
 0001:0000da40       ??HATL@@YA?AV?$CStringT@DV?$StrTraitMFC_DLL@DV?$ChTraitsCRT@D@ATL@@@@@0@AEBV10@PEBD@Z 000000014000ea40 f i GigeCameraDemoDlg.obj
 0001:0000db30       ??HATL@@YA?AV?$CStringT@DV?$StrTraitMFC_DLL@DV?$ChTraitsCRT@D@ATL@@@@@0@PEBDAEBV10@@Z 000000014000eb30 f i GigeCameraDemoDlg.obj
 0001:0000dc30       ?GetData@CAtlSafeAllocBufferNode@?$CAtlSafeAllocBufferManager@VCCRTAllocator@ATL@@@_ATL_SAFE_ALLOCA_IMPL@ATL@@QEAAPEAXXZ 000000014000ec30 f i GigeCameraDemoDlg.obj
 0001:0000dc50       ??$AtlAdd@_K@ATL@@YAJPEA_K_K1@Z 000000014000ec50 f i GigeCameraDemoDlg.obj
 0001:0000dcc0       HRESULT_FROM_WIN32         000000014000ecc0 f i GigeCameraDemoDlg.obj
 0001:0000dd10       ??$AtlAlignUp@I@ATL@@YAIIK@Z 000000014000ed10 f i GigeCameraDemoDlg.obj
 0001:0000dd40       ??$sprintf_s@$0EAA@@@YAHAEAY0EAA@DPEBDZZ 000000014000ed40 f i GigeCameraDemoDlg.obj
 0001:0000dda0       ??$sprintf_s@$09@@YAHAEAY09DPEBDZZ 000000014000eda0 f i GigeCameraDemoDlg.obj
 0001:0000de00       ??$sprintf_s@$0CAA@@@YAHAEAY0CAA@DPEBDZZ 000000014000ee00 f i GigeCameraDemoDlg.obj
 0001:0000de60       ??$strcpy_s@$0IA@@@YAHAEAY0IA@DPEBD@Z 000000014000ee60 f i GigeCameraDemoDlg.obj
 0001:0000dea0       ??$AtlAddThrow@_K@ATL@@YA_K_K0@Z 000000014000eea0 f i GigeCameraDemoDlg.obj
 0001:0000def0       ?AtlThrowImpl@ATL@@YAXJ@Z  000000014000eef0 f i GigeCameraDemoDlg.obj
 0001:0000df80       ??0CTraceFileAndLineInfo@ATL@@QEAA@PEBDH@Z 000000014000ef80 f i GigeCameraDemoDlg.obj
 0001:0000dfc0       ??RCTraceFileAndLineInfo@ATL@@QEBAX_KIPEBDZZ 000000014000efc0 f i GigeCameraDemoDlg.obj
 0001:0000e050       ?TraceV@CTrace@ATL@@QEBAXPEBDH_KI0PEAD@Z 000000014000f050 f i GigeCameraDemoDlg.obj
 0001:0000e0c0       ??BCTraceCategory@ATL@@QEBA_KXZ 000000014000f0c0 f i GigeCameraDemoDlg.obj
 0001:0000e0e0       ?_GetBaseClass@CInputDialog@@KAPEAUCRuntimeClass@@XZ 000000014000f0e0 f   InputDialog.obj
 0001:0000e100       ?GetThisClass@CInputDialog@@SAPEAUCRuntimeClass@@XZ 000000014000f100 f   InputDialog.obj
 0001:0000e110       ?GetRuntimeClass@CInputDialog@@UEBAPEAUCRuntimeClass@@XZ 000000014000f110 f   InputDialog.obj
 0001:0000e130       ??0CInputDialog@@QEAA@PEAVCWnd@@@Z 000000014000f130 f   InputDialog.obj
 0001:0000e180       ??1CInputDialog@@UEAA@XZ   000000014000f180 f   InputDialog.obj
 0001:0000e1b0       ?DoDataExchange@CInputDialog@@MEAAXPEAVCDataExchange@@@Z 000000014000f1b0 f   InputDialog.obj
 0001:0000e200       ?GetMessageMap@CInputDialog@@MEBAPEBUAFX_MSGMAP@@XZ 000000014000f200 f   InputDialog.obj
 0001:0000e220       ?GetThisMessageMap@CInputDialog@@KAPEBUAFX_MSGMAP@@XZ 000000014000f220 f   InputDialog.obj
 0001:0000e230       ?OnBnClickedOk@CInputDialog@@QEAAXXZ 000000014000f230 f   InputDialog.obj
 0001:0000e2c0       ??_GCInputDialog@@UEAAPEAXI@Z 000000014000f2c0 f i InputDialog.obj
 0001:0000e2c0       ??_ECInputDialog@@UEAAPEAXI@Z 000000014000f2c0 f i InputDialog.obj
 0001:0000e310       ?_GetBaseClass@CMessageDialog@@KAPEAUCRuntimeClass@@XZ 000000014000f310 f   MessageDialog.obj
 0001:0000e330       ?GetThisClass@CMessageDialog@@SAPEAUCRuntimeClass@@XZ 000000014000f330 f   MessageDialog.obj
 0001:0000e340       ?GetRuntimeClass@CMessageDialog@@UEBAPEAUCRuntimeClass@@XZ 000000014000f340 f   MessageDialog.obj
 0001:0000e360       ??0CMessageDialog@@QEAA@PEAVCWnd@@@Z 000000014000f360 f   MessageDialog.obj
 0001:0000e3d0       ??1CMessageDialog@@UEAA@XZ 000000014000f3d0 f   MessageDialog.obj
 0001:0000e420       ?DoDataExchange@CMessageDialog@@MEAAXPEAVCDataExchange@@@Z 000000014000f420 f   MessageDialog.obj
 0001:0000e450       ?GetMessageMap@CMessageDialog@@MEBAPEBUAFX_MSGMAP@@XZ 000000014000f450 f   MessageDialog.obj
 0001:0000e470       ?GetThisMessageMap@CMessageDialog@@KAPEBUAFX_MSGMAP@@XZ 000000014000f470 f   MessageDialog.obj
 0001:0000e480       ?Response@CMessageDialog@@QEAA_J_K_J@Z 000000014000f480 f   MessageDialog.obj
 0001:0000e560       ?OnCtlColor@CMessageDialog@@QEAAPEAUHBRUSH__@@PEAVCDC@@PEAVCWnd@@I@Z 000000014000f560 f   MessageDialog.obj
 0001:0000e730       ?OnEraseBkgnd@CMessageDialog@@QEAAHPEAVCDC@@@Z 000000014000f730 f   MessageDialog.obj
 0001:0000e830       ?OnCreate@CMessageDialog@@QEAAHPEAUtagCREATESTRUCTA@@@Z 000000014000f830 f   MessageDialog.obj
 0001:0000e8b0       ?OnClose@CMessageDialog@@QEAAXXZ 000000014000f8b0 f   MessageDialog.obj
 0001:0000e8f0       ?OnPaint@CMessageDialog@@QEAAXXZ 000000014000f8f0 f   MessageDialog.obj
 0001:0000e950       ?OnBnClickedOk@CMessageDialog@@QEAAXXZ 000000014000f950 f   MessageDialog.obj
 0001:0000e970       ?OnInitDialog@CMessageDialog@@UEAAHXZ 000000014000f970 f   MessageDialog.obj
 0001:0000e9a0       ?OnTimer@CMessageDialog@@QEAAX_K@Z 000000014000f9a0 f   MessageDialog.obj
 0001:0000e9d0       ?OnLButtonUp@CMessageDialog@@QEAAXIVCPoint@@@Z 000000014000f9d0 f   MessageDialog.obj
 0001:0000ebc0       ??_GCMessageDialog@@UEAAPEAXI@Z 000000014000fbc0 f i MessageDialog.obj
 0001:0000ebc0       ??_ECMessageDialog@@UEAAPEAXI@Z 000000014000fbc0 f i MessageDialog.obj
 0001:0000ec10       ??0CSerialPort@@QEAA@XZ    000000014000fc10 f   SerialPort.obj
 0001:0000ecb0       ??1CSerialPort@@UEAA@XZ    000000014000fcb0 f   SerialPort.obj
 0001:0000ed30       ?InitPort@CSerialPort@@QEAAHPEAVCWnd@@IIDIIKI@Z 000000014000fd30 f   SerialPort.obj
 0001:0000f380       ?CommThread@CSerialPort@@KAIPEAX@Z 0000000140010380 f   SerialPort.obj
 0001:0000f690       ?StartMonitoring@CSerialPort@@QEAAHXZ 0000000140010690 f   SerialPort.obj
 0001:0000f720       ?RestartMonitoring@CSerialPort@@QEAAHXZ 0000000140010720 f   SerialPort.obj
 0001:0000f770       ?StopMonitoring@CSerialPort@@QEAAHXZ 0000000140010770 f   SerialPort.obj
 0001:0000f7c0       ?ProcessErrorMessage@CSerialPort@@IEAAXPEAD@Z 00000001400107c0 f   SerialPort.obj
 0001:0000f890       ?WriteChar@CSerialPort@@KAXPEAV1@H@Z 0000000140010890 f   SerialPort.obj
 0001:0000fac0       ?ReceiveChar@CSerialPort@@KAXPEAV1@U_COMSTAT@@@Z 0000000140010ac0 f   SerialPort.obj
 0001:0000fc90       ?WriteToPort@CSerialPort@@QEAAXPEAD@Z 0000000140010c90 f   SerialPort.obj
 0001:0000fd10       ?WriteToPort@CSerialPort@@QEAAXPEADH@Z 0000000140010d10 f   SerialPort.obj
 0001:0000fdd0       ?GetDCB@CSerialPort@@QEAA?AU_DCB@@XZ 0000000140010dd0 f   SerialPort.obj
 0001:0000fe20       ?GetCommEvents@CSerialPort@@QEAAKXZ 0000000140010e20 f   SerialPort.obj
 0001:0000fe40       ?GetWriteBufferSize@CSerialPort@@QEAAKXZ 0000000140010e40 f   SerialPort.obj
 0001:0000fe60       ?GetPortNO@CSerialPort@@QEAAHXZ 0000000140010e60 f   SerialPort.obj
 0001:00010310       ??_ECSerialPort@@UEAAPEAXI@Z 0000000140011310 f i SerialPort.obj
 0001:00010310       ??_GCSerialPort@@UEAAPEAXI@Z 0000000140011310 f i SerialPort.obj
 0001:00010360       ??RCTraceFileAndLineInfo@ATL@@QEBAXPEBDZZ 0000000140011360 f i SerialPort.obj
 0001:00010400       ?_GetBaseClass@CSplashWnd@@KAPEAUCRuntimeClass@@XZ 0000000140011400 f   SplashWnd.obj
 0001:00010420       ?GetThisClass@CSplashWnd@@SAPEAUCRuntimeClass@@XZ 0000000140011420 f   SplashWnd.obj
 0001:00010430       ?GetRuntimeClass@CSplashWnd@@UEBAPEAUCRuntimeClass@@XZ 0000000140011430 f   SplashWnd.obj
 0001:00010450       ??0CSplashWnd@@QEAA@XZ     0000000140011450 f   SplashWnd.obj
 0001:00010560       ??1CSplashWnd@@UEAA@XZ     0000000140011560 f   SplashWnd.obj
 0001:00010610       ?GetMessageMap@CSplashWnd@@MEBAPEBUAFX_MSGMAP@@XZ 0000000140011610 f   SplashWnd.obj
 0001:00010630       ?GetThisMessageMap@CSplashWnd@@KAPEBUAFX_MSGMAP@@XZ 0000000140011630 f   SplashWnd.obj
 0001:00010640       ?DeleteSplash@CSplashWnd@@QEAAXXZ 0000000140011640 f   SplashWnd.obj
 0001:00010660       ?CreateSplash@CSplashWnd@@QEAAXXZ 0000000140011660 f   SplashWnd.obj
 0001:00010760       ?OnPaint@CSplashWnd@@IEAAXXZ 0000000140011760 f   SplashWnd.obj
 0001:00010960       ?ImageFrom_IDResource@CSplashWnd@@QEAAXIPEBDPEAVCImage@ATL@@@Z 0000000140011960 f   SplashWnd.obj
 0001:00010a60       ?SetInfo@CSplashWnd@@QEAAXV?$CStringT@DV?$StrTraitMFC_DLL@DV?$ChTraitsCRT@D@ATL@@@@@ATL@@@Z 0000000140011a60 f   SplashWnd.obj
 0001:00010ab0       ?On_Timer@@YAKPEAX@Z       0000000140011ab0 f   SplashWnd.obj
 0001:000113c0       ?OnNcDestroy@CSplashWnd@@QEAAXXZ 00000001400123c0 f   SplashWnd.obj
 0001:000113f0       ?HideCursor@CSplashWnd@@QEAAXXZ 00000001400123f0 f   SplashWnd.obj
 0001:00011830       ??_ECSplashWnd@@UEAAPEAXI@Z 0000000140012830 f i SplashWnd.obj
 0001:00011830       ??_GCSplashWnd@@UEAAPEAXI@Z 0000000140012830 f i SplashWnd.obj
 0001:00011874       ??1SapAcquisition@@UEAA@XZ 0000000140012874 f   SapClassBasic:SapClassBasic82.dll
 0001:0001187a       ??0SapAcquisition@@QEAA@VSapLocation@@@Z 000000014001287a f   SapClassBasic:SapClassBasic82.dll
 0001:00011880       ??0SapLocation@@QEAA@HH@Z  0000000140012880 f   SapClassBasic:SapClassBasic82.dll
 0001:00011886       ?GetEventCount@SapXferCallbackInfo@@QEBAHXZ 0000000140012886 f   SapClassBasic:SapClassBasic82.dll
 0001:0001188c       ?GetHeight@SapBuffer@@QEBAHXZ 000000014001288c f   SapClassBasic:SapClassBasic82.dll
 0001:00011892       ?GetWidth@SapBuffer@@QEBAHXZ 0000000140012892 f   SapClassBasic:SapClassBasic82.dll
 0001:00011898       ?GetContext@SapXferCallbackInfo@@QEBAPEAXXZ 0000000140012898 f   SapClassBasic:SapClassBasic82.dll
 0001:0001189e       ?SetCycleMode@SapXferPair@@QEAAHH@Z 000000014001289e f   SapClassBasic:SapClassBasic82.dll
 0001:000118a4       ?GetPair@SapTransfer@@QEAAPEAVSapXferPair@@H@Z 00000001400128a4 f   SapClassBasic:SapClassBasic82.dll
 0001:000118aa       ??BSapManager@@QEBAHXZ     00000001400128aa f   SapClassBasic:SapClassBasic82.dll
 0001:000118b0       ?GetBuffer@SapView@@QEBAPEAVSapBuffer@@XZ 00000001400128b0 f   SapClassBasic:SapClassBasic82.dll
 0001:000118b6       ??1CImageExWnd@@UEAA@XZ    00000001400128b6 f   SapClassGuiD:SapClassGui82D.NET_2010.dll
 0001:000118bc       ??0CImageExWnd@@QEAA@XZ    00000001400128bc f   SapClassGuiD:SapClassGui82D.NET_2010.dll
 0001:000118c2       ??0CImageExWndEventHandler@@QEAA@XZ 00000001400128c2 f   SapClassGuiD:SapClassGui82D.NET_2010.dll
 0001:000118c8       ?ScaleChanged@CImageViewportWndEventHandler@@UEAAXXZ 00000001400128c8 f   SapClassGuiD:SapClassGui82D.NET_2010.dll
 0001:000118ce       ?RoiChanged@CImageViewportWndEventHandler@@UEAAXXZ 00000001400128ce f   SapClassGuiD:SapClassGui82D.NET_2010.dll
 0001:000118d4       ?ViewChanged@CImageViewportWndEventHandler@@UEAAXXZ 00000001400128d4 f   SapClassGuiD:SapClassGui82D.NET_2010.dll
 0001:000118da       ?MarkerChanged@CImageExWndEventHandler@@UEAAXXZ 00000001400128da f   SapClassGuiD:SapClassGui82D.NET_2010.dll
 0001:000118e0       ?InteractiveMarkerChanged@CImageExWndEventHandler@@UEAAXH@Z 00000001400128e0 f   SapClassGuiD:SapClassGui82D.NET_2010.dll
 0001:000118e6       ?GetPixelString@CImageExWnd@@QEBA?AV?$CStringT@DV?$StrTraitMFC_DLL@DV?$ChTraitsCRT@D@ATL@@@@@ATL@@VCPoint@@@Z 00000001400128e6 f   SapClassGuiD:SapClassGui82D.NET_2010.dll
 0001:000118ec       ??1CViewDlg@@UEAA@XZ       00000001400128ec f   SapClassGuiD:SapClassGui82D.NET_2010.dll
 0001:000118f2       ?Refresh@CImageExWnd@@QEAAXXZ 00000001400128f2 f   SapClassGuiD:SapClassGui82D.NET_2010.dll
 0001:000118f8       ??0CViewDlg@@QEAA@PEAVCWnd@@PEAVSapView@@@Z 00000001400128f8 f   SapClassGuiD:SapClassGui82D.NET_2010.dll
 0001:000118fe       ??1CAbortDlg@@UEAA@XZ      00000001400128fe f   SapClassGuiD:SapClassGui82D.NET_2010.dll
 0001:00011904       ??0CAbortDlg@@QEAA@PEAVCWnd@@PEAVSapTransfer@@H@Z 0000000140012904 f   SapClassGuiD:SapClassGui82D.NET_2010.dll
 0001:0001190a       ZLBSaveImage               000000014001290a f   ZLBImage:ZLBImage.dll
 0001:00011910       ZLBCreateDirectory         0000000140012910 f   ZLBCommon:ZLBCommon.dll
 0001:00011916       ZLBIsPathExist             0000000140012916 f   ZLBCommon:ZLBCommon.dll
 0001:0001191c       ZLBIniReadDouble           000000014001291c f   ZLBCommon:ZLBCommon.dll
 0001:00011922       ZLBIniReadString           0000000140012922 f   ZLBCommon:ZLBCommon.dll
 0001:00011928       ZLBIniReadInt              0000000140012928 f   ZLBCommon:ZLBCommon.dll
 0001:0001192e       ZLBIniFile                 000000014001292e f   ZLBCommon:ZLBCommon.dll
 0001:00011934       ZLBGetCurrentPath          0000000140012934 f   ZLBCommon:ZLBCommon.dll
 0001:0001193a       ??3@YAXPEAX@Z              000000014001293a f   mfc100d:mfc100d.dll
 0001:00011940       ?GetThisMessageMap@CWinApp@@KAPEBUAFX_MSGMAP@@XZ 0000000140012940 f   mfc100d:mfc100d.dll
 0001:00011946       ??0CWinApp@@QEAA@PEBD@Z    0000000140012946 f   mfc100d:mfc100d.dll
 0001:0001194c       ?GetRuntimeClass@CWinApp@@UEBAPEAUCRuntimeClass@@XZ 000000014001294c f   mfc100d:mfc100d.dll
 0001:00011952       ?Serialize@CObject@@UEAAXAEAVCArchive@@@Z 0000000140012952 f   mfc100d:mfc100d.dll
 0001:00011958       ?AssertValid@CWinApp@@UEBAXXZ 0000000140012958 f   mfc100d:mfc100d.dll
 0001:0001195e       ?Dump@CWinApp@@UEBAXAEAVCDumpContext@@@Z 000000014001295e f   mfc100d:mfc100d.dll
 0001:00011964       ?OnCmdMsg@CCmdTarget@@UEAAHIHPEAXPEAUAFX_CMDHANDLERINFO@@@Z 0000000140012964 f   mfc100d:mfc100d.dll
 0001:0001196a       ?OnFinalRelease@CCmdTarget@@UEAAXXZ 000000014001296a f   mfc100d:mfc100d.dll
 0001:00011970       ?IsInvokeAllowed@CCmdTarget@@UEAAHJ@Z 0000000140012970 f   mfc100d:mfc100d.dll
 0001:00011976       ?GetDispatchIID@CCmdTarget@@UEAAHPEAU_GUID@@@Z 0000000140012976 f   mfc100d:mfc100d.dll
 0001:0001197c       ?GetTypeInfoCount@CCmdTarget@@UEAAIXZ 000000014001297c f   mfc100d:mfc100d.dll
 0001:00011982       ?GetTypeLibCache@CCmdTarget@@UEAAPEAVCTypeLibCache@@XZ 0000000140012982 f   mfc100d:mfc100d.dll
 0001:00011988       ?GetTypeLib@CCmdTarget@@UEAAJKPEAPEAUITypeLib@@@Z 0000000140012988 f   mfc100d:mfc100d.dll
 0001:0001198e       ?GetCommandMap@CCmdTarget@@MEBAPEBUAFX_OLECMDMAP@@XZ 000000014001298e f   mfc100d:mfc100d.dll
 0001:00011994       ?GetDispatchMap@CCmdTarget@@MEBAPEBUAFX_DISPMAP@@XZ 0000000140012994 f   mfc100d:mfc100d.dll
 0001:0001199a       ?GetConnectionMap@CCmdTarget@@MEBAPEBUAFX_CONNECTIONMAP@@XZ 000000014001299a f   mfc100d:mfc100d.dll
 0001:000119a0       ?GetInterfaceMap@CCmdTarget@@MEBAPEBUAFX_INTERFACEMAP@@XZ 00000001400129a0 f   mfc100d:mfc100d.dll
 0001:000119a6       ?GetEventSinkMap@CCmdTarget@@MEBAPEBUAFX_EVENTSINKMAP@@XZ 00000001400129a6 f   mfc100d:mfc100d.dll
 0001:000119ac       ?OnCreateAggregates@CCmdTarget@@UEAAHXZ 00000001400129ac f   mfc100d:mfc100d.dll
 0001:000119b2       ?GetInterfaceHook@CCmdTarget@@UEAAPEAUIUnknown@@PEBX@Z 00000001400129b2 f   mfc100d:mfc100d.dll
 0001:000119b8       ?GetExtraConnectionPoints@CCmdTarget@@MEAAHPEAVCPtrArray@@@Z 00000001400129b8 f   mfc100d:mfc100d.dll
 0001:000119be       ?GetConnectionHook@CCmdTarget@@MEAAPEAUIConnectionPoint@@AEBU_GUID@@@Z 00000001400129be f   mfc100d:mfc100d.dll
 0001:000119c4       ?Run@CWinApp@@UEAAHXZ      00000001400129c4 f   mfc100d:mfc100d.dll
 0001:000119ca       ?PreTranslateMessage@CWinThread@@UEAAHPEAUtagMSG@@@Z 00000001400129ca f   mfc100d:mfc100d.dll
 0001:000119d0       ?PumpMessage@CWinThread@@UEAAHXZ 00000001400129d0 f   mfc100d:mfc100d.dll
 0001:000119d6       ?OnIdle@CWinApp@@UEAAHJ@Z  00000001400129d6 f   mfc100d:mfc100d.dll
 0001:000119dc       ?IsIdleMessage@CWinThread@@UEAAHPEAUtagMSG@@@Z 00000001400129dc f   mfc100d:mfc100d.dll
 0001:000119e2       ?ExitInstance@CWinApp@@UEAAHXZ 00000001400129e2 f   mfc100d:mfc100d.dll
 0001:000119e8       ?ProcessWndProcException@CWinApp@@UEAA_JPEAVCException@@PEBUtagMSG@@@Z 00000001400129e8 f   mfc100d:mfc100d.dll
 0001:000119ee       ?ProcessMessageFilter@CWinThread@@UEAAHHPEAUtagMSG@@@Z 00000001400129ee f   mfc100d:mfc100d.dll
 0001:000119f4       ?GetMainWnd@CWinThread@@UEAAPEAVCWnd@@XZ 00000001400129f4 f   mfc100d:mfc100d.dll
 0001:000119fa       ?Delete@CWinThread@@UEAAXXZ 00000001400129fa f   mfc100d:mfc100d.dll
 0001:00011a00       ?GetProfileIntA@CWinApp@@UEAAIPEBD0H@Z 0000000140012a00 f   mfc100d:mfc100d.dll
 0001:00011a06       ?WriteProfileInt@CWinApp@@UEAAHPEBD0H@Z 0000000140012a06 f   mfc100d:mfc100d.dll
 0001:00011a0c       ?GetProfileStringA@CWinApp@@UEAA?AV?$CStringT@DV?$StrTraitMFC_DLL@DV?$ChTraitsCRT@D@ATL@@@@@ATL@@PEBD00@Z 0000000140012a0c f   mfc100d:mfc100d.dll
 0001:00011a12       ?WriteProfileStringA@CWinApp@@UEAAHPEBD00@Z 0000000140012a12 f   mfc100d:mfc100d.dll
 0001:00011a18       ?GetProfileBinary@CWinApp@@UEAAHPEBD0PEAPEAEPEAI@Z 0000000140012a18 f   mfc100d:mfc100d.dll
 0001:00011a1e       ?WriteProfileBinary@CWinApp@@UEAAHPEBD0PEAEI@Z 0000000140012a1e f   mfc100d:mfc100d.dll
 0001:00011a24       ?InitLibId@CWinApp@@UEAAXXZ 0000000140012a24 f   mfc100d:mfc100d.dll
 0001:00011a2a       ?Register@CWinApp@@UEAAHXZ 0000000140012a2a f   mfc100d:mfc100d.dll
 0001:00011a30       ?Unregister@CWinApp@@UEAAHXZ 0000000140012a30 f   mfc100d:mfc100d.dll
 0001:00011a36       ?OpenDocumentFile@CWinApp@@UEAAPEAVCDocument@@PEBDH@Z 0000000140012a36 f   mfc100d:mfc100d.dll
 0001:00011a3c       ?OpenDocumentFile@CWinApp@@UEAAPEAVCDocument@@PEBD@Z 0000000140012a3c f   mfc100d:mfc100d.dll
 0001:00011a42       ?AddToRecentFileList@CWinApp@@UEAAXPEBD@Z 0000000140012a42 f   mfc100d:mfc100d.dll
 0001:00011a48       ?InitApplication@CWinApp@@UEAAHXZ 0000000140012a48 f   mfc100d:mfc100d.dll
 0001:00011a4e       ?SaveAllModified@CWinApp@@UEAAHXZ 0000000140012a4e f   mfc100d:mfc100d.dll
 0001:00011a54       ?DoMessageBox@CWinApp@@UEAAHPEBDII@Z 0000000140012a54 f   mfc100d:mfc100d.dll
 0001:00011a5a       ?DoWaitCursor@CWinApp@@UEAAXH@Z 0000000140012a5a f   mfc100d:mfc100d.dll
 0001:00011a60       ?OnDDECommand@CWinApp@@UEAAHPEAD@Z 0000000140012a60 f   mfc100d:mfc100d.dll
 0001:00011a66       ?WinHelpA@CWinApp@@UEAAX_KI@Z 0000000140012a66 f   mfc100d:mfc100d.dll
 0001:00011a6c       ?HtmlHelpA@CWinApp@@UEAAX_KI@Z 0000000140012a6c f   mfc100d:mfc100d.dll
 0001:00011a72       ?WinHelpInternal@CWinApp@@UEAAX_KI@Z 0000000140012a72 f   mfc100d:mfc100d.dll
 0001:00011a78       ?RegisterWithRestartManager@CWinApp@@UEAAJPEB_WKP6AKPEAX@Z1KK@Z 0000000140012a78 f   mfc100d:mfc100d.dll
 0001:00011a7e       ?RegisterWithRestartManager@CWinApp@@UEAAJHAEBV?$CStringT@DV?$StrTraitMFC_DLL@DV?$ChTraitsCRT@D@ATL@@@@@ATL@@@Z 0000000140012a7e f   mfc100d:mfc100d.dll
 0001:00011a84       ?ApplicationRecoveryCallback@CWinApp@@UEAAKPEAX@Z 0000000140012a84 f   mfc100d:mfc100d.dll
 0001:00011a8a       ?GetDataRecoveryHandler@CWinApp@@UEAAPEAVCDataRecoveryHandler@@XZ 0000000140012a8a f   mfc100d:mfc100d.dll
 0001:00011a90       ?IsTaskbarInteractionEnabled@CWinApp@@UEAAHXZ 0000000140012a90 f   mfc100d:mfc100d.dll
 0001:00011a96       ?RestartInstance@CWinApp@@UEAAHXZ 0000000140012a96 f   mfc100d:mfc100d.dll
 0001:00011a9c       ?LoadAppLangResourceDLL@CWinApp@@UEAAPEAUHINSTANCE__@@XZ 0000000140012a9c f   mfc100d:mfc100d.dll
 0001:00011aa2       ?LoadSysPolicies@CWinApp@@UEAAHXZ 0000000140012aa2 f   mfc100d:mfc100d.dll
 0001:00011aa8       ??3CObject@@SAXPEAX@Z      0000000140012aa8 f   mfc100d:mfc100d.dll
 0001:00011aae       ??1CWinApp@@UEAA@XZ        0000000140012aae f   mfc100d:mfc100d.dll
 0001:00011ab4       ?DoModal@CDialog@@UEAA_JXZ 0000000140012ab4 f   mfc100d:mfc100d.dll
 0001:00011aba       ?AfxEnableControlContainer@@YAXPEAVCOccManager@@@Z 0000000140012aba f   mfc100d:mfc100d.dll
 0001:00011ac0       ??1CDialog@@UEAA@XZ        0000000140012ac0 f   mfc100d:mfc100d.dll
 0001:00011ac6       ??1CStatic@@UEAA@XZ        0000000140012ac6 f   mfc100d:mfc100d.dll
 0001:00011acc       ??1CEdit@@UEAA@XZ          0000000140012acc f   mfc100d:mfc100d.dll
 0001:00011ad2       ??1CButton@@UEAA@XZ        0000000140012ad2 f   mfc100d:mfc100d.dll
 0001:00011ad8       ??1CComboBox@@UEAA@XZ      0000000140012ad8 f   mfc100d:mfc100d.dll
 0001:00011ade       ??1?$CStringT@DV?$StrTraitMFC_DLL@DV?$ChTraitsCRT@D@ATL@@@@@ATL@@QEAA@XZ 0000000140012ade f   mfc100d:mfc100d.dll
 0001:00011ae4       ??0CDialog@@QEAA@IPEAVCWnd@@@Z 0000000140012ae4 f   mfc100d:mfc100d.dll
 0001:00011aea       ?GetRuntimeClass@CDialog@@UEBAPEAUCRuntimeClass@@XZ 0000000140012aea f   mfc100d:mfc100d.dll
 0001:00011af0       ?AssertValid@CDialog@@UEBAXXZ 0000000140012af0 f   mfc100d:mfc100d.dll
 0001:00011af6       ?Dump@CDialog@@UEBAXAEAVCDumpContext@@@Z 0000000140012af6 f   mfc100d:mfc100d.dll
 0001:00011afc       ?OnCmdMsg@CDialog@@UEAAHIHPEAXPEAUAFX_CMDHANDLERINFO@@@Z 0000000140012afc f   mfc100d:mfc100d.dll
 0001:00011b02       ?OnFinalRelease@CWnd@@UEAAXXZ 0000000140012b02 f   mfc100d:mfc100d.dll
 0001:00011b08       ?GetInterfaceMap@CWnd@@MEBAPEBUAFX_INTERFACEMAP@@XZ 0000000140012b08 f   mfc100d:mfc100d.dll
 0001:00011b0e       ?PreSubclassWindow@CWnd@@UEAAXXZ 0000000140012b0e f   mfc100d:mfc100d.dll
 0001:00011b14       ?Create@CWnd@@UEAAHPEBD0KAEBUtagRECT@@PEAV1@IPEAUCCreateContext@@@Z 0000000140012b14 f   mfc100d:mfc100d.dll
 0001:00011b1a       ?CreateEx@CWnd@@UEAAHKPEBD0KAEBUtagRECT@@PEAV1@IPEAX@Z 0000000140012b1a f   mfc100d:mfc100d.dll
 0001:00011b20       ?CreateEx@CWnd@@UEAAHKPEBD0KHHHHPEAUHWND__@@PEAUHMENU__@@PEAX@Z 0000000140012b20 f   mfc100d:mfc100d.dll
 0001:00011b26       ?DestroyWindow@CWnd@@UEAAHXZ 0000000140012b26 f   mfc100d:mfc100d.dll
 0001:00011b2c       ?PreCreateWindow@CWnd@@UEAAHAEAUtagCREATESTRUCTA@@@Z 0000000140012b2c f   mfc100d:mfc100d.dll
 0001:00011b32       ?CalcWindowRect@CWnd@@UEAAXPEAUtagRECT@@I@Z 0000000140012b32 f   mfc100d:mfc100d.dll
 0001:00011b38       ?GetMenu@CWnd@@UEBAPEAVCMenu@@XZ 0000000140012b38 f   mfc100d:mfc100d.dll
 0001:00011b3e       ?SetMenu@CWnd@@UEAAHPEAVCMenu@@@Z 0000000140012b3e f   mfc100d:mfc100d.dll
 0001:00011b44       ?OnToolHitTest@CWnd@@UEBA_JVCPoint@@PEAUtagTOOLINFOA@@@Z 0000000140012b44 f   mfc100d:mfc100d.dll
 0001:00011b4a       ?GetScrollBarCtrl@CWnd@@UEBAPEAVCScrollBar@@H@Z 0000000140012b4a f   mfc100d:mfc100d.dll
 0001:00011b50       ?WinHelpA@CWnd@@UEAAX_KI@Z 0000000140012b50 f   mfc100d:mfc100d.dll
 0001:00011b56       ?HtmlHelpA@CWnd@@UEAAX_KI@Z 0000000140012b56 f   mfc100d:mfc100d.dll
 0001:00011b5c       ?WinHelpInternal@CWnd@@UEAAX_KI@Z 0000000140012b5c f   mfc100d:mfc100d.dll
 0001:00011b62       ?ContinueModal@CWnd@@UEAAHXZ 0000000140012b62 f   mfc100d:mfc100d.dll
 0001:00011b68       ?EndModalLoop@CWnd@@UEAAXH@Z 0000000140012b68 f   mfc100d:mfc100d.dll
 0001:00011b6e       ?OnDrawIconicThumbnailOrLivePreview@CWnd@@UEAAXAEAVCDC@@VCRect@@VCSize@@HAEAH@Z 0000000140012b6e f   mfc100d:mfc100d.dll
 0001:00011b74       ?EnsureStdObj@CWnd@@UEAAJXZ 0000000140012b74 f   mfc100d:mfc100d.dll
 0001:00011b7a       ?get_accParent@CWnd@@UEAAJPEAPEAUIDispatch@@@Z 0000000140012b7a f   mfc100d:mfc100d.dll
 0001:00011b80       ?get_accChildCount@CWnd@@UEAAJPEAJ@Z 0000000140012b80 f   mfc100d:mfc100d.dll
 0001:00011b86       ?get_accChild@CWnd@@UEAAJUtagVARIANT@@PEAPEAUIDispatch@@@Z 0000000140012b86 f   mfc100d:mfc100d.dll
 0001:00011b8c       ?get_accName@CWnd@@UEAAJUtagVARIANT@@PEAPEA_W@Z 0000000140012b8c f   mfc100d:mfc100d.dll
 0001:00011b92       ?get_accValue@CWnd@@UEAAJUtagVARIANT@@PEAPEA_W@Z 0000000140012b92 f   mfc100d:mfc100d.dll
 0001:00011b98       ?get_accDescription@CWnd@@UEAAJUtagVARIANT@@PEAPEA_W@Z 0000000140012b98 f   mfc100d:mfc100d.dll
 0001:00011b9e       ?get_accRole@CWnd@@UEAAJUtagVARIANT@@PEAU2@@Z 0000000140012b9e f   mfc100d:mfc100d.dll
 0001:00011ba4       ?get_accState@CWnd@@UEAAJUtagVARIANT@@PEAU2@@Z 0000000140012ba4 f   mfc100d:mfc100d.dll
 0001:00011baa       ?get_accHelp@CWnd@@UEAAJUtagVARIANT@@PEAPEA_W@Z 0000000140012baa f   mfc100d:mfc100d.dll
 0001:00011bb0       ?get_accHelpTopic@CWnd@@UEAAJPEAPEA_WUtagVARIANT@@PEAJ@Z 0000000140012bb0 f   mfc100d:mfc100d.dll
 0001:00011bb6       ?get_accKeyboardShortcut@CWnd@@UEAAJUtagVARIANT@@PEAPEA_W@Z 0000000140012bb6 f   mfc100d:mfc100d.dll
 0001:00011bbc       ?get_accFocus@CWnd@@UEAAJPEAUtagVARIANT@@@Z 0000000140012bbc f   mfc100d:mfc100d.dll
 0001:00011bc2       ?get_accSelection@CWnd@@UEAAJPEAUtagVARIANT@@@Z 0000000140012bc2 f   mfc100d:mfc100d.dll
 0001:00011bc8       ?get_accDefaultAction@CWnd@@UEAAJUtagVARIANT@@PEAPEA_W@Z 0000000140012bc8 f   mfc100d:mfc100d.dll
 0001:00011bce       ?accSelect@CWnd@@UEAAJJUtagVARIANT@@@Z 0000000140012bce f   mfc100d:mfc100d.dll
 0001:00011bd4       ?accLocation@CWnd@@UEAAJPEAJ000UtagVARIANT@@@Z 0000000140012bd4 f   mfc100d:mfc100d.dll
 0001:00011bda       ?accNavigate@CWnd@@UEAAJJUtagVARIANT@@PEAU2@@Z 0000000140012bda f   mfc100d:mfc100d.dll
 0001:00011be0       ?accHitTest@CWnd@@UEAAJJJPEAUtagVARIANT@@@Z 0000000140012be0 f   mfc100d:mfc100d.dll
 0001:00011be6       ?accDoDefaultAction@CWnd@@UEAAJUtagVARIANT@@@Z 0000000140012be6 f   mfc100d:mfc100d.dll
 0001:00011bec       ?put_accName@CWnd@@UEAAJUtagVARIANT@@PEA_W@Z 0000000140012bec f   mfc100d:mfc100d.dll
 0001:00011bf2       ?put_accValue@CWnd@@UEAAJUtagVARIANT@@PEA_W@Z 0000000140012bf2 f   mfc100d:mfc100d.dll
 0001:00011bf8       ?SetProxy@CWnd@@UEAAJPEAUIAccessibleProxy@@@Z 0000000140012bf8 f   mfc100d:mfc100d.dll
 0001:00011bfe       ?CreateAccessibleProxy@CWnd@@UEAAJ_K_JPEA_J@Z 0000000140012bfe f   mfc100d:mfc100d.dll
 0001:00011c04       ?OnCommand@CWnd@@MEAAH_K_J@Z 0000000140012c04 f   mfc100d:mfc100d.dll
 0001:00011c0a       ?OnNotify@CWnd@@MEAAH_K_JPEA_J@Z 0000000140012c0a f   mfc100d:mfc100d.dll
 0001:00011c10       ?GetSuperWndProcAddr@CWnd@@MEAAPEAP6A_JPEAUHWND__@@I_K_J@ZXZ 0000000140012c10 f   mfc100d:mfc100d.dll
 0001:00011c16       ?BeginModalState@CWnd@@UEAAXXZ 0000000140012c16 f   mfc100d:mfc100d.dll
 0001:00011c1c       ?EndModalState@CWnd@@UEAAXXZ 0000000140012c1c f   mfc100d:mfc100d.dll
 0001:00011c22       ?PreTranslateMessage@CDialog@@UEAAHPEAUtagMSG@@@Z 0000000140012c22 f   mfc100d:mfc100d.dll
 0001:00011c28       ?OnAmbientProperty@CWnd@@UEAAHPEAVCOleControlSite@@JPEAUtagVARIANT@@@Z 0000000140012c28 f   mfc100d:mfc100d.dll
 0001:00011c2e       ?WindowProc@CWnd@@MEAA_JI_K_J@Z 0000000140012c2e f   mfc100d:mfc100d.dll
 0001:00011c34       ?OnWndMsg@CWnd@@MEAAHI_K_JPEA_J@Z 0000000140012c34 f   mfc100d:mfc100d.dll
 0001:00011c3a       ?DefWindowProcA@CWnd@@MEAA_JI_K_J@Z 0000000140012c3a f   mfc100d:mfc100d.dll
 0001:00011c40       ?PostNcDestroy@CWnd@@MEAAXXZ 0000000140012c40 f   mfc100d:mfc100d.dll
 0001:00011c46       ?OnChildNotify@CWnd@@MEAAHI_K_JPEA_J@Z 0000000140012c46 f   mfc100d:mfc100d.dll
 0001:00011c4c       ?OnTouchInputs@CWnd@@MEAAHIPEAUtagTOUCHINPUT@@@Z 0000000140012c4c f   mfc100d:mfc100d.dll
 0001:00011c52       ?OnTouchInput@CWnd@@MEAAHVCPoint@@HHPEAUtagTOUCHINPUT@@@Z 0000000140012c52 f   mfc100d:mfc100d.dll
 0001:00011c58       ?GetGestureStatus@CWnd@@MEAAKVCPoint@@@Z 0000000140012c58 f   mfc100d:mfc100d.dll
 0001:00011c5e       ?OnGestureZoom@CWnd@@MEAAHVCPoint@@J@Z 0000000140012c5e f   mfc100d:mfc100d.dll
 0001:00011c64       ?OnGesturePan@CWnd@@MEAAHVCPoint@@0@Z 0000000140012c64 f   mfc100d:mfc100d.dll
 0001:00011c6a       ?OnGestureRotate@CWnd@@MEAAHVCPoint@@N@Z 0000000140012c6a f   mfc100d:mfc100d.dll
 0001:00011c70       ?OnGestureTwoFingerTap@CWnd@@MEAAHVCPoint@@@Z 0000000140012c70 f   mfc100d:mfc100d.dll
 0001:00011c76       ?OnGesturePressAndTap@CWnd@@MEAAHVCPoint@@J@Z 0000000140012c76 f   mfc100d:mfc100d.dll
 0001:00011c7c       ?CheckAutoCenter@CDialog@@UEAAHXZ 0000000140012c7c f   mfc100d:mfc100d.dll
 0001:00011c82       ?IsFrameWnd@CWnd@@UEBAHXZ  0000000140012c82 f   mfc100d:mfc100d.dll
 0001:00011c88       ?CreateControlContainer@CWnd@@MEAAHPEAPEAVCOleControlContainer@@@Z 0000000140012c88 f   mfc100d:mfc100d.dll
 0001:00011c8e       ?CreateControlSite@CWnd@@MEAAHPEAVCOleControlContainer@@PEAPEAVCOleControlSite@@IAEBU_GUID@@@Z 0000000140012c8e f   mfc100d:mfc100d.dll
 0001:00011c94       ?SetOccDialogInfo@CDialog@@MEAAHPEAU_AFX_OCC_DIALOG_INFO@@@Z 0000000140012c94 f   mfc100d:mfc100d.dll
 0001:00011c9a       ?GetOccDialogInfo@CDialog@@MEAAPEAU_AFX_OCC_DIALOG_INFO@@XZ 0000000140012c9a f   mfc100d:mfc100d.dll
 0001:00011ca0       ?Create@CDialog@@UEAAHIPEAVCWnd@@@Z 0000000140012ca0 f   mfc100d:mfc100d.dll
 0001:00011ca6       ?Create@CDialog@@UEAAHPEBDPEAVCWnd@@@Z 0000000140012ca6 f   mfc100d:mfc100d.dll
 0001:00011cac       ?CreateIndirect@CDialog@@UEAAHPEAXPEAVCWnd@@@Z 0000000140012cac f   mfc100d:mfc100d.dll
 0001:00011cb2       ?CreateIndirect@CDialog@@UEAAHPEBUDLGTEMPLATE@@PEAVCWnd@@PEAX@Z 0000000140012cb2 f   mfc100d:mfc100d.dll
 0001:00011cb8       ?OnInitDialog@CDialog@@UEAAHXZ 0000000140012cb8 f   mfc100d:mfc100d.dll
 0001:00011cbe       ?OnSetFont@CDialog@@UEAAXPEAVCFont@@@Z 0000000140012cbe f   mfc100d:mfc100d.dll
 0001:00011cc4       ?OnOK@CDialog@@MEAAXXZ     0000000140012cc4 f   mfc100d:mfc100d.dll
 0001:00011cca       ?OnCancel@CDialog@@MEAAXXZ 0000000140012cca f   mfc100d:mfc100d.dll
 0001:00011cd0       ?PreInitDialog@CDialog@@MEAAXXZ 0000000140012cd0 f   mfc100d:mfc100d.dll
 0001:00011cd6       ?DoDataExchange@CWnd@@MEAAXPEAVCDataExchange@@@Z 0000000140012cd6 f   mfc100d:mfc100d.dll
 0001:00011cdc       ?GetThisMessageMap@CDialog@@KAPEBUAFX_MSGMAP@@XZ 0000000140012cdc f   mfc100d:mfc100d.dll
 0001:00011ce2       ??4?$CStringT@DV?$StrTraitMFC_DLL@DV?$ChTraitsCRT@D@ATL@@@@@ATL@@QEAAAEAV01@PEBD@Z 0000000140012ce2 f   mfc100d:mfc100d.dll
 0001:00011ce8       ?LoadIconA@CWinApp@@QEBAPEAUHICON__@@I@Z 0000000140012ce8 f   mfc100d:mfc100d.dll
 0001:00011cee       ?AfxGetApp@@YAPEAVCWinApp@@XZ 0000000140012cee f   mfc100d:mfc100d.dll
 0001:00011cf4       ??0?$CStringT@DV?$StrTraitMFC_DLL@DV?$ChTraitsCRT@D@ATL@@@@@ATL@@QEAA@PEBD@Z 0000000140012cf4 f   mfc100d:mfc100d.dll
 0001:00011cfa       ??0CComboBox@@QEAA@XZ      0000000140012cfa f   mfc100d:mfc100d.dll
 0001:00011d00       ??0CEdit@@QEAA@XZ          0000000140012d00 f   mfc100d:mfc100d.dll
 0001:00011d06       ??0CButton@@QEAA@XZ        0000000140012d06 f   mfc100d:mfc100d.dll
 0001:00011d0c       ??0?$CStringT@DV?$StrTraitMFC_DLL@DV?$ChTraitsCRT@D@ATL@@@@@ATL@@QEAA@XZ 0000000140012d0c f   mfc100d:mfc100d.dll
 0001:00011d12       ??0CStatic@@QEAA@XZ        0000000140012d12 f   mfc100d:mfc100d.dll
 0001:00011d18       ?DDX_Control@@YAXPEAVCDataExchange@@HAEAVCWnd@@@Z 0000000140012d18 f   mfc100d:mfc100d.dll
 0001:00011d1e       ??1CMenu@@UEAA@XZ          0000000140012d1e f   mfc100d:mfc100d.dll
 0001:00011d24       ?DestroyMenu@CMenu@@QEAAHXZ 0000000140012d24 f   mfc100d:mfc100d.dll
 0001:00011d2a       ?PostMessageA@CWnd@@QEAAHI_K_J@Z 0000000140012d2a f   mfc100d:mfc100d.dll
 0001:00011d30       ?TrackPopupMenu@CMenu@@QEAAHIHHPEAVCWnd@@PEBUtagRECT@@@Z 0000000140012d30 f   mfc100d:mfc100d.dll
 0001:00011d36       ?SetForegroundWindow@CWnd@@QEAAHXZ 0000000140012d36 f   mfc100d:mfc100d.dll
 0001:00011d3c       ?GetSubMenu@CMenu@@QEBAPEAV1@H@Z 0000000140012d3c f   mfc100d:mfc100d.dll
 0001:00011d42       ?LoadMenuA@CMenu@@QEAAHI@Z 0000000140012d42 f   mfc100d:mfc100d.dll
 0001:00011d48       ??0CMenu@@QEAA@XZ          0000000140012d48 f   mfc100d:mfc100d.dll
 0001:00011d4e       ??2@YAPEAX_KPEBDH@Z        0000000140012d4e f   mfc100d:mfc100d.dll
 0001:00011d54       ??1CFile@@UEAA@XZ          0000000140012d54 f   mfc100d:mfc100d.dll
 0001:00011d5a       ?Close@CFile@@UEAAXXZ      0000000140012d5a f   mfc100d:mfc100d.dll
 0001:00011d60       ?Write@CFile@@UEAAXPEBXI@Z 0000000140012d60 f   mfc100d:mfc100d.dll
 0001:00011d66       ?Open@CFile@@UEAAHPEBDIPEAVCFileException@@@Z 0000000140012d66 f   mfc100d:mfc100d.dll
 0001:00011d6c       ??B?$CSimpleStringT@D$00@ATL@@QEBAPEBDXZ 0000000140012d6c f   mfc100d:mfc100d.dll
 0001:00011d72       ??0CFile@@QEAA@XZ          0000000140012d72 f   mfc100d:mfc100d.dll
 0001:00011d78       ?GetLength@?$CSimpleStringT@D$00@ATL@@QEBAHXZ 0000000140012d78 f   mfc100d:mfc100d.dll
 0001:00011d7e       ?SetWindowTextA@CWnd@@QEAAXPEBD@Z 0000000140012d7e f   mfc100d:mfc100d.dll
 0001:00011d84       ??Y?$CStringT@DV?$StrTraitMFC_DLL@DV?$ChTraitsCRT@D@ATL@@@@@ATL@@QEAAAEAV01@AEBV?$CSimpleStringT@D$00@1@@Z 0000000140012d84 f   mfc100d:mfc100d.dll
 0001:00011d8a       ??0?$CStringT@DV?$StrTraitMFC_DLL@DV?$ChTraitsCRT@D@ATL@@@@@ATL@@QEAA@AEBV01@@Z 0000000140012d8a f   mfc100d:mfc100d.dll
 0001:00011d90       ?AfxAssertFailedLine@@YAHPEBDH@Z 0000000140012d90 f   mfc100d:mfc100d.dll
 0001:00011d96       ??1CFileFind@@UEAA@XZ      0000000140012d96 f   mfc100d:mfc100d.dll
 0001:00011d9c       ?IsDirectory@CFileFind@@QEBAHXZ 0000000140012d9c f   mfc100d:mfc100d.dll
 0001:00011da2       ?IsDots@CFileFind@@UEBAHXZ 0000000140012da2 f   mfc100d:mfc100d.dll
 0001:00011da8       ?FindNextFileA@CFileFind@@UEAAHXZ 0000000140012da8 f   mfc100d:mfc100d.dll
 0001:00011dae       ?FindFile@CFileFind@@UEAAHPEBDK@Z 0000000140012dae f   mfc100d:mfc100d.dll
 0001:00011db4       ??0CFileFind@@QEAA@XZ      0000000140012db4 f   mfc100d:mfc100d.dll
 0001:00011dba       ?Left@?$CStringT@DV?$StrTraitMFC_DLL@DV?$ChTraitsCRT@D@ATL@@@@@ATL@@QEBA?AV12@H@Z 0000000140012dba f   mfc100d:mfc100d.dll
 0001:00011dc0       ?SetIcon@CWnd@@QEAAPEAUHICON__@@PEAU2@H@Z 0000000140012dc0 f   mfc100d:mfc100d.dll
 0001:00011dc6       ?EnableMenuItem@CMenu@@QEAAIII@Z 0000000140012dc6 f   mfc100d:mfc100d.dll
 0001:00011dcc       ?AppendMenuA@CMenu@@QEAAHI_KPEBD@Z 0000000140012dcc f   mfc100d:mfc100d.dll
 0001:00011dd2       ?IsEmpty@?$CSimpleStringT@D$00@ATL@@QEBA_NXZ 0000000140012dd2 f   mfc100d:mfc100d.dll
 0001:00011dd8       ?LoadStringA@?$CStringT@DV?$StrTraitMFC_DLL@DV?$ChTraitsCRT@D@ATL@@@@@ATL@@QEAAHI@Z 0000000140012dd8 f   mfc100d:mfc100d.dll
 0001:00011dde       ?GetSystemMenu@CWnd@@QEBAPEAVCMenu@@H@Z 0000000140012dde f   mfc100d:mfc100d.dll
 0001:00011de4       ??1CWaitCursor@@QEAA@XZ    0000000140012de4 f   mfc100d:mfc100d.dll
 0001:00011dea       ??0CWaitCursor@@QEAA@XZ    0000000140012dea f   mfc100d:mfc100d.dll
 0001:00011df0       ?OnSysCommand@CWnd@@IEAAXI_J@Z 0000000140012df0 f   mfc100d:mfc100d.dll
 0001:00011df6       ?OnPaint@CDialog@@IEAAXXZ  0000000140012df6 f   mfc100d:mfc100d.dll
 0001:00011dfc       ??1CPaintDC@@UEAA@XZ       0000000140012dfc f   mfc100d:mfc100d.dll
 0001:00011e02       ?DrawIcon@CDC@@QEAAHHHPEAUHICON__@@@Z 0000000140012e02 f   mfc100d:mfc100d.dll
 0001:00011e08       ?GetClientRect@CWnd@@QEBAXPEAUtagRECT@@@Z 0000000140012e08 f   mfc100d:mfc100d.dll
 0001:00011e0e       ?SendMessageA@CWnd@@QEBA_JI_K_J@Z 0000000140012e0e f   mfc100d:mfc100d.dll
 0001:00011e14       ?GetSafeHdc@CDC@@QEBAPEAUHDC__@@XZ 0000000140012e14 f   mfc100d:mfc100d.dll
 0001:00011e1a       ??0CPaintDC@@QEAA@PEAVCWnd@@@Z 0000000140012e1a f   mfc100d:mfc100d.dll
 0001:00011e20       ?IsIconic@CWnd@@QEBAHXZ    0000000140012e20 f   mfc100d:mfc100d.dll
 0001:00011e26       ?InvalidateRect@CWnd@@QEAAXPEBUtagRECT@@H@Z 0000000140012e26 f   mfc100d:mfc100d.dll
 0001:00011e2c       ??4?$CStringT@DV?$StrTraitMFC_DLL@DV?$ChTraitsCRT@D@ATL@@@@@ATL@@QEAAAEAV01@AEBV01@@Z 0000000140012e2c f   mfc100d:mfc100d.dll
 0001:00011e32       ?OnDestroy@CWnd@@IEAAXXZ   0000000140012e32 f   mfc100d:mfc100d.dll
 0001:00011e38       ?ShowWindow@CWnd@@QEAAHH@Z 0000000140012e38 f   mfc100d:mfc100d.dll
 0001:00011e3e       ?MoveWindow@CWnd@@QEAAXPEBUtagRECT@@H@Z 0000000140012e3e f   mfc100d:mfc100d.dll
 0001:00011e44       ?ScreenToClient@CWnd@@QEBAXPEAUtagRECT@@@Z 0000000140012e44 f   mfc100d:mfc100d.dll
 0001:00011e4a       ?GetWindowRect@CWnd@@QEBAXPEAUtagRECT@@@Z 0000000140012e4a f   mfc100d:mfc100d.dll
 0001:00011e50       ?GetDlgItem@CWnd@@QEBAPEAV1@H@Z 0000000140012e50 f   mfc100d:mfc100d.dll
 0001:00011e56       ?OnSize@CWnd@@IEAAXIHH@Z   0000000140012e56 f   mfc100d:mfc100d.dll
 0001:00011e5c       ?OnEndSession@CDialog@@IEAAXH@Z 0000000140012e5c f   mfc100d:mfc100d.dll
 0001:00011e62       ?OnQueryEndSession@CDialog@@IEAAHXZ 0000000140012e62 f   mfc100d:mfc100d.dll
 0001:00011e68       ?EnableWindow@CWnd@@QEAAHH@Z 0000000140012e68 f   mfc100d:mfc100d.dll
 0001:00011e6e       ?MessageBoxA@CWnd@@QEAAHPEBD0I@Z 0000000140012e6e f   mfc100d:mfc100d.dll
 0001:00011e74       ?GetBuffer@?$CSimpleStringT@D$00@ATL@@QEAAPEADXZ 0000000140012e74 f   mfc100d:mfc100d.dll
 0001:00011e7a       ?GetBuffer@?$CSimpleStringT@D$00@ATL@@QEAAPEADH@Z 0000000140012e7a f   mfc100d:mfc100d.dll
 0001:00011e80       ?Format@?$CStringT@DV?$StrTraitMFC_DLL@DV?$ChTraitsCRT@D@ATL@@@@@ATL@@QEAAXPEBDZZ 0000000140012e80 f   mfc100d:mfc100d.dll
 0001:00011e86       ?SetWindowPos@CWnd@@QEAAHPEBV1@HHHHI@Z 0000000140012e86 f   mfc100d:mfc100d.dll
 0001:00011e8c       ?EndDialog@CDialog@@QEAAXH@Z 0000000140012e8c f   mfc100d:mfc100d.dll
 0001:00011e92       ?UpdateData@CWnd@@QEAAHH@Z 0000000140012e92 f   mfc100d:mfc100d.dll
 0001:00011e98       ?SetTimer@CWnd@@QEAA_K_KIP6AXPEAUHWND__@@I0K@Z@Z 0000000140012e98 f   mfc100d:mfc100d.dll
 0001:00011e9e       ?OnNcPaint@CWnd@@IEAAXXZ   0000000140012e9e f   mfc100d:mfc100d.dll
 0001:00011ea4       ?OnTimer@CWnd@@IEAAX_K@Z   0000000140012ea4 f   mfc100d:mfc100d.dll
 0001:00011eaa       ?GetForegroundWindow@CWnd@@SAPEAV1@XZ 0000000140012eaa f   mfc100d:mfc100d.dll
 0001:00011eb0       ?KillTimer@CWnd@@QEAAH_K@Z 0000000140012eb0 f   mfc100d:mfc100d.dll
 0001:00011eb6       ?MoveWindow@CWnd@@QEAAXHHHHH@Z 0000000140012eb6 f   mfc100d:mfc100d.dll
 0001:00011ebc       ?ModifyStyle@CWnd@@QEAAHKKI@Z 0000000140012ebc f   mfc100d:mfc100d.dll
 0001:00011ec2       ?AfxThrowInvalidArgException@@YAXXZ 0000000140012ec2 f   mfc100d:mfc100d.dll
 0001:00011ec8       ?AfxThrowMemoryException@@YAXXZ 0000000140012ec8 f   mfc100d:mfc100d.dll
 0001:00011ece       ??3CObject@@SAXPEAXPEBDH@Z 0000000140012ece f   mfc100d:mfc100d.dll
 0001:00011ed4       ??1CDC@@UEAA@XZ            0000000140012ed4 f   mfc100d:mfc100d.dll
 0001:00011eda       ??1CBitmap@@UEAA@XZ        0000000140012eda f   mfc100d:mfc100d.dll
 0001:00011ee0       ??1CFont@@UEAA@XZ          0000000140012ee0 f   mfc100d:mfc100d.dll
 0001:00011ee6       ??1CPen@@UEAA@XZ           0000000140012ee6 f   mfc100d:mfc100d.dll
 0001:00011eec       ?DeleteDC@CDC@@QEAAHXZ     0000000140012eec f   mfc100d:mfc100d.dll
 0001:00011ef2       ?BitBlt@CDC@@QEAAHHHHHPEAV1@HHK@Z 0000000140012ef2 f   mfc100d:mfc100d.dll
 0001:00011ef8       ?Mid@?$CStringT@DV?$StrTraitMFC_DLL@DV?$ChTraitsCRT@D@ATL@@@@@ATL@@QEBA?AV12@HH@Z 0000000140012ef8 f   mfc100d:mfc100d.dll
 0001:00011efe       ?Find@?$CStringT@DV?$StrTraitMFC_DLL@DV?$ChTraitsCRT@D@ATL@@@@@ATL@@QEBAHDH@Z 0000000140012efe f   mfc100d:mfc100d.dll
 0001:00011f04       ?LineTo@CDC@@QEAAHHH@Z     0000000140012f04 f   mfc100d:mfc100d.dll
 0001:00011f0a       ?MoveTo@CDC@@QEAA?AVCPoint@@HH@Z 0000000140012f0a f   mfc100d:mfc100d.dll
 0001:00011f10       ?SelectObject@CDC@@QEAAPEAVCPen@@PEAV2@@Z 0000000140012f10 f   mfc100d:mfc100d.dll
 0001:00011f16       ??0CPen@@QEAA@HHK@Z        0000000140012f16 f   mfc100d:mfc100d.dll
 0001:00011f1c       ?DeleteObject@CGdiObject@@QEAAHXZ 0000000140012f1c f   mfc100d:mfc100d.dll
 0001:00011f22       ?DrawTextA@CDC@@QEAAHAEBV?$CStringT@DV?$StrTraitMFC_DLL@DV?$ChTraitsCRT@D@ATL@@@@@ATL@@PEAUtagRECT@@I@Z 0000000140012f22 f   mfc100d:mfc100d.dll
 0001:00011f28       ?SetBkMode@CDC@@QEAAHH@Z   0000000140012f28 f   mfc100d:mfc100d.dll
 0001:00011f2e       ?CreateFontA@CFont@@QEAAHHHHHHEEEEEEEEPEBD@Z 0000000140012f2e f   mfc100d:mfc100d.dll
 0001:00011f34       ??0CFont@@QEAA@XZ          0000000140012f34 f   mfc100d:mfc100d.dll
 0001:00011f3a       ?SelectObject@CDC@@QEAAPEAVCBitmap@@PEAV2@@Z 0000000140012f3a f   mfc100d:mfc100d.dll
 0001:00011f40       ?CreateCompatibleBitmap@CBitmap@@QEAAHPEAVCDC@@HH@Z 0000000140012f40 f   mfc100d:mfc100d.dll
 0001:00011f46       ??0CBitmap@@QEAA@XZ        0000000140012f46 f   mfc100d:mfc100d.dll
 0001:00011f4c       ?CreateCompatibleDC@CDC@@QEAAHPEAV1@@Z 0000000140012f4c f   mfc100d:mfc100d.dll
 0001:00011f52       ??2CObject@@SAPEAX_KPEBDH@Z 0000000140012f52 f   mfc100d:mfc100d.dll
 0001:00011f58       ?GetDC@CWnd@@QEAAPEAVCDC@@XZ 0000000140012f58 f   mfc100d:mfc100d.dll
 0001:00011f5e       ??0CDC@@QEAA@XZ            0000000140012f5e f   mfc100d:mfc100d.dll
 0001:00011f64       ?OnLButtonDown@CWnd@@IEAAXIVCPoint@@@Z 0000000140012f64 f   mfc100d:mfc100d.dll
 0001:00011f6a       ?AppendChar@?$CSimpleStringT@D$00@ATL@@QEAAXD@Z 0000000140012f6a f   mfc100d:mfc100d.dll
 0001:00011f70       ?Delete@?$CStringT@DV?$StrTraitMFC_DLL@DV?$ChTraitsCRT@D@ATL@@@@@ATL@@QEAAHHH@Z 0000000140012f70 f   mfc100d:mfc100d.dll
 0001:00011f76       ?OnEraseBkgnd@CWnd@@IEAAHPEAVCDC@@@Z 0000000140012f76 f   mfc100d:mfc100d.dll
 0001:00011f7c       ??1CStdioFile@@UEAA@XZ     0000000140012f7c f   mfc100d:mfc100d.dll
 0001:00011f82       ?Close@CStdioFile@@UEAAXXZ 0000000140012f82 f   mfc100d:mfc100d.dll
 0001:00011f88       ?WriteString@CStdioFile@@UEAAXPEBD@Z 0000000140012f88 f   mfc100d:mfc100d.dll
 0001:00011f8e       ?SeekToEnd@CFile@@QEAA_KXZ 0000000140012f8e f   mfc100d:mfc100d.dll
 0001:00011f94       ?Open@CStdioFile@@UEAAHPEBDIPEAVCFileException@@@Z 0000000140012f94 f   mfc100d:mfc100d.dll
 0001:00011f9a       ??0CStdioFile@@QEAA@XZ     0000000140012f9a f   mfc100d:mfc100d.dll
 0001:00011fa0       ?OnCreate@CWnd@@IEAAHPEAUtagCREATESTRUCTA@@@Z 0000000140012fa0 f   mfc100d:mfc100d.dll
 0001:00011fa6       ?Concatenate@?$CSimpleStringT@D$00@ATL@@KAXAEAV12@PEBDH1H@Z 0000000140012fa6 f   mfc100d:mfc100d.dll
 0001:00011fac       ?StringLength@?$CSimpleStringT@D$00@ATL@@SAHPEBD@Z 0000000140012fac f   mfc100d:mfc100d.dll
 0001:00011fb2       ??0?$CStringT@DV?$StrTraitMFC_DLL@DV?$ChTraitsCRT@D@ATL@@@@@ATL@@QEAA@PEAUIAtlStringMgr@1@@Z 0000000140012fb2 f   mfc100d:mfc100d.dll
 0001:00011fb8       ?GetManager@?$CStringT@DV?$StrTraitMFC_DLL@DV?$ChTraitsCRT@D@ATL@@@@@ATL@@QEBAPEAUIAtlStringMgr@2@XZ 0000000140012fb8 f   mfc100d:mfc100d.dll
 0001:00011fbe       ?AfxThrowOleException@@YAXJ@Z 0000000140012fbe f   mfc100d:mfc100d.dll
 0001:00011fc4       ?GetThisClass@CDialog@@SAPEAUCRuntimeClass@@XZ 0000000140012fc4 f   mfc100d:mfc100d.dll
 0001:00011fca       ?DDX_Text@@YAXPEAVCDataExchange@@HAEAK@Z 0000000140012fca f   mfc100d:mfc100d.dll
 0001:00011fd0       ?SetFont@CWnd@@QEAAXPEAVCFont@@H@Z 0000000140012fd0 f   mfc100d:mfc100d.dll
 0001:00011fd6       ??2CObject@@SAPEAX_K@Z     0000000140012fd6 f   mfc100d:mfc100d.dll
 0001:00011fdc       ?OnCtlColor@CWnd@@IEAAPEAUHBRUSH__@@PEAVCDC@@PEAV1@I@Z 0000000140012fdc f   mfc100d:mfc100d.dll
 0001:00011fe2       ??1CBrush@@UEAA@XZ         0000000140012fe2 f   mfc100d:mfc100d.dll
 0001:00011fe8       ?PatBlt@CDC@@QEAAHHHHHK@Z  0000000140012fe8 f   mfc100d:mfc100d.dll
 0001:00011fee       ?SelectObject@CDC@@QEAAPEAVCBrush@@PEAV2@@Z 0000000140012fee f   mfc100d:mfc100d.dll
 0001:00011ff4       ??0CBrush@@QEAA@K@Z        0000000140012ff4 f   mfc100d:mfc100d.dll
 0001:00011ffa       ?OnClose@CWnd@@IEAAXXZ     0000000140012ffa f   mfc100d:mfc100d.dll
 0001:00012000       ?OnLButtonUp@CWnd@@IEAAXIVCPoint@@@Z 0000000140013000 f   mfc100d:mfc100d.dll
 0001:00012006       ??_V@YAXPEAX@Z             0000000140013006 f   mfc100d:mfc100d.dll
 0001:0001200c       ??_U@YAPEAX_K@Z            000000014001300c f   mfc100d:mfc100d.dll
 0001:00012012       ?AfxEndThread@@YAXIH@Z     0000000140013012 f   mfc100d:mfc100d.dll
 0001:00012018       ?AfxBeginThread@@YAPEAVCWinThread@@P6AIPEAX@Z0HIKPEAU_SECURITY_ATTRIBUTES@@@Z 0000000140013018 f   mfc100d:mfc100d.dll
 0001:0001201e       ?ResumeThread@CWinThread@@QEAAKXZ 000000014001301e f   mfc100d:mfc100d.dll
 0001:00012024       ?SuspendThread@CWinThread@@QEAAKXZ 0000000140013024 f   mfc100d:mfc100d.dll
 0001:0001202a       ?GetThisClass@CWnd@@SAPEAUCRuntimeClass@@XZ 000000014001302a f   mfc100d:mfc100d.dll
 0001:00012030       ??1CWnd@@UEAA@XZ           0000000140013030 f   mfc100d:mfc100d.dll
 0001:00012036       ??0CWnd@@QEAA@XZ           0000000140013036 f   mfc100d:mfc100d.dll
 0001:0001203c       ?AssertValid@CWnd@@UEBAXXZ 000000014001303c f   mfc100d:mfc100d.dll
 0001:00012042       ?Dump@CWnd@@UEBAXAEAVCDumpContext@@@Z 0000000140013042 f   mfc100d:mfc100d.dll
 0001:00012048       ?PreTranslateMessage@CWnd@@UEAAHPEAUtagMSG@@@Z 0000000140013048 f   mfc100d:mfc100d.dll
 0001:0001204e       ?CheckAutoCenter@CWnd@@UEAAHXZ 000000014001304e f   mfc100d:mfc100d.dll
 0001:00012054       ?SetOccDialogInfo@CWnd@@MEAAHPEAU_AFX_OCC_DIALOG_INFO@@@Z 0000000140013054 f   mfc100d:mfc100d.dll
 0001:0001205a       ?GetOccDialogInfo@CWnd@@MEAAPEAU_AFX_OCC_DIALOG_INFO@@XZ 000000014001305a f   mfc100d:mfc100d.dll
 0001:00012060       ?GetThisMessageMap@CWnd@@KAPEBUAFX_MSGMAP@@XZ 0000000140013060 f   mfc100d:mfc100d.dll
 0001:00012066       ?UpdateWindow@CWnd@@QEAAXXZ 0000000140013066 f   mfc100d:mfc100d.dll
 0001:0001206c       ?CenterWindow@CWnd@@QEAAXPEAV1@@Z 000000014001306c f   mfc100d:mfc100d.dll
 0001:00012072       ?AfxRegisterWndClass@@YAPEBDIPEAUHICON__@@PEAUHBRUSH__@@0@Z 0000000140013072 f   mfc100d:mfc100d.dll
 0001:00012078       ?LoadStandardCursor@CWinApp@@QEBAPEAUHICON__@@PEBD@Z 0000000140013078 f   mfc100d:mfc100d.dll
 0001:0001207e       ?SelectObject@CDC@@UEAAPEAVCFont@@PEAV2@@Z 000000014001307e f   mfc100d:mfc100d.dll
 0001:00012084       ?SetTextColor@CDC@@UEAAKK@Z 0000000140013084 f   mfc100d:mfc100d.dll
 0001:0001208a       ?Find@?$CStringT@DV?$StrTraitMFC_DLL@DV?$ChTraitsCRT@D@ATL@@@@@ATL@@QEBAHPEBDH@Z 000000014001308a f   mfc100d:mfc100d.dll
 0001:00012090       ?OnNcDestroy@CWnd@@IEAAXXZ 0000000140013090 f   mfc100d:mfc100d.dll
 0001:000120a0       ??_Estringdispid@CComTypeInfoHolder@ATL@@QEAAPEAXI@Z 00000001400130a0 f i mfcs100d:nolib.obj
 0001:00012130       ??1stringdispid@CComTypeInfoHolder@ATL@@QEAA@XZ 0000000140013130 f i mfcs100d:nolib.obj
 0001:00012150       ??1CComBSTR@ATL@@QEAA@XZ   0000000140013150 f i mfcs100d:nolib.obj
 0001:00012170       ??0type_info@@AEAA@AEBV0@@Z 0000000140013170 f   msvcrtd:ti_inst.obj
 0001:00012190       ??_Etype_info@@UEAAPEAXI@Z 0000000140013190 f i msvcrtd:ti_inst.obj
 0001:00012220       ??4type_info@@AEAAAEAV0@AEBV0@@Z 0000000140013220 f   msvcrtd:ti_inst.obj
 0001:00012230       __GSHandlerCheck_EH        0000000140013230 f   msvcrtd:gshandlereh.obj
 0001:000122f0       __security_check_cookie    00000001400132f0 f   msvcrtd:amdsecgs.obj
 0001:00012320       __chkstk                   0000000140013320 f   msvcrtd:chkstk.obj
 0001:00012320       _alloca_probe              0000000140013320     msvcrtd:chkstk.obj
 0001:0001236e       __CxxFrameHandler3         000000014001336e f   msvcrtd:MSVCR100D.dll
 0001:00012380       _onexit                    0000000140013380 f   msvcrtd:atonexit.obj
 0001:00012440       atexit                     0000000140013440 f   msvcrtd:atonexit.obj
 0001:00012474       memcpy                     0000000140013474 f   msvcrtd:MSVCR100D.dll
 0001:00012480       __GSHandlerCheck           0000000140013480 f   msvcrtd:gshandler.obj
 0001:000124c0       __GSHandlerCheckCommon     00000001400134c0 f   msvcrtd:gshandler.obj
 0001:000125b8       fprintf_s                  00000001400135b8 f   msvcrtd:MSVCR100D.dll
 0001:000125be       clock                      00000001400135be f   msvcrtd:MSVCR100D.dll
 0001:000125c4       fprintf                    00000001400135c4 f   msvcrtd:MSVCR100D.dll
 0001:000125ca       sprintf                    00000001400135ca f   msvcrtd:MSVCR100D.dll
 0001:000125d0       strlen                     00000001400135d0 f   msvcrtd:MSVCR100D.dll
 0001:000125d6       fclose                     00000001400135d6 f   msvcrtd:MSVCR100D.dll
 0001:000125dc       exit                       00000001400135dc f   msvcrtd:MSVCR100D.dll
 0001:000125e2       memset                     00000001400135e2 f   msvcrtd:MSVCR100D.dll
 0001:000125e8       floorf                     00000001400135e8 f   msvcrtd:MSVCR100D.dll
 0001:000125ee       _CrtDbgReportW             00000001400135ee f   msvcrtd:MSVCR100D.dll
 0001:00012600       __GSHandlerCheck_SEH       0000000140013600 f   msvcrtd:gshandlerseh.obj
 0001:000126be       _resetstkoflw              00000001400136be f   msvcrtd:MSVCR100D.dll
 0001:000126c4       memcpy_s                   00000001400136c4 f   msvcrtd:MSVCR100D.dll
 0001:000126ca       labs                       00000001400136ca f   msvcrtd:MSVCR100D.dll
 0001:000126d0       cos                        00000001400136d0 f   msvcrtd:MSVCR100D.dll
 0001:000126d6       sin                        00000001400136d6 f   msvcrtd:MSVCR100D.dll
 0001:000126dc       malloc                     00000001400136dc f   msvcrtd:MSVCR100D.dll
 0001:000126e2       free                       00000001400136e2 f   msvcrtd:MSVCR100D.dll
 0001:000126e8       vsprintf_s                 00000001400136e8 f   msvcrtd:MSVCR100D.dll
 0001:000126ee       strcpy_s                   00000001400136ee f   msvcrtd:MSVCR100D.dll
 0001:000126f4       _wassert                   00000001400136f4 f   msvcrtd:MSVCR100D.dll
 0001:000126fa       strcpy                     00000001400136fa f   msvcrtd:MSVCR100D.dll
 0001:00012810       WinMainCRTStartup          0000000140013810 f   msvcrtd:crtexew.obj
 0001:00012ba0       NtCurrentTeb               0000000140013ba0 f i msvcrtd:crtexew.obj
 0001:00012c50       ??_M@YAXPEAX_KHP6AX0@Z@Z   0000000140013c50 f   msvcrtd:ehvecdtr.obj
 0001:00012d00       ?__ArrayUnwind@@YAXPEAX_KHP6AX0@Z@Z 0000000140013d00 f   msvcrtd:ehvecdtr.obj
 0001:00012d90       __report_gsfailure         0000000140013d90 f   msvcrtd:gs_report.obj
 0001:00012eda       __C_specific_handler       0000000140013eda f   msvcrtd:MSVCR100D.dll
 0001:00012ee0       _unlock                    0000000140013ee0 f   msvcrtd:MSVCR100D.dll
 0001:00012ee6       __dllonexit                0000000140013ee6 f   msvcrtd:MSVCR100D.dll
 0001:00012eec       _lock                      0000000140013eec f   msvcrtd:MSVCR100D.dll
 0001:00012f00       ?__CxxUnhandledExceptionFilter@@YAJPEAU_EXCEPTION_POINTERS@@@Z 0000000140013f00 f   msvcrtd:unhandld.obj
 0001:00012f80       __CxxSetUnhandledExceptionFilter 0000000140013f80 f   msvcrtd:unhandld.obj
 0001:00012f98       _configthreadlocale        0000000140013f98 f   msvcrtd:MSVCR100D.dll
 0001:00012f9e       __setusermatherr           0000000140013f9e f   msvcrtd:MSVCR100D.dll
 0001:00012fb0       _matherr                   0000000140013fb0 f   msvcrtd:merr.obj
 0001:00012fc0       _setargv                   0000000140013fc0 f   msvcrtd:dllargv.obj
 0001:00012fd0       _RTC_Initialize            0000000140013fd0 f   msvcrtd:_initsect_.obj
 0001:00013010       _RTC_Terminate             0000000140014010 f   msvcrtd:_initsect_.obj
 0001:0001304e       __set_app_type             000000014001404e f   msvcrtd:MSVCR100D.dll
 0001:00013054       _amsg_exit                 0000000140014054 f   msvcrtd:MSVCR100D.dll
 0001:0001305a       __getmainargs              000000014001405a f   msvcrtd:MSVCR100D.dll
 0001:00013060       __security_init_cookie     0000000140014060 f   msvcrtd:gs_support.obj
 0001:0001316e       _XcptFilter                000000014001416e f   msvcrtd:MSVCR100D.dll
 0001:00013174       _exit                      0000000140014174 f   msvcrtd:MSVCR100D.dll
 0001:0001317a       _cexit                     000000014001417a f   msvcrtd:MSVCR100D.dll
 0001:00013180       _ismbblead                 0000000140014180 f   msvcrtd:MSVCR100D.dll
 0001:00013186       _CrtSetCheckCount          0000000140014186 f   msvcrtd:MSVCR100D.dll
 0001:00013190       _ValidateImageBase         0000000140014190 f   msvcrtd:pesect.obj
 0001:00013210       _FindPESection             0000000140014210 f   msvcrtd:pesect.obj
 0001:000132c0       _IsNonwritableInCurrentImage 00000001400142c0 f   msvcrtd:pesect.obj
 0001:0001334e       _initterm                  000000014001434e f   msvcrtd:MSVCR100D.dll
 0001:00013354       _initterm_e                0000000140014354 f   msvcrtd:MSVCR100D.dll
 0001:0001335a       ?terminate@@YAXXZ          000000014001435a f   msvcrtd:MSVCR100D.dll
 0001:00013360       ?_type_info_dtor_internal_method@type_info@@QEAAXXZ 0000000140014360 f   msvcrtd:MSVCR100D.dll
 0001:00013360       ??1type_info@@UEAA@XZ      0000000140014360 f   msvcrtd:MSVCR100D.dll
 0001:00013366       __crt_debugger_hook        0000000140014366 f   msvcrtd:MSVCR100D.dll
 0001:0001336c       GetLocalTime               000000014001436c f   kernel32:KERNEL32.dll
 0001:00013372       GetDiskFreeSpaceExA        0000000140014372 f   kernel32:KERNEL32.dll
 0001:00013378       GetDiskFreeSpaceA          0000000140014378 f   kernel32:KERNEL32.dll
 0001:0001337e       QueryPerformanceCounter    000000014001437e f   kernel32:KERNEL32.dll
 0001:00013384       QueryPerformanceFrequency  0000000140014384 f   kernel32:KERNEL32.dll
 0001:0001338a       CloseHandle                000000014001438a f   kernel32:KERNEL32.dll
 0001:00013390       GetSystemInfo              0000000140014390 f   kernel32:KERNEL32.dll
 0001:00013396       SizeofResource             0000000140014396 f   kernel32:KERNEL32.dll
 0001:0001339c       LockResource               000000014001439c f   kernel32:KERNEL32.dll
 0001:000133a2       LoadResource               00000001400143a2 f   kernel32:KERNEL32.dll
 0001:000133a8       FindResourceA              00000001400143a8 f   kernel32:KERNEL32.dll
 0001:000133ae       LeaveCriticalSection       00000001400143ae f   kernel32:KERNEL32.dll
 0001:000133b4       EnterCriticalSection       00000001400143b4 f   kernel32:KERNEL32.dll
 0001:000133ba       SetConsoleCursorInfo       00000001400143ba f   kernel32:KERNEL32.dll
 0001:000133c0       GetStdHandle               00000001400143c0 f   kernel32:KERNEL32.dll
 0001:000133c6       SetEvent                   00000001400143c6 f   kernel32:KERNEL32.dll
 0001:000133cc       PurgeComm                  00000001400143cc f   kernel32:KERNEL32.dll
 0001:000133d2       SetCommState               00000001400143d2 f   kernel32:KERNEL32.dll
 0001:000133d8       BuildCommDCBA              00000001400143d8 f   kernel32:KERNEL32.dll
 0001:000133de       GetCommState               00000001400143de f   kernel32:KERNEL32.dll
 0001:000133e4       SetCommMask                00000001400143e4 f   kernel32:KERNEL32.dll
 0001:000133ea       SetCommTimeouts            00000001400143ea f   kernel32:KERNEL32.dll
 0001:000133f0       CreateFileA                00000001400143f0 f   kernel32:KERNEL32.dll
 0001:000133f6       InitializeCriticalSection  00000001400143f6 f   kernel32:KERNEL32.dll
 0001:000133fc       CreateEventA               00000001400143fc f   kernel32:KERNEL32.dll
 0001:00013402       ResetEvent                 0000000140014402 f   kernel32:KERNEL32.dll
 0001:00013408       GetCommMask                0000000140014408 f   kernel32:KERNEL32.dll
 0001:0001340e       WaitForMultipleObjects     000000014001440e f   kernel32:KERNEL32.dll
 0001:00013414       ClearCommError             0000000140014414 f   kernel32:KERNEL32.dll
 0001:0001341a       GetLastError               000000014001441a f   kernel32:KERNEL32.dll
 0001:00013420       WaitCommEvent              0000000140014420 f   kernel32:KERNEL32.dll
 0001:00013426       LocalFree                  0000000140014426 f   kernel32:KERNEL32.dll
 0001:0001342c       FormatMessageA             000000014001442c f   kernel32:KERNEL32.dll
 0001:00013432       GetOverlappedResult        0000000140014432 f   kernel32:KERNEL32.dll
 0001:00013438       WriteFile                  0000000140014438 f   kernel32:KERNEL32.dll
 0001:0001343e       ReadFile                   000000014001443e f   kernel32:KERNEL32.dll
 0001:00013444       CreateThread               0000000140014444 f   kernel32:KERNEL32.dll
 0001:0001344a       Sleep                      000000014001444a f   kernel32:KERNEL32.dll
 0001:00013450       EncodePointer              0000000140014450 f   kernel32:KERNEL32.dll
 0001:00013456       DecodePointer              0000000140014456 f   kernel32:KERNEL32.dll
 0001:0001345c       GetStartupInfoW            000000014001445c f   kernel32:KERNEL32.dll
 0001:00013462       TerminateProcess           0000000140014462 f   kernel32:KERNEL32.dll
 0001:00013468       GetCurrentProcess          0000000140014468 f   kernel32:KERNEL32.dll
 0001:0001346e       UnhandledExceptionFilter   000000014001446e f   kernel32:KERNEL32.dll
 0001:00013474       SetUnhandledExceptionFilter 0000000140014474 f   kernel32:KERNEL32.dll
 0001:0001347a       IsDebuggerPresent          000000014001447a f   kernel32:KERNEL32.dll
 0001:00013480       RtlVirtualUnwind           0000000140014480 f   kernel32:KERNEL32.dll
 0001:00013486       RtlLookupFunctionEntry     0000000140014486 f   kernel32:KERNEL32.dll
 0001:0001348c       RtlCaptureContext          000000014001448c f   kernel32:KERNEL32.dll
 0001:00013492       GetTickCount               0000000140014492 f   kernel32:KERNEL32.dll
 0001:00013498       GetCurrentThreadId         0000000140014498 f   kernel32:KERNEL32.dll
 0001:0001349e       GetCurrentProcessId        000000014001449e f   kernel32:KERNEL32.dll
 0001:000134a4       GetSystemTimeAsFileTime    00000001400144a4 f   kernel32:KERNEL32.dll
 0001:000134aa       GetCursorPos               00000001400144aa f   user32:USER32.dll
 0001:000134b0       DispatchMessageA           00000001400144b0 f   user32:USER32.dll
 0001:000134b6       TranslateMessage           00000001400144b6 f   user32:USER32.dll
 0001:000134bc       PeekMessageA               00000001400144bc f   user32:USER32.dll
 0001:000134c2       PostQuitMessage            00000001400144c2 f   user32:USER32.dll
 0001:000134c8       GetSystemMetrics           00000001400144c8 f   user32:USER32.dll
 0001:000134ce       GetDlgCtrlID               00000001400144ce f   user32:USER32.dll
 0001:000134d4       GetWindow                  00000001400144d4 f   user32:USER32.dll
 0001:000134da       SetDlgItemTextA            00000001400144da f   user32:USER32.dll
 0001:000134e0       SendMessageA               00000001400144e0 f   user32:USER32.dll
 0001:000134e6       MessageBoxA                00000001400144e6 f   user32:USER32.dll
 0001:000134ec       SetCursor                  00000001400144ec f   user32:USER32.dll
 0001:000134f2       LoadCursorA                00000001400144f2 f   user32:USER32.dll
 0001:000134f8       CreateDIBSection           00000001400144f8 f   gdi32:GDI32.dll
 0001:000134fe       SetDIBColorTable           00000001400144fe f   gdi32:GDI32.dll
 0001:00013504       SelectObject               0000000140014504 f   gdi32:GDI32.dll
 0001:0001350a       CreateCompatibleDC         000000014001450a f   gdi32:GDI32.dll
 0001:00013510       DeleteDC                   0000000140014510 f   gdi32:GDI32.dll
 0001:00013516       GetObjectA                 0000000140014516 f   gdi32:GDI32.dll
 0001:0001351c       DeleteObject               000000014001451c f   gdi32:GDI32.dll
 0001:00013522       StretchBlt                 0000000140014522 f   gdi32:GDI32.dll
 0001:00013528       GetDIBColorTable           0000000140014528 f   gdi32:GDI32.dll
 0001:0001352e       CreateSolidBrush           000000014001452e f   gdi32:GDI32.dll
 0001:00013534       AlphaBlend                 0000000140014534 f   msimg32:MSIMG32.dll
 0001:0001353a       TransparentBlt             000000014001453a f   msimg32:MSIMG32.dll
 0001:00013540       OpenSCManagerA             0000000140014540 f   advapi32:ADVAPI32.dll
 0001:00013546       Shell_NotifyIconA          0000000140014546 f   shell32:SHELL32.dll
 0001:00013550       ??0CSize@@QEAA@XZ          0000000140014550 f   atlsd:atltypes.obj
 0001:00013580       ??0CSize@@QEAA@HH@Z        0000000140014580 f   atlsd:atltypes.obj
 0001:000135b0       ??0CSize@@QEAA@UtagSIZE@@@Z 00000001400145b0 f   atlsd:atltypes.obj
 0001:000135d0       ??0CSize@@QEAA@UtagPOINT@@@Z 00000001400145d0 f   atlsd:atltypes.obj
 0001:000135f0       ??0CSize@@QEAA@K@Z         00000001400145f0 f   atlsd:atltypes.obj
 0001:00013630       ??8CSize@@QEBAHUtagSIZE@@@Z 0000000140014630 f   atlsd:atltypes.obj
 0001:00013680       ??9CSize@@QEBAHUtagSIZE@@@Z 0000000140014680 f   atlsd:atltypes.obj
 0001:000136d0       ??YCSize@@QEAAXUtagSIZE@@@Z 00000001400146d0 f   atlsd:atltypes.obj
 0001:00013710       ??ZCSize@@QEAAXUtagSIZE@@@Z 0000000140014710 f   atlsd:atltypes.obj
 0001:00013750       ?SetSize@CSize@@QEAAXHH@Z  0000000140014750 f   atlsd:atltypes.obj
 0001:00013780       ??HCSize@@QEBA?AV0@UtagSIZE@@@Z 0000000140014780 f   atlsd:atltypes.obj
[...]
 0005:00002c50       __imp_?get_accState@CWnd@@UEAAJUtagVARIANT@@PEAU2@@Z 0000000174561c50     mfc100d:mfc100d.dll
 0005:00002c58       __imp_?get_accRole@CWnd@@UEAAJUtagVARIANT@@PEAU2@@Z 0000000174561c58     mfc100d:mfc100d.dll
 0005:00002c60       __imp_?get_accDescription@CWnd@@UEAAJUtagVARIANT@@PEAPEA_W@Z 0000000174561c60     mfc100d:mfc100d.dll
 0005:00002c68       __imp_?get_accValue@CWnd@@UEAAJUtagVARIANT@@PEAPEA_W@Z 0000000174561c68     mfc100d:mfc100d.dll
 0005:00002c70       __imp_?get_accName@CWnd@@UEAAJUtagVARIANT@@PEAPEA_W@Z 0000000174561c70     mfc100d:mfc100d.dll
 0005:00002c78       __imp_?get_accChild@CWnd@@UEAAJUtagVARIANT@@PEAPEAUIDispatch@@@Z 0000000174561c78     mfc100d:mfc100d.dll
 0005:00002c80       __imp_?get_accChildCount@CWnd@@UEAAJPEAJ@Z 0000000174561c80     mfc100d:mfc100d.dll
 0005:00002c88       __imp_?get_accParent@CWnd@@UEAAJPEAPEAUIDispatch@@@Z 0000000174561c88     mfc100d:mfc100d.dll
 0005:00002c90       __imp_?EnsureStdObj@CWnd@@UEAAJXZ 0000000174561c90     mfc100d:mfc100d.dll
 0005:00002c98       __imp_?OnDrawIconicThumbnailOrLivePreview@CWnd@@UEAAXAEAVCDC@@VCRect@@VCSize@@HAEAH@Z 0000000174561c98     mfc100d:mfc100d.dll
 0005:00002ca0       __imp_?EndModalLoop@CWnd@@UEAAXH@Z 0000000174561ca0     mfc100d:mfc100d.dll
 0005:00002ca8       __imp_?ContinueModal@CWnd@@UEAAHXZ 0000000174561ca8     mfc100d:mfc100d.dll
 0005:00002cb0       __imp_?WinHelpInternal@CWnd@@UEAAX_KI@Z 0000000174561cb0     mfc100d:mfc100d.dll
 0005:00002cb8       __imp_?HtmlHelpA@CWnd@@UEAAX_KI@Z 0000000174561cb8     mfc100d:mfc100d.dll
 0005:00002cc0       __imp_?WinHelpA@CWnd@@UEAAX_KI@Z 0000000174561cc0     mfc100d:mfc100d.dll
 0005:00002cc8       __imp_?GetScrollBarCtrl@CWnd@@UEBAPEAVCScrollBar@@H@Z 0000000174561cc8     mfc100d:mfc100d.dll
 0005:00002cd0       __imp_?OnToolHitTest@CWnd@@UEBA_JVCPoint@@PEAUtagTOOLINFOA@@@Z 0000000174561cd0     mfc100d:mfc100d.dll
 0005:00002cd8       __imp_?SetMenu@CWnd@@UEAAHPEAVCMenu@@@Z 0000000174561cd8     mfc100d:mfc100d.dll
 0005:00002ce0       __imp_?GetMenu@CWnd@@UEBAPEAVCMenu@@XZ 0000000174561ce0     mfc100d:mfc100d.dll
 0005:00002ce8       __imp_?CalcWindowRect@CWnd@@UEAAXPEAUtagRECT@@I@Z 0000000174561ce8     mfc100d:mfc100d.dll
 0005:00002cf0       __imp_?PreCreateWindow@CWnd@@UEAAHAEAUtagCREATESTRUCTA@@@Z 0000000174561cf0     mfc100d:mfc100d.dll
 0005:00002cf8       __imp_?DestroyWindow@CWnd@@UEAAHXZ 0000000174561cf8     mfc100d:mfc100d.dll
 0005:00002d00       __imp_?CreateEx@CWnd@@UEAAHKPEBD0KHHHHPEAUHWND__@@PEAUHMENU__@@PEAX@Z 0000000174561d00     mfc100d:mfc100d.dll
 0005:00002d08       __imp_?CreateEx@CWnd@@UEAAHKPEBD0KAEBUtagRECT@@PEAV1@IPEAX@Z 0000000174561d08     mfc100d:mfc100d.dll
 0005:00002d10       __imp_?Create@CWnd@@UEAAHPEBD0KAEBUtagRECT@@PEAV1@IPEAUCCreateContext@@@Z 0000000174561d10     mfc100d:mfc100d.dll
 0005:00002d18       __imp_?PreSubclassWindow@CWnd@@UEAAXXZ 0000000174561d18     mfc100d:mfc100d.dll
 0005:00002d20       __imp_?GetInterfaceMap@CWnd@@MEBAPEBUAFX_INTERFACEMAP@@XZ 0000000174561d20     mfc100d:mfc100d.dll
 0005:00002d28       __imp_?OnFinalRelease@CWnd@@UEAAXXZ 0000000174561d28     mfc100d:mfc100d.dll
 0005:00002d30       __imp_?OnCmdMsg@CDialog@@UEAAHIHPEAXPEAUAFX_CMDHANDLERINFO@@@Z 0000000174561d30     mfc100d:mfc100d.dll
 0005:00002d38       __imp_?Dump@CDialog@@UEBAXAEAVCDumpContext@@@Z 0000000174561d38     mfc100d:mfc100d.dll
 0005:00002d40       __imp_?AssertValid@CDialog@@UEBAXXZ 0000000174561d40     mfc100d:mfc100d.dll
 0005:00002d48       __imp_?GetRuntimeClass@CDialog@@UEBAPEAUCRuntimeClass@@XZ 0000000174561d48     mfc100d:mfc100d.dll
 0005:00002d50       __imp_??0CDialog@@QEAA@IPEAVCWnd@@@Z 0000000174561d50     mfc100d:mfc100d.dll
 0005:00002d58       __imp_??1?$CStringT@DV?$StrTraitMFC_DLL@DV?$ChTraitsCRT@D@ATL@@@@@ATL@@QEAA@XZ 0000000174561d58     mfc100d:mfc100d.dll
 0005:00002d60       __imp_??1CComboBox@@UEAA@XZ 0000000174561d60     mfc100d:mfc100d.dll
 0005:00002d68       __imp_??1CButton@@UEAA@XZ  0000000174561d68     mfc100d:mfc100d.dll
 0005:00002d70       __imp_??1CEdit@@UEAA@XZ    0000000174561d70     mfc100d:mfc100d.dll
 0005:00002d78       __imp_??1CStatic@@UEAA@XZ  0000000174561d78     mfc100d:mfc100d.dll
 0005:00002d80       __imp_??1CDialog@@UEAA@XZ  0000000174561d80     mfc100d:mfc100d.dll
 0005:00002d88       __imp_?AfxEnableControlContainer@@YAXPEAVCOccManager@@@Z 0000000174561d88     mfc100d:mfc100d.dll
 0005:00002d90       __imp_?DoModal@CDialog@@UEAA_JXZ 0000000174561d90     mfc100d:mfc100d.dll
 0005:00002d98       __imp_??1CWinApp@@UEAA@XZ  0000000174561d98     mfc100d:mfc100d.dll
 0005:00002da0       __imp_??3CObject@@SAXPEAX@Z 0000000174561da0     mfc100d:mfc100d.dll
 0005:00002da8       __imp_?LoadSysPolicies@CWinApp@@UEAAHXZ 0000000174561da8     mfc100d:mfc100d.dll
 0005:00002db0       __imp_?LoadAppLangResourceDLL@CWinApp@@UEAAPEAUHINSTANCE__@@XZ 0000000174561db0     mfc100d:mfc100d.dll
 0005:00002db8       __imp_?RestartInstance@CWinApp@@UEAAHXZ 0000000174561db8     mfc100d:mfc100d.dll
 0005:00002dc0       __imp_?IsTaskbarInteractionEnabled@CWinApp@@UEAAHXZ 0000000174561dc0     mfc100d:mfc100d.dll
 0005:00002dc8       __imp_?GetDataRecoveryHandler@CWinApp@@UEAAPEAVCDataRecoveryHandler@@XZ 0000000174561dc8     mfc100d:mfc100d.dll
 0005:00002dd0       __imp_?ApplicationRecoveryCallback@CWinApp@@UEAAKPEAX@Z 0000000174561dd0     mfc100d:mfc100d.dll
 0005:00002dd8       __imp_?RegisterWithRestartManager@CWinApp@@UEAAJHAEBV?$CStringT@DV?$StrTraitMFC_DLL@DV?$ChTraitsCRT@D@ATL@@@@@ATL@@@Z 0000000174561dd8     mfc100d:mfc100d.dll
 0005:00002de0       __imp_?RegisterWithRestartManager@CWinApp@@UEAAJPEB_WKP6AKPEAX@Z1KK@Z 0000000174561de0     mfc100d:mfc100d.dll
 0005:00002de8       __imp_?WinHelpInternal@CWinApp@@UEAAX_KI@Z 0000000174561de8     mfc100d:mfc100d.dll
 0005:00002df0       __imp_?HtmlHelpA@CWinApp@@UEAAX_KI@Z 0000000174561df0     mfc100d:mfc100d.dll
 0005:00002df8       __imp_?WinHelpA@CWinApp@@UEAAX_KI@Z 0000000174561df8     mfc100d:mfc100d.dll
 0005:00002e00       __imp_?OnDDECommand@CWinApp@@UEAAHPEAD@Z 0000000174561e00     mfc100d:mfc100d.dll
 0005:00002e08       __imp_?DoWaitCursor@CWinApp@@UEAAXH@Z 0000000174561e08     mfc100d:mfc100d.dll
 0005:00002e10       __imp_?DoMessageBox@CWinApp@@UEAAHPEBDII@Z 0000000174561e10     mfc100d:mfc100d.dll
 0005:00002e18       __imp_?SaveAllModified@CWinApp@@UEAAHXZ 0000000174561e18     mfc100d:mfc100d.dll
 0005:00002e20       __imp_?InitApplication@CWinApp@@UEAAHXZ 0000000174561e20     mfc100d:mfc100d.dll
 0005:00002e28       __imp_?AddToRecentFileList@CWinApp@@UEAAXPEBD@Z 0000000174561e28     mfc100d:mfc100d.dll
 0005:00002e30       __imp_?OpenDocumentFile@CWinApp@@UEAAPEAVCDocument@@PEBD@Z 0000000174561e30     mfc100d:mfc100d.dll
 0005:00002e38       __imp_?OpenDocumentFile@CWinApp@@UEAAPEAVCDocument@@PEBDH@Z 0000000174561e38     mfc100d:mfc100d.dll
 0005:00002e40       __imp_?Unregister@CWinApp@@UEAAHXZ 0000000174561e40     mfc100d:mfc100d.dll
 0005:00002e48       __imp_?Register@CWinApp@@UEAAHXZ 0000000174561e48     mfc100d:mfc100d.dll
 0005:00002e50       __imp_?InitLibId@CWinApp@@UEAAXXZ 0000000174561e50     mfc100d:mfc100d.dll
 0005:00002e58       __imp_?WriteProfileBinary@CWinApp@@UEAAHPEBD0PEAEI@Z 0000000174561e58     mfc100d:mfc100d.dll
 0005:00002e60       __imp_?GetProfileBinary@CWinApp@@UEAAHPEBD0PEAPEAEPEAI@Z 0000000174561e60     mfc100d:mfc100d.dll
 0005:00002e68       __imp_?Write@CFile@@UEAAXPEBXI@Z 0000000174561e68     mfc100d:mfc100d.dll
 0005:00002e70       __imp_?Close@CFile@@UEAAXXZ 0000000174561e70     mfc100d:mfc100d.dll
 0005:00002e78       __imp_??1CFile@@UEAA@XZ    0000000174561e78     mfc100d:mfc100d.dll
 0005:00002e80       __imp_??2@YAPEAX_KPEBDH@Z  0000000174561e80     mfc100d:mfc100d.dll
 0005:00002e88       __imp_??0CMenu@@QEAA@XZ    0000000174561e88     mfc100d:mfc100d.dll
 0005:00002e90       __imp_?LoadMenuA@CMenu@@QEAAHI@Z 0000000174561e90     mfc100d:mfc100d.dll
 0005:00002e98       __imp_?GetSubMenu@CMenu@@QEBAPEAV1@H@Z 0000000174561e98     mfc100d:mfc100d.dll
 0005:00002ea0       __imp_?SetForegroundWindow@CWnd@@QEAAHXZ 0000000174561ea0     mfc100d:mfc100d.dll
 0005:00002ea8       __imp_?TrackPopupMenu@CMenu@@QEAAHIHHPEAVCWnd@@PEBUtagRECT@@@Z 0000000174561ea8     mfc100d:mfc100d.dll
 0005:00002eb0       __imp_?PostMessageA@CWnd@@QEAAHI_K_J@Z 0000000174561eb0     mfc100d:mfc100d.dll
 0005:00002eb8       __imp_?DestroyMenu@CMenu@@QEAAHXZ 0000000174561eb8     mfc100d:mfc100d.dll
 0005:00002ec0       __imp_??1CMenu@@UEAA@XZ    0000000174561ec0     mfc100d:mfc100d.dll
 0005:00002ec8       __imp_?DDX_Control@@YAXPEAVCDataExchange@@HAEAVCWnd@@@Z 0000000174561ec8     mfc100d:mfc100d.dll
 0005:00002ed0       __imp_??0CStatic@@QEAA@XZ  0000000174561ed0     mfc100d:mfc100d.dll
 0005:00002ed8       __imp_?WriteProfileStringA@CWinApp@@UEAAHPEBD00@Z 0000000174561ed8     mfc100d:mfc100d.dll
 0005:00002ee0       __imp_?GetProfileStringA@CWinApp@@UEAA?AV?$CStringT@DV?$StrTraitMFC_DLL@DV?$ChTraitsCRT@D@ATL@@@@@ATL@@PEBD00@Z 0000000174561ee0     mfc100d:mfc100d.dll
 0005:00002ee8       __imp_?WriteProfileInt@CWinApp@@UEAAHPEBD0H@Z 0000000174561ee8     mfc100d:mfc100d.dll
 0005:00002ef0       __imp_?GetProfileIntA@CWinApp@@UEAAIPEBD0H@Z 0000000174561ef0     mfc100d:mfc100d.dll
 0005:00002ef8       __imp_?Delete@CWinThread@@UEAAXXZ 0000000174561ef8     mfc100d:mfc100d.dll
 0005:00002f00       __imp_?GetMainWnd@CWinThread@@UEAAPEAVCWnd@@XZ 0000000174561f00     mfc100d:mfc100d.dll
 0005:00002f08       __imp_?ProcessMessageFilter@CWinThread@@UEAAHHPEAUtagMSG@@@Z 0000000174561f08     mfc100d:mfc100d.dll
 0005:00002f10       __imp_?ProcessWndProcException@CWinApp@@UEAA_JPEAVCException@@PEBUtagMSG@@@Z 0000000174561f10     mfc100d:mfc100d.dll
 0005:00002f18       __imp_?ExitInstance@CWinApp@@UEAAHXZ 0000000174561f18     mfc100d:mfc100d.dll
 0005:00002f20       __imp_?IsIdleMessage@CWinThread@@UEAAHPEAUtagMSG@@@Z 0000000174561f20     mfc100d:mfc100d.dll
 0005:00002f28       __imp_?OnIdle@CWinApp@@UEAAHJ@Z 0000000174561f28     mfc100d:mfc100d.dll
 0005:00002f30       __imp_?PumpMessage@CWinThread@@UEAAHXZ 0000000174561f30     mfc100d:mfc100d.dll
 0005:00002f38       __imp_?PreTranslateMessage@CWinThread@@UEAAHPEAUtagMSG@@@Z 0000000174561f38     mfc100d:mfc100d.dll
 0005:00002f40       __imp_?Run@CWinApp@@UEAAHXZ 0000000174561f40     mfc100d:mfc100d.dll
 0005:00002f48       __imp_?GetConnectionHook@CCmdTarget@@MEAAPEAUIConnectionPoint@@AEBU_GUID@@@Z 0000000174561f48     mfc100d:mfc100d.dll
 0005:00002f50       __imp_?GetExtraConnectionPoints@CCmdTarget@@MEAAHPEAVCPtrArray@@@Z 0000000174561f50     mfc100d:mfc100d.dll
 0005:00002f58       __imp_?GetInterfaceHook@CCmdTarget@@UEAAPEAUIUnknown@@PEBX@Z 0000000174561f58     mfc100d:mfc100d.dll
 0005:00002f60       __imp_?OnCreateAggregates@CCmdTarget@@UEAAHXZ 0000000174561f60     mfc100d:mfc100d.dll
 0005:00002f68       __imp_?AfxWinMain@@YAHPEAUHINSTANCE__@@0PEADH@Z 0000000174561f68     mfc100d:mfc100d.dll
 0005:00002f70       __imp_?GetEventSinkMap@CCmdTarget@@MEBAPEBUAFX_EVENTSINKMAP@@XZ 0000000174561f70     mfc100d:mfc100d.dll
 0005:00002f78       __imp_?GetInterfaceMap@CCmdTarget@@MEBAPEBUAFX_INTERFACEMAP@@XZ 0000000174561f78     mfc100d:mfc100d.dll
 0005:00002f80       __imp_?GetConnectionMap@CCmdTarget@@MEBAPEBUAFX_CONNECTIONMAP@@XZ 0000000174561f80     mfc100d:mfc100d.dll
 0005:00002f88       __imp_?GetSafeHdc@CDC@@QEBAPEAUHDC__@@XZ 0000000174561f88     mfc100d:mfc100d.dll
 0005:00002f90       __imp_?SendMessageA@CWnd@@QEBA_JI_K_J@Z 0000000174561f90     mfc100d:mfc100d.dll
 0005:00002f98       __imp_?GetClientRect@CWnd@@QEBAXPEAUtagRECT@@@Z 0000000174561f98     mfc100d:mfc100d.dll
 0005:00002fa0       __imp_?DrawIcon@CDC@@QEAAHHHPEAUHICON__@@@Z 0000000174561fa0     mfc100d:mfc100d.dll
 0005:00002fa8       __imp_??1CPaintDC@@UEAA@XZ 0000000174561fa8     mfc100d:mfc100d.dll
 0005:00002fb0       __imp_?OnPaint@CDialog@@IEAAXXZ 0000000174561fb0     mfc100d:mfc100d.dll
 0005:00002fb8       __imp_?OnSysCommand@CWnd@@IEAAXI_J@Z 0000000174561fb8     mfc100d:mfc100d.dll
 0005:00002fc0       __imp_??0CWaitCursor@@QEAA@XZ 0000000174561fc0     mfc100d:mfc100d.dll
 0005:00002fc8       __imp_??1CWaitCursor@@QEAA@XZ 0000000174561fc8     mfc100d:mfc100d.dll
 0005:00002fd0       __imp_?GetSystemMenu@CWnd@@QEBAPEAVCMenu@@H@Z 0000000174561fd0     mfc100d:mfc100d.dll
 0005:00002fd8       __imp_?LoadStringA@?$CStringT@DV?$StrTraitMFC_DLL@DV?$ChTraitsCRT@D@ATL@@@@@ATL@@QEAAHI@Z 0000000174561fd8     mfc100d:mfc100d.dll
 0005:00002fe0       __imp_?IsEmpty@?$CSimpleStringT@D$00@ATL@@QEBA_NXZ 0000000174561fe0     mfc100d:mfc100d.dll
 0005:00002fe8       __imp_?AppendMenuA@CMenu@@QEAAHI_KPEBD@Z 0000000174561fe8     mfc100d:mfc100d.dll
 0005:00002ff0       __imp_?EnableMenuItem@CMenu@@QEAAIII@Z 0000000174561ff0     mfc100d:mfc100d.dll
 0005:00002ff8       __imp_?SetIcon@CWnd@@QEAAPEAUHICON__@@PEAU2@H@Z 0000000174561ff8     mfc100d:mfc100d.dll
 0005:00003000       __imp_?Left@?$CStringT@DV?$StrTraitMFC_DLL@DV?$ChTraitsCRT@D@ATL@@@@@ATL@@QEBA?AV12@H@Z 0000000174562000     mfc100d:mfc100d.dll
 0005:00003008       __imp_??0CFileFind@@QEAA@XZ 0000000174562008     mfc100d:mfc100d.dll
 0005:00003010       __imp_?FindFile@CFileFind@@UEAAHPEBDK@Z 0000000174562010     mfc100d:mfc100d.dll
 0005:00003018       __imp_?EndModalState@CWnd@@UEAAXXZ 0000000174562018     mfc100d:mfc100d.dll
 0005:00003020       __imp_?FindNextFileA@CFileFind@@UEAAHXZ 0000000174562020     mfc100d:mfc100d.dll
 0005:00003028       __imp_??2@YAPEAX_K@Z       0000000174562028     mfc100d:mfc100d.dll
 0005:00003030       __imp_?GetDispatchMap@CCmdTarget@@MEBAPEBUAFX_DISPMAP@@XZ 0000000174562030     mfc100d:mfc100d.dll
 0005:00003038       __imp_?GetCommandMap@CCmdTarget@@MEBAPEBUAFX_OLECMDMAP@@XZ 0000000174562038     mfc100d:mfc100d.dll
 0005:00003040       __imp_?GetTypeLib@CCmdTarget@@UEAAJKPEAPEAUITypeLib@@@Z 0000000174562040     mfc100d:mfc100d.dll
 0005:00003048       __imp_?GetTypeLibCache@CCmdTarget@@UEAAPEAVCTypeLibCache@@XZ 0000000174562048     mfc100d:mfc100d.dll
 0005:00003050       __imp_?GetTypeInfoCount@CCmdTarget@@UEAAIXZ 0000000174562050     mfc100d:mfc100d.dll
 0005:00003058       __imp_?GetDispatchIID@CCmdTarget@@UEAAHPEAU_GUID@@@Z 0000000174562058     mfc100d:mfc100d.dll
 0005:00003060       __imp_?IsInvokeAllowed@CCmdTarget@@UEAAHJ@Z 0000000174562060     mfc100d:mfc100d.dll
 0005:00003068       __imp_?OnFinalRelease@CCmdTarget@@UEAAXXZ 0000000174562068     mfc100d:mfc100d.dll
 0005:00003070       __imp_?OnCmdMsg@CCmdTarget@@UEAAHIHPEAXPEAUAFX_CMDHANDLERINFO@@@Z 0000000174562070     mfc100d:mfc100d.dll
 0005:00003078       __imp_?Dump@CWinApp@@UEBAXAEAVCDumpContext@@@Z 0000000174562078     mfc100d:mfc100d.dll
 0005:00003080       __imp_?AssertValid@CWinApp@@UEBAXXZ 0000000174562080     mfc100d:mfc100d.dll
 0005:00003088       __imp_?Serialize@CObject@@UEAAXAEAVCArchive@@@Z 0000000174562088     mfc100d:mfc100d.dll
 0005:00003090       __imp_?GetRuntimeClass@CWinApp@@UEBAPEAUCRuntimeClass@@XZ 0000000174562090     mfc100d:mfc100d.dll
 0005:00003098       __imp_??0CWinApp@@QEAA@PEBD@Z 0000000174562098     mfc100d:mfc100d.dll
 0005:000030a0       __imp_?GetThisMessageMap@CWinApp@@KAPEBUAFX_MSGMAP@@XZ 00000001745620a0     mfc100d:mfc100d.dll
 0005:000030a8       __imp_??3@YAXPEAX@Z        00000001745620a8     mfc100d:mfc100d.dll
 0005:000030b0       __imp_?IsDirectory@CFileFind@@QEBAHXZ 00000001745620b0     mfc100d:mfc100d.dll
 0005:000030b8       __imp_??1CFileFind@@UEAA@XZ 00000001745620b8     mfc100d:mfc100d.dll
 0005:000030c0       __imp_?AfxAssertFailedLine@@YAHPEBDH@Z 00000001745620c0     mfc100d:mfc100d.dll
 0005:000030c8       __imp_??0?$CStringT@DV?$StrTraitMFC_DLL@DV?$ChTraitsCRT@D@ATL@@@@@ATL@@QEAA@AEBV01@@Z 00000001745620c8     mfc100d:mfc100d.dll
 0005:000030d0       __imp_??Y?$CStringT@DV?$StrTraitMFC_DLL@DV?$ChTraitsCRT@D@ATL@@@@@ATL@@QEAAAEAV01@AEBV?$CSimpleStringT@D$00@1@@Z 00000001745620d0     mfc100d:mfc100d.dll
 0005:000030d8       __imp_?SetWindowTextA@CWnd@@QEAAXPEBD@Z 00000001745620d8     mfc100d:mfc100d.dll
 0005:000030e0       __imp_?GetLength@?$CSimpleStringT@D$00@ATL@@QEBAHXZ 00000001745620e0     mfc100d:mfc100d.dll
 0005:000030e8       __imp_??0CFile@@QEAA@XZ    00000001745620e8     mfc100d:mfc100d.dll
 0005:000030f0       __imp_?accDoDefaultAction@CWnd@@UEAAJUtagVARIANT@@@Z 00000001745620f0     mfc100d:mfc100d.dll
 0005:000030f8       __imp_??B?$CSimpleStringT@D$00@ATL@@QEBAPEBDXZ 00000001745620f8     mfc100d:mfc100d.dll
 0005:00003100       __imp_??0?$CStringT@DV?$StrTraitMFC_DLL@DV?$ChTraitsCRT@D@ATL@@@@@ATL@@QEAA@XZ 0000000174562100     mfc100d:mfc100d.dll
 0005:00003108       __imp_??0CButton@@QEAA@XZ  0000000174562108     mfc100d:mfc100d.dll
 0005:00003110       __imp_??0CEdit@@QEAA@XZ    0000000174562110     mfc100d:mfc100d.dll
 0005:00003118       __imp_??0CComboBox@@QEAA@XZ 0000000174562118     mfc100d:mfc100d.dll
 0005:00003120       __imp_??0?$CStringT@DV?$StrTraitMFC_DLL@DV?$ChTraitsCRT@D@ATL@@@@@ATL@@QEAA@PEBD@Z 0000000174562120     mfc100d:mfc100d.dll
 0005:00003128       __imp_?AfxGetApp@@YAPEAVCWinApp@@XZ 0000000174562128     mfc100d:mfc100d.dll
 0005:00003130       __imp_?LoadIconA@CWinApp@@QEBAPEAUHICON__@@I@Z 0000000174562130     mfc100d:mfc100d.dll
 0005:00003138       __imp_??4?$CStringT@DV?$StrTraitMFC_DLL@DV?$ChTraitsCRT@D@ATL@@@@@ATL@@QEAAAEAV01@PEBD@Z 0000000174562138     mfc100d:mfc100d.dll
 0005:00003140       __imp_?GetThisMessageMap@CDialog@@KAPEBUAFX_MSGMAP@@XZ 0000000174562140     mfc100d:mfc100d.dll
 0005:00003148       __imp_?DoDataExchange@CWnd@@MEAAXPEAVCDataExchange@@@Z 0000000174562148     mfc100d:mfc100d.dll
 0005:00003150       __imp_?PreInitDialog@CDialog@@MEAAXXZ 0000000174562150     mfc100d:mfc100d.dll
 0005:00003158       __imp_?OnCancel@CDialog@@MEAAXXZ 0000000174562158     mfc100d:mfc100d.dll
 0005:00003160       __imp_?OnOK@CDialog@@MEAAXXZ 0000000174562160     mfc100d:mfc100d.dll
 0005:00003168       __imp_?OnSetFont@CDialog@@UEAAXPEAVCFont@@@Z 0000000174562168     mfc100d:mfc100d.dll
 0005:00003170       __imp_?OnInitDialog@CDialog@@UEAAHXZ 0000000174562170     mfc100d:mfc100d.dll
 0005:00003178       __imp_?CreateIndirect@CDialog@@UEAAHPEBUDLGTEMPLATE@@PEAVCWnd@@PEAX@Z 0000000174562178     mfc100d:mfc100d.dll
 0005:00003180       __imp_?CreateIndirect@CDialog@@UEAAHPEAXPEAVCWnd@@@Z 0000000174562180     mfc100d:mfc100d.dll
 0005:00003188       __imp_?Create@CDialog@@UEAAHPEBDPEAVCWnd@@@Z 0000000174562188     mfc100d:mfc100d.dll
 0005:00003190       __imp_?Create@CDialog@@UEAAHIPEAVCWnd@@@Z 0000000174562190     mfc100d:mfc100d.dll
 0005:00003198       __imp_?GetOccDialogInfo@CDialog@@MEAAPEAU_AFX_OCC_DIALOG_INFO@@XZ 0000000174562198     mfc100d:mfc100d.dll
 0005:000031a0       __imp_?SetOccDialogInfo@CDialog@@MEAAHPEAU_AFX_OCC_DIALOG_INFO@@@Z 00000001745621a0     mfc100d:mfc100d.dll
 0005:000031a8       __imp_?CreateControlSite@CWnd@@MEAAHPEAVCOleControlContainer@@PEAPEAVCOleControlSite@@IAEBU_GUID@@@Z 00000001745621a8     mfc100d:mfc100d.dll
 0005:000031b0       __imp_?CreateControlContainer@CWnd@@MEAAHPEAPEAVCOleControlContainer@@@Z 00000001745621b0     mfc100d:mfc100d.dll
 0005:000031b8       __imp_?IsFrameWnd@CWnd@@UEBAHXZ 00000001745621b8     mfc100d:mfc100d.dll
 0005:000031c0       __imp_?GetSuperWndProcAddr@CWnd@@MEAAPEAP6A_JPEAUHWND__@@I_K_J@ZXZ 00000001745621c0     mfc100d:mfc100d.dll
 0005:000031c8       __imp_?CheckAutoCenter@CDialog@@UEAAHXZ 00000001745621c8     mfc100d:mfc100d.dll
 0005:000031d0       __imp_?BitBlt@CDC@@QEAAHHHHHPEAV1@HHK@Z 00000001745621d0     mfc100d:mfc100d.dll
 0005:000031d8       __imp_?AfxGetModuleState@@YAPEAVAFX_MODULE_STATE@@XZ 00000001745621d8     mfc100d:mfc100d.dll
 0005:000031e0       \177mfc100d_NULL_THUNK_DATA 00000001745621e0     mfc100d:mfc100d.dll
 0005:00003430       __imp_CreateStreamOnHGlobal 0000000174562430     ole32:ole32.dll
 0005:00003438       \177ole32_NULL_THUNK_DATA  0000000174562438     ole32:ole32.dll

 entry point at        0001:00012810

