 GigeCameraDemo

 Timestamp is 5acb09bc (Mon Apr 09 14:35:40 2018)

 Preferred load address is 0000000140000000

 Start         Length     Name                   Class
 0001:00000000 00021affH .text                   CODE
 0001:00021b00 00002c28H .text$x                 CODE
 0001:00024730 000018bcH .text$yc                CODE
 0001:00025ff0 000010d5H .text$yd                CODE
 0002:00000000 00000109H .CRT$XCA                DATA
 0002:00000110 00000109H .CRT$XCAA               DATA
 0002:00000220 0000011cH .CRT$XCC                DATA
 0002:00000340 00000220H .CRT$XCL                DATA
 0002:00000560 0000013fH .CRT$XCU                DATA
 0002:000006a0 00000109H .CRT$XCZ                DATA
 0002:000007b0 00000109H .CRT$XIA                DATA
 0002:000008c0 00000109H .CRT$XIAA               DATA
 0002:000009d0 00000109H .CRT$XIY                DATA
 0002:00000ae0 00000109H .CRT$XIZ                DATA
 0002:00000bf0 00009103H .rdata                  DATA
 0002:00009cf4 0000018dH .rdata$debug            DATA
 0002:00009e88 00001128H .rdata$r                DATA
 0002:0000afb0 00000109H .rtc$IAA                DATA
 0002:0000b0c0 00000109H .rtc$IZZ                DATA
 0002:0000b1d0 00000109H .rtc$TAA                DATA
 0002:0000b2e0 00000109H .rtc$TZZ                DATA
 0002:0000b3f0 00002ad8H .xdata                  DATA
 0002:0000dec8 00000164H .xdata$x                DATA
 0002:0000e030 00000109H ATL$__a                 DATA
 0002:0000e140 00000109H ATL$__z                 DATA
 0002:0000e249 00000000H .edata                  DATA
 0003:00000000 00000744H .data                   DATA
 0003:00000750 345271a0H .bss                    DATA
 0004:00000000 00001e30H .pdata                  DATA
 0005:00000000 0000012cH .idata$2                DATA
 0005:0000012c 00000014H .idata$3                DATA
 0005:00000140 000024b0H .idata$4                DATA
 0005:000025f0 000024b0H .idata$5                DATA
 0005:00004aa0 00004997H .idata$6                DATA
 0006:00000000 00001253H .rsrc$01                DATA
 0006:00001260 000ca613H .rsrc$02                DATA

  Address         Publics by Value              Rva+Base               Lib:Object

 0000:00000000       ___safe_se_handler_count   0000000000000000     <absolute>
 0000:00000000       ___safe_se_handler_table   0000000000000000     <absolute>
 0000:00000000       __ImageBase                0000000140000000     <linker-defined>
 0001:00000a00       ?_AfxInitManaged@@YAHXZ    0000000140001a00 f i GigeCameraDemo.obj
 0001:00000a10       ??_H@YAXPEAX_KHP6APEAX0@Z@Z 0000000140001a10 f i GigeCameraDemo.obj
 0001:00000a80       ?GetMessageMap@CGigeCameraDemoApp@@MEBAPEBUAFX_MSGMAP@@XZ 0000000140001a80 f   GigeCameraDemo.obj
 0001:00000aa0       ?GetThisMessageMap@CGigeCameraDemoApp@@KAPEBUAFX_MSGMAP@@XZ 0000000140001aa0 f   GigeCameraDemo.obj
 0001:00000ab0       ??0CGigeCameraDemoApp@@QEAA@XZ 0000000140001ab0 f   GigeCameraDemo.obj
 0001:00000af0       ?InitInstance@CGigeCameraDemoApp@@UEAAHXZ 0000000140001af0 f   GigeCameraDemo.obj
 0001:00000bd0       ?SupportsRestartManager@CWinApp@@UEBAHXZ 0000000140001bd0 f i GigeCameraDemo.obj
 0001:00000bf0       ?SupportsApplicationRecovery@CWinApp@@UEBAHXZ 0000000140001bf0 f i GigeCameraDemo.obj
 0001:00000c10       ?SupportsAutosaveAtRestart@CWinApp@@UEBAHXZ 0000000140001c10 f i GigeCameraDemo.obj
 0001:00000c30       ?SupportsAutosaveAtInterval@CWinApp@@UEBAHXZ 0000000140001c30 f i GigeCameraDemo.obj
 0001:00000c50       ?ReopenPreviousFilesAtRestart@CWinApp@@UEBAHXZ 0000000140001c50 f i GigeCameraDemo.obj
 0001:00000c70       ?RestoreAutosavedFilesAtRestart@CWinApp@@UEBAHXZ 0000000140001c70 f i GigeCameraDemo.obj
 0001:00000c90       ?GetApplicationRestartFlags@CWinApp@@UEAAKXZ 0000000140001c90 f i GigeCameraDemo.obj
 0001:00000ca0       ?GetApplicationRecoveryParameter@CWinApp@@UEAAPEAXXZ 0000000140001ca0 f i GigeCameraDemo.obj
 0001:00000cb0       ?GetApplicationRecoveryPingInterval@CWinApp@@UEAAKXZ 0000000140001cb0 f i GigeCameraDemo.obj
 0001:00000cc0       ??_ECGigeCameraDemoApp@@UEAAPEAXI@Z 0000000140001cc0 f i GigeCameraDemo.obj
 0001:00000cc0       ??_GCGigeCameraDemoApp@@UEAAPEAXI@Z 0000000140001cc0 f i GigeCameraDemo.obj
 0001:00000d10       ??1CGigeCameraDemoApp@@UEAA@XZ 0000000140001d10 f i GigeCameraDemo.obj
 0001:00000d30       ??1CGigeCameraDemoDlg@@UEAA@XZ 0000000140001d30 f i GigeCameraDemo.obj
 0001:00001030       ??0Thank_you@Define_the_symbol__ATL_MIXED@@QEAA@XZ 0000000140002030 f i GigeCameraDemo.obj
 0001:00001050       ?one@Thank_you@Define_the_symbol__ATL_MIXED@@UEAAXXZ 0000000140002050 f i GigeCameraDemo.obj
 0001:00001060       ??0CAboutDlg@@QEAA@XZ      0000000140002060 f   GigeCameraDemoDlg.obj
 0001:000010a0       ?DoDataExchange@CAboutDlg@@MEAAXPEAVCDataExchange@@@Z 00000001400020a0 f   GigeCameraDemoDlg.obj
 0001:000010d0       ?GetMessageMap@CAboutDlg@@MEBAPEBUAFX_MSGMAP@@XZ 00000001400020d0 f   GigeCameraDemoDlg.obj
 0001:000010f0       ?GetThisMessageMap@CAboutDlg@@KAPEBUAFX_MSGMAP@@XZ 00000001400020f0 f   GigeCameraDemoDlg.obj
 0001:00001100       ??0CGigeCameraDemoDlg@@QEAA@PEAVCWnd@@@Z 0000000140002100 f   GigeCameraDemoDlg.obj
 0001:00001ad0       ?DoDataExchange@CGigeCameraDemoDlg@@MEAAXPEAVCDataExchange@@@Z 0000000140002ad0 f   GigeCameraDemoDlg.obj
 0001:00001b50       ?GetMessageMap@CGigeCameraDemoDlg@@MEBAPEBUAFX_MSGMAP@@XZ 0000000140002b50 f   GigeCameraDemoDlg.obj
 0001:00001b70       ?GetThisMessageMap@CGigeCameraDemoDlg@@KAPEBUAFX_MSGMAP@@XZ 0000000140002b70 f   GigeCameraDemoDlg.obj
 0001:00001b80       ?onShowTask@CGigeCameraDemoDlg@@IEAA_J_K_J@Z 0000000140002b80 f   GigeCameraDemoDlg.obj
 0001:00001cd0       ?PushImageToMyBuffer@@YA_NQEAUtag_BuffNode@@PEADHHHHH@Z 0000000140002cd0 f   GigeCameraDemoDlg.obj
 0001:00001cf0       ?PushImageToMyBuffer_1@@YA_NQEAUtag_BuffNode@@PEADHHHHH@Z 0000000140002cf0 f   GigeCameraDemoDlg.obj
 0001:00001ed0       ?PushImageToMyBuffer_2@@YA_NQEAUtag_BuffNode@@PEADHHHHH@Z 0000000140002ed0 f   GigeCameraDemoDlg.obj
 0001:000020b0       ?CreateFile2@@YAHV?$CStringT@DV?$StrTraitMFC_DLL@DV?$ChTraitsCRT@D@ATL@@@@@ATL@@0H@Z 00000001400030b0 f   GigeCameraDemoDlg.obj
 0001:000021b0       ?SaveImageData@@YAKPEAX@Z  00000001400031b0 f   GigeCameraDemoDlg.obj
 0001:000021e0       ?SaveImageData_1@@YAKPEAX@Z 00000001400031e0 f   GigeCameraDemoDlg.obj
 0001:000024f0       ?SaveImageData_2@@YAKPEAX@Z 00000001400034f0 f   GigeCameraDemoDlg.obj
 0001:00002800       ?XferCallback_1@CGigeCameraDemoDlg@@SAXPEAVSapXferCallbackInfo@@@Z 0000000140003800 f   GigeCameraDemoDlg.obj
 0001:00002b10       ?XferCallback_2@CGigeCameraDemoDlg@@SAXPEAVSapXferCallbackInfo@@@Z 0000000140003b10 f   GigeCameraDemoDlg.obj
 0001:00002f40       ?PixelChanged@CGigeCameraDemoDlg@@UEAAXHH@Z 0000000140003f40 f   GigeCameraDemoDlg.obj
 0001:00003100       ?GetPathUseSpace@@YA_KPEBD@Z 0000000140004100 f   GigeCameraDemoDlg.obj
 0001:000031a0       ?GetDirFileCount@@YA_KV?$CStringT@DV?$StrTraitMFC_DLL@DV?$ChTraitsCRT@D@ATL@@@@@ATL@@@Z 00000001400041a0 f   GigeCameraDemoDlg.obj
 0001:000032a0       ?ReadFreeSpace@@YANV?$CStringT@DV?$StrTraitMFC_DLL@DV?$ChTraitsCRT@D@ATL@@@@@ATL@@@Z 00000001400042a0 f   GigeCameraDemoDlg.obj
 0001:000033f0       ?OnReceiveData@CGigeCameraDemoDlg@@IEAA_J_K_J@Z 00000001400043f0 f   GigeCameraDemoDlg.obj
 0001:00003640       ?us_Delay@@YAXK@Z          0000000140004640 f   GigeCameraDemoDlg.obj
 0001:000036d0       ?CheckMessageQueue@@YAHXZ  00000001400046d0 f   GigeCameraDemoDlg.obj
 0001:00003730       ?delay_time@@YAXK@Z        0000000140004730 f   GigeCameraDemoDlg.obj
 0001:000037d0       ?OnInitDialog@CGigeCameraDemoDlg@@MEAAHXZ 00000001400047d0 f   GigeCameraDemoDlg.obj
 0001:00004de0       ?IsUserAdmin@CGigeCameraDemoDlg@@QEAAHXZ 0000000140005de0 f   GigeCameraDemoDlg.obj
 0001:00004e30       ?CreateObjects_1@CGigeCameraDemoDlg@@QEAAHXZ 0000000140005e30 f   GigeCameraDemoDlg.obj
 0001:000050b0       ?CreateObjects_2@CGigeCameraDemoDlg@@QEAAHXZ 00000001400060b0 f   GigeCameraDemoDlg.obj
 0001:00005330       ?DestroyObjects_1@CGigeCameraDemoDlg@@QEAAHXZ 0000000140006330 f   GigeCameraDemoDlg.obj
 0001:00005460       ?DestroyObjects_2@CGigeCameraDemoDlg@@QEAAHXZ 0000000140006460 f   GigeCameraDemoDlg.obj
 0001:00005590       ?OnSysCommand@CGigeCameraDemoDlg@@IEAAXI_J@Z 0000000140006590 f   GigeCameraDemoDlg.obj
 0001:00005610       ?OnPaint@CGigeCameraDemoDlg@@IEAAXXZ 0000000140006610 f   GigeCameraDemoDlg.obj
 0001:00005780       ?OnDestroy@CGigeCameraDemoDlg@@IEAAXXZ 0000000140006780 f   GigeCameraDemoDlg.obj
 0001:00005c50       ?OnSize@CGigeCameraDemoDlg@@IEAAXIHH@Z 0000000140006c50 f   GigeCameraDemoDlg.obj
 0001:00005f80       ?OnQueryDragIcon@CGigeCameraDemoDlg@@IEAAPEAUHICON__@@XZ 0000000140006f80 f   GigeCameraDemoDlg.obj
 0001:00005fa0       ?OnEndSession@CGigeCameraDemoDlg@@IEAAXH@Z 0000000140006fa0 f   GigeCameraDemoDlg.obj
 0001:00005fe0       ?OnQueryEndSession@CGigeCameraDemoDlg@@IEAAHXZ 0000000140006fe0 f   GigeCameraDemoDlg.obj
 0001:00006010       ?UpdateMenu@CGigeCameraDemoDlg@@QEAAXXZ 0000000140007010 f   GigeCameraDemoDlg.obj
 0001:00006170       ?DoEvents@@YA_NXZ          0000000140007170 f   GigeCameraDemoDlg.obj
 0001:00006200       ?OnTest@CGigeCameraDemoDlg@@IEAAXXZ 0000000140007200 f   GigeCameraDemoDlg.obj
 0001:000062e0       ?ReadParamFromIniFile@CGigeCameraDemoDlg@@QEAA_NXZ 00000001400072e0 f   GigeCameraDemoDlg.obj
 0001:00006880       ?WriteParamFileIniFile@CGigeCameraDemoDlg@@QEAA_NXZ 0000000140007880 f   GigeCameraDemoDlg.obj
 0001:00006910       ?OnMainitemShow@CGigeCameraDemoDlg@@QEAAXXZ 0000000140007910 f   GigeCameraDemoDlg.obj
 0001:00006970       ?OnMainitemHide@CGigeCameraDemoDlg@@QEAAXXZ 0000000140007970 f   GigeCameraDemoDlg.obj
 0001:00006990       ?OnMainitemExit@CGigeCameraDemoDlg@@QEAAXXZ 0000000140007990 f   GigeCameraDemoDlg.obj
 0001:000069c0       ?FitToWindow@CGigeCameraDemoDlg@@QEAAXPEAVSapView@@@Z 00000001400079c0 f   GigeCameraDemoDlg.obj
 0001:00006c40       ?OnGrab@CGigeCameraDemoDlg@@IEAAXXZ 0000000140007c40 f   GigeCameraDemoDlg.obj
 0001:00006f50       ?OnFreeze@CGigeCameraDemoDlg@@IEAAXXZ 0000000140007f50 f   GigeCameraDemoDlg.obj
 0001:000071e0       ?OnNcPaint@CGigeCameraDemoDlg@@QEAAXXZ 00000001400081e0 f   GigeCameraDemoDlg.obj
 0001:00007200       ?OnTimer@CGigeCameraDemoDlg@@QEAAX_K@Z 0000000140008200 f   GigeCameraDemoDlg.obj
 0001:00007950       ?OnMainitemTest@CGigeCameraDemoDlg@@QEAAXXZ 0000000140008950 f   GigeCameraDemoDlg.obj
 0001:00007970       ?OnBnClickedReturn@CGigeCameraDemoDlg@@QEAAXXZ 0000000140008970 f   GigeCameraDemoDlg.obj
 0001:00007ab0       ?ImageFrom_IDResource@CGigeCameraDemoDlg@@QEAAXIPEBDPEAVCImage@ATL@@@Z 0000000140008ab0 f   GigeCameraDemoDlg.obj
 0001:00007bb0       ?RefreshUI@CGigeCameraDemoDlg@@QEAAXXZ 0000000140008bb0 f   GigeCameraDemoDlg.obj
 0001:000089e0       ?OnLButtonDown@CGigeCameraDemoDlg@@QEAAXIVCPoint@@@Z 00000001400099e0 f   GigeCameraDemoDlg.obj
 0001:000095c0       ?OnEraseBkgnd@CGigeCameraDemoDlg@@QEAAHPEAVCDC@@@Z 000000014000a5c0 f   GigeCameraDemoDlg.obj
 0001:00009610       ?WritePosInfo@CGigeCameraDemoDlg@@QEAAXH@Z 000000014000a610 f   GigeCameraDemoDlg.obj
 0001:000098b0       ?SetUI@CGigeCameraDemoDlg@@QEAAXXZ 000000014000a8b0 f   GigeCameraDemoDlg.obj
 0001:00009ed0       ?OnCreate@CGigeCameraDemoDlg@@QEAAHPEAUtagCREATESTRUCTA@@@Z 000000014000aed0 f   GigeCameraDemoDlg.obj
 0001:00009f10       ?HideCursor@CGigeCameraDemoDlg@@QEAAXXZ 000000014000af10 f   GigeCameraDemoDlg.obj
 0001:0000c300       ??_ECAboutDlg@@UEAAPEAXI@Z 000000014000d300 f i GigeCameraDemoDlg.obj
 0001:0000c300       ??_GCAboutDlg@@UEAAPEAXI@Z 000000014000d300 f i GigeCameraDemoDlg.obj
 0001:0000c350       ??1CAboutDlg@@UEAA@XZ      000000014000d350 f i GigeCameraDemoDlg.obj
 0001:0000c370       ??_GCGigeCameraDemoDlg@@UEAAPEAXI@Z 000000014000d370 f i GigeCameraDemoDlg.obj
 0001:0000c370       ??_ECGigeCameraDemoDlg@@UEAAPEAXI@Z 000000014000d370 f i GigeCameraDemoDlg.obj
 0001:0000c3c0       ??_GSapAcqDeviceToBuf@@UEAAPEAXI@Z 000000014000d3c0 f i GigeCameraDemoDlg.obj
 0001:0000c3c0       ??_ESapAcqDeviceToBuf@@UEAAPEAXI@Z 000000014000d3c0 f i GigeCameraDemoDlg.obj
 0001:0000c410       ??_GSapAcqDevice@@UEAAPEAXI@Z 000000014000d410 f i GigeCameraDemoDlg.obj
 0001:0000c410       ??_ESapAcqDevice@@UEAAPEAXI@Z 000000014000d410 f i GigeCameraDemoDlg.obj
 0001:0000c460       ??_ESapBufferWithTrash@@UEAAPEAXI@Z 000000014000d460 f i GigeCameraDemoDlg.obj
 0001:0000c460       ??_GSapBufferWithTrash@@UEAAPEAXI@Z 000000014000d460 f i GigeCameraDemoDlg.obj
 0001:0000c4b0       ??_GSapView@@UEAAPEAXI@Z   000000014000d4b0 f i GigeCameraDemoDlg.obj
 0001:0000c4b0       ??_ESapView@@UEAAPEAXI@Z   000000014000d4b0 f i GigeCameraDemoDlg.obj
 0001:0000c500       ?floor@@YAMM@Z             000000014000d500 f i GigeCameraDemoDlg.obj
 0001:0000c530       ?Load@CImage@ATL@@QEAAJPEAUIStream@@@Z 000000014000d530 f i GigeCameraDemoDlg.obj
 0001:0000c5d0       ?GetLastStatus@Image@Gdiplus@@QEBA?AW4Status@2@XZ 000000014000d5d0 f i GigeCameraDemoDlg.obj
 0001:0000c610       ??1Bitmap@Gdiplus@@UEAA@XZ 000000014000d610 f i GigeCameraDemoDlg.obj
 0001:0000c630       ??1Image@Gdiplus@@UEAA@XZ  000000014000d630 f i GigeCameraDemoDlg.obj
 0001:0000c670       ??_EImage@Gdiplus@@UEAAPEAXI@Z 000000014000d670 f i GigeCameraDemoDlg.obj
 0001:0000c670       ??_GImage@Gdiplus@@UEAAPEAXI@Z 000000014000d670 f i GigeCameraDemoDlg.obj
 0001:0000c6c0       ??3GdiplusBase@Gdiplus@@SAXPEAX@Z 000000014000d6c0 f i GigeCameraDemoDlg.obj
 0001:0000c6e0       ?Clone@Image@Gdiplus@@UEAAPEAV12@XZ 000000014000d6e0 f i GigeCameraDemoDlg.obj
 0001:0000c790       ??2GdiplusBase@Gdiplus@@SAPEAX_K@Z 000000014000d790 f i GigeCameraDemoDlg.obj
 0001:0000c7b0       ?SetStatus@Image@Gdiplus@@IEBA?AW4Status@2@W432@@Z 000000014000d7b0 f i GigeCameraDemoDlg.obj
 0001:0000c7f0       ??0Image@Gdiplus@@IEAA@PEAVGpImage@1@W4Status@1@@Z 000000014000d7f0 f i GigeCameraDemoDlg.obj
 0001:0000c850       ?SetNativeImage@Image@Gdiplus@@IEAAXPEAVGpImage@2@@Z 000000014000d850 f i GigeCameraDemoDlg.obj
 0001:0000c870       ??0Bitmap@Gdiplus@@QEAA@PEAUIStream@@H@Z 000000014000d870 f i GigeCameraDemoDlg.obj
 0001:0000c930       ??0Image@Gdiplus@@IEAA@XZ  000000014000d930 f i GigeCameraDemoDlg.obj
 0001:0000c950       ??_EBitmap@Gdiplus@@UEAAPEAXI@Z 000000014000d950 f i GigeCameraDemoDlg.obj
 0001:0000c950       ??_GBitmap@Gdiplus@@UEAAPEAXI@Z 000000014000d950 f i GigeCameraDemoDlg.obj
 0001:0000c9a0       ?CreateFromGdiplusBitmap@CImage@ATL@@AEAAJAEAVBitmap@Gdiplus@@@Z 000000014000d9a0 f i GigeCameraDemoDlg.obj
 0001:0000d0a0       ?_AtlVerifyStackAvailable@_ATL_SAFE_ALLOCA_IMPL@ATL@@YA_N_K@Z 000000014000e0a0 f i GigeCameraDemoDlg.obj
 0001:0000d1b0       ?memcpy_s@Checked@ATL@@YAXPEAX_KPEBX1@Z 000000014000e1b0 f i GigeCameraDemoDlg.obj
 0001:0000d200       ?AfxCrtErrorCheck@@YAHH@Z  000000014000e200 f i GigeCameraDemoDlg.obj
 0001:0000d270       ??0Rect@Gdiplus@@QEAA@HHHH@Z 000000014000e270 f i GigeCameraDemoDlg.obj
 0001:0000d2d0       ?GetPixelFormatSize@Gdiplus@@YAIH@Z 000000014000e2d0 f i GigeCameraDemoDlg.obj
 0001:0000d2f0       ?IsIndexedPixelFormat@Gdiplus@@YAHH@Z 000000014000e2f0 f i GigeCameraDemoDlg.obj
 0001:0000d330       ?IsAlphaPixelFormat@Gdiplus@@YAHH@Z 000000014000e330 f i GigeCameraDemoDlg.obj
 0001:0000d370       ??0Graphics@Gdiplus@@QEAA@PEAVImage@1@@Z 000000014000e370 f i GigeCameraDemoDlg.obj
 0001:0000d3e0       ??1Graphics@Gdiplus@@QEAA@XZ 000000014000e3e0 f i GigeCameraDemoDlg.obj
 0001:0000d410       ?DrawImage@Graphics@Gdiplus@@QEAA?AW4Status@2@PEAVImage@2@HH@Z 000000014000e410 f i GigeCameraDemoDlg.obj
 0001:0000d490       ?SetNativeGraphics@Graphics@Gdiplus@@IEAAXPEAVGpGraphics@2@@Z 000000014000e490 f i GigeCameraDemoDlg.obj
 0001:0000d4b0       ?SetStatus@Graphics@Gdiplus@@IEBA?AW4Status@2@W432@@Z 000000014000e4b0 f i GigeCameraDemoDlg.obj
 0001:0000d4f0       ?GetWidth@Image@Gdiplus@@QEAAIXZ 000000014000e4f0 f i GigeCameraDemoDlg.obj
 0001:0000d540       ?GetHeight@Image@Gdiplus@@QEAAIXZ 000000014000e540 f i GigeCameraDemoDlg.obj
 0001:0000d590       ?GetPixelFormat@Image@Gdiplus@@QEAAHXZ 000000014000e590 f i GigeCameraDemoDlg.obj
 0001:0000d5d0       ?GetPaletteSize@Image@Gdiplus@@QEAAHXZ 000000014000e5d0 f i GigeCameraDemoDlg.obj
 0001:0000d620       ?GetPalette@Image@Gdiplus@@QEAA?AW4Status@2@PEAUColorPalette@2@H@Z 000000014000e620 f i GigeCameraDemoDlg.obj
 0001:0000d670       ??0Bitmap@Gdiplus@@QEAA@HHHHPEAE@Z 000000014000e670 f i GigeCameraDemoDlg.obj
 0001:0000d730       ?LockBits@Bitmap@Gdiplus@@QEAA?AW4Status@2@PEBVRect@2@IHPEAVBitmapData@2@@Z 000000014000e730 f i GigeCameraDemoDlg.obj
 0001:0000d7a0       ?UnlockBits@Bitmap@Gdiplus@@QEAA?AW4Status@2@PEAVBitmapData@2@@Z 000000014000e7a0 f i GigeCameraDemoDlg.obj
 0001:0000d7e0       ?Create@CImage@ATL@@QEAAHHHHK@Z 000000014000e7e0 f i GigeCameraDemoDlg.obj
 0001:0000d840       ?CreateEx@CImage@ATL@@QEAAHHHHKPEBKK@Z 000000014000e840 f i GigeCameraDemoDlg.obj
 0001:0000dbe0       ?Attach@CImage@ATL@@QEAAXPEAUHBITMAP__@@W4DIBOrientation@12@@Z 000000014000ebe0 f i GigeCameraDemoDlg.obj
 0001:0000dcc0       ?GetBits@CImage@ATL@@QEAAPEAXXZ 000000014000ecc0 f i GigeCameraDemoDlg.obj
 0001:0000dd90       ?GetHeight@CImage@ATL@@QEBAHXZ 000000014000ed90 f i GigeCameraDemoDlg.obj
 0001:0000de10       ?GetPitch@CImage@ATL@@QEBAHXZ 000000014000ee10 f i GigeCameraDemoDlg.obj
 0001:0000dee0       ?GetWidth@CImage@ATL@@QEBAHXZ 000000014000eee0 f i GigeCameraDemoDlg.obj
 0001:0000df60       ?IsDIBSection@CImage@ATL@@QEBA_NXZ 000000014000ef60 f i GigeCameraDemoDlg.obj
 0001:0000df80       ?SetColorTable@CImage@ATL@@QEAAXIIPEBUtagRGBQUAD@@@Z 000000014000ef80 f i GigeCameraDemoDlg.obj
 0001:0000e0e0       ?GetDC@CImage@ATL@@QEBAPEAUHDC__@@XZ 000000014000f0e0 f i GigeCameraDemoDlg.obj
 0001:0000e1c0       ?GetDC@CDCCache@CImage@ATL@@QEAAPEAUHDC__@@XZ 000000014000f1c0 f i GigeCameraDemoDlg.obj
 0001:0000e240       ?IsIndexed@CImage@ATL@@QEBA_NXZ 000000014000f240 f i GigeCameraDemoDlg.obj
 0001:0000e330       ?ReleaseDC@CImage@ATL@@QEBAXXZ 000000014000f330 f i GigeCameraDemoDlg.obj
 0001:0000e460       ?ReleaseDC@CDCCache@CImage@ATL@@QEAAXPEAUHDC__@@@Z 000000014000f460 f i GigeCameraDemoDlg.obj
 0001:0000e500       ?UpdateBitmapInfo@CImage@ATL@@AEAAXW4DIBOrientation@12@@Z 000000014000f500 f i GigeCameraDemoDlg.obj
 0001:0000e7b0       ?abs@@YAJJ@Z               000000014000f7b0 f i GigeCameraDemoDlg.obj
 0001:0000e7d0       ?ComputePitch@CImage@ATL@@CAHHH@Z 000000014000f7d0 f i GigeCameraDemoDlg.obj
 0001:0000e800       ?InitGDIPlus@CImage@ATL@@CA_NXZ 000000014000f800 f i GigeCameraDemoDlg.obj
 0001:0000e830       ?Init@CInitGDIPlus@CImage@ATL@@QEAA_NXZ 000000014000f830 f i GigeCameraDemoDlg.obj
 0001:0000e8e0       ??0GdiplusStartupInput@Gdiplus@@QEAA@P6AXW4DebugEventLevel@1@PEAD@ZHH@Z 000000014000f8e0 f i GigeCameraDemoDlg.obj
 0001:0000e940       ??0CImage@ATL@@QEAA@XZ     000000014000f940 f i GigeCameraDemoDlg.obj
 0001:0000ea40       ?IncreaseCImageCount@CInitGDIPlus@CImage@ATL@@QEAAXXZ 000000014000fa40 f i GigeCameraDemoDlg.obj
 0001:0000eaa0       ??_GCImage@ATL@@UEAAPEAXI@Z 000000014000faa0 f i GigeCameraDemoDlg.obj
 0001:0000eaa0       ??_ECImage@ATL@@UEAAPEAXI@Z 000000014000faa0 f i GigeCameraDemoDlg.obj
 0001:0000eaf0       ??1CImage@ATL@@UEAA@XZ     000000014000faf0 f i GigeCameraDemoDlg.obj
 0001:0000eb30       ?DecreaseCImageCount@CInitGDIPlus@CImage@ATL@@QEAAXXZ 000000014000fb30 f i GigeCameraDemoDlg.obj
 0001:0000ebb0       ?ReleaseGDIPlus@CInitGDIPlus@CImage@ATL@@QEAAXXZ 000000014000fbb0 f i GigeCameraDemoDlg.obj
 0001:0000ec20       ?Destroy@CImage@ATL@@QEAAXXZ 000000014000fc20 f i GigeCameraDemoDlg.obj
 0001:0000ec70       ?Detach@CImage@ATL@@QEAAPEAUHBITMAP__@@XZ 000000014000fc70 f i GigeCameraDemoDlg.obj
 0001:0000ede0       ?Draw@CImage@ATL@@QEBAHPEAUHDC__@@AEBUtagRECT@@@Z 000000014000fde0 f i GigeCameraDemoDlg.obj
 0001:0000ee90       ?Draw@CImage@ATL@@QEBAHPEAUHDC__@@HHHHHHHH@Z 000000014000fe90 f i GigeCameraDemoDlg.obj
 0001:0000f340       ?IsTransparencySupported@CImage@ATL@@SAHXZ 0000000140010340 f i GigeCameraDemoDlg.obj
 0001:0000f350       ?GetTransparentRGB@CImage@ATL@@AEBAKXZ 0000000140010350 f i GigeCameraDemoDlg.obj
 0001:0000f490       ??0?$CAtlSafeAllocBufferManager@VCCRTAllocator@ATL@@@_ATL_SAFE_ALLOCA_IMPL@ATL@@QEAA@XZ 0000000140010490 f i GigeCameraDemoDlg.obj
 0001:0000f4b0       ?Allocate@?$CAtlSafeAllocBufferManager@VCCRTAllocator@ATL@@@_ATL_SAFE_ALLOCA_IMPL@ATL@@QEAAPEAX_K@Z 00000001400104b0 f i GigeCameraDemoDlg.obj
 0001:0000f530       ?Allocate@CCRTAllocator@ATL@@SAPEAX_K@Z 0000000140010530 f i GigeCameraDemoDlg.obj
 0001:0000f550       ??1?$CAtlSafeAllocBufferManager@VCCRTAllocator@ATL@@@_ATL_SAFE_ALLOCA_IMPL@ATL@@QEAA@XZ 0000000140010550 f i GigeCameraDemoDlg.obj
 0001:0000f5b0       ?Free@CCRTAllocator@ATL@@SAXPEAX@Z 00000001400105b0 f i GigeCameraDemoDlg.obj
 0001:0000f5d0       ??HATL@@YA?AV?$CStringT@DV?$StrTraitMFC_DLL@DV?$ChTraitsCRT@D@ATL@@@@@0@AEBV10@PEBD@Z 00000001400105d0 f i GigeCameraDemoDlg.obj
 0001:0000f6c0       ??HATL@@YA?AV?$CStringT@DV?$StrTraitMFC_DLL@DV?$ChTraitsCRT@D@ATL@@@@@0@PEBDAEBV10@@Z 00000001400106c0 f i GigeCameraDemoDlg.obj
 0001:0000f7c0       ?GetData@CAtlSafeAllocBufferNode@?$CAtlSafeAllocBufferManager@VCCRTAllocator@ATL@@@_ATL_SAFE_ALLOCA_IMPL@ATL@@QEAAPEAXXZ 00000001400107c0 f i GigeCameraDemoDlg.obj
 0001:0000f7e0       ??$AtlAdd@_K@ATL@@YAJPEA_K_K1@Z 00000001400107e0 f i GigeCameraDemoDlg.obj
 0001:0000f850       HRESULT_FROM_WIN32         0000000140010850 f i GigeCameraDemoDlg.obj
 0001:0000f8a0       ??$AtlAlignUp@I@ATL@@YAIIK@Z 00000001400108a0 f i GigeCameraDemoDlg.obj
 0001:0000f8d0       ??$sprintf_s@$0EAA@@@YAHAEAY0EAA@DPEBDZZ 00000001400108d0 f i GigeCameraDemoDlg.obj
 0001:0000f930       ??$sprintf_s@$09@@YAHAEAY09DPEBDZZ 0000000140010930 f i GigeCameraDemoDlg.obj
 0001:0000f990       ??$strcpy_s@$0IA@@@YAHAEAY0IA@DPEBD@Z 0000000140010990 f i GigeCameraDemoDlg.obj
 0001:0000f9d0       ??$sprintf_s@$0CAA@@@YAHAEAY0CAA@DPEBDZZ 00000001400109d0 f i GigeCameraDemoDlg.obj
 0001:0000fa30       ??$AtlAddThrow@_K@ATL@@YA_K_K0@Z 0000000140010a30 f i GigeCameraDemoDlg.obj
 0001:0000fa80       ?AtlThrowImpl@ATL@@YAXJ@Z  0000000140010a80 f i GigeCameraDemoDlg.obj
 0001:0000fb10       ??0CTraceFileAndLineInfo@ATL@@QEAA@PEBDH@Z 0000000140010b10 f i GigeCameraDemoDlg.obj
 0001:0000fb50       ??RCTraceFileAndLineInfo@ATL@@QEBAX_KIPEBDZZ 0000000140010b50 f i GigeCameraDemoDlg.obj
 0001:0000fbe0       ?TraceV@CTrace@ATL@@QEBAXPEBDH_KI0PEAD@Z 0000000140010be0 f i GigeCameraDemoDlg.obj
 0001:0000fc50       ??BCTraceCategory@ATL@@QEBA_KXZ 0000000140010c50 f i GigeCameraDemoDlg.obj
 0001:0000fc70       ?_GetBaseClass@CInputDialog@@KAPEAUCRuntimeClass@@XZ 0000000140010c70 f   InputDialog.obj
 0001:0000fc90       ?GetThisClass@CInputDialog@@SAPEAUCRuntimeClass@@XZ 0000000140010c90 f   InputDialog.obj
 0001:0000fca0       ?GetRuntimeClass@CInputDialog@@UEBAPEAUCRuntimeClass@@XZ 0000000140010ca0 f   InputDialog.obj
 0001:0000fcc0       ??0CInputDialog@@QEAA@PEAVCWnd@@@Z 0000000140010cc0 f   InputDialog.obj
 0001:0000fd10       ??1CInputDialog@@UEAA@XZ   0000000140010d10 f   InputDialog.obj
 0001:0000fd40       ?DoDataExchange@CInputDialog@@MEAAXPEAVCDataExchange@@@Z 0000000140010d40 f   InputDialog.obj
 0001:0000fd90       ?GetMessageMap@CInputDialog@@MEBAPEBUAFX_MSGMAP@@XZ 0000000140010d90 f   InputDialog.obj
 0001:0000fdb0       ?GetThisMessageMap@CInputDialog@@KAPEBUAFX_MSGMAP@@XZ 0000000140010db0 f   InputDialog.obj
 0001:0000fdc0       ?OnBnClickedOk@CInputDialog@@QEAAXXZ 0000000140010dc0 f   InputDialog.obj
 0001:0000fe50       ??_GCInputDialog@@UEAAPEAXI@Z 0000000140010e50 f i InputDialog.obj
 0001:0000fe50       ??_ECInputDialog@@UEAAPEAXI@Z 0000000140010e50 f i InputDialog.obj
 0001:0000fea0       ?_GetBaseClass@CMessageDialog@@KAPEAUCRuntimeClass@@XZ 0000000140010ea0 f   MessageDialog.obj
 0001:0000fec0       ?GetThisClass@CMessageDialog@@SAPEAUCRuntimeClass@@XZ 0000000140010ec0 f   MessageDialog.obj
 0001:0000fed0       ?GetRuntimeClass@CMessageDialog@@UEBAPEAUCRuntimeClass@@XZ 0000000140010ed0 f   MessageDialog.obj
 0001:0000fef0       ??0CMessageDialog@@QEAA@PEAVCWnd@@@Z 0000000140010ef0 f   MessageDialog.obj
 0001:0000ff60       ??1CMessageDialog@@UEAA@XZ 0000000140010f60 f   MessageDialog.obj
 0001:0000ffb0       ?DoDataExchange@CMessageDialog@@MEAAXPEAVCDataExchange@@@Z 0000000140010fb0 f   MessageDialog.obj
 0001:0000ffe0       ?GetMessageMap@CMessageDialog@@MEBAPEBUAFX_MSGMAP@@XZ 0000000140010fe0 f   MessageDialog.obj
 0001:00010000       ?GetThisMessageMap@CMessageDialog@@KAPEBUAFX_MSGMAP@@XZ 0000000140011000 f   MessageDialog.obj
 0001:00010010       ?Response@CMessageDialog@@QEAA_J_K_J@Z 0000000140011010 f   MessageDialog.obj
 0001:000100f0       ?OnCtlColor@CMessageDialog@@QEAAPEAUHBRUSH__@@PEAVCDC@@PEAVCWnd@@I@Z 00000001400110f0 f   MessageDialog.obj
 0001:000102c0       ?OnEraseBkgnd@CMessageDialog@@QEAAHPEAVCDC@@@Z 00000001400112c0 f   MessageDialog.obj
 0001:000103c0       ?OnCreate@CMessageDialog@@QEAAHPEAUtagCREATESTRUCTA@@@Z 00000001400113c0 f   MessageDialog.obj
 0001:00010440       ?OnClose@CMessageDialog@@QEAAXXZ 0000000140011440 f   MessageDialog.obj
 0001:00010480       ?OnPaint@CMessageDialog@@QEAAXXZ 0000000140011480 f   MessageDialog.obj
 0001:000104e0       ?OnBnClickedOk@CMessageDialog@@QEAAXXZ 00000001400114e0 f   MessageDialog.obj
 0001:00010500       ?OnInitDialog@CMessageDialog@@UEAAHXZ 0000000140011500 f   MessageDialog.obj
 0001:00010530       ?OnTimer@CMessageDialog@@QEAAX_K@Z 0000000140011530 f   MessageDialog.obj
 0001:00010560       ?OnLButtonUp@CMessageDialog@@QEAAXIVCPoint@@@Z 0000000140011560 f   MessageDialog.obj
 0001:00010750       ??_GCMessageDialog@@UEAAPEAXI@Z 0000000140011750 f i MessageDialog.obj
 0001:00010750       ??_ECMessageDialog@@UEAAPEAXI@Z 0000000140011750 f i MessageDialog.obj
 0001:000107a0       ??0CSerialPort@@QEAA@XZ    00000001400117a0 f   SerialPort.obj
 0001:00010840       ??1CSerialPort@@UEAA@XZ    0000000140011840 f   SerialPort.obj
 0001:000108c0       ?InitPort@CSerialPort@@QEAAHPEAVCWnd@@IIDIIKI@Z 00000001400118c0 f   SerialPort.obj
 0001:00010f10       ?CommThread@CSerialPort@@KAIPEAX@Z 0000000140011f10 f   SerialPort.obj
 0001:00011220       ?StartMonitoring@CSerialPort@@QEAAHXZ 0000000140012220 f   SerialPort.obj
 0001:000112b0       ?RestartMonitoring@CSerialPort@@QEAAHXZ 00000001400122b0 f   SerialPort.obj
 0001:00011300       ?StopMonitoring@CSerialPort@@QEAAHXZ 0000000140012300 f   SerialPort.obj
 0001:00011350       ?ProcessErrorMessage@CSerialPort@@IEAAXPEAD@Z 0000000140012350 f   SerialPort.obj
 0001:00011420       ?WriteChar@CSerialPort@@KAXPEAV1@H@Z 0000000140012420 f   SerialPort.obj
 0001:00011650       ?ReceiveChar@CSerialPort@@KAXPEAV1@U_COMSTAT@@@Z 0000000140012650 f   SerialPort.obj
 0001:00011820       ?WriteToPort@CSerialPort@@QEAAXPEAD@Z 0000000140012820 f   SerialPort.obj
 0001:000118a0       ?WriteToPort@CSerialPort@@QEAAXPEADH@Z 00000001400128a0 f   SerialPort.obj
 0001:00011960       ?GetDCB@CSerialPort@@QEAA?AU_DCB@@XZ 0000000140012960 f   SerialPort.obj
 0001:000119b0       ?GetCommEvents@CSerialPort@@QEAAKXZ 00000001400129b0 f   SerialPort.obj
 0001:000119d0       ?GetWriteBufferSize@CSerialPort@@QEAAKXZ 00000001400129d0 f   SerialPort.obj
 0001:000119f0       ?GetPortNO@CSerialPort@@QEAAHXZ 00000001400129f0 f   SerialPort.obj
 0001:00011ea0       ??_ECSerialPort@@UEAAPEAXI@Z 0000000140012ea0 f i SerialPort.obj
 0001:00011ea0       ??_GCSerialPort@@UEAAPEAXI@Z 0000000140012ea0 f i SerialPort.obj
 0001:00011ef0       ??RCTraceFileAndLineInfo@ATL@@QEBAXPEBDZZ 0000000140012ef0 f i SerialPort.obj
 0001:00011f90       ?_GetBaseClass@CSplashWnd@@KAPEAUCRuntimeClass@@XZ 0000000140012f90 f   SplashWnd.obj
 0001:00011fb0       ?GetThisClass@CSplashWnd@@SAPEAUCRuntimeClass@@XZ 0000000140012fb0 f   SplashWnd.obj
 0001:00011fc0       ?GetRuntimeClass@CSplashWnd@@UEBAPEAUCRuntimeClass@@XZ 0000000140012fc0 f   SplashWnd.obj
 0001:00011fe0       ??0CSplashWnd@@QEAA@XZ     0000000140012fe0 f   SplashWnd.obj
 0001:000120f0       ??1CSplashWnd@@UEAA@XZ     00000001400130f0 f   SplashWnd.obj
 0001:000121a0       ?GetMessageMap@CSplashWnd@@MEBAPEBUAFX_MSGMAP@@XZ 00000001400131a0 f   SplashWnd.obj
 0001:000121c0       ?GetThisMessageMap@CSplashWnd@@KAPEBUAFX_MSGMAP@@XZ 00000001400131c0 f   SplashWnd.obj
 0001:000121d0       ?DeleteSplash@CSplashWnd@@QEAAXXZ 00000001400131d0 f   SplashWnd.obj
 0001:000121f0       ?CreateSplash@CSplashWnd@@QEAAXXZ 00000001400131f0 f   SplashWnd.obj
 0001:000122f0       ?OnPaint@CSplashWnd@@IEAAXXZ 00000001400132f0 f   SplashWnd.obj
 0001:000124f0       ?ImageFrom_IDResource@CSplashWnd@@QEAAXIPEBDPEAVCImage@ATL@@@Z 00000001400134f0 f   SplashWnd.obj
 0001:000125f0       ?SetInfo@CSplashWnd@@QEAAXV?$CStringT@DV?$StrTraitMFC_DLL@DV?$ChTraitsCRT@D@ATL@@@@@ATL@@@Z 00000001400135f0 f   SplashWnd.obj
 0001:00012640       ?On_Timer@@YAKPEAX@Z       0000000140013640 f   SplashWnd.obj
 0001:00012f50       ?OnNcDestroy@CSplashWnd@@QEAAXXZ 0000000140013f50 f   SplashWnd.obj
 0001:00012f80       ?HideCursor@CSplashWnd@@QEAAXXZ 0000000140013f80 f   SplashWnd.obj
 0001:000133c0       ??_ECSplashWnd@@UEAAPEAXI@Z 00000001400143c0 f i SplashWnd.obj
 0001:000133c0       ??_GCSplashWnd@@UEAAPEAXI@Z 00000001400143c0 f i SplashWnd.obj
 0001:00013404       ??1SapAcquisition@@UEAA@XZ 0000000140014404 f   SapClassBasic:SapClassBasic82.dll
 0001:0001340a       ??0SapAcquisition@@QEAA@VSapLocation@@@Z 000000014001440a f   SapClassBasic:SapClassBasic82.dll
 0001:00013410       ??0SapLocation@@QEAA@HH@Z  0000000140014410 f   SapClassBasic:SapClassBasic82.dll
 0001:00013416       ?GetEventCount@SapXferCallbackInfo@@QEBAHXZ 0000000140014416 f   SapClassBasic:SapClassBasic82.dll
 0001:0001341c       ?GetHeight@SapBuffer@@QEBAHXZ 000000014001441c f   SapClassBasic:SapClassBasic82.dll
 0001:00013422       ?GetWidth@SapBuffer@@QEBAHXZ 0000000140014422 f   SapClassBasic:SapClassBasic82.dll
 0001:00013428       ?GetContext@SapXferCallbackInfo@@QEBAPEAXXZ 0000000140014428 f   SapClassBasic:SapClassBasic82.dll
 0001:0001342e       ??0SapView@@QEAA@PEAVSapBuffer@@PEAUHWND__@@P6AXPEAVSapViewCallbackInfo@@@ZPEAX@Z 000000014001442e f   SapClassBasic:SapClassBasic82.dll
 0001:00013434       ??0SapAcqDeviceToBuf@@QEAA@PEAVSapAcqDevice@@PEAVSapBuffer@@P6AXPEAVSapXferCallbackInfo@@@ZPEAX@Z 0000000140014434 f   SapClassBasic:SapClassBasic82.dll
 0001:0001343a       ??0SapBufferWithTrash@@QEAA@HPEAVSapXferNode@@HVSapLocation@@@Z 000000014001443a f   SapClassBasic:SapClassBasic82.dll
 0001:00013440       ??0SapAcqDevice@@QEAA@VSapLocation@@PEBD@Z 0000000140014440 f   SapClassBasic:SapClassBasic82.dll
 0001:00013446       ?GetServerSerialNumber@SapManager@@SAHHPEAD@Z 0000000140014446 f   SapClassBasic:SapClassBasic82.dll
 0001:0001344c       ?GetResourceCount@SapManager@@SAHHH@Z 000000014001444c f   SapClassBasic:SapClassBasic82.dll
 0001:00013452       ?DetectAllServers@SapManager@@SAHH@Z 0000000140014452 f   SapClassBasic:SapClassBasic82.dll
 0001:00013458       ?GetServerCount@SapManager@@SAHXZ 0000000140014458 f   SapClassBasic:SapClassBasic82.dll
 0001:0001345e       ?Create@SapAcqDevice@@UEAAHXZ 000000014001445e f   SapClassBasic:SapClassBasic82.dll
 0001:00013464       ?Destroy@SapAcqDevice@@UEAAHXZ 0000000140014464 f   SapClassBasic:SapClassBasic82.dll
 0001:0001346a       ?GetXferParams@SapXferNode@@UEBA?AVSapXferParams@@H@Z 000000014001446a f   SapClassBasic:SapClassBasic82.dll
 0001:00013470       ?GetInputXferParams@SapXferNode@@UEBA?AVSapXferParams@@H@Z 0000000140014470 f   SapClassBasic:SapClassBasic82.dll
 0001:00013476       ?GetOutputXferParams@SapXferNode@@UEBA?AVSapXferParams@@H@Z 0000000140014476 f   SapClassBasic:SapClassBasic82.dll
 0001:0001347c       ?SetSrcNode@SapXferNode@@UEAAHPEAV1@H@Z 000000014001447c f   SapClassBasic:SapClassBasic82.dll
 0001:00013482       ?SetXferParams@SapXferNode@@UEAAHVSapXferParams@@H@Z 0000000140014482 f   SapClassBasic:SapClassBasic82.dll
 0001:00013488       ?SetInputXferParams@SapXferNode@@UEAAHVSapXferParams@@H@Z 0000000140014488 f   SapClassBasic:SapClassBasic82.dll
 0001:0001348e       ?SetOutputXferParams@SapXferNode@@UEAAHVSapXferParams@@H@Z 000000014001448e f   SapClassBasic:SapClassBasic82.dll
 0001:00013494       ?GetHandle@SapXferNode@@UEBAPEAU__CORHANDLE@@H@Z 0000000140014494 f   SapClassBasic:SapClassBasic82.dll
 0001:0001349a       ?GetHandle@SapXferNode@@UEBAPEAU__CORHANDLE@@XZ 000000014001449a f   SapClassBasic:SapClassBasic82.dll
 0001:000134a0       ?GetXferParamsFromSrcNode@SapXferNode@@UEAAXXZ 00000001400144a0 f   SapClassBasic:SapClassBasic82.dll
 0001:000134a6       ?GetXferNodeType@SapAcqDevice@@UEAA?AW4XferNodeType@SapXferNode@@XZ 00000001400144a6 f   SapClassBasic:SapClassBasic82.dll
 0001:000134ac       ?IsBuffer@SapXferNode@@UEAAHXZ 00000001400144ac f   SapClassBasic:SapClassBasic82.dll
 0001:000134b2       ??ASapXferNode@@UEBAPEAU__CORHANDLE@@H@Z 00000001400144b2 f   SapClassBasic:SapClassBasic82.dll
 0001:000134b8       ?GetCount@SapXferNode@@UEBAHXZ 00000001400144b8 f   SapClassBasic:SapClassBasic82.dll
 0001:000134be       ?GetIndex@SapXferNode@@UEBAHXZ 00000001400144be f   SapClassBasic:SapClassBasic82.dll
 0001:000134c4       ?SetIndex@SapXferNode@@UEAAHH@Z 00000001400144c4 f   SapClassBasic:SapClassBasic82.dll
 0001:000134ca       ?ResetIndex@SapXferNode@@UEAAXXZ 00000001400144ca f   SapClassBasic:SapClassBasic82.dll
 0001:000134d0       ?Next@SapXferNode@@UEAAXXZ 00000001400144d0 f   SapClassBasic:SapClassBasic82.dll
 0001:000134d6       ?GetTrash@SapXferNode@@UEBAPEAU__CORHANDLE@@XZ 00000001400144d6 f   SapClassBasic:SapClassBasic82.dll
 0001:000134dc       ?Empty@SapXferNode@@UEAAHH@Z 00000001400144dc f   SapClassBasic:SapClassBasic82.dll
 0001:000134e2       ?Empty@SapXferNode@@UEAAHXZ 00000001400144e2 f   SapClassBasic:SapClassBasic82.dll
 0001:000134e8       ?EmptyAll@SapXferNode@@UEAAHXZ 00000001400144e8 f   SapClassBasic:SapClassBasic82.dll
 0001:000134ee       ?Create@SapBufferWithTrash@@UEAAHXZ 00000001400144ee f   SapClassBasic:SapClassBasic82.dll
 0001:000134f4       ?Destroy@SapBufferWithTrash@@UEAAHXZ 00000001400144f4 f   SapClassBasic:SapClassBasic82.dll
 0001:000134fa       ?GetHandle@SapBuffer@@UEBAPEAU__CORHANDLE@@H@Z 00000001400144fa f   SapClassBasic:SapClassBasic82.dll
 0001:00013500       ?GetHandle@SapBuffer@@UEBAPEAU__CORHANDLE@@XZ 0000000140014500 f   SapClassBasic:SapClassBasic82.dll
 0001:00013506       ?GetXferNodeType@SapBuffer@@UEAA?AW4XferNodeType@SapXferNode@@XZ 0000000140014506 f   SapClassBasic:SapClassBasic82.dll
 0001:0001350c       ??ASapBuffer@@UEBAPEAU__CORHANDLE@@H@Z 000000014001450c f   SapClassBasic:SapClassBasic82.dll
 0001:00013512       ?GetCount@SapBuffer@@UEBAHXZ 0000000140014512 f   SapClassBasic:SapClassBasic82.dll
 0001:00013518       ?GetIndex@SapBuffer@@UEBAHXZ 0000000140014518 f   SapClassBasic:SapClassBasic82.dll
 0001:0001351e       ?SetIndex@SapBuffer@@UEAAHH@Z 000000014001451e f   SapClassBasic:SapClassBasic82.dll
 0001:00013524       ?ResetIndex@SapBuffer@@UEAAXXZ 0000000140014524 f   SapClassBasic:SapClassBasic82.dll
 0001:0001352a       ?Next@SapBuffer@@UEAAXXZ   000000014001452a f   SapClassBasic:SapClassBasic82.dll
 0001:00013530       ?GetTrash@SapBufferWithTrash@@UEBAPEAU__CORHANDLE@@XZ 0000000140014530 f   SapClassBasic:SapClassBasic82.dll
 0001:00013536       ?Empty@SapBuffer@@UEAAHH@Z 0000000140014536 f   SapClassBasic:SapClassBasic82.dll
 0001:0001353c       ?Empty@SapBuffer@@UEAAHXZ  000000014001453c f   SapClassBasic:SapClassBasic82.dll
 0001:00013542       ?EmptyAll@SapBuffer@@UEAAHXZ 0000000140014542 f   SapClassBasic:SapClassBasic82.dll
 0001:00013548       ?SetCount@SapBuffer@@UEAAHH@Z 0000000140014548 f   SapClassBasic:SapClassBasic82.dll
 0001:0001354e       ?SetWidth@SapBuffer@@UEAAHH@Z 000000014001454e f   SapClassBasic:SapClassBasic82.dll
 0001:00013554       ?SetHeight@SapBuffer@@UEAAHH@Z 0000000140014554 f   SapClassBasic:SapClassBasic82.dll
 0001:0001355a       ?SetFormat@SapBuffer@@UEAAHH@Z 000000014001455a f   SapClassBasic:SapClassBasic82.dll
 0001:00013560       ?SetType@SapBuffer@@UEAAHH@Z 0000000140014560 f   SapClassBasic:SapClassBasic82.dll
 0001:00013566       ?SetPixelDepth@SapBuffer@@UEAAHH@Z 0000000140014566 f   SapClassBasic:SapClassBasic82.dll
 0001:0001356c       ?SetVirtualAddress@SapBuffer@@UEAAHQEAPEAX@Z 000000014001456c f   SapClassBasic:SapClassBasic82.dll
 0001:00013572       ?SetPhysicalAddress@SapBuffer@@UEAAHQEA_K@Z 0000000140014572 f   SapClassBasic:SapClassBasic82.dll
 0001:00013578       ?SetParameters@SapBuffer@@UEAAHHQEA_KHHHH@Z 0000000140014578 f   SapClassBasic:SapClassBasic82.dll
 0001:0001357e       ?SetParameters@SapBuffer@@UEAAHHQEAPEAXHHHH@Z 000000014001457e f   SapClassBasic:SapClassBasic82.dll
 0001:00013584       ?SetParameters@SapBuffer@@UEAAHHHHHH@Z 0000000140014584 f   SapClassBasic:SapClassBasic82.dll
 0001:0001358a       ?SetParametersFromFile@SapBuffer@@UEAAHPEBDH@Z 000000014001458a f   SapClassBasic:SapClassBasic82.dll
 0001:00013590       ?SetFrameRate@SapBuffer@@UEAAXM@Z 0000000140014590 f   SapClassBasic:SapClassBasic82.dll
 0001:00013596       ?GetAddress@SapBuffer@@UEAAHH_K0PEAXPEAPEAX@Z 0000000140014596 f   SapClassBasic:SapClassBasic82.dll
 0001:0001359c       ?GetAddress@SapBuffer@@UEAAHH_K0PEAPEAX@Z 000000014001459c f   SapClassBasic:SapClassBasic82.dll
 0001:000135a2       ?GetAddress@SapBuffer@@UEAAH_K0PEAXPEAPEAX@Z 00000001400145a2 f   SapClassBasic:SapClassBasic82.dll
 0001:000135a8       ?GetAddress@SapBuffer@@UEAAH_K0PEAPEAX@Z 00000001400145a8 f   SapClassBasic:SapClassBasic82.dll
 0001:000135ae       ?GetAddress@SapBuffer@@UEAAHHPEAXPEAPEAX@Z 00000001400145ae f   SapClassBasic:SapClassBasic82.dll
 0001:000135b4       ?GetAddress@SapBuffer@@UEAAHHPEAPEAX@Z 00000001400145b4 f   SapClassBasic:SapClassBasic82.dll
 0001:000135ba       ?GetAddress@SapBuffer@@UEAAHPEAXPEAPEAX@Z 00000001400145ba f   SapClassBasic:SapClassBasic82.dll
 0001:000135c0       ?GetAddress@SapBuffer@@UEAAHPEAPEAX@Z 00000001400145c0 f   SapClassBasic:SapClassBasic82.dll
 0001:000135c6       ?ReleaseAddress@SapBuffer@@UEAAHHPEAX@Z 00000001400145c6 f   SapClassBasic:SapClassBasic82.dll
 0001:000135cc       ?ReleaseAddress@SapBuffer@@UEAAHPEAX@Z 00000001400145cc f   SapClassBasic:SapClassBasic82.dll
 0001:000135d2       ?IsMapped@SapBuffer@@UEAAHXZ 00000001400145d2 f   SapClassBasic:SapClassBasic82.dll
 0001:000135d8       ?IsMapped@SapBuffer@@UEAAHH@Z 00000001400145d8 f   SapClassBasic:SapClassBasic82.dll
 0001:000135de       ?GetCounterStamp@SapBuffer@@UEAAHHPEAH@Z 00000001400145de f   SapClassBasic:SapClassBasic82.dll
 0001:000135e4       ?GetCounterStamp@SapBuffer@@UEAAHPEAH@Z 00000001400145e4 f   SapClassBasic:SapClassBasic82.dll
 0001:000135ea       ?GetHostCounterStamp@SapBuffer@@UEAAHHPEA_K@Z 00000001400145ea f   SapClassBasic:SapClassBasic82.dll
 0001:000135f0       ?GetHostCounterStamp@SapBuffer@@UEAAHPEA_K@Z 00000001400145f0 f   SapClassBasic:SapClassBasic82.dll
 0001:000135f6       ?GetDeviceTimeStamp@SapBuffer@@UEAAHHPEA_K@Z 00000001400145f6 f   SapClassBasic:SapClassBasic82.dll
 0001:000135fc       ?GetDeviceTimeStamp@SapBuffer@@UEAAHPEA_K@Z 00000001400145fc f   SapClassBasic:SapClassBasic82.dll
 0001:00013602       ?GetSpaceUsed@SapBuffer@@UEAAHHPEAH@Z 0000000140014602 f   SapClassBasic:SapClassBasic82.dll
 0001:00013608       ?GetSpaceUsed@SapBuffer@@UEAAHPEAH@Z 0000000140014608 f   SapClassBasic:SapClassBasic82.dll
 0001:0001360e       ?GetHandles@SapBuffer@@UEBAPEAPEAU__CORHANDLE@@XZ 000000014001460e f   SapClassBasic:SapClassBasic82.dll
 0001:00013614       ?IsCapabilityValid@SapBuffer@@UEAAHH@Z 0000000140014614 f   SapClassBasic:SapClassBasic82.dll
 0001:0001361a       ?GetCapability@SapBuffer@@UEAAHHHPEAX@Z 000000014001461a f   SapClassBasic:SapClassBasic82.dll
 0001:00013620       ?GetCapability@SapBuffer@@UEAAHHPEAX@Z 0000000140014620 f   SapClassBasic:SapClassBasic82.dll
 0001:00013626       ?IsParameterValid@SapBuffer@@UEAAHHH@Z 0000000140014626 f   SapClassBasic:SapClassBasic82.dll
 0001:0001362c       ?IsParameterValid@SapBuffer@@UEAAHH@Z 000000014001462c f   SapClassBasic:SapClassBasic82.dll
 0001:00013632       ?GetParameter@SapBuffer@@UEAAHHHPEAX@Z 0000000140014632 f   SapClassBasic:SapClassBasic82.dll
 0001:00013638       ?GetParameter@SapBuffer@@UEAAHHPEAX@Z 0000000140014638 f   SapClassBasic:SapClassBasic82.dll
 0001:0001363e       ?SetParameter@SapBuffer@@UEAAHHHPEAX@Z 000000014001463e f   SapClassBasic:SapClassBasic82.dll
 0001:00013644       ?SetParameter@SapBuffer@@UEAAHHPEAX@Z 0000000140014644 f   SapClassBasic:SapClassBasic82.dll
 0001:0001364a       ?SetParameter@SapBuffer@@UEAAHHHH@Z 000000014001464a f   SapClassBasic:SapClassBasic82.dll
 0001:00013650       ?SetParameter@SapBuffer@@UEAAHHH@Z 0000000140014650 f   SapClassBasic:SapClassBasic82.dll
 0001:00013656       ?GetParent@SapBuffer@@UEAAPEAV1@XZ 0000000140014656 f   SapClassBasic:SapClassBasic82.dll
 0001:0001365c       ?GetRoot@SapBuffer@@UEAAPEAV1@XZ 000000014001465c f   SapClassBasic:SapClassBasic82.dll
 0001:00013662       ?SetState@SapBuffer@@UEAAHHH@Z 0000000140014662 f   SapClassBasic:SapClassBasic82.dll
 0001:00013668       ?SetState@SapBuffer@@UEAAHH@Z 0000000140014668 f   SapClassBasic:SapClassBasic82.dll
 0001:0001366e       ?SetAllState@SapBuffer@@UEAAHH@Z 000000014001466e f   SapClassBasic:SapClassBasic82.dll
 0001:00013674       ?GetState@SapBuffer@@UEAAHHPEAH@Z 0000000140014674 f   SapClassBasic:SapClassBasic82.dll
 0001:0001367a       ?GetState@SapBuffer@@UEAAHPEAH@Z 000000014001467a f   SapClassBasic:SapClassBasic82.dll
 0001:00013680       ?GetNumPages@SapBuffer@@UEAAHPEAH@Z 0000000140014680 f   SapClassBasic:SapClassBasic82.dll
 0001:00013686       ?SetPage@SapBuffer@@UEAAHHH@Z 0000000140014686 f   SapClassBasic:SapClassBasic82.dll
 0001:0001368c       ?SetPage@SapBuffer@@UEAAHH@Z 000000014001468c f   SapClassBasic:SapClassBasic82.dll
 0001:00013692       ?SetAllPage@SapBuffer@@UEAAHH@Z 0000000140014692 f   SapClassBasic:SapClassBasic82.dll
 0001:00013698       ?GetPage@SapBuffer@@UEAAHHPEAH@Z 0000000140014698 f   SapClassBasic:SapClassBasic82.dll
 0001:0001369e       ?GetPage@SapBuffer@@UEAAHPEAH@Z 000000014001469e f   SapClassBasic:SapClassBasic82.dll
 0001:000136a4       ?IsMultiFormat@SapBuffer@@UEAAHXZ 00000001400146a4 f   SapClassBasic:SapClassBasic82.dll
 0001:000136aa       ?GetPageFormat@SapBuffer@@UEAAHPEAH@Z 00000001400146aa f   SapClassBasic:SapClassBasic82.dll
 0001:000136b0       ?Clear@SapBuffer@@UEAAHHVSapData@@@Z 00000001400146b0 f   SapClassBasic:SapClassBasic82.dll
 0001:000136b6       ?Clear@SapBuffer@@UEAAHVSapData@@@Z 00000001400146b6 f   SapClassBasic:SapClassBasic82.dll
 0001:000136bc       ?Clear@SapBuffer@@UEAAHH@Z 00000001400146bc f   SapClassBasic:SapClassBasic82.dll
 0001:000136c2       ?Clear@SapBuffer@@UEAAHXZ  00000001400146c2 f   SapClassBasic:SapClassBasic82.dll
 0001:000136c8       ?Load@SapBuffer@@UEAAHPEBD0HH@Z 00000001400146c8 f   SapClassBasic:SapClassBasic82.dll
 0001:000136ce       ?Load@SapBuffer@@UEAAHPEBDHHH0@Z 00000001400146ce f   SapClassBasic:SapClassBasic82.dll
 0001:000136d4       ?Save@SapBuffer@@UEAAHPEBD0HH@Z 00000001400146d4 f   SapClassBasic:SapClassBasic82.dll
 0001:000136da       ?Read@SapBuffer@@UEAAHH_KHPEAX@Z 00000001400146da f   SapClassBasic:SapClassBasic82.dll
 0001:000136e0       ?Read@SapBuffer@@UEAAH_KHPEAX@Z 00000001400146e0 f   SapClassBasic:SapClassBasic82.dll
 0001:000136e6       ?ReadElement@SapBuffer@@UEAAHHHPEAH00@Z 00000001400146e6 f   SapClassBasic:SapClassBasic82.dll
 0001:000136ec       ?ReadElement@SapBuffer@@UEAAHHHHPEAVSapData@@@Z 00000001400146ec f   SapClassBasic:SapClassBasic82.dll
 0001:000136f2       ?ReadElement@SapBuffer@@UEAAHHHPEAVSapData@@@Z 00000001400146f2 f   SapClassBasic:SapClassBasic82.dll
 0001:000136f8       ?ReadElement@SapBuffer@@UEAAHHHHPEAX@Z 00000001400146f8 f   SapClassBasic:SapClassBasic82.dll
 0001:000136fe       ?ReadElement@SapBuffer@@UEAAHHHPEAX@Z 00000001400146fe f   SapClassBasic:SapClassBasic82.dll
 0001:00013704       ?ReadLine@SapBuffer@@UEAAHHHHHHPEAXPEAH@Z 0000000140014704 f   SapClassBasic:SapClassBasic82.dll
 0001:0001370a       ?ReadLine@SapBuffer@@UEAAHHHHHPEAXPEAH@Z 000000014001470a f   SapClassBasic:SapClassBasic82.dll
 0001:00013710       ?ReadRect@SapBuffer@@UEAAHHHHHHPEAX@Z 0000000140014710 f   SapClassBasic:SapClassBasic82.dll
 0001:00013716       ?ReadRect@SapBuffer@@UEAAHHHHHPEAX@Z 0000000140014716 f   SapClassBasic:SapClassBasic82.dll
 0001:0001371c       ?Write@SapBuffer@@UEAAHH_KHPEBX@Z 000000014001471c f   SapClassBasic:SapClassBasic82.dll
 0001:00013722       ?Write@SapBuffer@@UEAAH_KHPEBX@Z 0000000140014722 f   SapClassBasic:SapClassBasic82.dll
 0001:00013728       ?WriteElement@SapBuffer@@UEAAHHHHVSapData@@@Z 0000000140014728 f   SapClassBasic:SapClassBasic82.dll
 0001:0001372e       ?WriteElement@SapBuffer@@UEAAHHHVSapData@@@Z 000000014001472e f   SapClassBasic:SapClassBasic82.dll
 0001:00013734       ?WriteElement@SapBuffer@@UEAAHHHHPEBX@Z 0000000140014734 f   SapClassBasic:SapClassBasic82.dll
 0001:0001373a       ?WriteElement@SapBuffer@@UEAAHHHPEBX@Z 000000014001473a f   SapClassBasic:SapClassBasic82.dll
 0001:00013740       ?WriteLine@SapBuffer@@UEAAHHHHHHPEBXPEAH@Z 0000000140014740 f   SapClassBasic:SapClassBasic82.dll
 0001:00013746       ?WriteLine@SapBuffer@@UEAAHHHHHPEBXPEAH@Z 0000000140014746 f   SapClassBasic:SapClassBasic82.dll
 0001:0001374c       ?WriteRect@SapBuffer@@UEAAHHHHHHPEBX@Z 000000014001474c f   SapClassBasic:SapClassBasic82.dll
 0001:00013752       ?WriteRect@SapBuffer@@UEAAHHHHHPEBX@Z 0000000140014752 f   SapClassBasic:SapClassBasic82.dll
 0001:00013758       ?Copy@SapBuffer@@UEAAHPEAV1@HH@Z 0000000140014758 f   SapClassBasic:SapClassBasic82.dll
 0001:0001375e       ?Copy@SapBuffer@@UEAAHPEAV1@@Z 000000014001475e f   SapClassBasic:SapClassBasic82.dll
 0001:00013764       ?CopyAll@SapBuffer@@UEAAHPEAV1@@Z 0000000140014764 f   SapClassBasic:SapClassBasic82.dll
 0001:0001376a       ?CopyRect@SapBuffer@@UEAAHPEAV1@HHHHHHHH@Z 000000014001476a f   SapClassBasic:SapClassBasic82.dll
 0001:00013770       ?ColorConvert@SapBuffer@@UEAAHPEAV1@HHHHVSapDataFRGB@@PEAVSapLut@@@Z 0000000140014770 f   SapClassBasic:SapClassBasic82.dll
 0001:00013776       ?ColorConvert@SapBuffer@@UEAAHPEAV1@HHVSapDataFRGB@@PEAVSapLut@@@Z 0000000140014776 f   SapClassBasic:SapClassBasic82.dll
 0001:0001377c       ?ColorWhiteBalance@SapBuffer@@UEAAHHHPEAVSapDataFRGB@@@Z 000000014001477c f   SapClassBasic:SapClassBasic82.dll
 0001:00013782       ?ColorWhiteBalance@SapBuffer@@UEAAHHPEAVSapDataFRGB@@@Z 0000000140014782 f   SapClassBasic:SapClassBasic82.dll
 0001:00013788       ?SplitComponents@SapBuffer@@UEAAHPEAV1@00H@Z 0000000140014788 f   SapClassBasic:SapClassBasic82.dll
 0001:0001378e       ?SplitComponents@SapBuffer@@UEAAHPEAV1@00@Z 000000014001478e f   SapClassBasic:SapClassBasic82.dll
 0001:00013794       ?SplitComponents@SapBuffer@@UEAAHPEAV1@H@Z 0000000140014794 f   SapClassBasic:SapClassBasic82.dll
 0001:0001379a       ?SplitComponents@SapBuffer@@UEAAHPEAV1@@Z 000000014001479a f   SapClassBasic:SapClassBasic82.dll
 0001:000137a0       ?MergeComponents@SapBuffer@@UEAAHPEAV1@00H@Z 00000001400147a0 f   SapClassBasic:SapClassBasic82.dll
 0001:000137a6       ?MergeComponents@SapBuffer@@UEAAHPEAV1@00@Z 00000001400147a6 f   SapClassBasic:SapClassBasic82.dll
 0001:000137ac       ?MergeComponents@SapBuffer@@UEAAHPEAV1@H@Z 00000001400147ac f   SapClassBasic:SapClassBasic82.dll
 0001:000137b2       ?MergeComponents@SapBuffer@@UEAAHPEAV1@@Z 00000001400147b2 f   SapClassBasic:SapClassBasic82.dll
 0001:000137b8       ?Register@SapBuffer@@UEAAHPEBD@Z 00000001400147b8 f   SapClassBasic:SapClassBasic82.dll
 0001:000137be       ?Unregister@SapBuffer@@UEAAHXZ 00000001400147be f   SapClassBasic:SapClassBasic82.dll
 0001:000137c4       ?GetNumRoi@SapBuffer@@UEBAHXZ 00000001400147c4 f   SapClassBasic:SapClassBasic82.dll
 0001:000137ca       ?GetRoi@SapBuffer@@UEBAQEAUtagRECT@@H@Z 00000001400147ca f   SapClassBasic:SapClassBasic82.dll
 0001:000137d0       ?AddRoi@SapBuffer@@UEAAHUtagRECT@@@Z 00000001400147d0 f   SapClassBasic:SapClassBasic82.dll
 0001:000137d6       ?RemoveAllRoi@SapBuffer@@UEAAHXZ 00000001400147d6 f   SapClassBasic:SapClassBasic82.dll
 0001:000137dc       ?GetChild@SapBuffer@@UEBAPEAU__CORHANDLE@@HH@Z 00000001400147dc f   SapClassBasic:SapClassBasic82.dll
 0001:000137e2       ?BayerConvert@SapBuffer@@UEAAHPEAV1@HHHHVSapDataFRGB@@PEAVSapLut@@@Z 00000001400147e2 f   SapClassBasic:SapClassBasic82.dll
 0001:000137e8       ?BayerConvert@SapBuffer@@UEAAHPEAV1@HHVSapDataFRGB@@PEAVSapLut@@@Z 00000001400147e8 f   SapClassBasic:SapClassBasic82.dll
 0001:000137ee       ?BayerWhiteBalance@SapBuffer@@UEAAHHHPEAVSapDataFRGB@@@Z 00000001400147ee f   SapClassBasic:SapClassBasic82.dll
 0001:000137f4       ?BayerWhiteBalance@SapBuffer@@UEAAHHPEAVSapDataFRGB@@@Z 00000001400147f4 f   SapClassBasic:SapClassBasic82.dll
 0001:000137fa       ?Construct@SapBuffer@@MEAAXPEBDPEAVSapDisplay@@@Z 00000001400147fa f   SapClassBasic:SapClassBasic82.dll
 0001:00013800       ?GetTrashType@SapBufferWithTrash@@UEAAHXZ 0000000140014800 f   SapClassBasic:SapClassBasic82.dll
 0001:00013806       ?SetTrashType@SapBufferWithTrash@@UEAAHH@Z 0000000140014806 f   SapClassBasic:SapClassBasic82.dll
 0001:0001380c       ?Construct@SapBufferWithTrash@@MEAAXXZ 000000014001480c f   SapClassBasic:SapClassBasic82.dll
 0001:00013812       ?Create@SapTransfer@@UEAAHXZ 0000000140014812 f   SapClassBasic:SapClassBasic82.dll
 0001:00013818       ?Destroy@SapTransfer@@UEAAHXZ 0000000140014818 f   SapClassBasic:SapClassBasic82.dll
 0001:0001381e       ?Connect@SapTransfer@@UEAAHXZ 000000014001481e f   SapClassBasic:SapClassBasic82.dll
 0001:00013824       ?Disconnect@SapTransfer@@UEAAHXZ 0000000140014824 f   SapClassBasic:SapClassBasic82.dll
 0001:0001382a       ?GetHandle@SapTransfer@@UEBAPEAU__CORHANDLE@@XZ 000000014001482a f   SapClassBasic:SapClassBasic82.dll
 0001:00013830       ?GetCallback@SapTransfer@@UEBAP6AXPEAVSapXferCallbackInfo@@@ZXZ 0000000140014830 f   SapClassBasic:SapClassBasic82.dll
 0001:00013836       ?GetTrashCallback@SapTransfer@@UEBAP6AXPEAVSapXferCallbackInfo@@@ZXZ 0000000140014836 f   SapClassBasic:SapClassBasic82.dll
 0001:0001383c       ?GetContext@SapTransfer@@UEBAPEAXXZ 000000014001483c f   SapClassBasic:SapClassBasic82.dll
 0001:00013842       ?IsGrabbing@SapTransfer@@UEBAHXZ 0000000140014842 f   SapClassBasic:SapClassBasic82.dll
 0001:00013848       ?IsAutoEmpty@SapTransfer@@UEBAHXZ 0000000140014848 f   SapClassBasic:SapClassBasic82.dll
 0001:0001384e       ?IsAutoConnect@SapTransfer@@UEBAHXZ 000000014001484e f   SapClassBasic:SapClassBasic82.dll
 0001:00013854       ?IsConnected@SapTransfer@@UEBAHXZ 0000000140014854 f   SapClassBasic:SapClassBasic82.dll
 0001:0001385a       ?GetStartMode@SapTransfer@@UEBAHXZ 000000014001485a f   SapClassBasic:SapClassBasic82.dll
 0001:00013860       ?IsCycleModeAvailable@SapTransfer@@UEAAHHH@Z 0000000140014860 f   SapClassBasic:SapClassBasic82.dll
 0001:00013866       ?GetConnectTimeout@SapTransfer@@UEBAHXZ 0000000140014866 f   SapClassBasic:SapClassBasic82.dll
 0001:0001386c       ?SetCallbackInfo@SapTransfer@@UEAAHPEAVSapXferPair@@@Z 000000014001486c f   SapClassBasic:SapClassBasic82.dll
 0001:00013872       ?SetCallbackInfo@SapTransfer@@UEAAHP6AXPEAVSapXferCallbackInfo@@@ZPEAX@Z 0000000140014872 f   SapClassBasic:SapClassBasic82.dll
 0001:00013878       ?SetTrashCallbackInfo@SapTransfer@@UEAAHPEAVSapXferPair@@@Z 0000000140014878 f   SapClassBasic:SapClassBasic82.dll
 0001:0001387e       ?SetTrashCallbackInfo@SapTransfer@@UEAAHP6AXPEAVSapXferCallbackInfo@@@Z@Z 000000014001487e f   SapClassBasic:SapClassBasic82.dll
 0001:00013884       ?SetAutoEmpty@SapTransfer@@UEAAXH@Z 0000000140014884 f   SapClassBasic:SapClassBasic82.dll
 0001:0001388a       ?SetAutoConnect@SapTransfer@@UEAAXH@Z 000000014001488a f   SapClassBasic:SapClassBasic82.dll
 0001:00013890       ?IsCapabilityValid@SapTransfer@@UEAAHH@Z 0000000140014890 f   SapClassBasic:SapClassBasic82.dll
 0001:00013896       ?IsParameterValid@SapTransfer@@UEAAHH@Z 0000000140014896 f   SapClassBasic:SapClassBasic82.dll
 0001:0001389c       ?GetCapability@SapTransfer@@UEAAHHPEAX@Z 000000014001489c f   SapClassBasic:SapClassBasic82.dll
 0001:000138a2       ?GetParameter@SapTransfer@@UEAAHHPEAX@Z 00000001400148a2 f   SapClassBasic:SapClassBasic82.dll
 0001:000138a8       ?SetParameter@SapTransfer@@UEAAHHPEAX@Z 00000001400148a8 f   SapClassBasic:SapClassBasic82.dll
 0001:000138ae       ?SetParameter@SapTransfer@@UEAAHHH@Z 00000001400148ae f   SapClassBasic:SapClassBasic82.dll
 0001:000138b4       ?Select@SapTransfer@@UEAAHPEAVSapXferPair@@HH@Z 00000001400148b4 f   SapClassBasic:SapClassBasic82.dll
 0001:000138ba       ?Select@SapTransfer@@UEAAHHHH@Z 00000001400148ba f   SapClassBasic:SapClassBasic82.dll
 0001:000138c0       ?SetStartMode@SapTransfer@@MEAAHXZ 00000001400148c0 f   SapClassBasic:SapClassBasic82.dll
 0001:000138c6       ?SetStartMode@SapTransfer@@UEAAHH@Z 00000001400148c6 f   SapClassBasic:SapClassBasic82.dll
 0001:000138cc       ?SetConnectTimeout@SapTransfer@@UEAAHH@Z 00000001400148cc f   SapClassBasic:SapClassBasic82.dll
 0001:000138d2       ?UpdateFrameRateStatistics@SapAcqDeviceToBuf@@UEAAHXZ 00000001400148d2 f   SapClassBasic:SapClassBasic82.dll
 0001:000138d8       ?SetEventType@SapTransfer@@UEAAHPEAVSapXferPair@@@Z 00000001400148d8 f   SapClassBasic:SapClassBasic82.dll
 0001:000138de       ?SetEventCountSource@SapTransfer@@UEAAHPEAVSapXferPair@@@Z 00000001400148de f   SapClassBasic:SapClassBasic82.dll
 0001:000138e4       ?SetCycleMode@SapTransfer@@UEAAHPEAVSapXferPair@@@Z 00000001400148e4 f   SapClassBasic:SapClassBasic82.dll
 0001:000138ea       ?SetFlipMode@SapTransfer@@UEAAHPEAVSapXferPair@@@Z 00000001400148ea f   SapClassBasic:SapClassBasic82.dll
 0001:000138f0       ?SetCounterStampTimeBase@SapTransfer@@UEAAHPEAVSapXferPair@@@Z 00000001400148f0 f   SapClassBasic:SapClassBasic82.dll
 0001:000138f6       ?SetFlatFieldCycleMode@SapTransfer@@UEAAHPEAVSapXferPair@@@Z 00000001400148f6 f   SapClassBasic:SapClassBasic82.dll
 0001:000138fc       ?SetDynamicLutCycleMode@SapTransfer@@UEAAHPEAVSapXferPair@@@Z 00000001400148fc f   SapClassBasic:SapClassBasic82.dll
 0001:00013902       ?SetFramesPerCallback@SapTransfer@@UEAAHPEAVSapXferPair@@@Z 0000000140014902 f   SapClassBasic:SapClassBasic82.dll
 0001:00013908       ?SetFramesOnBoard@SapTransfer@@UEAAHPEAVSapXferPair@@@Z 0000000140014908 f   SapClassBasic:SapClassBasic82.dll
 0001:0001390e       ?SetRelativeBufferIndex@SapTransfer@@UEAAHPEAVSapXferPair@@@Z 000000014001490e f   SapClassBasic:SapClassBasic82.dll
 0001:00013914       ?SetNbInputFrames@SapTransfer@@UEAAHPEAVSapXferPair@@@Z 0000000140014914 f   SapClassBasic:SapClassBasic82.dll
 0001:0001391a       ?SetNbOutputFrames@SapTransfer@@UEAAHPEAVSapXferPair@@@Z 000000014001491a f   SapClassBasic:SapClassBasic82.dll
 0001:00013920       ?RegisterCallback@SapTransfer@@UEAAHHP6AXPEAVSapXferCallbackInfo@@@ZPEAXI@Z 0000000140014920 f   SapClassBasic:SapClassBasic82.dll
 0001:00013926       ?UnregisterCallback@SapTransfer@@UEAAHXZ 0000000140014926 f   SapClassBasic:SapClassBasic82.dll
 0001:0001392c       ?UpdateParameters@SapTransfer@@UEAAHXZ 000000014001492c f   SapClassBasic:SapClassBasic82.dll
 0001:00013932       ?Snap@SapTransfer@@UEAAHH@Z 0000000140014932 f   SapClassBasic:SapClassBasic82.dll
 0001:00013938       ?Grab@SapTransfer@@UEAAHXZ 0000000140014938 f   SapClassBasic:SapClassBasic82.dll
 0001:0001393e       ?Freeze@SapTransfer@@UEAAHXZ 000000014001493e f   SapClassBasic:SapClassBasic82.dll
 0001:00013944       ?Abort@SapTransfer@@UEAAHXZ 0000000140014944 f   SapClassBasic:SapClassBasic82.dll
 0001:0001394a       ?Wait@SapTransfer@@UEAAHH@Z 000000014001494a f   SapClassBasic:SapClassBasic82.dll
 0001:00013950       ?Init@SapTransfer@@UEAAHH@Z 0000000140014950 f   SapClassBasic:SapClassBasic82.dll
 0001:00013956       ?XferIsCycleModeAvailable@SapTransfer@@MEAAHPEAVSapXferPair@@H@Z 0000000140014956 f   SapClassBasic:SapClassBasic82.dll
 0001:0001395c       ?CreatePair@SapTransfer@@MEAAHH@Z 000000014001495c f   SapClassBasic:SapClassBasic82.dll
 0001:00013962       ?DestroyPair@SapTransfer@@MEAAHH@Z 0000000140014962 f   SapClassBasic:SapClassBasic82.dll
 0001:00013968       ?GetCapabilities@SapTransfer@@MEAAHH@Z 0000000140014968 f   SapClassBasic:SapClassBasic82.dll
 0001:0001396e       ?SetParameters@SapTransfer@@MEAAHXZ 000000014001496e f   SapClassBasic:SapClassBasic82.dll
 0001:00013974       ?SetParameters@SapTransfer@@MEAAHH@Z 0000000140014974 f   SapClassBasic:SapClassBasic82.dll
 0001:0001397a       ?FindPairIndex@SapTransfer@@MEAAHPEAVSapXferPair@@PEAH@Z 000000014001497a f   SapClassBasic:SapClassBasic82.dll
 0001:00013980       ?Create@SapView@@UEAAHXZ   0000000140014980 f   SapClassBasic:SapClassBasic82.dll
 0001:00013986       ?Destroy@SapView@@UEAAHXZ  0000000140014986 f   SapClassBasic:SapClassBasic82.dll
 0001:0001398c       ?GetHandle@SapView@@UEBAPEAU__CORHANDLE@@H@Z 000000014001498c f   SapClassBasic:SapClassBasic82.dll
 0001:00013992       ?GetHandle@SapView@@UEBAPEAU__CORHANDLE@@XZ 0000000140014992 f   SapClassBasic:SapClassBasic82.dll
 0001:00013998       ?IsAutoEmpty@SapView@@UEBAHXZ 0000000140014998 f   SapClassBasic:SapClassBasic82.dll
 0001:0001399e       ?SetDisplay@SapView@@UEAAHPEAVSapDisplay@@@Z 000000014001499e f   SapClassBasic:SapClassBasic82.dll
 0001:000139a4       ?SetBuffer@SapView@@UEAAHPEAVSapBuffer@@@Z 00000001400149a4 f   SapClassBasic:SapClassBasic82.dll
 0001:000139aa       ?SetWindow@SapView@@UEAAHPEAUHWND__@@@Z 00000001400149aa f   SapClassBasic:SapClassBasic82.dll
 0001:000139b0       ?SetCallbackInfo@SapView@@UEAAHP6AXPEAVSapViewCallbackInfo@@@ZPEAX@Z 00000001400149b0 f   SapClassBasic:SapClassBasic82.dll
 0001:000139b6       ?GetWidth@SapView@@UEAAHXZ 00000001400149b6 f   SapClassBasic:SapClassBasic82.dll
 0001:000139bc       ?GetHeight@SapView@@UEAAHXZ 00000001400149bc f   SapClassBasic:SapClassBasic82.dll
 0001:000139c2       ?GetViewArea@SapView@@UEAAHPEAH0@Z 00000001400149c2 f   SapClassBasic:SapClassBasic82.dll
 0001:000139c8       ?IsCapabilityValid@SapView@@UEAAHH@Z 00000001400149c8 f   SapClassBasic:SapClassBasic82.dll
 0001:000139ce       ?GetCapability@SapView@@UEAAHHPEAX@Z 00000001400149ce f   SapClassBasic:SapClassBasic82.dll
 0001:000139d4       ?IsParameterValid@SapView@@UEAAHH@Z 00000001400149d4 f   SapClassBasic:SapClassBasic82.dll
 0001:000139da       ?GetParameter@SapView@@UEAAHHPEAX@Z 00000001400149da f   SapClassBasic:SapClassBasic82.dll
 0001:000139e0       ?SetParameter@SapView@@UEAAHHPEAX@Z 00000001400149e0 f   SapClassBasic:SapClassBasic82.dll
 0001:000139e6       ?SetParameter@SapView@@UEAAHHH@Z 00000001400149e6 f   SapClassBasic:SapClassBasic82.dll
 0001:000139ec       ?SetWindowTitle@SapView@@UEAAHPEBD@Z 00000001400149ec f   SapClassBasic:SapClassBasic82.dll
 0001:000139f2       ?GetWindowTitle@SapView@@UEAAHPEAD@Z 00000001400149f2 f   SapClassBasic:SapClassBasic82.dll
 0001:000139f8       ?SetOverlayMode@SapView@@UEAAHH@Z 00000001400149f8 f   SapClassBasic:SapClassBasic82.dll
 0001:000139fe       ?SetKeyColor@SapView@@MEAAHXZ 00000001400149fe f   SapClassBasic:SapClassBasic82.dll
 0001:00013a04       ?SetKeyColor@SapView@@UEAAHVSapDataRGB@@@Z 0000000140014a04 f   SapClassBasic:SapClassBasic82.dll
 0001:00013a0a       ?GetDC@SapView@@UEAAHPEAPEAUHDC__@@@Z 0000000140014a0a f   SapClassBasic:SapClassBasic82.dll
 0001:00013a10       ?ReleaseDC@SapView@@UEAAHXZ 0000000140014a10 f   SapClassBasic:SapClassBasic82.dll
 0001:00013a16       ?Init@SapView@@UEAAXXZ     0000000140014a16 f   SapClassBasic:SapClassBasic82.dll
 0001:00013a1c       ?Show@SapView@@UEAAXH@Z    0000000140014a1c f   SapClassBasic:SapClassBasic82.dll
 0001:00013a22       ?Show@SapView@@UEAAXXZ     0000000140014a22 f   SapClassBasic:SapClassBasic82.dll
 0001:00013a28       ?ShowNext@SapView@@UEAAXXZ 0000000140014a28 f   SapClassBasic:SapClassBasic82.dll
 0001:00013a2e       ?Hide@SapView@@UEAAXXZ     0000000140014a2e f   SapClassBasic:SapClassBasic82.dll
 0001:00013a34       ?HasRange@SapView@@UEAAHXZ 0000000140014a34 f   SapClassBasic:SapClassBasic82.dll
 0001:00013a3a       ?GetRange@SapView@@UEAAHXZ 0000000140014a3a f   SapClassBasic:SapClassBasic82.dll
 0001:00013a40       ?GetRangeMinMax@SapView@@UEAAXPEAH0@Z 0000000140014a40 f   SapClassBasic:SapClassBasic82.dll
 0001:00013a46       ?SetRange@SapView@@UEAAHH@Z 0000000140014a46 f   SapClassBasic:SapClassBasic82.dll
 0001:00013a4c       ?SetScalingMode@SapView@@UEAAHAEBVSapViewScaleParams@@0H@Z 0000000140014a4c f   SapClassBasic:SapClassBasic82.dll
 0001:00013a52       ?SetScalingMode@SapView@@UEAAHMMH@Z 0000000140014a52 f   SapClassBasic:SapClassBasic82.dll
 0001:00013a58       ?SetScalingMode@SapView@@UEAAHW4ScalingMode@1@HH@Z 0000000140014a58 f   SapClassBasic:SapClassBasic82.dll
 0001:00013a5e       ?SetAutoEmpty@SapView@@UEAAXH@Z 0000000140014a5e f   SapClassBasic:SapClassBasic82.dll
 0001:00013a64       ?SetImmediateMode@SapView@@UEAAXH@Z 0000000140014a64 f   SapClassBasic:SapClassBasic82.dll
 0001:00013a6a       ?SetThreadPriority@SapView@@UEAAXH@Z 0000000140014a6a f   SapClassBasic:SapClassBasic82.dll
 0001:00013a70       ?ApplyLut@SapView@@UEAAHXZ 0000000140014a70 f   SapClassBasic:SapClassBasic82.dll
 0001:00013a76       ?OnPaint@SapView@@UEAAXXZ  0000000140014a76 f   SapClassBasic:SapClassBasic82.dll
 0001:00013a7c       ?OnMove@SapView@@UEAAXXZ   0000000140014a7c f   SapClassBasic:SapClassBasic82.dll
 0001:00013a82       ?OnSize@SapView@@UEAAXH@Z  0000000140014a82 f   SapClassBasic:SapClassBasic82.dll
 0001:00013a88       ?OnHScroll@SapView@@UEAAXH@Z 0000000140014a88 f   SapClassBasic:SapClassBasic82.dll
 0001:00013a8e       ?OnVScroll@SapView@@UEAAXH@Z 0000000140014a8e f   SapClassBasic:SapClassBasic82.dll
 0001:00013a94       ?GetHandles@SapView@@UEBAPEAPEAU__CORHANDLE@@XZ 0000000140014a94 f   SapClassBasic:SapClassBasic82.dll
 0001:00013a9a       ??ASapView@@UEBAPEAU__CORHANDLE@@H@Z 0000000140014a9a f   SapClassBasic:SapClassBasic82.dll
 0001:00013aa0       ?SetBuffers@SapView@@UEAAHPEAVSapBuffer@@@Z 0000000140014aa0 f   SapClassBasic:SapClassBasic82.dll
 0001:00013aa6       ?DoShow@SapView@@MEAAXXZ   0000000140014aa6 f   SapClassBasic:SapClassBasic82.dll
 0001:00013aac       ?Next@SapView@@MEAAXXZ     0000000140014aac f   SapClassBasic:SapClassBasic82.dll
 0001:00013ab2       ?SetScrollPosAndRange@SapView@@MEAAXXZ 0000000140014ab2 f   SapClassBasic:SapClassBasic82.dll
 0001:00013ab8       ?LoadLut@SapView@@MEAAHXZ  0000000140014ab8 f   SapClassBasic:SapClassBasic82.dll
 0001:00013abe       ??1SapAcqDeviceToBuf@@UEAA@XZ 0000000140014abe f   SapClassBasic:SapClassBasic82.dll
 0001:00013ac4       ??1SapAcqDevice@@UEAA@XZ   0000000140014ac4 f   SapClassBasic:SapClassBasic82.dll
 0001:00013aca       ??1SapBufferWithTrash@@UEAA@XZ 0000000140014aca f   SapClassBasic:SapClassBasic82.dll
 0001:00013ad0       ??1SapView@@UEAA@XZ        0000000140014ad0 f   SapClassBasic:SapClassBasic82.dll
 0001:00013ad6       ?SetCycleMode@SapXferPair@@QEAAHH@Z 0000000140014ad6 f   SapClassBasic:SapClassBasic82.dll
 0001:00013adc       ?GetPair@SapTransfer@@QEAAPEAVSapXferPair@@H@Z 0000000140014adc f   SapClassBasic:SapClassBasic82.dll
 0001:00013ae2       ??BSapManager@@QEBAHXZ     0000000140014ae2 f   SapClassBasic:SapClassBasic82.dll
 0001:00013ae8       ?GetBuffer@SapView@@QEBAPEAVSapBuffer@@XZ 0000000140014ae8 f   SapClassBasic:SapClassBasic82.dll
 0001:00013aee       ??1CImageExWnd@@UEAA@XZ    0000000140014aee f   SapClassGuiD:SapClassGui82D.NET_2010.dll
 0001:00013af4       ??0CImageExWnd@@QEAA@XZ    0000000140014af4 f   SapClassGuiD:SapClassGui82D.NET_2010.dll
 0001:00013afa       ??0CImageExWndEventHandler@@QEAA@XZ 0000000140014afa f   SapClassGuiD:SapClassGui82D.NET_2010.dll
 0001:00013b00       ?ScaleChanged@CImageViewportWndEventHandler@@UEAAXXZ 0000000140014b00 f   SapClassGuiD:SapClassGui82D.NET_2010.dll
 0001:00013b06       ?RoiChanged@CImageViewportWndEventHandler@@UEAAXXZ 0000000140014b06 f   SapClassGuiD:SapClassGui82D.NET_2010.dll
 0001:00013b0c       ?ViewChanged@CImageViewportWndEventHandler@@UEAAXXZ 0000000140014b0c f   SapClassGuiD:SapClassGui82D.NET_2010.dll
 0001:00013b12       ?MarkerChanged@CImageExWndEventHandler@@UEAAXXZ 0000000140014b12 f   SapClassGuiD:SapClassGui82D.NET_2010.dll
 0001:00013b18       ?InteractiveMarkerChanged@CImageExWndEventHandler@@UEAAXH@Z 0000000140014b18 f   SapClassGuiD:SapClassGui82D.NET_2010.dll
 0001:00013b1e       ?GetPixelString@CImageExWnd@@QEBA?AV?$CStringT@DV?$StrTraitMFC_DLL@DV?$ChTraitsCRT@D@ATL@@@@@ATL@@VCPoint@@@Z 0000000140014b1e f   SapClassGuiD:SapClassGui82D.NET_2010.dll
 0001:00013b24       ?Reset@CImageExWnd@@QEAAXXZ 0000000140014b24 f   SapClassGuiD:SapClassGui82D.NET_2010.dll
 0001:00013b2a       ?AttachSapView@CImageExWnd@@QEAA_NPEAVSapView@@@Z 0000000140014b2a f   SapClassGuiD:SapClassGui82D.NET_2010.dll
 0001:00013b30       ??1CViewDlg@@UEAA@XZ       0000000140014b30 f   SapClassGuiD:SapClassGui82D.NET_2010.dll
 0001:00013b36       ?Refresh@CImageExWnd@@QEAAXXZ 0000000140014b36 f   SapClassGuiD:SapClassGui82D.NET_2010.dll
 0001:00013b3c       ??0CViewDlg@@QEAA@PEAVCWnd@@PEAVSapView@@@Z 0000000140014b3c f   SapClassGuiD:SapClassGui82D.NET_2010.dll
 0001:00013b42       ??1CAbortDlg@@UEAA@XZ      0000000140014b42 f   SapClassGuiD:SapClassGui82D.NET_2010.dll
 0001:00013b48       ??0CAbortDlg@@QEAA@PEAVCWnd@@PEAVSapTransfer@@H@Z 0000000140014b48 f   SapClassGuiD:SapClassGui82D.NET_2010.dll
 0001:00013b4e       ZLBSaveImage               0000000140014b4e f   ZLBImage:ZLBImage.dll
 0001:00013b54       ZLBCreateDirectory         0000000140014b54 f   ZLBCommon:ZLBCommon.dll
 0001:00013b5a       ZLBGetFormatTime           0000000140014b5a f   ZLBCommon:ZLBCommon.dll
 0001:00013b60       ZLBIsPathExist             0000000140014b60 f   ZLBCommon:ZLBCommon.dll
 0001:00013b66       ZLBIniReadDouble           0000000140014b66 f   ZLBCommon:ZLBCommon.dll
 0001:00013b6c       ZLBIniReadString           0000000140014b6c f   ZLBCommon:ZLBCommon.dll
 0001:00013b72       ZLBIniReadInt              0000000140014b72 f   ZLBCommon:ZLBCommon.dll
 0001:00013b78       ZLBIniFile                 0000000140014b78 f   ZLBCommon:ZLBCommon.dll
 0001:00013b7e       ZLBGetCurrentPath          0000000140014b7e f   ZLBCommon:ZLBCommon.dll
 0001:00013b84       ??3@YAXPEAX@Z              0000000140014b84 f   mfc100d:mfc100d.dll
 0001:00013b8a       ?GetThisMessageMap@CWinApp@@KAPEBUAFX_MSGMAP@@XZ 0000000140014b8a f   mfc100d:mfc100d.dll
 0001:00013b90       ??0CWinApp@@QEAA@PEBD@Z    0000000140014b90 f   mfc100d:mfc100d.dll
 0001:00013b96       ?GetRuntimeClass@CWinApp@@UEBAPEAUCRuntimeClass@@XZ 0000000140014b96 f   mfc100d:mfc100d.dll
 0001:00013b9c       ?Serialize@CObject@@UEAAXAEAVCArchive@@@Z 0000000140014b9c f   mfc100d:mfc100d.dll
 0001:00013ba2       ?AssertValid@CWinApp@@UEBAXXZ 0000000140014ba2 f   mfc100d:mfc100d.dll
 0001:00013ba8       ?Dump@CWinApp@@UEBAXAEAVCDumpContext@@@Z 0000000140014ba8 f   mfc100d:mfc100d.dll
 0001:00013bae       ?OnCmdMsg@CCmdTarget@@UEAAHIHPEAXPEAUAFX_CMDHANDLERINFO@@@Z 0000000140014bae f   mfc100d:mfc100d.dll
 0001:00013bb4       ?OnFinalRelease@CCmdTarget@@UEAAXXZ 0000000140014bb4 f   mfc100d:mfc100d.dll
 0001:00013bba       ?IsInvokeAllowed@CCmdTarget@@UEAAHJ@Z 0000000140014bba f   mfc100d:mfc100d.dll
 0001:00013bc0       ?GetDispatchIID@CCmdTarget@@UEAAHPEAU_GUID@@@Z 0000000140014bc0 f   mfc100d:mfc100d.dll
 0001:00013bc6       ?GetTypeInfoCount@CCmdTarget@@UEAAIXZ 0000000140014bc6 f   mfc100d:mfc100d.dll
 0001:00013bcc       ?GetTypeLibCache@CCmdTarget@@UEAAPEAVCTypeLibCache@@XZ 0000000140014bcc f   mfc100d:mfc100d.dll
 0001:00013bd2       ?GetTypeLib@CCmdTarget@@UEAAJKPEAPEAUITypeLib@@@Z 0000000140014bd2 f   mfc100d:mfc100d.dll
 0001:00013bd8       ?GetCommandMap@CCmdTarget@@MEBAPEBUAFX_OLECMDMAP@@XZ 0000000140014bd8 f   mfc100d:mfc100d.dll
 0001:00013bde       ?GetDispatchMap@CCmdTarget@@MEBAPEBUAFX_DISPMAP@@XZ 0000000140014bde f   mfc100d:mfc100d.dll
 0001:00013be4       ?GetConnectionMap@CCmdTarget@@MEBAPEBUAFX_CONNECTIONMAP@@XZ 0000000140014be4 f   mfc100d:mfc100d.dll
 0001:00013bea       ?GetInterfaceMap@CCmdTarget@@MEBAPEBUAFX_INTERFACEMAP@@XZ 0000000140014bea f   mfc100d:mfc100d.dll
 0001:00013bf0       ?GetEventSinkMap@CCmdTarget@@MEBAPEBUAFX_EVENTSINKMAP@@XZ 0000000140014bf0 f   mfc100d:mfc100d.dll
 0001:00013bf6       ?OnCreateAggregates@CCmdTarget@@UEAAHXZ 0000000140014bf6 f   mfc100d:mfc100d.dll
 0001:00013bfc       ?GetInterfaceHook@CCmdTarget@@UEAAPEAUIUnknown@@PEBX@Z 0000000140014bfc f   mfc100d:mfc100d.dll
 0001:00013c02       ?GetExtraConnectionPoints@CCmdTarget@@MEAAHPEAVCPtrArray@@@Z 0000000140014c02 f   mfc100d:mfc100d.dll
 0001:00013c08       ?GetConnectionHook@CCmdTarget@@MEAAPEAUIConnectionPoint@@AEBU_GUID@@@Z 0000000140014c08 f   mfc100d:mfc100d.dll
 0001:00013c0e       ?Run@CWinApp@@UEAAHXZ      0000000140014c0e f   mfc100d:mfc100d.dll
 0001:00013c14       ?PreTranslateMessage@CWinThread@@UEAAHPEAUtagMSG@@@Z 0000000140014c14 f   mfc100d:mfc100d.dll
 0001:00013c1a       ?PumpMessage@CWinThread@@UEAAHXZ 0000000140014c1a f   mfc100d:mfc100d.dll
 0001:00013c20       ?OnIdle@CWinApp@@UEAAHJ@Z  0000000140014c20 f   mfc100d:mfc100d.dll
 0001:00013c26       ?IsIdleMessage@CWinThread@@UEAAHPEAUtagMSG@@@Z 0000000140014c26 f   mfc100d:mfc100d.dll
 0001:00013c2c       ?ExitInstance@CWinApp@@UEAAHXZ 0000000140014c2c f   mfc100d:mfc100d.dll
 0001:00013c32       ?ProcessWndProcException@CWinApp@@UEAA_JPEAVCException@@PEBUtagMSG@@@Z 0000000140014c32 f   mfc100d:mfc100d.dll
 0001:00013c38       ?ProcessMessageFilter@CWinThread@@UEAAHHPEAUtagMSG@@@Z 0000000140014c38 f   mfc100d:mfc100d.dll
 0001:00013c3e       ?GetMainWnd@CWinThread@@UEAAPEAVCWnd@@XZ 0000000140014c3e f   mfc100d:mfc100d.dll
 0001:00013c44       ?Delete@CWinThread@@UEAAXXZ 0000000140014c44 f   mfc100d:mfc100d.dll
 0001:00013c4a       ?GetProfileIntA@CWinApp@@UEAAIPEBD0H@Z 0000000140014c4a f   mfc100d:mfc100d.dll
 0001:00013c50       ?WriteProfileInt@CWinApp@@UEAAHPEBD0H@Z 0000000140014c50 f   mfc100d:mfc100d.dll
 0001:00013c56       ?GetProfileStringA@CWinApp@@UEAA?AV?$CStringT@DV?$StrTraitMFC_DLL@DV?$ChTraitsCRT@D@ATL@@@@@ATL@@PEBD00@Z 0000000140014c56 f   mfc100d:mfc100d.dll
 0001:00013c5c       ?WriteProfileStringA@CWinApp@@UEAAHPEBD00@Z 0000000140014c5c f   mfc100d:mfc100d.dll
 0001:00013c62       ?GetProfileBinary@CWinApp@@UEAAHPEBD0PEAPEAEPEAI@Z 0000000140014c62 f   mfc100d:mfc100d.dll
 0001:00013c68       ?WriteProfileBinary@CWinApp@@UEAAHPEBD0PEAEI@Z 0000000140014c68 f   mfc100d:mfc100d.dll
 0001:00013c6e       ?InitLibId@CWinApp@@UEAAXXZ 0000000140014c6e f   mfc100d:mfc100d.dll
 0001:00013c74       ?Register@CWinApp@@UEAAHXZ 0000000140014c74 f   mfc100d:mfc100d.dll
 0001:00013c7a       ?Unregister@CWinApp@@UEAAHXZ 0000000140014c7a f   mfc100d:mfc100d.dll
 0001:00013c80       ?OpenDocumentFile@CWinApp@@UEAAPEAVCDocument@@PEBDH@Z 0000000140014c80 f   mfc100d:mfc100d.dll
 0001:00013c86       ?OpenDocumentFile@CWinApp@@UEAAPEAVCDocument@@PEBD@Z 0000000140014c86 f   mfc100d:mfc100d.dll
 0001:00013c8c       ?AddToRecentFileList@CWinApp@@UEAAXPEBD@Z 0000000140014c8c f   mfc100d:mfc100d.dll
 0001:00013c92       ?InitApplication@CWinApp@@UEAAHXZ 0000000140014c92 f   mfc100d:mfc100d.dll
 0001:00013c98       ?SaveAllModified@CWinApp@@UEAAHXZ 0000000140014c98 f   mfc100d:mfc100d.dll
 0001:00013c9e       ?DoMessageBox@CWinApp@@UEAAHPEBDII@Z 0000000140014c9e f   mfc100d:mfc100d.dll
 0001:00013ca4       ?DoWaitCursor@CWinApp@@UEAAXH@Z 0000000140014ca4 f   mfc100d:mfc100d.dll
 0001:00013caa       ?OnDDECommand@CWinApp@@UEAAHPEAD@Z 0000000140014caa f   mfc100d:mfc100d.dll
 0001:00013cb0       ?WinHelpA@CWinApp@@UEAAX_KI@Z 0000000140014cb0 f   mfc100d:mfc100d.dll
 0001:00013cb6       ?HtmlHelpA@CWinApp@@UEAAX_KI@Z 0000000140014cb6 f   mfc100d:mfc100d.dll
 0001:00013cbc       ?WinHelpInternal@CWinApp@@UEAAX_KI@Z 0000000140014cbc f   mfc100d:mfc100d.dll
 0001:00013cc2       ?RegisterWithRestartManager@CWinApp@@UEAAJPEB_WKP6AKPEAX@Z1KK@Z 0000000140014cc2 f   mfc100d:mfc100d.dll
 0001:00013cc8       ?RegisterWithRestartManager@CWinApp@@UEAAJHAEBV?$CStringT@DV?$StrTraitMFC_DLL@DV?$ChTraitsCRT@D@ATL@@@@@ATL@@@Z 0000000140014cc8 f   mfc100d:mfc100d.dll
 0001:00013cce       ?ApplicationRecoveryCallback@CWinApp@@UEAAKPEAX@Z 0000000140014cce f   mfc100d:mfc100d.dll
 0001:00013cd4       ?GetDataRecoveryHandler@CWinApp@@UEAAPEAVCDataRecoveryHandler@@XZ 0000000140014cd4 f   mfc100d:mfc100d.dll
 0001:00013cda       ?IsTaskbarInteractionEnabled@CWinApp@@UEAAHXZ 0000000140014cda f   mfc100d:mfc100d.dll
 0001:00013ce0       ?RestartInstance@CWinApp@@UEAAHXZ 0000000140014ce0 f   mfc100d:mfc100d.dll
 0001:00013ce6       ?LoadAppLangResourceDLL@CWinApp@@UEAAPEAUHINSTANCE__@@XZ 0000000140014ce6 f   mfc100d:mfc100d.dll
 0001:00013cec       ?LoadSysPolicies@CWinApp@@UEAAHXZ 0000000140014cec f   mfc100d:mfc100d.dll
 0001:00013cf2       ??3CObject@@SAXPEAX@Z      0000000140014cf2 f   mfc100d:mfc100d.dll
 0001:00013cf8       ??1CWinApp@@UEAA@XZ        0000000140014cf8 f   mfc100d:mfc100d.dll
 0001:00013cfe       ?DoModal@CDialog@@UEAA_JXZ 0000000140014cfe f   mfc100d:mfc100d.dll
 0001:00013d04       ?AfxEnableControlContainer@@YAXPEAVCOccManager@@@Z 0000000140014d04 f   mfc100d:mfc100d.dll
 0001:00013d0a       ??1CDialog@@UEAA@XZ        0000000140014d0a f   mfc100d:mfc100d.dll
 0001:00013d10       ??1CStatic@@UEAA@XZ        0000000140014d10 f   mfc100d:mfc100d.dll
 0001:00013d16       ??1CEdit@@UEAA@XZ          0000000140014d16 f   mfc100d:mfc100d.dll
 0001:00013d1c       ??1CButton@@UEAA@XZ        0000000140014d1c f   mfc100d:mfc100d.dll
 0001:00013d22       ??1CComboBox@@UEAA@XZ      0000000140014d22 f   mfc100d:mfc100d.dll
 0001:00013d28       ??1?$CStringT@DV?$StrTraitMFC_DLL@DV?$ChTraitsCRT@D@ATL@@@@@ATL@@QEAA@XZ 0000000140014d28 f   mfc100d:mfc100d.dll
 0001:00013d2e       ??0CDialog@@QEAA@IPEAVCWnd@@@Z 0000000140014d2e f   mfc100d:mfc100d.dll
 0001:00013d34       ?GetRuntimeClass@CDialog@@UEBAPEAUCRuntimeClass@@XZ 0000000140014d34 f   mfc100d:mfc100d.dll
 0001:00013d3a       ?AssertValid@CDialog@@UEBAXXZ 0000000140014d3a f   mfc100d:mfc100d.dll
 0001:00013d40       ?Dump@CDialog@@UEBAXAEAVCDumpContext@@@Z 0000000140014d40 f   mfc100d:mfc100d.dll
 0001:00013d46       ?OnCmdMsg@CDialog@@UEAAHIHPEAXPEAUAFX_CMDHANDLERINFO@@@Z 0000000140014d46 f   mfc100d:mfc100d.dll
 0001:00013d4c       ?OnFinalRelease@CWnd@@UEAAXXZ 0000000140014d4c f   mfc100d:mfc100d.dll
 0001:00013d52       ?GetInterfaceMap@CWnd@@MEBAPEBUAFX_INTERFACEMAP@@XZ 0000000140014d52 f   mfc100d:mfc100d.dll
 0001:00013d58       ?PreSubclassWindow@CWnd@@UEAAXXZ 0000000140014d58 f   mfc100d:mfc100d.dll
 0001:00013d5e       ?Create@CWnd@@UEAAHPEBD0KAEBUtagRECT@@PEAV1@IPEAUCCreateContext@@@Z 0000000140014d5e f   mfc100d:mfc100d.dll
 0001:00013d64       ?CreateEx@CWnd@@UEAAHKPEBD0KAEBUtagRECT@@PEAV1@IPEAX@Z 0000000140014d64 f   mfc100d:mfc100d.dll
 0001:00013d6a       ?CreateEx@CWnd@@UEAAHKPEBD0KHHHHPEAUHWND__@@PEAUHMENU__@@PEAX@Z 0000000140014d6a f   mfc100d:mfc100d.dll
 0001:00013d70       ?DestroyWindow@CWnd@@UEAAHXZ 0000000140014d70 f   mfc100d:mfc100d.dll
 0001:00013d76       ?PreCreateWindow@CWnd@@UEAAHAEAUtagCREATESTRUCTA@@@Z 0000000140014d76 f   mfc100d:mfc100d.dll
 0001:00013d7c       ?CalcWindowRect@CWnd@@UEAAXPEAUtagRECT@@I@Z 0000000140014d7c f   mfc100d:mfc100d.dll
 0001:00013d82       ?GetMenu@CWnd@@UEBAPEAVCMenu@@XZ 0000000140014d82 f   mfc100d:mfc100d.dll
 0001:00013d88       ?SetMenu@CWnd@@UEAAHPEAVCMenu@@@Z 0000000140014d88 f   mfc100d:mfc100d.dll
 0001:00013d8e       ?OnToolHitTest@CWnd@@UEBA_JVCPoint@@PEAUtagTOOLINFOA@@@Z 0000000140014d8e f   mfc100d:mfc100d.dll
 0001:00013d94       ?GetScrollBarCtrl@CWnd@@UEBAPEAVCScrollBar@@H@Z 0000000140014d94 f   mfc100d:mfc100d.dll
 0001:00013d9a       ?WinHelpA@CWnd@@UEAAX_KI@Z 0000000140014d9a f   mfc100d:mfc100d.dll
 0001:00013da0       ?HtmlHelpA@CWnd@@UEAAX_KI@Z 0000000140014da0 f   mfc100d:mfc100d.dll
 0001:00013da6       ?WinHelpInternal@CWnd@@UEAAX_KI@Z 0000000140014da6 f   mfc100d:mfc100d.dll
 0001:00013dac       ?ContinueModal@CWnd@@UEAAHXZ 0000000140014dac f   mfc100d:mfc100d.dll
 0001:00013db2       ?EndModalLoop@CWnd@@UEAAXH@Z 0000000140014db2 f   mfc100d:mfc100d.dll
 0001:00013db8       ?OnDrawIconicThumbnailOrLivePreview@CWnd@@UEAAXAEAVCDC@@VCRect@@VCSize@@HAEAH@Z 0000000140014db8 f   mfc100d:mfc100d.dll
 0001:00013dbe       ?EnsureStdObj@CWnd@@UEAAJXZ 0000000140014dbe f   mfc100d:mfc100d.dll
 0001:00013dc4       ?get_accParent@CWnd@@UEAAJPEAPEAUIDispatch@@@Z 0000000140014dc4 f   mfc100d:mfc100d.dll
 0001:00013dca       ?get_accChildCount@CWnd@@UEAAJPEAJ@Z 0000000140014dca f   mfc100d:mfc100d.dll
 0001:00013dd0       ?get_accChild@CWnd@@UEAAJUtagVARIANT@@PEAPEAUIDispatch@@@Z 0000000140014dd0 f   mfc100d:mfc100d.dll
 0001:00013dd6       ?get_accName@CWnd@@UEAAJUtagVARIANT@@PEAPEA_W@Z 0000000140014dd6 f   mfc100d:mfc100d.dll
 0001:00013ddc       ?get_accValue@CWnd@@UEAAJUtagVARIANT@@PEAPEA_W@Z 0000000140014ddc f   mfc100d:mfc100d.dll
 0001:00013de2       ?get_accDescription@CWnd@@UEAAJUtagVARIANT@@PEAPEA_W@Z 0000000140014de2 f   mfc100d:mfc100d.dll
 0001:00013de8       ?get_accRole@CWnd@@UEAAJUtagVARIANT@@PEAU2@@Z 0000000140014de8 f   mfc100d:mfc100d.dll
 0001:00013dee       ?get_accState@CWnd@@UEAAJUtagVARIANT@@PEAU2@@Z 0000000140014dee f   mfc100d:mfc100d.dll
 0001:00013df4       ?get_accHelp@CWnd@@UEAAJUtagVARIANT@@PEAPEA_W@Z 0000000140014df4 f   mfc100d:mfc100d.dll
 0001:00013dfa       ?get_accHelpTopic@CWnd@@UEAAJPEAPEA_WUtagVARIANT@@PEAJ@Z 0000000140014dfa f   mfc100d:mfc100d.dll
 0001:00013e00       ?get_accKeyboardShortcut@CWnd@@UEAAJUtagVARIANT@@PEAPEA_W@Z 0000000140014e00 f   mfc100d:mfc100d.dll
 0001:00013e06       ?get_accFocus@CWnd@@UEAAJPEAUtagVARIANT@@@Z 0000000140014e06 f   mfc100d:mfc100d.dll
 0001:00013e0c       ?get_accSelection@CWnd@@UEAAJPEAUtagVARIANT@@@Z 0000000140014e0c f   mfc100d:mfc100d.dll
 0001:00013e12       ?get_accDefaultAction@CWnd@@UEAAJUtagVARIANT@@PEAPEA_W@Z 0000000140014e12 f   mfc100d:mfc100d.dll
 0001:00013e18       ?accSelect@CWnd@@UEAAJJUtagVARIANT@@@Z 0000000140014e18 f   mfc100d:mfc100d.dll
 0001:00013e1e       ?accLocation@CWnd@@UEAAJPEAJ000UtagVARIANT@@@Z 0000000140014e1e f   mfc100d:mfc100d.dll
 0001:00013e24       ?accNavigate@CWnd@@UEAAJJUtagVARIANT@@PEAU2@@Z 0000000140014e24 f   mfc100d:mfc100d.dll
 0001:00013e2a       ?accHitTest@CWnd@@UEAAJJJPEAUtagVARIANT@@@Z 0000000140014e2a f   mfc100d:mfc100d.dll
 0001:00013e30       ?accDoDefaultAction@CWnd@@UEAAJUtagVARIANT@@@Z 0000000140014e30 f   mfc100d:mfc100d.dll
 0001:00013e36       ?put_accName@CWnd@@UEAAJUtagVARIANT@@PEA_W@Z 0000000140014e36 f   mfc100d:mfc100d.dll
 0001:00013e3c       ?put_accValue@CWnd@@UEAAJUtagVARIANT@@PEA_W@Z 0000000140014e3c f   mfc100d:mfc100d.dll
 0001:00013e42       ?SetProxy@CWnd@@UEAAJPEAUIAccessibleProxy@@@Z 0000000140014e42 f   mfc100d:mfc100d.dll
 0001:00013e48       ?CreateAccessibleProxy@CWnd@@UEAAJ_K_JPEA_J@Z 0000000140014e48 f   mfc100d:mfc100d.dll
 0001:00013e4e       ?OnCommand@CWnd@@MEAAH_K_J@Z 0000000140014e4e f   mfc100d:mfc100d.dll
 0001:00013e54       ?OnNotify@CWnd@@MEAAH_K_JPEA_J@Z 0000000140014e54 f   mfc100d:mfc100d.dll
 0001:00013e5a       ?GetSuperWndProcAddr@CWnd@@MEAAPEAP6A_JPEAUHWND__@@I_K_J@ZXZ 0000000140014e5a f   mfc100d:mfc100d.dll
 0001:00013e60       ?BeginModalState@CWnd@@UEAAXXZ 0000000140014e60 f   mfc100d:mfc100d.dll
 0001:00013e66       ?EndModalState@CWnd@@UEAAXXZ 0000000140014e66 f   mfc100d:mfc100d.dll
 0001:00013e6c       ?PreTranslateMessage@CDialog@@UEAAHPEAUtagMSG@@@Z 0000000140014e6c f   mfc100d:mfc100d.dll
 0001:00013e72       ?OnAmbientProperty@CWnd@@UEAAHPEAVCOleControlSite@@JPEAUtagVARIANT@@@Z 0000000140014e72 f   mfc100d:mfc100d.dll
 0001:00013e78       ?WindowProc@CWnd@@MEAA_JI_K_J@Z 0000000140014e78 f   mfc100d:mfc100d.dll
[...]
 0005:00004260       __imp_?get_accChildCount@CWnd@@UEAAJPEAJ@Z 0000000174567260     mfc100d:mfc100d.dll
 0005:00004268       __imp_?get_accParent@CWnd@@UEAAJPEAPEAUIDispatch@@@Z 0000000174567268     mfc100d:mfc100d.dll
 0005:00004270       __imp_?EnsureStdObj@CWnd@@UEAAJXZ 0000000174567270     mfc100d:mfc100d.dll
 0005:00004278       __imp_?OnDrawIconicThumbnailOrLivePreview@CWnd@@UEAAXAEAVCDC@@VCRect@@VCSize@@HAEAH@Z 0000000174567278     mfc100d:mfc100d.dll
 0005:00004280       __imp_?EndModalLoop@CWnd@@UEAAXH@Z 0000000174567280     mfc100d:mfc100d.dll
 0005:00004288       __imp_?ContinueModal@CWnd@@UEAAHXZ 0000000174567288     mfc100d:mfc100d.dll
 0005:00004290       __imp_?WinHelpInternal@CWnd@@UEAAX_KI@Z 0000000174567290     mfc100d:mfc100d.dll
 0005:00004298       __imp_?HtmlHelpA@CWnd@@UEAAX_KI@Z 0000000174567298     mfc100d:mfc100d.dll
 0005:000042a0       __imp_?WinHelpA@CWnd@@UEAAX_KI@Z 00000001745672a0     mfc100d:mfc100d.dll
 0005:000042a8       __imp_?GetScrollBarCtrl@CWnd@@UEBAPEAVCScrollBar@@H@Z 00000001745672a8     mfc100d:mfc100d.dll
 0005:000042b0       __imp_?OnToolHitTest@CWnd@@UEBA_JVCPoint@@PEAUtagTOOLINFOA@@@Z 00000001745672b0     mfc100d:mfc100d.dll
 0005:000042b8       __imp_?SetMenu@CWnd@@UEAAHPEAVCMenu@@@Z 00000001745672b8     mfc100d:mfc100d.dll
 0005:000042c0       __imp_?GetMenu@CWnd@@UEBAPEAVCMenu@@XZ 00000001745672c0     mfc100d:mfc100d.dll
 0005:000042c8       __imp_?CalcWindowRect@CWnd@@UEAAXPEAUtagRECT@@I@Z 00000001745672c8     mfc100d:mfc100d.dll
 0005:000042d0       __imp_?PreCreateWindow@CWnd@@UEAAHAEAUtagCREATESTRUCTA@@@Z 00000001745672d0     mfc100d:mfc100d.dll
 0005:000042d8       __imp_?DestroyWindow@CWnd@@UEAAHXZ 00000001745672d8     mfc100d:mfc100d.dll
 0005:000042e0       __imp_?CreateEx@CWnd@@UEAAHKPEBD0KHHHHPEAUHWND__@@PEAUHMENU__@@PEAX@Z 00000001745672e0     mfc100d:mfc100d.dll
 0005:000042e8       __imp_?CreateEx@CWnd@@UEAAHKPEBD0KAEBUtagRECT@@PEAV1@IPEAX@Z 00000001745672e8     mfc100d:mfc100d.dll
 0005:000042f0       __imp_?Create@CWnd@@UEAAHPEBD0KAEBUtagRECT@@PEAV1@IPEAUCCreateContext@@@Z 00000001745672f0     mfc100d:mfc100d.dll
 0005:000042f8       __imp_?PreSubclassWindow@CWnd@@UEAAXXZ 00000001745672f8     mfc100d:mfc100d.dll
 0005:00004300       __imp_?GetInterfaceMap@CWnd@@MEBAPEBUAFX_INTERFACEMAP@@XZ 0000000174567300     mfc100d:mfc100d.dll
 0005:00004308       __imp_?OnFinalRelease@CWnd@@UEAAXXZ 0000000174567308     mfc100d:mfc100d.dll
 0005:00004310       __imp_?OnCmdMsg@CDialog@@UEAAHIHPEAXPEAUAFX_CMDHANDLERINFO@@@Z 0000000174567310     mfc100d:mfc100d.dll
 0005:00004318       __imp_?Dump@CDialog@@UEBAXAEAVCDumpContext@@@Z 0000000174567318     mfc100d:mfc100d.dll
 0005:00004320       __imp_?AssertValid@CDialog@@UEBAXXZ 0000000174567320     mfc100d:mfc100d.dll
 0005:00004328       __imp_?GetRuntimeClass@CDialog@@UEBAPEAUCRuntimeClass@@XZ 0000000174567328     mfc100d:mfc100d.dll
 0005:00004330       __imp_??0CDialog@@QEAA@IPEAVCWnd@@@Z 0000000174567330     mfc100d:mfc100d.dll
 0005:00004338       __imp_??1?$CStringT@DV?$StrTraitMFC_DLL@DV?$ChTraitsCRT@D@ATL@@@@@ATL@@QEAA@XZ 0000000174567338     mfc100d:mfc100d.dll
 0005:00004340       __imp_??1CComboBox@@UEAA@XZ 0000000174567340     mfc100d:mfc100d.dll
 0005:00004348       __imp_??1CButton@@UEAA@XZ  0000000174567348     mfc100d:mfc100d.dll
 0005:00004350       __imp_??1CEdit@@UEAA@XZ    0000000174567350     mfc100d:mfc100d.dll
 0005:00004358       __imp_??1CStatic@@UEAA@XZ  0000000174567358     mfc100d:mfc100d.dll
 0005:00004360       __imp_??1CDialog@@UEAA@XZ  0000000174567360     mfc100d:mfc100d.dll
 0005:00004368       __imp_?AfxEnableControlContainer@@YAXPEAVCOccManager@@@Z 0000000174567368     mfc100d:mfc100d.dll
 0005:00004370       __imp_?DoModal@CDialog@@UEAA_JXZ 0000000174567370     mfc100d:mfc100d.dll
 0005:00004378       __imp_??1CWinApp@@UEAA@XZ  0000000174567378     mfc100d:mfc100d.dll
 0005:00004380       __imp_??3CObject@@SAXPEAX@Z 0000000174567380     mfc100d:mfc100d.dll
 0005:00004388       __imp_?LoadSysPolicies@CWinApp@@UEAAHXZ 0000000174567388     mfc100d:mfc100d.dll
 0005:00004390       __imp_?LoadAppLangResourceDLL@CWinApp@@UEAAPEAUHINSTANCE__@@XZ 0000000174567390     mfc100d:mfc100d.dll
 0005:00004398       __imp_?RestartInstance@CWinApp@@UEAAHXZ 0000000174567398     mfc100d:mfc100d.dll
 0005:000043a0       __imp_?IsTaskbarInteractionEnabled@CWinApp@@UEAAHXZ 00000001745673a0     mfc100d:mfc100d.dll
 0005:000043a8       __imp_?GetDataRecoveryHandler@CWinApp@@UEAAPEAVCDataRecoveryHandler@@XZ 00000001745673a8     mfc100d:mfc100d.dll
 0005:000043b0       __imp_?ApplicationRecoveryCallback@CWinApp@@UEAAKPEAX@Z 00000001745673b0     mfc100d:mfc100d.dll
 0005:000043b8       __imp_?RegisterWithRestartManager@CWinApp@@UEAAJHAEBV?$CStringT@DV?$StrTraitMFC_DLL@DV?$ChTraitsCRT@D@ATL@@@@@ATL@@@Z 00000001745673b8     mfc100d:mfc100d.dll
 0005:000043c0       __imp_?RegisterWithRestartManager@CWinApp@@UEAAJPEB_WKP6AKPEAX@Z1KK@Z 00000001745673c0     mfc100d:mfc100d.dll
 0005:000043c8       __imp_?WinHelpInternal@CWinApp@@UEAAX_KI@Z 00000001745673c8     mfc100d:mfc100d.dll
 0005:000043d0       __imp_?HtmlHelpA@CWinApp@@UEAAX_KI@Z 00000001745673d0     mfc100d:mfc100d.dll
 0005:000043d8       __imp_?WinHelpA@CWinApp@@UEAAX_KI@Z 00000001745673d8     mfc100d:mfc100d.dll
 0005:000043e0       __imp_?OnDDECommand@CWinApp@@UEAAHPEAD@Z 00000001745673e0     mfc100d:mfc100d.dll
 0005:000043e8       __imp_?DoWaitCursor@CWinApp@@UEAAXH@Z 00000001745673e8     mfc100d:mfc100d.dll
 0005:000043f0       __imp_?DoMessageBox@CWinApp@@UEAAHPEBDII@Z 00000001745673f0     mfc100d:mfc100d.dll
 0005:000043f8       __imp_?SaveAllModified@CWinApp@@UEAAHXZ 00000001745673f8     mfc100d:mfc100d.dll
 0005:00004400       __imp_?InitApplication@CWinApp@@UEAAHXZ 0000000174567400     mfc100d:mfc100d.dll
 0005:00004408       __imp_?AddToRecentFileList@CWinApp@@UEAAXPEBD@Z 0000000174567408     mfc100d:mfc100d.dll
 0005:00004410       __imp_?OpenDocumentFile@CWinApp@@UEAAPEAVCDocument@@PEBD@Z 0000000174567410     mfc100d:mfc100d.dll
 0005:00004418       __imp_?OpenDocumentFile@CWinApp@@UEAAPEAVCDocument@@PEBDH@Z 0000000174567418     mfc100d:mfc100d.dll
 0005:00004420       __imp_?Unregister@CWinApp@@UEAAHXZ 0000000174567420     mfc100d:mfc100d.dll
 0005:00004428       __imp_?Register@CWinApp@@UEAAHXZ 0000000174567428     mfc100d:mfc100d.dll
 0005:00004430       __imp_?InitLibId@CWinApp@@UEAAXXZ 0000000174567430     mfc100d:mfc100d.dll
 0005:00004438       __imp_?WriteProfileBinary@CWinApp@@UEAAHPEBD0PEAEI@Z 0000000174567438     mfc100d:mfc100d.dll
 0005:00004440       __imp_?GetProfileBinary@CWinApp@@UEAAHPEBD0PEAPEAEPEAI@Z 0000000174567440     mfc100d:mfc100d.dll
 0005:00004448       __imp_?WriteProfileStringA@CWinApp@@UEAAHPEBD00@Z 0000000174567448     mfc100d:mfc100d.dll
 0005:00004450       __imp_?GetProfileStringA@CWinApp@@UEAA?AV?$CStringT@DV?$StrTraitMFC_DLL@DV?$ChTraitsCRT@D@ATL@@@@@ATL@@PEBD00@Z 0000000174567450     mfc100d:mfc100d.dll
 0005:00004458       __imp_?WriteProfileInt@CWinApp@@UEAAHPEBD0H@Z 0000000174567458     mfc100d:mfc100d.dll
 0005:00004460       __imp_??B?$CSimpleStringT@D$00@ATL@@QEBAPEBDXZ 0000000174567460     mfc100d:mfc100d.dll
 0005:00004468       __imp_?Open@CFile@@UEAAHPEBDIPEAVCFileException@@@Z 0000000174567468     mfc100d:mfc100d.dll
 0005:00004470       __imp_?Write@CFile@@UEAAXPEBXI@Z 0000000174567470     mfc100d:mfc100d.dll
 0005:00004478       __imp_?Close@CFile@@UEAAXXZ 0000000174567478     mfc100d:mfc100d.dll
 0005:00004480       __imp_??1CFile@@UEAA@XZ    0000000174567480     mfc100d:mfc100d.dll
 0005:00004488       __imp_??2@YAPEAX_KPEBDH@Z  0000000174567488     mfc100d:mfc100d.dll
 0005:00004490       __imp_??0CMenu@@QEAA@XZ    0000000174567490     mfc100d:mfc100d.dll
 0005:00004498       __imp_?LoadMenuA@CMenu@@QEAAHI@Z 0000000174567498     mfc100d:mfc100d.dll
 0005:000044a0       __imp_?GetSubMenu@CMenu@@QEBAPEAV1@H@Z 00000001745674a0     mfc100d:mfc100d.dll
 0005:000044a8       __imp_?SetForegroundWindow@CWnd@@QEAAHXZ 00000001745674a8     mfc100d:mfc100d.dll
 0005:000044b0       __imp_?TrackPopupMenu@CMenu@@QEAAHIHHPEAVCWnd@@PEBUtagRECT@@@Z 00000001745674b0     mfc100d:mfc100d.dll
 0005:000044b8       __imp_?PostMessageA@CWnd@@QEAAHI_K_J@Z 00000001745674b8     mfc100d:mfc100d.dll
 0005:000044c0       __imp_?DestroyMenu@CMenu@@QEAAHXZ 00000001745674c0     mfc100d:mfc100d.dll
 0005:000044c8       __imp_??1CMenu@@UEAA@XZ    00000001745674c8     mfc100d:mfc100d.dll
 0005:000044d0       __imp_?DDX_Control@@YAXPEAVCDataExchange@@HAEAVCWnd@@@Z 00000001745674d0     mfc100d:mfc100d.dll
 0005:000044d8       __imp_??0CStatic@@QEAA@XZ  00000001745674d8     mfc100d:mfc100d.dll
 0005:000044e0       __imp_?GetProfileIntA@CWinApp@@UEAAIPEBD0H@Z 00000001745674e0     mfc100d:mfc100d.dll
 0005:000044e8       __imp_?Delete@CWinThread@@UEAAXXZ 00000001745674e8     mfc100d:mfc100d.dll
 0005:000044f0       __imp_?GetMainWnd@CWinThread@@UEAAPEAVCWnd@@XZ 00000001745674f0     mfc100d:mfc100d.dll
 0005:000044f8       __imp_?ProcessMessageFilter@CWinThread@@UEAAHHPEAUtagMSG@@@Z 00000001745674f8     mfc100d:mfc100d.dll
 0005:00004500       __imp_?ProcessWndProcException@CWinApp@@UEAA_JPEAVCException@@PEBUtagMSG@@@Z 0000000174567500     mfc100d:mfc100d.dll
 0005:00004508       __imp_?ExitInstance@CWinApp@@UEAAHXZ 0000000174567508     mfc100d:mfc100d.dll
 0005:00004510       __imp_?IsIdleMessage@CWinThread@@UEAAHPEAUtagMSG@@@Z 0000000174567510     mfc100d:mfc100d.dll
 0005:00004518       __imp_?OnIdle@CWinApp@@UEAAHJ@Z 0000000174567518     mfc100d:mfc100d.dll
 0005:00004520       __imp_?PumpMessage@CWinThread@@UEAAHXZ 0000000174567520     mfc100d:mfc100d.dll
 0005:00004528       __imp_?PreTranslateMessage@CWinThread@@UEAAHPEAUtagMSG@@@Z 0000000174567528     mfc100d:mfc100d.dll
 0005:00004530       __imp_?Run@CWinApp@@UEAAHXZ 0000000174567530     mfc100d:mfc100d.dll
 0005:00004538       __imp_?GetConnectionHook@CCmdTarget@@MEAAPEAUIConnectionPoint@@AEBU_GUID@@@Z 0000000174567538     mfc100d:mfc100d.dll
 0005:00004540       __imp_?GetExtraConnectionPoints@CCmdTarget@@MEAAHPEAVCPtrArray@@@Z 0000000174567540     mfc100d:mfc100d.dll
 0005:00004548       __imp_?GetInterfaceHook@CCmdTarget@@UEAAPEAUIUnknown@@PEBX@Z 0000000174567548     mfc100d:mfc100d.dll
 0005:00004550       __imp_?OnCreateAggregates@CCmdTarget@@UEAAHXZ 0000000174567550     mfc100d:mfc100d.dll
 0005:00004558       __imp_?GetEventSinkMap@CCmdTarget@@MEBAPEBUAFX_EVENTSINKMAP@@XZ 0000000174567558     mfc100d:mfc100d.dll
 0005:00004560       __imp_?GetInterfaceMap@CCmdTarget@@MEBAPEBUAFX_INTERFACEMAP@@XZ 0000000174567560     mfc100d:mfc100d.dll
 0005:00004568       __imp_?GetConnectionMap@CCmdTarget@@MEBAPEBUAFX_CONNECTIONMAP@@XZ 0000000174567568     mfc100d:mfc100d.dll
 0005:00004570       __imp_?AfxWinMain@@YAHPEAUHINSTANCE__@@0PEADH@Z 0000000174567570     mfc100d:mfc100d.dll
 0005:00004578       __imp_?GetDispatchMap@CCmdTarget@@MEBAPEBUAFX_DISPMAP@@XZ 0000000174567578     mfc100d:mfc100d.dll
 0005:00004580       __imp_?GetCommandMap@CCmdTarget@@MEBAPEBUAFX_OLECMDMAP@@XZ 0000000174567580     mfc100d:mfc100d.dll
 0005:00004588       __imp_?GetTypeLib@CCmdTarget@@UEAAJKPEAPEAUITypeLib@@@Z 0000000174567588     mfc100d:mfc100d.dll
 0005:00004590       __imp_?LoadStringA@?$CStringT@DV?$StrTraitMFC_DLL@DV?$ChTraitsCRT@D@ATL@@@@@ATL@@QEAAHI@Z 0000000174567590     mfc100d:mfc100d.dll
 0005:00004598       __imp_?IsEmpty@?$CSimpleStringT@D$00@ATL@@QEBA_NXZ 0000000174567598     mfc100d:mfc100d.dll
 0005:000045a0       __imp_?AppendMenuA@CMenu@@QEAAHI_KPEBD@Z 00000001745675a0     mfc100d:mfc100d.dll
 0005:000045a8       __imp_?EnableMenuItem@CMenu@@QEAAIII@Z 00000001745675a8     mfc100d:mfc100d.dll
 0005:000045b0       __imp_?SetIcon@CWnd@@QEAAPEAUHICON__@@PEAU2@H@Z 00000001745675b0     mfc100d:mfc100d.dll
 0005:000045b8       __imp_?GetStyle@CWnd@@QEBAKXZ 00000001745675b8     mfc100d:mfc100d.dll
 0005:000045c0       __imp_?GetDlgItem@CWnd@@QEBAPEAV1@H@Z 00000001745675c0     mfc100d:mfc100d.dll
 0005:000045c8       __imp_?MoveWindow@CWnd@@QEAAXHHHHH@Z 00000001745675c8     mfc100d:mfc100d.dll
 0005:000045d0       __imp_?ShowWindow@CWnd@@QEAAHH@Z 00000001745675d0     mfc100d:mfc100d.dll
 0005:000045d8       __imp_?GetBuffer@?$CSimpleStringT@D$00@ATL@@QEAAPEADXZ 00000001745675d8     mfc100d:mfc100d.dll
 0005:000045e0       __imp_?Format@?$CStringT@DV?$StrTraitMFC_DLL@DV?$ChTraitsCRT@D@ATL@@@@@ATL@@QEAAXPEBDZZ 00000001745675e0     mfc100d:mfc100d.dll
 0005:000045e8       __imp_??4?$CStringT@DV?$StrTraitMFC_DLL@DV?$ChTraitsCRT@D@ATL@@@@@ATL@@QEAAAEAV01@AEBV01@@Z 00000001745675e8     mfc100d:mfc100d.dll
 0005:000045f0       __imp_?InvalidateRect@CWnd@@QEAAXPEBUtagRECT@@H@Z 00000001745675f0     mfc100d:mfc100d.dll
 0005:000045f8       __imp_?GetClientRect@CWnd@@QEBAXPEAUtagRECT@@@Z 00000001745675f8     mfc100d:mfc100d.dll
 0005:00004600       __imp_?AfxGetInstanceHandle@@YAPEAUHINSTANCE__@@XZ 0000000174567600     mfc100d:mfc100d.dll
 0005:00004608       __imp_?EndDialog@CDialog@@QEAAXH@Z 0000000174567608     mfc100d:mfc100d.dll
 0005:00004610       __imp_?SetTimer@CWnd@@QEAA_K_KIP6AXPEAUHWND__@@I0K@Z@Z 0000000174567610     mfc100d:mfc100d.dll
 0005:00004618       __imp_??3@YAXPEAXPEBDH@Z   0000000174567618     mfc100d:mfc100d.dll
 0005:00004620       __imp_?OnNotify@CWnd@@MEAAH_K_JPEA_J@Z 0000000174567620     mfc100d:mfc100d.dll
 0005:00004628       __imp_?Left@?$CStringT@DV?$StrTraitMFC_DLL@DV?$ChTraitsCRT@D@ATL@@@@@ATL@@QEBA?AV12@H@Z 0000000174567628     mfc100d:mfc100d.dll
 0005:00004630       __imp_??2@YAPEAX_K@Z       0000000174567630     mfc100d:mfc100d.dll
 0005:00004638       __imp_?GetTypeLibCache@CCmdTarget@@UEAAPEAVCTypeLibCache@@XZ 0000000174567638     mfc100d:mfc100d.dll
 0005:00004640       __imp_?GetTypeInfoCount@CCmdTarget@@UEAAIXZ 0000000174567640     mfc100d:mfc100d.dll
 0005:00004648       __imp_?GetDispatchIID@CCmdTarget@@UEAAHPEAU_GUID@@@Z 0000000174567648     mfc100d:mfc100d.dll
 0005:00004650       __imp_?IsInvokeAllowed@CCmdTarget@@UEAAHJ@Z 0000000174567650     mfc100d:mfc100d.dll
 0005:00004658       __imp_?OnFinalRelease@CCmdTarget@@UEAAXXZ 0000000174567658     mfc100d:mfc100d.dll
 0005:00004660       __imp_?OnCmdMsg@CCmdTarget@@UEAAHIHPEAXPEAUAFX_CMDHANDLERINFO@@@Z 0000000174567660     mfc100d:mfc100d.dll
 0005:00004668       __imp_?Dump@CWinApp@@UEBAXAEAVCDumpContext@@@Z 0000000174567668     mfc100d:mfc100d.dll
 0005:00004670       __imp_?AssertValid@CWinApp@@UEBAXXZ 0000000174567670     mfc100d:mfc100d.dll
 0005:00004678       __imp_?Serialize@CObject@@UEAAXAEAVCArchive@@@Z 0000000174567678     mfc100d:mfc100d.dll
 0005:00004680       __imp_?GetRuntimeClass@CWinApp@@UEBAPEAUCRuntimeClass@@XZ 0000000174567680     mfc100d:mfc100d.dll
 0005:00004688       __imp_??0CWinApp@@QEAA@PEBD@Z 0000000174567688     mfc100d:mfc100d.dll
 0005:00004690       __imp_?GetThisMessageMap@CWinApp@@KAPEBUAFX_MSGMAP@@XZ 0000000174567690     mfc100d:mfc100d.dll
 0005:00004698       __imp_??3@YAXPEAX@Z        0000000174567698     mfc100d:mfc100d.dll
 0005:000046a0       __imp_?FindFile@CFileFind@@UEAAHPEBDK@Z 00000001745676a0     mfc100d:mfc100d.dll
 0005:000046a8       __imp_?FindNextFileA@CFileFind@@UEAAHXZ 00000001745676a8     mfc100d:mfc100d.dll
 0005:000046b0       __imp_?IsDots@CFileFind@@UEBAHXZ 00000001745676b0     mfc100d:mfc100d.dll
 0005:000046b8       __imp_?IsDirectory@CFileFind@@QEBAHXZ 00000001745676b8     mfc100d:mfc100d.dll
 0005:000046c0       __imp_??1CFileFind@@UEAA@XZ 00000001745676c0     mfc100d:mfc100d.dll
 0005:000046c8       __imp_?AfxAssertFailedLine@@YAHPEBDH@Z 00000001745676c8     mfc100d:mfc100d.dll
 0005:000046d0       __imp_??0?$CStringT@DV?$StrTraitMFC_DLL@DV?$ChTraitsCRT@D@ATL@@@@@ATL@@QEAA@AEBV01@@Z 00000001745676d0     mfc100d:mfc100d.dll
 0005:000046d8       __imp_??Y?$CStringT@DV?$StrTraitMFC_DLL@DV?$ChTraitsCRT@D@ATL@@@@@ATL@@QEAAAEAV01@AEBV?$CSimpleStringT@D$00@1@@Z 00000001745676d8     mfc100d:mfc100d.dll
 0005:000046e0       __imp_?SetWindowTextA@CWnd@@QEAAXPEBD@Z 00000001745676e0     mfc100d:mfc100d.dll
 0005:000046e8       __imp_?accHitTest@CWnd@@UEAAJJJPEAUtagVARIANT@@@Z 00000001745676e8     mfc100d:mfc100d.dll
 0005:000046f0       __imp_?GetLength@?$CSimpleStringT@D$00@ATL@@QEBAHXZ 00000001745676f0     mfc100d:mfc100d.dll
 0005:000046f8       __imp_??0?$CStringT@DV?$StrTraitMFC_DLL@DV?$ChTraitsCRT@D@ATL@@@@@ATL@@QEAA@XZ 00000001745676f8     mfc100d:mfc100d.dll
 0005:00004700       __imp_??0CButton@@QEAA@XZ  0000000174567700     mfc100d:mfc100d.dll
 0005:00004708       __imp_??0CEdit@@QEAA@XZ    0000000174567708     mfc100d:mfc100d.dll
 0005:00004710       __imp_??0CComboBox@@QEAA@XZ 0000000174567710     mfc100d:mfc100d.dll
 0005:00004718       __imp_??0?$CStringT@DV?$StrTraitMFC_DLL@DV?$ChTraitsCRT@D@ATL@@@@@ATL@@QEAA@PEBD@Z 0000000174567718     mfc100d:mfc100d.dll
 0005:00004720       __imp_?AfxGetApp@@YAPEAVCWinApp@@XZ 0000000174567720     mfc100d:mfc100d.dll
 0005:00004728       __imp_?LoadIconA@CWinApp@@QEBAPEAUHICON__@@I@Z 0000000174567728     mfc100d:mfc100d.dll
 0005:00004730       __imp_??4?$CStringT@DV?$StrTraitMFC_DLL@DV?$ChTraitsCRT@D@ATL@@@@@ATL@@QEAAAEAV01@PEBD@Z 0000000174567730     mfc100d:mfc100d.dll
 0005:00004738       __imp_?GetThisMessageMap@CDialog@@KAPEBUAFX_MSGMAP@@XZ 0000000174567738     mfc100d:mfc100d.dll
 0005:00004740       __imp_?DoDataExchange@CWnd@@MEAAXPEAVCDataExchange@@@Z 0000000174567740     mfc100d:mfc100d.dll
 0005:00004748       __imp_?PreInitDialog@CDialog@@MEAAXXZ 0000000174567748     mfc100d:mfc100d.dll
 0005:00004750       __imp_?OnCancel@CDialog@@MEAAXXZ 0000000174567750     mfc100d:mfc100d.dll
 0005:00004758       __imp_?OnOK@CDialog@@MEAAXXZ 0000000174567758     mfc100d:mfc100d.dll
 0005:00004760       __imp_?OnSetFont@CDialog@@UEAAXPEAVCFont@@@Z 0000000174567760     mfc100d:mfc100d.dll
 0005:00004768       __imp_?OnInitDialog@CDialog@@UEAAHXZ 0000000174567768     mfc100d:mfc100d.dll
 0005:00004770       __imp_?CreateIndirect@CDialog@@UEAAHPEBUDLGTEMPLATE@@PEAVCWnd@@PEAX@Z 0000000174567770     mfc100d:mfc100d.dll
 0005:00004778       __imp_?CreateIndirect@CDialog@@UEAAHPEAXPEAVCWnd@@@Z 0000000174567778     mfc100d:mfc100d.dll
 0005:00004780       __imp_?Create@CDialog@@UEAAHPEBDPEAVCWnd@@@Z 0000000174567780     mfc100d:mfc100d.dll
 0005:00004788       __imp_?Create@CDialog@@UEAAHIPEAVCWnd@@@Z 0000000174567788     mfc100d:mfc100d.dll
 0005:00004790       __imp_?GetOccDialogInfo@CDialog@@MEAAPEAU_AFX_OCC_DIALOG_INFO@@XZ 0000000174567790     mfc100d:mfc100d.dll
 0005:00004798       __imp_?SetOccDialogInfo@CDialog@@MEAAHPEAU_AFX_OCC_DIALOG_INFO@@@Z 0000000174567798     mfc100d:mfc100d.dll
 0005:000047a0       __imp_?CreateControlSite@CWnd@@MEAAHPEAVCOleControlContainer@@PEAPEAVCOleControlSite@@IAEBU_GUID@@@Z 00000001745677a0     mfc100d:mfc100d.dll
 0005:000047a8       __imp_?CreateControlContainer@CWnd@@MEAAHPEAPEAVCOleControlContainer@@@Z 00000001745677a8     mfc100d:mfc100d.dll
 0005:000047b0       __imp_?IsFrameWnd@CWnd@@UEBAHXZ 00000001745677b0     mfc100d:mfc100d.dll
 0005:000047b8       __imp_?CheckAutoCenter@CDialog@@UEAAHXZ 00000001745677b8     mfc100d:mfc100d.dll
 0005:000047c0       __imp_?OnGesturePressAndTap@CWnd@@MEAAHVCPoint@@J@Z 00000001745677c0     mfc100d:mfc100d.dll
 0005:000047c8       __imp_?GetSuperWndProcAddr@CWnd@@MEAAPEAP6A_JPEAUHWND__@@I_K_J@ZXZ 00000001745677c8     mfc100d:mfc100d.dll
 0005:000047d0       __imp_?OnGestureTwoFingerTap@CWnd@@MEAAHVCPoint@@@Z 00000001745677d0     mfc100d:mfc100d.dll
 0005:000047d8       __imp_?get_accHelp@CWnd@@UEAAJUtagVARIANT@@PEAPEA_W@Z 00000001745677d8     mfc100d:mfc100d.dll
 0005:000047e0       __imp_?AfxGetModuleState@@YAPEAVAFX_MODULE_STATE@@XZ 00000001745677e0     mfc100d:mfc100d.dll
 0005:000047e8       \177mfc100d_NULL_THUNK_DATA 00000001745677e8     mfc100d:mfc100d.dll
 0005:00004a40       __imp_CreateStreamOnHGlobal 0000000174567a40     ole32:ole32.dll
 0005:00004a48       \177ole32_NULL_THUNK_DATA  0000000174567a48     ole32:ole32.dll

 entry point at        0001:00014a70

