 GigeCameraDemo

 Timestamp is 5a1b7944 (Mon Nov 27 10:32:36 2017)

 Preferred load address is 0000000140000000

 Start         Length     Name                   Class
 0001:00000000 00021a51H .text                   CODE
 0001:00021a60 00002c7bH .text$x                 CODE
 0001:000246e0 000018bcH .text$yc                CODE
 0001:00025fa0 000010d5H .text$yd                CODE
 0002:00000000 00000109H .CRT$XCA                DATA
 0002:00000110 00000109H .CRT$XCAA               DATA
 0002:00000220 0000011cH .CRT$XCC                DATA
 0002:00000340 00000220H .CRT$XCL                DATA
 0002:00000560 0000013fH .CRT$XCU                DATA
 0002:000006a0 00000109H .CRT$XCZ                DATA
 0002:000007b0 00000109H .CRT$XIA                DATA
 0002:000008c0 00000109H .CRT$XIAA               DATA
 0002:000009d0 00000109H .CRT$XIY                DATA
 0002:00000ae0 00000109H .CRT$XIZ                DATA
 0002:00000bf0 00009178H .rdata                  DATA
 0002:00009d68 000001a9H .rdata$debug            DATA
 0002:00009f18 00001128H .rdata$r                DATA
 0002:0000b040 00000109H .rtc$IAA                DATA
 0002:0000b150 00000109H .rtc$IZZ                DATA
 0002:0000b260 00000109H .rtc$TAA                DATA
 0002:0000b370 00000109H .rtc$TZZ                DATA
 0002:0000b480 00002b00H .xdata                  DATA
 0002:0000df80 00000164H .xdata$x                DATA
 0002:0000e0e8 00000109H ATL$__a                 DATA
 0002:0000e1f8 00000109H ATL$__z                 DATA
 0002:0000e301 00000000H .edata                  DATA
 0003:00000000 00000744H .data                   DATA
 0003:00000750 345271a0H .bss                    DATA
 0004:00000000 00001e24H .pdata                  DATA
 0005:00000000 0000012cH .idata$2                DATA
 0005:0000012c 00000014H .idata$3                DATA
 0005:00000140 00002498H .idata$4                DATA
 0005:000025d8 00002498H .idata$5                DATA
 0005:00004a70 00004a12H .idata$6                DATA
 0006:00000000 00001253H .rsrc$01                DATA
 0006:00001260 000b7f06H .rsrc$02                DATA

  Address         Publics by Value              Rva+Base               Lib:Object

 0000:00000000       ___safe_se_handler_table   0000000000000000     <absolute>
 0000:00000000       ___safe_se_handler_count   0000000000000000     <absolute>
 0000:00000000       __ImageBase                0000000140000000     <linker-defined>
 0001:000009f0       ?_AfxInitManaged@@YAHXZ    00000001400019f0 f i GigeCameraDemo.obj
 0001:00000a00       ??_H@YAXPEAX_KHP6APEAX0@Z@Z 0000000140001a00 f i GigeCameraDemo.obj
 0001:00000a70       ?GetMessageMap@CGigeCameraDemoApp@@MEBAPEBUAFX_MSGMAP@@XZ 0000000140001a70 f   GigeCameraDemo.obj
 0001:00000a90       ?GetThisMessageMap@CGigeCameraDemoApp@@KAPEBUAFX_MSGMAP@@XZ 0000000140001a90 f   GigeCameraDemo.obj
 0001:00000aa0       ??0CGigeCameraDemoApp@@QEAA@XZ 0000000140001aa0 f   GigeCameraDemo.obj
 0001:00000ae0       ?InitInstance@CGigeCameraDemoApp@@UEAAHXZ 0000000140001ae0 f   GigeCameraDemo.obj
 0001:00000bc0       ?SupportsRestartManager@CWinApp@@UEBAHXZ 0000000140001bc0 f i GigeCameraDemo.obj
 0001:00000be0       ?SupportsApplicationRecovery@CWinApp@@UEBAHXZ 0000000140001be0 f i GigeCameraDemo.obj
 0001:00000c00       ?SupportsAutosaveAtRestart@CWinApp@@UEBAHXZ 0000000140001c00 f i GigeCameraDemo.obj
 0001:00000c20       ?SupportsAutosaveAtInterval@CWinApp@@UEBAHXZ 0000000140001c20 f i GigeCameraDemo.obj
 0001:00000c40       ?ReopenPreviousFilesAtRestart@CWinApp@@UEBAHXZ 0000000140001c40 f i GigeCameraDemo.obj
 0001:00000c60       ?RestoreAutosavedFilesAtRestart@CWinApp@@UEBAHXZ 0000000140001c60 f i GigeCameraDemo.obj
 0001:00000c80       ?GetApplicationRestartFlags@CWinApp@@UEAAKXZ 0000000140001c80 f i GigeCameraDemo.obj
 0001:00000c90       ?GetApplicationRecoveryParameter@CWinApp@@UEAAPEAXXZ 0000000140001c90 f i GigeCameraDemo.obj
 0001:00000ca0       ?GetApplicationRecoveryPingInterval@CWinApp@@UEAAKXZ 0000000140001ca0 f i GigeCameraDemo.obj
 0001:00000cb0       ??_ECGigeCameraDemoApp@@UEAAPEAXI@Z 0000000140001cb0 f i GigeCameraDemo.obj
 0001:00000cb0       ??_GCGigeCameraDemoApp@@UEAAPEAXI@Z 0000000140001cb0 f i GigeCameraDemo.obj
 0001:00000d00       ??1CGigeCameraDemoApp@@UEAA@XZ 0000000140001d00 f i GigeCameraDemo.obj
 0001:00000d20       ??1CGigeCameraDemoDlg@@UEAA@XZ 0000000140001d20 f i GigeCameraDemo.obj
 0001:00001020       ??0Thank_you@Define_the_symbol__ATL_MIXED@@QEAA@XZ 0000000140002020 f i GigeCameraDemo.obj
 0001:00001040       ?one@Thank_you@Define_the_symbol__ATL_MIXED@@UEAAXXZ 0000000140002040 f i GigeCameraDemo.obj
 0001:00001050       ??0CAboutDlg@@QEAA@XZ      0000000140002050 f   GigeCameraDemoDlg.obj
 0001:00001090       ?DoDataExchange@CAboutDlg@@MEAAXPEAVCDataExchange@@@Z 0000000140002090 f   GigeCameraDemoDlg.obj
 0001:000010c0       ?GetMessageMap@CAboutDlg@@MEBAPEBUAFX_MSGMAP@@XZ 00000001400020c0 f   GigeCameraDemoDlg.obj
 0001:000010e0       ?GetThisMessageMap@CAboutDlg@@KAPEBUAFX_MSGMAP@@XZ 00000001400020e0 f   GigeCameraDemoDlg.obj
 0001:000010f0       ??0CGigeCameraDemoDlg@@QEAA@PEAVCWnd@@@Z 00000001400020f0 f   GigeCameraDemoDlg.obj
 0001:00001ac0       ?DoDataExchange@CGigeCameraDemoDlg@@MEAAXPEAVCDataExchange@@@Z 0000000140002ac0 f   GigeCameraDemoDlg.obj
 0001:00001b40       ?GetMessageMap@CGigeCameraDemoDlg@@MEBAPEBUAFX_MSGMAP@@XZ 0000000140002b40 f   GigeCameraDemoDlg.obj
 0001:00001b60       ?GetThisMessageMap@CGigeCameraDemoDlg@@KAPEBUAFX_MSGMAP@@XZ 0000000140002b60 f   GigeCameraDemoDlg.obj
 0001:00001b70       ?onShowTask@CGigeCameraDemoDlg@@IEAA_J_K_J@Z 0000000140002b70 f   GigeCameraDemoDlg.obj
 0001:00001cc0       ?PushImageToMyBuffer@@YA_NQEAUtag_BuffNode@@PEADHHHHH@Z 0000000140002cc0 f   GigeCameraDemoDlg.obj
 0001:00001ce0       ?PushImageToMyBuffer_1@@YA_NQEAUtag_BuffNode@@PEADHHHHH@Z 0000000140002ce0 f   GigeCameraDemoDlg.obj
 0001:00001ec0       ?PushImageToMyBuffer_2@@YA_NQEAUtag_BuffNode@@PEADHHHHH@Z 0000000140002ec0 f   GigeCameraDemoDlg.obj
 0001:000020a0       ?CreateFile2@@YAHV?$CStringT@DV?$StrTraitMFC_DLL@DV?$ChTraitsCRT@D@ATL@@@@@ATL@@0H@Z 00000001400030a0 f   GigeCameraDemoDlg.obj
 0001:000021a0       ?SaveImageData@@YAKPEAX@Z  00000001400031a0 f   GigeCameraDemoDlg.obj
 0001:000021d0       ?SaveImageData_1@@YAKPEAX@Z 00000001400031d0 f   GigeCameraDemoDlg.obj
 0001:000024e0       ?SaveImageData_2@@YAKPEAX@Z 00000001400034e0 f   GigeCameraDemoDlg.obj
 0001:000027f0       ?XferCallback_1@CGigeCameraDemoDlg@@SAXPEAVSapXferCallbackInfo@@@Z 00000001400037f0 f   GigeCameraDemoDlg.obj
 0001:00002b00       ?XferCallback_2@CGigeCameraDemoDlg@@SAXPEAVSapXferCallbackInfo@@@Z 0000000140003b00 f   GigeCameraDemoDlg.obj
 0001:00002f30       ?PixelChanged@CGigeCameraDemoDlg@@UEAAXHH@Z 0000000140003f30 f   GigeCameraDemoDlg.obj
 0001:000030f0       ?GetPathUseSpace@@YA_KPEBD@Z 00000001400040f0 f   GigeCameraDemoDlg.obj
 0001:00003190       ?GetDirFileCount@@YA_KV?$CStringT@DV?$StrTraitMFC_DLL@DV?$ChTraitsCRT@D@ATL@@@@@ATL@@@Z 0000000140004190 f   GigeCameraDemoDlg.obj
 0001:00003290       ?ReadFreeSpace@@YANV?$CStringT@DV?$StrTraitMFC_DLL@DV?$ChTraitsCRT@D@ATL@@@@@ATL@@@Z 0000000140004290 f   GigeCameraDemoDlg.obj
 0001:000033e0       ?OnReceiveData@CGigeCameraDemoDlg@@IEAA_J_K_J@Z 00000001400043e0 f   GigeCameraDemoDlg.obj
 0001:00003630       ?us_Delay@@YAXK@Z          0000000140004630 f   GigeCameraDemoDlg.obj
 0001:000036c0       ?CheckMessageQueue@@YAHXZ  00000001400046c0 f   GigeCameraDemoDlg.obj
 0001:00003720       ?delay_time@@YAXK@Z        0000000140004720 f   GigeCameraDemoDlg.obj
 0001:000037c0       ?OnInitDialog@CGigeCameraDemoDlg@@MEAAHXZ 00000001400047c0 f   GigeCameraDemoDlg.obj
 0001:00004d00       ?IsUserAdmin@CGigeCameraDemoDlg@@QEAAHXZ 0000000140005d00 f   GigeCameraDemoDlg.obj
 0001:00004d50       ?CreateObjects_1@CGigeCameraDemoDlg@@QEAAHXZ 0000000140005d50 f   GigeCameraDemoDlg.obj
 0001:00004fd0       ?CreateObjects_2@CGigeCameraDemoDlg@@QEAAHXZ 0000000140005fd0 f   GigeCameraDemoDlg.obj
 0001:00005250       ?DestroyObjects_1@CGigeCameraDemoDlg@@QEAAHXZ 0000000140006250 f   GigeCameraDemoDlg.obj
 0001:00005380       ?DestroyObjects_2@CGigeCameraDemoDlg@@QEAAHXZ 0000000140006380 f   GigeCameraDemoDlg.obj
 0001:000054b0       ?OnSysCommand@CGigeCameraDemoDlg@@IEAAXI_J@Z 00000001400064b0 f   GigeCameraDemoDlg.obj
 0001:00005530       ?OnPaint@CGigeCameraDemoDlg@@IEAAXXZ 0000000140006530 f   GigeCameraDemoDlg.obj
 0001:000056b0       ?OnDestroy@CGigeCameraDemoDlg@@IEAAXXZ 00000001400066b0 f   GigeCameraDemoDlg.obj
 0001:00005b80       ?OnSize@CGigeCameraDemoDlg@@IEAAXIHH@Z 0000000140006b80 f   GigeCameraDemoDlg.obj
 0001:00005eb0       ?OnQueryDragIcon@CGigeCameraDemoDlg@@IEAAPEAUHICON__@@XZ 0000000140006eb0 f   GigeCameraDemoDlg.obj
 0001:00005ed0       ?OnEndSession@CGigeCameraDemoDlg@@IEAAXH@Z 0000000140006ed0 f   GigeCameraDemoDlg.obj
 0001:00005f10       ?OnQueryEndSession@CGigeCameraDemoDlg@@IEAAHXZ 0000000140006f10 f   GigeCameraDemoDlg.obj
 0001:00005f40       ?UpdateMenu@CGigeCameraDemoDlg@@QEAAXXZ 0000000140006f40 f   GigeCameraDemoDlg.obj
 0001:000060a0       ?DoEvents@@YA_NXZ          00000001400070a0 f   GigeCameraDemoDlg.obj
 0001:00006130       ?OnTest@CGigeCameraDemoDlg@@IEAAXXZ 0000000140007130 f   GigeCameraDemoDlg.obj
 0001:00006210       ?ReadParamFromIniFile@CGigeCameraDemoDlg@@QEAA_NXZ 0000000140007210 f   GigeCameraDemoDlg.obj
 0001:00006800       ?WriteParamFileIniFile@CGigeCameraDemoDlg@@QEAA_NXZ 0000000140007800 f   GigeCameraDemoDlg.obj
 0001:00006890       ?OnMainitemShow@CGigeCameraDemoDlg@@QEAAXXZ 0000000140007890 f   GigeCameraDemoDlg.obj
 0001:000068f0       ?OnMainitemHide@CGigeCameraDemoDlg@@QEAAXXZ 00000001400078f0 f   GigeCameraDemoDlg.obj
 0001:00006910       ?OnMainitemExit@CGigeCameraDemoDlg@@QEAAXXZ 0000000140007910 f   GigeCameraDemoDlg.obj
 0001:00006940       ?FitToWindow@CGigeCameraDemoDlg@@QEAAXPEAVSapView@@@Z 0000000140007940 f   GigeCameraDemoDlg.obj
 0001:00006bc0       ?OnGrab@CGigeCameraDemoDlg@@IEAAXXZ 0000000140007bc0 f   GigeCameraDemoDlg.obj
 0001:00006ed0       ?OnFreeze@CGigeCameraDemoDlg@@IEAAXXZ 0000000140007ed0 f   GigeCameraDemoDlg.obj
 0001:00007160       ?OnNcPaint@CGigeCameraDemoDlg@@QEAAXXZ 0000000140008160 f   GigeCameraDemoDlg.obj
 0001:00007180       ?OnTimer@CGigeCameraDemoDlg@@QEAAX_K@Z 0000000140008180 f   GigeCameraDemoDlg.obj
 0001:00007900       ?OnMainitemTest@CGigeCameraDemoDlg@@QEAAXXZ 0000000140008900 f   GigeCameraDemoDlg.obj
 0001:00007920       ?OnBnClickedReturn@CGigeCameraDemoDlg@@QEAAXXZ 0000000140008920 f   GigeCameraDemoDlg.obj
 0001:00007a60       ?ImageFrom_IDResource@CGigeCameraDemoDlg@@QEAAXIPEBDPEAVCImage@ATL@@@Z 0000000140008a60 f   GigeCameraDemoDlg.obj
 0001:00007b60       ?RefreshUI@CGigeCameraDemoDlg@@QEAAXXZ 0000000140008b60 f   GigeCameraDemoDlg.obj
 0001:000089c0       ?OnLButtonDown@CGigeCameraDemoDlg@@QEAAXIVCPoint@@@Z 00000001400099c0 f   GigeCameraDemoDlg.obj
 0001:00009550       ?OnEraseBkgnd@CGigeCameraDemoDlg@@QEAAHPEAVCDC@@@Z 000000014000a550 f   GigeCameraDemoDlg.obj
 0001:000095a0       ?WritePosInfo@CGigeCameraDemoDlg@@QEAAXH@Z 000000014000a5a0 f   GigeCameraDemoDlg.obj
 0001:00009840       ?SetUI@CGigeCameraDemoDlg@@QEAAXXZ 000000014000a840 f   GigeCameraDemoDlg.obj
 0001:00009e60       ?OnCreate@CGigeCameraDemoDlg@@QEAAHPEAUtagCREATESTRUCTA@@@Z 000000014000ae60 f   GigeCameraDemoDlg.obj
 0001:0000c2b0       ??_GCAboutDlg@@UEAAPEAXI@Z 000000014000d2b0 f i GigeCameraDemoDlg.obj
 0001:0000c2b0       ??_ECAboutDlg@@UEAAPEAXI@Z 000000014000d2b0 f i GigeCameraDemoDlg.obj
 0001:0000c300       ??1CAboutDlg@@UEAA@XZ      000000014000d300 f i GigeCameraDemoDlg.obj
 0001:0000c320       ??_ECGigeCameraDemoDlg@@UEAAPEAXI@Z 000000014000d320 f i GigeCameraDemoDlg.obj
 0001:0000c320       ??_GCGigeCameraDemoDlg@@UEAAPEAXI@Z 000000014000d320 f i GigeCameraDemoDlg.obj
 0001:0000c370       ??_ESapAcqDeviceToBuf@@UEAAPEAXI@Z 000000014000d370 f i GigeCameraDemoDlg.obj
 0001:0000c370       ??_GSapAcqDeviceToBuf@@UEAAPEAXI@Z 000000014000d370 f i GigeCameraDemoDlg.obj
 0001:0000c3c0       ??_GSapAcqDevice@@UEAAPEAXI@Z 000000014000d3c0 f i GigeCameraDemoDlg.obj
 0001:0000c3c0       ??_ESapAcqDevice@@UEAAPEAXI@Z 000000014000d3c0 f i GigeCameraDemoDlg.obj
 0001:0000c410       ??_ESapBufferWithTrash@@UEAAPEAXI@Z 000000014000d410 f i GigeCameraDemoDlg.obj
 0001:0000c410       ??_GSapBufferWithTrash@@UEAAPEAXI@Z 000000014000d410 f i GigeCameraDemoDlg.obj
 0001:0000c460       ??_ESapView@@UEAAPEAXI@Z   000000014000d460 f i GigeCameraDemoDlg.obj
 0001:0000c460       ??_GSapView@@UEAAPEAXI@Z   000000014000d460 f i GigeCameraDemoDlg.obj
 0001:0000c4b0       ?floor@@YAMM@Z             000000014000d4b0 f i GigeCameraDemoDlg.obj
 0001:0000c4e0       ?Load@CImage@ATL@@QEAAJPEAUIStream@@@Z 000000014000d4e0 f i GigeCameraDemoDlg.obj
 0001:0000c580       ?GetLastStatus@Image@Gdiplus@@QEBA?AW4Status@2@XZ 000000014000d580 f i GigeCameraDemoDlg.obj
 0001:0000c5c0       ??1Bitmap@Gdiplus@@UEAA@XZ 000000014000d5c0 f i GigeCameraDemoDlg.obj
 0001:0000c5e0       ??1Image@Gdiplus@@UEAA@XZ  000000014000d5e0 f i GigeCameraDemoDlg.obj
 0001:0000c620       ??_EImage@Gdiplus@@UEAAPEAXI@Z 000000014000d620 f i GigeCameraDemoDlg.obj
 0001:0000c620       ??_GImage@Gdiplus@@UEAAPEAXI@Z 000000014000d620 f i GigeCameraDemoDlg.obj
 0001:0000c670       ??3GdiplusBase@Gdiplus@@SAXPEAX@Z 000000014000d670 f i GigeCameraDemoDlg.obj
 0001:0000c690       ?Clone@Image@Gdiplus@@UEAAPEAV12@XZ 000000014000d690 f i GigeCameraDemoDlg.obj
 0001:0000c740       ??2GdiplusBase@Gdiplus@@SAPEAX_K@Z 000000014000d740 f i GigeCameraDemoDlg.obj
 0001:0000c760       ?SetStatus@Image@Gdiplus@@IEBA?AW4Status@2@W432@@Z 000000014000d760 f i GigeCameraDemoDlg.obj
 0001:0000c7a0       ??0Image@Gdiplus@@IEAA@PEAVGpImage@1@W4Status@1@@Z 000000014000d7a0 f i GigeCameraDemoDlg.obj
 0001:0000c800       ?SetNativeImage@Image@Gdiplus@@IEAAXPEAVGpImage@2@@Z 000000014000d800 f i GigeCameraDemoDlg.obj
 0001:0000c820       ??0Bitmap@Gdiplus@@QEAA@PEAUIStream@@H@Z 000000014000d820 f i GigeCameraDemoDlg.obj
 0001:0000c8e0       ??0Image@Gdiplus@@IEAA@XZ  000000014000d8e0 f i GigeCameraDemoDlg.obj
 0001:0000c900       ??_GBitmap@Gdiplus@@UEAAPEAXI@Z 000000014000d900 f i GigeCameraDemoDlg.obj
 0001:0000c900       ??_EBitmap@Gdiplus@@UEAAPEAXI@Z 000000014000d900 f i GigeCameraDemoDlg.obj
 0001:0000c950       ?CreateFromGdiplusBitmap@CImage@ATL@@AEAAJAEAVBitmap@Gdiplus@@@Z 000000014000d950 f i GigeCameraDemoDlg.obj
 0001:0000d050       ?_AtlVerifyStackAvailable@_ATL_SAFE_ALLOCA_IMPL@ATL@@YA_N_K@Z 000000014000e050 f i GigeCameraDemoDlg.obj
 0001:0000d160       ?memcpy_s@Checked@ATL@@YAXPEAX_KPEBX1@Z 000000014000e160 f i GigeCameraDemoDlg.obj
 0001:0000d1b0       ?AfxCrtErrorCheck@@YAHH@Z  000000014000e1b0 f i GigeCameraDemoDlg.obj
 0001:0000d220       ??0Rect@Gdiplus@@QEAA@HHHH@Z 000000014000e220 f i GigeCameraDemoDlg.obj
 0001:0000d280       ?GetPixelFormatSize@Gdiplus@@YAIH@Z 000000014000e280 f i GigeCameraDemoDlg.obj
 0001:0000d2a0       ?IsIndexedPixelFormat@Gdiplus@@YAHH@Z 000000014000e2a0 f i GigeCameraDemoDlg.obj
 0001:0000d2e0       ?IsAlphaPixelFormat@Gdiplus@@YAHH@Z 000000014000e2e0 f i GigeCameraDemoDlg.obj
 0001:0000d320       ??0Graphics@Gdiplus@@QEAA@PEAVImage@1@@Z 000000014000e320 f i GigeCameraDemoDlg.obj
 0001:0000d390       ??1Graphics@Gdiplus@@QEAA@XZ 000000014000e390 f i GigeCameraDemoDlg.obj
 0001:0000d3c0       ?DrawImage@Graphics@Gdiplus@@QEAA?AW4Status@2@PEAVImage@2@HH@Z 000000014000e3c0 f i GigeCameraDemoDlg.obj
 0001:0000d440       ?SetNativeGraphics@Graphics@Gdiplus@@IEAAXPEAVGpGraphics@2@@Z 000000014000e440 f i GigeCameraDemoDlg.obj
 0001:0000d460       ?SetStatus@Graphics@Gdiplus@@IEBA?AW4Status@2@W432@@Z 000000014000e460 f i GigeCameraDemoDlg.obj
 0001:0000d4a0       ?GetWidth@Image@Gdiplus@@QEAAIXZ 000000014000e4a0 f i GigeCameraDemoDlg.obj
 0001:0000d4f0       ?GetHeight@Image@Gdiplus@@QEAAIXZ 000000014000e4f0 f i GigeCameraDemoDlg.obj
 0001:0000d540       ?GetPixelFormat@Image@Gdiplus@@QEAAHXZ 000000014000e540 f i GigeCameraDemoDlg.obj
 0001:0000d580       ?GetPaletteSize@Image@Gdiplus@@QEAAHXZ 000000014000e580 f i GigeCameraDemoDlg.obj
 0001:0000d5d0       ?GetPalette@Image@Gdiplus@@QEAA?AW4Status@2@PEAUColorPalette@2@H@Z 000000014000e5d0 f i GigeCameraDemoDlg.obj
 0001:0000d620       ??0Bitmap@Gdiplus@@QEAA@HHHHPEAE@Z 000000014000e620 f i GigeCameraDemoDlg.obj
 0001:0000d6e0       ?LockBits@Bitmap@Gdiplus@@QEAA?AW4Status@2@PEBVRect@2@IHPEAVBitmapData@2@@Z 000000014000e6e0 f i GigeCameraDemoDlg.obj
 0001:0000d750       ?UnlockBits@Bitmap@Gdiplus@@QEAA?AW4Status@2@PEAVBitmapData@2@@Z 000000014000e750 f i GigeCameraDemoDlg.obj
 0001:0000d790       ?Create@CImage@ATL@@QEAAHHHHK@Z 000000014000e790 f i GigeCameraDemoDlg.obj
 0001:0000d7f0       ?CreateEx@CImage@ATL@@QEAAHHHHKPEBKK@Z 000000014000e7f0 f i GigeCameraDemoDlg.obj
 0001:0000db90       ?Attach@CImage@ATL@@QEAAXPEAUHBITMAP__@@W4DIBOrientation@12@@Z 000000014000eb90 f i GigeCameraDemoDlg.obj
 0001:0000dc70       ?GetBits@CImage@ATL@@QEAAPEAXXZ 000000014000ec70 f i GigeCameraDemoDlg.obj
 0001:0000dd40       ?GetHeight@CImage@ATL@@QEBAHXZ 000000014000ed40 f i GigeCameraDemoDlg.obj
 0001:0000ddc0       ?GetPitch@CImage@ATL@@QEBAHXZ 000000014000edc0 f i GigeCameraDemoDlg.obj
 0001:0000de90       ?GetWidth@CImage@ATL@@QEBAHXZ 000000014000ee90 f i GigeCameraDemoDlg.obj
 0001:0000df10       ?IsDIBSection@CImage@ATL@@QEBA_NXZ 000000014000ef10 f i GigeCameraDemoDlg.obj
 0001:0000df30       ?SetColorTable@CImage@ATL@@QEAAXIIPEBUtagRGBQUAD@@@Z 000000014000ef30 f i GigeCameraDemoDlg.obj
 0001:0000e090       ?GetDC@CImage@ATL@@QEBAPEAUHDC__@@XZ 000000014000f090 f i GigeCameraDemoDlg.obj
 0001:0000e170       ?GetDC@CDCCache@CImage@ATL@@QEAAPEAUHDC__@@XZ 000000014000f170 f i GigeCameraDemoDlg.obj
 0001:0000e1f0       ?IsIndexed@CImage@ATL@@QEBA_NXZ 000000014000f1f0 f i GigeCameraDemoDlg.obj
 0001:0000e2e0       ?ReleaseDC@CImage@ATL@@QEBAXXZ 000000014000f2e0 f i GigeCameraDemoDlg.obj
 0001:0000e410       ?ReleaseDC@CDCCache@CImage@ATL@@QEAAXPEAUHDC__@@@Z 000000014000f410 f i GigeCameraDemoDlg.obj
 0001:0000e4b0       ?UpdateBitmapInfo@CImage@ATL@@AEAAXW4DIBOrientation@12@@Z 000000014000f4b0 f i GigeCameraDemoDlg.obj
 0001:0000e760       ?abs@@YAJJ@Z               000000014000f760 f i GigeCameraDemoDlg.obj
 0001:0000e780       ?ComputePitch@CImage@ATL@@CAHHH@Z 000000014000f780 f i GigeCameraDemoDlg.obj
 0001:0000e7b0       ?InitGDIPlus@CImage@ATL@@CA_NXZ 000000014000f7b0 f i GigeCameraDemoDlg.obj
 0001:0000e7e0       ?Init@CInitGDIPlus@CImage@ATL@@QEAA_NXZ 000000014000f7e0 f i GigeCameraDemoDlg.obj
 0001:0000e890       ??0GdiplusStartupInput@Gdiplus@@QEAA@P6AXW4DebugEventLevel@1@PEAD@ZHH@Z 000000014000f890 f i GigeCameraDemoDlg.obj
 0001:0000e8f0       ??0CImage@ATL@@QEAA@XZ     000000014000f8f0 f i GigeCameraDemoDlg.obj
 0001:0000e9f0       ?IncreaseCImageCount@CInitGDIPlus@CImage@ATL@@QEAAXXZ 000000014000f9f0 f i GigeCameraDemoDlg.obj
 0001:0000ea50       ??_GCImage@ATL@@UEAAPEAXI@Z 000000014000fa50 f i GigeCameraDemoDlg.obj
 0001:0000ea50       ??_ECImage@ATL@@UEAAPEAXI@Z 000000014000fa50 f i GigeCameraDemoDlg.obj
 0001:0000eaa0       ??1CImage@ATL@@UEAA@XZ     000000014000faa0 f i GigeCameraDemoDlg.obj
 0001:0000eae0       ?DecreaseCImageCount@CInitGDIPlus@CImage@ATL@@QEAAXXZ 000000014000fae0 f i GigeCameraDemoDlg.obj
 0001:0000eb60       ?ReleaseGDIPlus@CInitGDIPlus@CImage@ATL@@QEAAXXZ 000000014000fb60 f i GigeCameraDemoDlg.obj
 0001:0000ebd0       ?Destroy@CImage@ATL@@QEAAXXZ 000000014000fbd0 f i GigeCameraDemoDlg.obj
 0001:0000ec20       ?Detach@CImage@ATL@@QEAAPEAUHBITMAP__@@XZ 000000014000fc20 f i GigeCameraDemoDlg.obj
 0001:0000ed90       ?Draw@CImage@ATL@@QEBAHPEAUHDC__@@AEBUtagRECT@@@Z 000000014000fd90 f i GigeCameraDemoDlg.obj
 0001:0000ee40       ?Draw@CImage@ATL@@QEBAHPEAUHDC__@@HHHHHHHH@Z 000000014000fe40 f i GigeCameraDemoDlg.obj
 0001:0000f2f0       ?IsTransparencySupported@CImage@ATL@@SAHXZ 00000001400102f0 f i GigeCameraDemoDlg.obj
 0001:0000f300       ?GetTransparentRGB@CImage@ATL@@AEBAKXZ 0000000140010300 f i GigeCameraDemoDlg.obj
 0001:0000f440       ??0?$CAtlSafeAllocBufferManager@VCCRTAllocator@ATL@@@_ATL_SAFE_ALLOCA_IMPL@ATL@@QEAA@XZ 0000000140010440 f i GigeCameraDemoDlg.obj
 0001:0000f460       ?Allocate@?$CAtlSafeAllocBufferManager@VCCRTAllocator@ATL@@@_ATL_SAFE_ALLOCA_IMPL@ATL@@QEAAPEAX_K@Z 0000000140010460 f i GigeCameraDemoDlg.obj
 0001:0000f4e0       ?Allocate@CCRTAllocator@ATL@@SAPEAX_K@Z 00000001400104e0 f i GigeCameraDemoDlg.obj
 0001:0000f500       ??1?$CAtlSafeAllocBufferManager@VCCRTAllocator@ATL@@@_ATL_SAFE_ALLOCA_IMPL@ATL@@QEAA@XZ 0000000140010500 f i GigeCameraDemoDlg.obj
 0001:0000f560       ?Free@CCRTAllocator@ATL@@SAXPEAX@Z 0000000140010560 f i GigeCameraDemoDlg.obj
 0001:0000f580       ??HATL@@YA?AV?$CStringT@DV?$StrTraitMFC_DLL@DV?$ChTraitsCRT@D@ATL@@@@@0@AEBV10@PEBD@Z 0000000140010580 f i GigeCameraDemoDlg.obj
 0001:0000f670       ??HATL@@YA?AV?$CStringT@DV?$StrTraitMFC_DLL@DV?$ChTraitsCRT@D@ATL@@@@@0@PEBDAEBV10@@Z 0000000140010670 f i GigeCameraDemoDlg.obj
 0001:0000f770       ?GetData@CAtlSafeAllocBufferNode@?$CAtlSafeAllocBufferManager@VCCRTAllocator@ATL@@@_ATL_SAFE_ALLOCA_IMPL@ATL@@QEAAPEAXXZ 0000000140010770 f i GigeCameraDemoDlg.obj
 0001:0000f790       ??$AtlAdd@_K@ATL@@YAJPEA_K_K1@Z 0000000140010790 f i GigeCameraDemoDlg.obj
 0001:0000f800       HRESULT_FROM_WIN32         0000000140010800 f i GigeCameraDemoDlg.obj
 0001:0000f850       ??$AtlAlignUp@I@ATL@@YAIIK@Z 0000000140010850 f i GigeCameraDemoDlg.obj
 0001:0000f880       ??$sprintf_s@$0EAA@@@YAHAEAY0EAA@DPEBDZZ 0000000140010880 f i GigeCameraDemoDlg.obj
 0001:0000f8e0       ??$sprintf_s@$09@@YAHAEAY09DPEBDZZ 00000001400108e0 f i GigeCameraDemoDlg.obj
 0001:0000f940       ??$strcpy_s@$0IA@@@YAHAEAY0IA@DPEBD@Z 0000000140010940 f i GigeCameraDemoDlg.obj
 0001:0000f980       ??$sprintf_s@$0CAA@@@YAHAEAY0CAA@DPEBDZZ 0000000140010980 f i GigeCameraDemoDlg.obj
 0001:0000f9e0       ??$AtlAddThrow@_K@ATL@@YA_K_K0@Z 00000001400109e0 f i GigeCameraDemoDlg.obj
 0001:0000fa30       ?AtlThrowImpl@ATL@@YAXJ@Z  0000000140010a30 f i GigeCameraDemoDlg.obj
 0001:0000fac0       ??0CTraceFileAndLineInfo@ATL@@QEAA@PEBDH@Z 0000000140010ac0 f i GigeCameraDemoDlg.obj
 0001:0000fb00       ??RCTraceFileAndLineInfo@ATL@@QEBAX_KIPEBDZZ 0000000140010b00 f i GigeCameraDemoDlg.obj
 0001:0000fb90       ?TraceV@CTrace@ATL@@QEBAXPEBDH_KI0PEAD@Z 0000000140010b90 f i GigeCameraDemoDlg.obj
 0001:0000fc00       ??BCTraceCategory@ATL@@QEBA_KXZ 0000000140010c00 f i GigeCameraDemoDlg.obj
 0001:0000fc20       ?_GetBaseClass@CInputDialog@@KAPEAUCRuntimeClass@@XZ 0000000140010c20 f   InputDialog.obj
 0001:0000fc40       ?GetThisClass@CInputDialog@@SAPEAUCRuntimeClass@@XZ 0000000140010c40 f   InputDialog.obj
 0001:0000fc50       ?GetRuntimeClass@CInputDialog@@UEBAPEAUCRuntimeClass@@XZ 0000000140010c50 f   InputDialog.obj
 0001:0000fc70       ??0CInputDialog@@QEAA@PEAVCWnd@@@Z 0000000140010c70 f   InputDialog.obj
 0001:0000fcc0       ??1CInputDialog@@UEAA@XZ   0000000140010cc0 f   InputDialog.obj
 0001:0000fcf0       ?DoDataExchange@CInputDialog@@MEAAXPEAVCDataExchange@@@Z 0000000140010cf0 f   InputDialog.obj
 0001:0000fd40       ?GetMessageMap@CInputDialog@@MEBAPEBUAFX_MSGMAP@@XZ 0000000140010d40 f   InputDialog.obj
 0001:0000fd60       ?GetThisMessageMap@CInputDialog@@KAPEBUAFX_MSGMAP@@XZ 0000000140010d60 f   InputDialog.obj
 0001:0000fd70       ?OnBnClickedOk@CInputDialog@@QEAAXXZ 0000000140010d70 f   InputDialog.obj
 0001:0000fe00       ??_GCInputDialog@@UEAAPEAXI@Z 0000000140010e00 f i InputDialog.obj
 0001:0000fe00       ??_ECInputDialog@@UEAAPEAXI@Z 0000000140010e00 f i InputDialog.obj
 0001:0000fe50       ?_GetBaseClass@CMessageDialog@@KAPEAUCRuntimeClass@@XZ 0000000140010e50 f   MessageDialog.obj
 0001:0000fe70       ?GetThisClass@CMessageDialog@@SAPEAUCRuntimeClass@@XZ 0000000140010e70 f   MessageDialog.obj
 0001:0000fe80       ?GetRuntimeClass@CMessageDialog@@UEBAPEAUCRuntimeClass@@XZ 0000000140010e80 f   MessageDialog.obj
 0001:0000fea0       ??0CMessageDialog@@QEAA@PEAVCWnd@@@Z 0000000140010ea0 f   MessageDialog.obj
 0001:0000ff10       ??1CMessageDialog@@UEAA@XZ 0000000140010f10 f   MessageDialog.obj
 0001:0000ff60       ?DoDataExchange@CMessageDialog@@MEAAXPEAVCDataExchange@@@Z 0000000140010f60 f   MessageDialog.obj
 0001:0000ff90       ?GetMessageMap@CMessageDialog@@MEBAPEBUAFX_MSGMAP@@XZ 0000000140010f90 f   MessageDialog.obj
 0001:0000ffb0       ?GetThisMessageMap@CMessageDialog@@KAPEBUAFX_MSGMAP@@XZ 0000000140010fb0 f   MessageDialog.obj
 0001:0000ffc0       ?Response@CMessageDialog@@QEAA_J_K_J@Z 0000000140010fc0 f   MessageDialog.obj
 0001:000100a0       ?OnCtlColor@CMessageDialog@@QEAAPEAUHBRUSH__@@PEAVCDC@@PEAVCWnd@@I@Z 00000001400110a0 f   MessageDialog.obj
 0001:00010270       ?OnEraseBkgnd@CMessageDialog@@QEAAHPEAVCDC@@@Z 0000000140011270 f   MessageDialog.obj
 0001:00010370       ?OnCreate@CMessageDialog@@QEAAHPEAUtagCREATESTRUCTA@@@Z 0000000140011370 f   MessageDialog.obj
 0001:000103f0       ?OnClose@CMessageDialog@@QEAAXXZ 00000001400113f0 f   MessageDialog.obj
 0001:00010430       ?OnPaint@CMessageDialog@@QEAAXXZ 0000000140011430 f   MessageDialog.obj
 0001:00010490       ?OnBnClickedOk@CMessageDialog@@QEAAXXZ 0000000140011490 f   MessageDialog.obj
 0001:000104b0       ?OnInitDialog@CMessageDialog@@UEAAHXZ 00000001400114b0 f   MessageDialog.obj
 0001:000104e0       ?OnTimer@CMessageDialog@@QEAAX_K@Z 00000001400114e0 f   MessageDialog.obj
 0001:00010510       ?OnLButtonUp@CMessageDialog@@QEAAXIVCPoint@@@Z 0000000140011510 f   MessageDialog.obj
 0001:00010700       ??_GCMessageDialog@@UEAAPEAXI@Z 0000000140011700 f i MessageDialog.obj
 0001:00010700       ??_ECMessageDialog@@UEAAPEAXI@Z 0000000140011700 f i MessageDialog.obj
 0001:00010750       ??0CSerialPort@@QEAA@XZ    0000000140011750 f   SerialPort.obj
 0001:000107f0       ??1CSerialPort@@UEAA@XZ    00000001400117f0 f   SerialPort.obj
 0001:00010870       ?InitPort@CSerialPort@@QEAAHPEAVCWnd@@IIDIIKI@Z 0000000140011870 f   SerialPort.obj
 0001:00010ec0       ?CommThread@CSerialPort@@KAIPEAX@Z 0000000140011ec0 f   SerialPort.obj
 0001:000111d0       ?StartMonitoring@CSerialPort@@QEAAHXZ 00000001400121d0 f   SerialPort.obj
 0001:00011260       ?RestartMonitoring@CSerialPort@@QEAAHXZ 0000000140012260 f   SerialPort.obj
 0001:000112b0       ?StopMonitoring@CSerialPort@@QEAAHXZ 00000001400122b0 f   SerialPort.obj
 0001:00011300       ?ProcessErrorMessage@CSerialPort@@IEAAXPEAD@Z 0000000140012300 f   SerialPort.obj
 0001:000113d0       ?WriteChar@CSerialPort@@KAXPEAV1@H@Z 00000001400123d0 f   SerialPort.obj
 0001:00011600       ?ReceiveChar@CSerialPort@@KAXPEAV1@U_COMSTAT@@@Z 0000000140012600 f   SerialPort.obj
 0001:000117d0       ?WriteToPort@CSerialPort@@QEAAXPEAD@Z 00000001400127d0 f   SerialPort.obj
 0001:00011850       ?WriteToPort@CSerialPort@@QEAAXPEADH@Z 0000000140012850 f   SerialPort.obj
 0001:00011910       ?GetDCB@CSerialPort@@QEAA?AU_DCB@@XZ 0000000140012910 f   SerialPort.obj
 0001:00011960       ?GetCommEvents@CSerialPort@@QEAAKXZ 0000000140012960 f   SerialPort.obj
 0001:00011980       ?GetWriteBufferSize@CSerialPort@@QEAAKXZ 0000000140012980 f   SerialPort.obj
 0001:000119a0       ?GetPortNO@CSerialPort@@QEAAHXZ 00000001400129a0 f   SerialPort.obj
 0001:00011e50       ??_GCSerialPort@@UEAAPEAXI@Z 0000000140012e50 f i SerialPort.obj
 0001:00011e50       ??_ECSerialPort@@UEAAPEAXI@Z 0000000140012e50 f i SerialPort.obj
 0001:00011ea0       ??RCTraceFileAndLineInfo@ATL@@QEBAXPEBDZZ 0000000140012ea0 f i SerialPort.obj
 0001:00011f40       ?_GetBaseClass@CSplashWnd@@KAPEAUCRuntimeClass@@XZ 0000000140012f40 f   SplashWnd.obj
 0001:00011f60       ?GetThisClass@CSplashWnd@@SAPEAUCRuntimeClass@@XZ 0000000140012f60 f   SplashWnd.obj
 0001:00011f70       ?GetRuntimeClass@CSplashWnd@@UEBAPEAUCRuntimeClass@@XZ 0000000140012f70 f   SplashWnd.obj
 0001:00011f90       ??0CSplashWnd@@QEAA@XZ     0000000140012f90 f   SplashWnd.obj
 0001:000120a0       ??1CSplashWnd@@UEAA@XZ     00000001400130a0 f   SplashWnd.obj
 0001:00012150       ?GetMessageMap@CSplashWnd@@MEBAPEBUAFX_MSGMAP@@XZ 0000000140013150 f   SplashWnd.obj
 0001:00012170       ?GetThisMessageMap@CSplashWnd@@KAPEBUAFX_MSGMAP@@XZ 0000000140013170 f   SplashWnd.obj
 0001:00012180       ?DeleteSplash@CSplashWnd@@QEAAXXZ 0000000140013180 f   SplashWnd.obj
 0001:000121a0       ?CreateSplash@CSplashWnd@@QEAAXXZ 00000001400131a0 f   SplashWnd.obj
 0001:000122a0       ?OnPaint@CSplashWnd@@IEAAXXZ 00000001400132a0 f   SplashWnd.obj
 0001:000124a0       ?ImageFrom_IDResource@CSplashWnd@@QEAAXIPEBDPEAVCImage@ATL@@@Z 00000001400134a0 f   SplashWnd.obj
 0001:000125a0       ?SetInfo@CSplashWnd@@QEAAXV?$CStringT@DV?$StrTraitMFC_DLL@DV?$ChTraitsCRT@D@ATL@@@@@ATL@@@Z 00000001400135a0 f   SplashWnd.obj
 0001:000125f0       ?On_Timer@@YAKPEAX@Z       00000001400135f0 f   SplashWnd.obj
 0001:00012f00       ?OnNcDestroy@CSplashWnd@@QEAAXXZ 0000000140013f00 f   SplashWnd.obj
 0001:00013320       ??_ECSplashWnd@@UEAAPEAXI@Z 0000000140014320 f i SplashWnd.obj
 0001:00013320       ??_GCSplashWnd@@UEAAPEAXI@Z 0000000140014320 f i SplashWnd.obj
 0001:00013364       ??1SapAcquisition@@UEAA@XZ 0000000140014364 f   SapClassBasic:SapClassBasic83.dll
 0001:0001336a       ??0SapAcquisition@@QEAA@VSapLocation@@@Z 000000014001436a f   SapClassBasic:SapClassBasic83.dll
 0001:00013370       ??0SapLocation@@QEAA@HH@Z  0000000140014370 f   SapClassBasic:SapClassBasic83.dll
 0001:00013376       ?GetEventCount@SapXferCallbackInfo@@QEBAHXZ 0000000140014376 f   SapClassBasic:SapClassBasic83.dll
 0001:0001337c       ?GetHeight@SapBuffer@@QEBAHXZ 000000014001437c f   SapClassBasic:SapClassBasic83.dll
 0001:00013382       ?GetWidth@SapBuffer@@QEBAHXZ 0000000140014382 f   SapClassBasic:SapClassBasic83.dll
 0001:00013388       ?GetContext@SapXferCallbackInfo@@QEBAPEAXXZ 0000000140014388 f   SapClassBasic:SapClassBasic83.dll
 0001:0001338e       ??0SapView@@QEAA@PEAVSapBuffer@@PEAUHWND__@@P6AXPEAVSapViewCallbackInfo@@@ZPEAX@Z 000000014001438e f   SapClassBasic:SapClassBasic83.dll
 0001:00013394       ??0SapAcqDeviceToBuf@@QEAA@PEAVSapAcqDevice@@PEAVSapBuffer@@P6AXPEAVSapXferCallbackInfo@@@ZPEAX@Z 0000000140014394 f   SapClassBasic:SapClassBasic83.dll
 0001:0001339a       ??0SapBufferWithTrash@@QEAA@HPEAVSapXferNode@@HVSapLocation@@@Z 000000014001439a f   SapClassBasic:SapClassBasic83.dll
 0001:000133a0       ??0SapAcqDevice@@QEAA@VSapLocation@@PEBD@Z 00000001400143a0 f   SapClassBasic:SapClassBasic83.dll
 0001:000133a6       ?GetServerSerialNumber@SapManager@@SAHHPEAD@Z 00000001400143a6 f   SapClassBasic:SapClassBasic83.dll
 0001:000133ac       ?GetResourceCount@SapManager@@SAHHH@Z 00000001400143ac f   SapClassBasic:SapClassBasic83.dll
 0001:000133b2       ?DetectAllServers@SapManager@@SAHH@Z 00000001400143b2 f   SapClassBasic:SapClassBasic83.dll
 0001:000133b8       ?GetServerCount@SapManager@@SAHXZ 00000001400143b8 f   SapClassBasic:SapClassBasic83.dll
 0001:000133be       ?Create@SapAcqDevice@@UEAAHXZ 00000001400143be f   SapClassBasic:SapClassBasic83.dll
 0001:000133c4       ?Destroy@SapAcqDevice@@UEAAHXZ 00000001400143c4 f   SapClassBasic:SapClassBasic83.dll
 0001:000133ca       ?GetXferParams@SapXferNode@@UEBA?AVSapXferParams@@H@Z 00000001400143ca f   SapClassBasic:SapClassBasic83.dll
 0001:000133d0       ?GetInputXferParams@SapXferNode@@UEBA?AVSapXferParams@@H@Z 00000001400143d0 f   SapClassBasic:SapClassBasic83.dll
 0001:000133d6       ?GetOutputXferParams@SapXferNode@@UEBA?AVSapXferParams@@H@Z 00000001400143d6 f   SapClassBasic:SapClassBasic83.dll
 0001:000133dc       ?SetSrcNode@SapXferNode@@UEAAHPEAV1@H@Z 00000001400143dc f   SapClassBasic:SapClassBasic83.dll
 0001:000133e2       ?SetXferParams@SapXferNode@@UEAAHVSapXferParams@@H@Z 00000001400143e2 f   SapClassBasic:SapClassBasic83.dll
 0001:000133e8       ?SetInputXferParams@SapXferNode@@UEAAHVSapXferParams@@H@Z 00000001400143e8 f   SapClassBasic:SapClassBasic83.dll
 0001:000133ee       ?SetOutputXferParams@SapXferNode@@UEAAHVSapXferParams@@H@Z 00000001400143ee f   SapClassBasic:SapClassBasic83.dll
 0001:000133f4       ?GetHandle@SapXferNode@@UEBAPEAU__CORHANDLE@@H@Z 00000001400143f4 f   SapClassBasic:SapClassBasic83.dll
 0001:000133fa       ?GetHandle@SapXferNode@@UEBAPEAU__CORHANDLE@@XZ 00000001400143fa f   SapClassBasic:SapClassBasic83.dll
 0001:00013400       ?GetXferParamsFromSrcNode@SapXferNode@@UEAAXXZ 0000000140014400 f   SapClassBasic:SapClassBasic83.dll
 0001:00013406       ?GetXferNodeType@SapAcqDevice@@UEAA?AW4XferNodeType@SapXferNode@@XZ 0000000140014406 f   SapClassBasic:SapClassBasic83.dll
 0001:0001340c       ?IsBuffer@SapXferNode@@UEAAHXZ 000000014001440c f   SapClassBasic:SapClassBasic83.dll
 0001:00013412       ??ASapXferNode@@UEBAPEAU__CORHANDLE@@H@Z 0000000140014412 f   SapClassBasic:SapClassBasic83.dll
 0001:00013418       ?GetCount@SapXferNode@@UEBAHXZ 0000000140014418 f   SapClassBasic:SapClassBasic83.dll
 0001:0001341e       ?GetIndex@SapXferNode@@UEBAHXZ 000000014001441e f   SapClassBasic:SapClassBasic83.dll
 0001:00013424       ?SetIndex@SapXferNode@@UEAAHH@Z 0000000140014424 f   SapClassBasic:SapClassBasic83.dll
 0001:0001342a       ?ResetIndex@SapXferNode@@UEAAXXZ 000000014001442a f   SapClassBasic:SapClassBasic83.dll
 0001:00013430       ?Next@SapXferNode@@UEAAXXZ 0000000140014430 f   SapClassBasic:SapClassBasic83.dll
 0001:00013436       ?GetTrash@SapXferNode@@UEBAPEAU__CORHANDLE@@XZ 0000000140014436 f   SapClassBasic:SapClassBasic83.dll
 0001:0001343c       ?Empty@SapXferNode@@UEAAHH@Z 000000014001443c f   SapClassBasic:SapClassBasic83.dll
 0001:00013442       ?Empty@SapXferNode@@UEAAHXZ 0000000140014442 f   SapClassBasic:SapClassBasic83.dll
 0001:00013448       ?EmptyAll@SapXferNode@@UEAAHXZ 0000000140014448 f   SapClassBasic:SapClassBasic83.dll
 0001:0001344e       ?Create@SapBufferWithTrash@@UEAAHXZ 000000014001444e f   SapClassBasic:SapClassBasic83.dll
 0001:00013454       ?Destroy@SapBufferWithTrash@@UEAAHXZ 0000000140014454 f   SapClassBasic:SapClassBasic83.dll
 0001:0001345a       ?GetHandle@SapBuffer@@UEBAPEAU__CORHANDLE@@H@Z 000000014001445a f   SapClassBasic:SapClassBasic83.dll
 0001:00013460       ?GetHandle@SapBuffer@@UEBAPEAU__CORHANDLE@@XZ 0000000140014460 f   SapClassBasic:SapClassBasic83.dll
 0001:00013466       ?GetXferNodeType@SapBuffer@@UEAA?AW4XferNodeType@SapXferNode@@XZ 0000000140014466 f   SapClassBasic:SapClassBasic83.dll
 0001:0001346c       ??ASapBuffer@@UEBAPEAU__CORHANDLE@@H@Z 000000014001446c f   SapClassBasic:SapClassBasic83.dll
 0001:00013472       ?GetCount@SapBuffer@@UEBAHXZ 0000000140014472 f   SapClassBasic:SapClassBasic83.dll
 0001:00013478       ?GetIndex@SapBuffer@@UEBAHXZ 0000000140014478 f   SapClassBasic:SapClassBasic83.dll
 0001:0001347e       ?SetIndex@SapBuffer@@UEAAHH@Z 000000014001447e f   SapClassBasic:SapClassBasic83.dll
 0001:00013484       ?ResetIndex@SapBuffer@@UEAAXXZ 0000000140014484 f   SapClassBasic:SapClassBasic83.dll
 0001:0001348a       ?Next@SapBuffer@@UEAAXXZ   000000014001448a f   SapClassBasic:SapClassBasic83.dll
 0001:00013490       ?GetTrash@SapBufferWithTrash@@UEBAPEAU__CORHANDLE@@XZ 0000000140014490 f   SapClassBasic:SapClassBasic83.dll
 0001:00013496       ?Empty@SapBuffer@@UEAAHH@Z 0000000140014496 f   SapClassBasic:SapClassBasic83.dll
 0001:0001349c       ?Empty@SapBuffer@@UEAAHXZ  000000014001449c f   SapClassBasic:SapClassBasic83.dll
 0001:000134a2       ?EmptyAll@SapBuffer@@UEAAHXZ 00000001400144a2 f   SapClassBasic:SapClassBasic83.dll
 0001:000134a8       ?SetCount@SapBuffer@@UEAAHH@Z 00000001400144a8 f   SapClassBasic:SapClassBasic83.dll
 0001:000134ae       ?SetWidth@SapBuffer@@UEAAHH@Z 00000001400144ae f   SapClassBasic:SapClassBasic83.dll
 0001:000134b4       ?SetHeight@SapBuffer@@UEAAHH@Z 00000001400144b4 f   SapClassBasic:SapClassBasic83.dll
 0001:000134ba       ?SetFormat@SapBuffer@@UEAAHH@Z 00000001400144ba f   SapClassBasic:SapClassBasic83.dll
 0001:000134c0       ?SetType@SapBuffer@@UEAAHH@Z 00000001400144c0 f   SapClassBasic:SapClassBasic83.dll
 0001:000134c6       ?SetPixelDepth@SapBuffer@@UEAAHH@Z 00000001400144c6 f   SapClassBasic:SapClassBasic83.dll
 0001:000134cc       ?SetVirtualAddress@SapBuffer@@UEAAHQEAPEAX@Z 00000001400144cc f   SapClassBasic:SapClassBasic83.dll
 0001:000134d2       ?SetPhysicalAddress@SapBuffer@@UEAAHQEA_K@Z 00000001400144d2 f   SapClassBasic:SapClassBasic83.dll
 0001:000134d8       ?SetParameters@SapBuffer@@UEAAHHQEA_KHHHH@Z 00000001400144d8 f   SapClassBasic:SapClassBasic83.dll
 0001:000134de       ?SetParameters@SapBuffer@@UEAAHHQEAPEAXHHHH@Z 00000001400144de f   SapClassBasic:SapClassBasic83.dll
 0001:000134e4       ?SetParameters@SapBuffer@@UEAAHHHHHH@Z 00000001400144e4 f   SapClassBasic:SapClassBasic83.dll
 0001:000134ea       ?SetParametersFromFile@SapBuffer@@UEAAHPEBDH@Z 00000001400144ea f   SapClassBasic:SapClassBasic83.dll
 0001:000134f0       ?SetFrameRate@SapBuffer@@UEAAXM@Z 00000001400144f0 f   SapClassBasic:SapClassBasic83.dll
 0001:000134f6       ?GetAddress@SapBuffer@@UEAAHH_K0PEAXPEAPEAX@Z 00000001400144f6 f   SapClassBasic:SapClassBasic83.dll
 0001:000134fc       ?GetAddress@SapBuffer@@UEAAHH_K0PEAPEAX@Z 00000001400144fc f   SapClassBasic:SapClassBasic83.dll
 0001:00013502       ?GetAddress@SapBuffer@@UEAAH_K0PEAXPEAPEAX@Z 0000000140014502 f   SapClassBasic:SapClassBasic83.dll
 0001:00013508       ?GetAddress@SapBuffer@@UEAAH_K0PEAPEAX@Z 0000000140014508 f   SapClassBasic:SapClassBasic83.dll
 0001:0001350e       ?GetAddress@SapBuffer@@UEAAHHPEAXPEAPEAX@Z 000000014001450e f   SapClassBasic:SapClassBasic83.dll
 0001:00013514       ?GetAddress@SapBuffer@@UEAAHHPEAPEAX@Z 0000000140014514 f   SapClassBasic:SapClassBasic83.dll
 0001:0001351a       ?GetAddress@SapBuffer@@UEAAHPEAXPEAPEAX@Z 000000014001451a f   SapClassBasic:SapClassBasic83.dll
 0001:00013520       ?GetAddress@SapBuffer@@UEAAHPEAPEAX@Z 0000000140014520 f   SapClassBasic:SapClassBasic83.dll
 0001:00013526       ?ReleaseAddress@SapBuffer@@UEAAHHPEAX@Z 0000000140014526 f   SapClassBasic:SapClassBasic83.dll
 0001:0001352c       ?ReleaseAddress@SapBuffer@@UEAAHPEAX@Z 000000014001452c f   SapClassBasic:SapClassBasic83.dll
 0001:00013532       ?IsMapped@SapBuffer@@UEAAHXZ 0000000140014532 f   SapClassBasic:SapClassBasic83.dll
 0001:00013538       ?IsMapped@SapBuffer@@UEAAHH@Z 0000000140014538 f   SapClassBasic:SapClassBasic83.dll
 0001:0001353e       ?GetCounterStamp@SapBuffer@@UEAAHHPEAH@Z 000000014001453e f   SapClassBasic:SapClassBasic83.dll
 0001:00013544       ?GetCounterStamp@SapBuffer@@UEAAHPEAH@Z 0000000140014544 f   SapClassBasic:SapClassBasic83.dll
 0001:0001354a       ?GetHostCounterStamp@SapBuffer@@UEAAHHPEA_K@Z 000000014001454a f   SapClassBasic:SapClassBasic83.dll
 0001:00013550       ?GetHostCounterStamp@SapBuffer@@UEAAHPEA_K@Z 0000000140014550 f   SapClassBasic:SapClassBasic83.dll
 0001:00013556       ?GetDeviceTimeStamp@SapBuffer@@UEAAHHPEA_K@Z 0000000140014556 f   SapClassBasic:SapClassBasic83.dll
 0001:0001355c       ?GetDeviceTimeStamp@SapBuffer@@UEAAHPEA_K@Z 000000014001455c f   SapClassBasic:SapClassBasic83.dll
 0001:00013562       ?GetSpaceUsed@SapBuffer@@UEAAHHPEAH@Z 0000000140014562 f   SapClassBasic:SapClassBasic83.dll
 0001:00013568       ?GetSpaceUsed@SapBuffer@@UEAAHPEAH@Z 0000000140014568 f   SapClassBasic:SapClassBasic83.dll
 0001:0001356e       ?GetHandles@SapBuffer@@UEBAPEAPEAU__CORHANDLE@@XZ 000000014001456e f   SapClassBasic:SapClassBasic83.dll
 0001:00013574       ?IsCapabilityValid@SapBuffer@@UEAAHH@Z 0000000140014574 f   SapClassBasic:SapClassBasic83.dll
 0001:0001357a       ?GetCapability@SapBuffer@@UEAAHHHPEAX@Z 000000014001457a f   SapClassBasic:SapClassBasic83.dll
 0001:00013580       ?GetCapability@SapBuffer@@UEAAHHPEAX@Z 0000000140014580 f   SapClassBasic:SapClassBasic83.dll
 0001:00013586       ?IsParameterValid@SapBuffer@@UEAAHHH@Z 0000000140014586 f   SapClassBasic:SapClassBasic83.dll
 0001:0001358c       ?IsParameterValid@SapBuffer@@UEAAHH@Z 000000014001458c f   SapClassBasic:SapClassBasic83.dll
 0001:00013592       ?GetParameter@SapBuffer@@UEAAHHHPEAX@Z 0000000140014592 f   SapClassBasic:SapClassBasic83.dll
 0001:00013598       ?GetParameter@SapBuffer@@UEAAHHPEAX@Z 0000000140014598 f   SapClassBasic:SapClassBasic83.dll
 0001:0001359e       ?SetParameter@SapBuffer@@UEAAHHHPEAX@Z 000000014001459e f   SapClassBasic:SapClassBasic83.dll
 0001:000135a4       ?SetParameter@SapBuffer@@UEAAHHPEAX@Z 00000001400145a4 f   SapClassBasic:SapClassBasic83.dll
 0001:000135aa       ?SetParameter@SapBuffer@@UEAAHHHH@Z 00000001400145aa f   SapClassBasic:SapClassBasic83.dll
 0001:000135b0       ?SetParameter@SapBuffer@@UEAAHHH@Z 00000001400145b0 f   SapClassBasic:SapClassBasic83.dll
 0001:000135b6       ?GetParent@SapBuffer@@UEAAPEAV1@XZ 00000001400145b6 f   SapClassBasic:SapClassBasic83.dll
 0001:000135bc       ?GetRoot@SapBuffer@@UEAAPEAV1@XZ 00000001400145bc f   SapClassBasic:SapClassBasic83.dll
 0001:000135c2       ?SetState@SapBuffer@@UEAAHHH@Z 00000001400145c2 f   SapClassBasic:SapClassBasic83.dll
 0001:000135c8       ?SetState@SapBuffer@@UEAAHH@Z 00000001400145c8 f   SapClassBasic:SapClassBasic83.dll
 0001:000135ce       ?SetAllState@SapBuffer@@UEAAHH@Z 00000001400145ce f   SapClassBasic:SapClassBasic83.dll
 0001:000135d4       ?GetState@SapBuffer@@UEAAHHPEAH@Z 00000001400145d4 f   SapClassBasic:SapClassBasic83.dll
 0001:000135da       ?GetState@SapBuffer@@UEAAHPEAH@Z 00000001400145da f   SapClassBasic:SapClassBasic83.dll
 0001:000135e0       ?GetNumPages@SapBuffer@@UEAAHPEAH@Z 00000001400145e0 f   SapClassBasic:SapClassBasic83.dll
 0001:000135e6       ?SetPage@SapBuffer@@UEAAHHH@Z 00000001400145e6 f   SapClassBasic:SapClassBasic83.dll
 0001:000135ec       ?SetPage@SapBuffer@@UEAAHH@Z 00000001400145ec f   SapClassBasic:SapClassBasic83.dll
 0001:000135f2       ?SetAllPage@SapBuffer@@UEAAHH@Z 00000001400145f2 f   SapClassBasic:SapClassBasic83.dll
 0001:000135f8       ?GetPage@SapBuffer@@UEAAHHPEAH@Z 00000001400145f8 f   SapClassBasic:SapClassBasic83.dll
 0001:000135fe       ?GetPage@SapBuffer@@UEAAHPEAH@Z 00000001400145fe f   SapClassBasic:SapClassBasic83.dll
 0001:00013604       ?IsMultiFormat@SapBuffer@@UEAAHXZ 0000000140014604 f   SapClassBasic:SapClassBasic83.dll
 0001:0001360a       ?GetPageFormat@SapBuffer@@UEAAHPEAH@Z 000000014001460a f   SapClassBasic:SapClassBasic83.dll
 0001:00013610       ?Clear@SapBuffer@@UEAAHHVSapData@@@Z 0000000140014610 f   SapClassBasic:SapClassBasic83.dll
 0001:00013616       ?Clear@SapBuffer@@UEAAHVSapData@@@Z 0000000140014616 f   SapClassBasic:SapClassBasic83.dll
 0001:0001361c       ?Clear@SapBuffer@@UEAAHH@Z 000000014001461c f   SapClassBasic:SapClassBasic83.dll
 0001:00013622       ?Clear@SapBuffer@@UEAAHXZ  0000000140014622 f   SapClassBasic:SapClassBasic83.dll
 0001:00013628       ?Load@SapBuffer@@UEAAHPEBD0HH@Z 0000000140014628 f   SapClassBasic:SapClassBasic83.dll
 0001:0001362e       ?Load@SapBuffer@@UEAAHPEBDHHH0@Z 000000014001462e f   SapClassBasic:SapClassBasic83.dll
 0001:00013634       ?Save@SapBuffer@@UEAAHPEBD0HH@Z 0000000140014634 f   SapClassBasic:SapClassBasic83.dll
 0001:0001363a       ?Read@SapBuffer@@UEAAHH_KHPEAX@Z 000000014001463a f   SapClassBasic:SapClassBasic83.dll
 0001:00013640       ?Read@SapBuffer@@UEAAH_KHPEAX@Z 0000000140014640 f   SapClassBasic:SapClassBasic83.dll
 0001:00013646       ?ReadElement@SapBuffer@@UEAAHHHPEAH00@Z 0000000140014646 f   SapClassBasic:SapClassBasic83.dll
 0001:0001364c       ?ReadElement@SapBuffer@@UEAAHHHHPEAVSapData@@@Z 000000014001464c f   SapClassBasic:SapClassBasic83.dll
 0001:00013652       ?ReadElement@SapBuffer@@UEAAHHHPEAVSapData@@@Z 0000000140014652 f   SapClassBasic:SapClassBasic83.dll
 0001:00013658       ?ReadElement@SapBuffer@@UEAAHHHHPEAX@Z 0000000140014658 f   SapClassBasic:SapClassBasic83.dll
 0001:0001365e       ?ReadElement@SapBuffer@@UEAAHHHPEAX@Z 000000014001465e f   SapClassBasic:SapClassBasic83.dll
 0001:00013664       ?ReadLine@SapBuffer@@UEAAHHHHHHPEAXPEAH@Z 0000000140014664 f   SapClassBasic:SapClassBasic83.dll
 0001:0001366a       ?ReadLine@SapBuffer@@UEAAHHHHHPEAXPEAH@Z 000000014001466a f   SapClassBasic:SapClassBasic83.dll
 0001:00013670       ?ReadRect@SapBuffer@@UEAAHHHHHHPEAX@Z 0000000140014670 f   SapClassBasic:SapClassBasic83.dll
 0001:00013676       ?ReadRect@SapBuffer@@UEAAHHHHHPEAX@Z 0000000140014676 f   SapClassBasic:SapClassBasic83.dll
 0001:0001367c       ?Write@SapBuffer@@UEAAHH_KHPEBX@Z 000000014001467c f   SapClassBasic:SapClassBasic83.dll
 0001:00013682       ?Write@SapBuffer@@UEAAH_KHPEBX@Z 0000000140014682 f   SapClassBasic:SapClassBasic83.dll
 0001:00013688       ?WriteElement@SapBuffer@@UEAAHHHHVSapData@@@Z 0000000140014688 f   SapClassBasic:SapClassBasic83.dll
 0001:0001368e       ?WriteElement@SapBuffer@@UEAAHHHVSapData@@@Z 000000014001468e f   SapClassBasic:SapClassBasic83.dll
 0001:00013694       ?WriteElement@SapBuffer@@UEAAHHHHPEBX@Z 0000000140014694 f   SapClassBasic:SapClassBasic83.dll
 0001:0001369a       ?WriteElement@SapBuffer@@UEAAHHHPEBX@Z 000000014001469a f   SapClassBasic:SapClassBasic83.dll
 0001:000136a0       ?WriteLine@SapBuffer@@UEAAHHHHHHPEBXPEAH@Z 00000001400146a0 f   SapClassBasic:SapClassBasic83.dll
 0001:000136a6       ?WriteLine@SapBuffer@@UEAAHHHHHPEBXPEAH@Z 00000001400146a6 f   SapClassBasic:SapClassBasic83.dll
 0001:000136ac       ?WriteRect@SapBuffer@@UEAAHHHHHHPEBX@Z 00000001400146ac f   SapClassBasic:SapClassBasic83.dll
 0001:000136b2       ?WriteRect@SapBuffer@@UEAAHHHHHPEBX@Z 00000001400146b2 f   SapClassBasic:SapClassBasic83.dll
 0001:000136b8       ?Copy@SapBuffer@@UEAAHPEAV1@HH@Z 00000001400146b8 f   SapClassBasic:SapClassBasic83.dll
 0001:000136be       ?Copy@SapBuffer@@UEAAHPEAV1@@Z 00000001400146be f   SapClassBasic:SapClassBasic83.dll
 0001:000136c4       ?CopyAll@SapBuffer@@UEAAHPEAV1@@Z 00000001400146c4 f   SapClassBasic:SapClassBasic83.dll
 0001:000136ca       ?CopyRect@SapBuffer@@UEAAHPEAV1@HHHHHHHH@Z 00000001400146ca f   SapClassBasic:SapClassBasic83.dll
 0001:000136d0       ?ColorConvert@SapBuffer@@UEAAHPEAV1@HHHHVSapDataFRGB@@PEAVSapLut@@@Z 00000001400146d0 f   SapClassBasic:SapClassBasic83.dll
 0001:000136d6       ?ColorConvert@SapBuffer@@UEAAHPEAV1@HHVSapDataFRGB@@PEAVSapLut@@@Z 00000001400146d6 f   SapClassBasic:SapClassBasic83.dll
 0001:000136dc       ?ColorWhiteBalance@SapBuffer@@UEAAHHHPEAVSapDataFRGB@@@Z 00000001400146dc f   SapClassBasic:SapClassBasic83.dll
 0001:000136e2       ?ColorWhiteBalance@SapBuffer@@UEAAHHPEAVSapDataFRGB@@@Z 00000001400146e2 f   SapClassBasic:SapClassBasic83.dll
 0001:000136e8       ?SplitComponents@SapBuffer@@UEAAHQEAPEAV1@HH@Z 00000001400146e8 f   SapClassBasic:SapClassBasic83.dll
 0001:000136ee       ?SplitComponents@SapBuffer@@UEAAHQEAPEAV1@H@Z 00000001400146ee f   SapClassBasic:SapClassBasic83.dll
 0001:000136f4       ?SplitComponents@SapBuffer@@UEAAHPEAV1@00H@Z 00000001400146f4 f   SapClassBasic:SapClassBasic83.dll
 0001:000136fa       ?SplitComponents@SapBuffer@@UEAAHPEAV1@00@Z 00000001400146fa f   SapClassBasic:SapClassBasic83.dll
 0001:00013700       ?SplitComponents@SapBuffer@@UEAAHPEAV1@H@Z 0000000140014700 f   SapClassBasic:SapClassBasic83.dll
 0001:00013706       ?SplitComponents@SapBuffer@@UEAAHPEAV1@@Z 0000000140014706 f   SapClassBasic:SapClassBasic83.dll
 0001:0001370c       ?MergeComponents@SapBuffer@@UEAAHQEAPEAV1@HH@Z 000000014001470c f   SapClassBasic:SapClassBasic83.dll
 0001:00013712       ?MergeComponents@SapBuffer@@UEAAHQEAPEAV1@H@Z 0000000140014712 f   SapClassBasic:SapClassBasic83.dll
 0001:00013718       ?MergeComponents@SapBuffer@@UEAAHPEAV1@00H@Z 0000000140014718 f   SapClassBasic:SapClassBasic83.dll
 0001:0001371e       ?MergeComponents@SapBuffer@@UEAAHPEAV1@00@Z 000000014001471e f   SapClassBasic:SapClassBasic83.dll
 0001:00013724       ?MergeComponents@SapBuffer@@UEAAHPEAV1@H@Z 0000000140014724 f   SapClassBasic:SapClassBasic83.dll
 0001:0001372a       ?MergeComponents@SapBuffer@@UEAAHPEAV1@@Z 000000014001472a f   SapClassBasic:SapClassBasic83.dll
 0001:00013730       ?Register@SapBuffer@@UEAAHPEBD@Z 0000000140014730 f   SapClassBasic:SapClassBasic83.dll
 0001:00013736       ?Unregister@SapBuffer@@UEAAHXZ 0000000140014736 f   SapClassBasic:SapClassBasic83.dll
 0001:0001373c       ?GetNumRoi@SapBuffer@@UEBAHXZ 000000014001473c f   SapClassBasic:SapClassBasic83.dll
 0001:00013742       ?GetRoi@SapBuffer@@UEBAQEAUtagRECT@@H@Z 0000000140014742 f   SapClassBasic:SapClassBasic83.dll
 0001:00013748       ?AddRoi@SapBuffer@@UEAAHUtagRECT@@@Z 0000000140014748 f   SapClassBasic:SapClassBasic83.dll
 0001:0001374e       ?RemoveAllRoi@SapBuffer@@UEAAHXZ 000000014001474e f   SapClassBasic:SapClassBasic83.dll
 0001:00013754       ?GetChild@SapBuffer@@UEBAPEAU__CORHANDLE@@HH@Z 0000000140014754 f   SapClassBasic:SapClassBasic83.dll
 0001:0001375a       ?BayerConvert@SapBuffer@@UEAAHPEAV1@HHHHVSapDataFRGB@@PEAVSapLut@@@Z 000000014001475a f   SapClassBasic:SapClassBasic83.dll
 0001:00013760       ?BayerConvert@SapBuffer@@UEAAHPEAV1@HHVSapDataFRGB@@PEAVSapLut@@@Z 0000000140014760 f   SapClassBasic:SapClassBasic83.dll
 0001:00013766       ?BayerWhiteBalance@SapBuffer@@UEAAHHHPEAVSapDataFRGB@@@Z 0000000140014766 f   SapClassBasic:SapClassBasic83.dll
 0001:0001376c       ?BayerWhiteBalance@SapBuffer@@UEAAHHPEAVSapDataFRGB@@@Z 000000014001476c f   SapClassBasic:SapClassBasic83.dll
 0001:00013772       ?Construct@SapBuffer@@MEAAXPEBDPEAVSapDisplay@@@Z 0000000140014772 f   SapClassBasic:SapClassBasic83.dll
 0001:00013778       ?GetTrashType@SapBufferWithTrash@@UEAAHXZ 0000000140014778 f   SapClassBasic:SapClassBasic83.dll
 0001:0001377e       ?SetTrashType@SapBufferWithTrash@@UEAAHH@Z 000000014001477e f   SapClassBasic:SapClassBasic83.dll
 0001:00013784       ?Construct@SapBufferWithTrash@@MEAAXXZ 0000000140014784 f   SapClassBasic:SapClassBasic83.dll
 0001:0001378a       ?Create@SapTransfer@@UEAAHXZ 000000014001478a f   SapClassBasic:SapClassBasic83.dll
 0001:00013790       ?Destroy@SapTransfer@@UEAAHXZ 0000000140014790 f   SapClassBasic:SapClassBasic83.dll
 0001:00013796       ?Connect@SapTransfer@@UEAAHXZ 0000000140014796 f   SapClassBasic:SapClassBasic83.dll
 0001:0001379c       ?Disconnect@SapTransfer@@UEAAHXZ 000000014001479c f   SapClassBasic:SapClassBasic83.dll
 0001:000137a2       ?GetHandle@SapTransfer@@UEBAPEAU__CORHANDLE@@XZ 00000001400147a2 f   SapClassBasic:SapClassBasic83.dll
 0001:000137a8       ?GetCallback@SapTransfer@@UEBAP6AXPEAVSapXferCallbackInfo@@@ZXZ 00000001400147a8 f   SapClassBasic:SapClassBasic83.dll
 0001:000137ae       ?GetTrashCallback@SapTransfer@@UEBAP6AXPEAVSapXferCallbackInfo@@@ZXZ 00000001400147ae f   SapClassBasic:SapClassBasic83.dll
 0001:000137b4       ?GetContext@SapTransfer@@UEBAPEAXXZ 00000001400147b4 f   SapClassBasic:SapClassBasic83.dll
 0001:000137ba       ?IsGrabbing@SapTransfer@@UEBAHXZ 00000001400147ba f   SapClassBasic:SapClassBasic83.dll
 0001:000137c0       ?IsAutoEmpty@SapTransfer@@UEBAHXZ 00000001400147c0 f   SapClassBasic:SapClassBasic83.dll
 0001:000137c6       ?IsAutoConnect@SapTransfer@@UEBAHXZ 00000001400147c6 f   SapClassBasic:SapClassBasic83.dll
 0001:000137cc       ?IsConnected@SapTransfer@@UEBAHXZ 00000001400147cc f   SapClassBasic:SapClassBasic83.dll
 0001:000137d2       ?GetStartMode@SapTransfer@@UEBAHXZ 00000001400147d2 f   SapClassBasic:SapClassBasic83.dll
 0001:000137d8       ?IsCycleModeAvailable@SapTransfer@@UEAAHHH@Z 00000001400147d8 f   SapClassBasic:SapClassBasic83.dll
 0001:000137de       ?GetConnectTimeout@SapTransfer@@UEBAHXZ 00000001400147de f   SapClassBasic:SapClassBasic83.dll
 0001:000137e4       ?SetCallbackInfo@SapTransfer@@UEAAHPEAVSapXferPair@@@Z 00000001400147e4 f   SapClassBasic:SapClassBasic83.dll
 0001:000137ea       ?SetCallbackInfo@SapTransfer@@UEAAHP6AXPEAVSapXferCallbackInfo@@@ZPEAX@Z 00000001400147ea f   SapClassBasic:SapClassBasic83.dll
 0001:000137f0       ?SetTrashCallbackInfo@SapTransfer@@UEAAHPEAVSapXferPair@@@Z 00000001400147f0 f   SapClassBasic:SapClassBasic83.dll
 0001:000137f6       ?SetTrashCallbackInfo@SapTransfer@@UEAAHP6AXPEAVSapXferCallbackInfo@@@Z@Z 00000001400147f6 f   SapClassBasic:SapClassBasic83.dll
 0001:000137fc       ?SetAutoEmpty@SapTransfer@@UEAAXH@Z 00000001400147fc f   SapClassBasic:SapClassBasic83.dll
 0001:00013802       ?SetAutoConnect@SapTransfer@@UEAAXH@Z 0000000140014802 f   SapClassBasic:SapClassBasic83.dll
 0001:00013808       ?IsCapabilityValid@SapTransfer@@UEAAHH@Z 0000000140014808 f   SapClassBasic:SapClassBasic83.dll
 0001:0001380e       ?IsParameterValid@SapTransfer@@UEAAHH@Z 000000014001480e f   SapClassBasic:SapClassBasic83.dll
 0001:00013814       ?GetCapability@SapTransfer@@UEAAHHPEAX@Z 0000000140014814 f   SapClassBasic:SapClassBasic83.dll
 0001:0001381a       ?GetParameter@SapTransfer@@UEAAHHPEAX@Z 000000014001481a f   SapClassBasic:SapClassBasic83.dll
 0001:00013820       ?SetParameter@SapTransfer@@UEAAHHPEAX@Z 0000000140014820 f   SapClassBasic:SapClassBasic83.dll
 0001:00013826       ?SetParameter@SapTransfer@@UEAAHHH@Z 0000000140014826 f   SapClassBasic:SapClassBasic83.dll
 0001:0001382c       ?Select@SapTransfer@@UEAAHPEAVSapXferPair@@HH@Z 000000014001482c f   SapClassBasic:SapClassBasic83.dll
 0001:00013832       ?Select@SapTransfer@@UEAAHHHH@Z 0000000140014832 f   SapClassBasic:SapClassBasic83.dll
 0001:00013838       ?SetStartMode@SapTransfer@@MEAAHXZ 0000000140014838 f   SapClassBasic:SapClassBasic83.dll
 0001:0001383e       ?SetStartMode@SapTransfer@@UEAAHH@Z 000000014001483e f   SapClassBasic:SapClassBasic83.dll
 0001:00013844       ?SetConnectTimeout@SapTransfer@@UEAAHH@Z 0000000140014844 f   SapClassBasic:SapClassBasic83.dll
 0001:0001384a       ?UpdateFrameRateStatistics@SapAcqDeviceToBuf@@UEAAHXZ 000000014001484a f   SapClassBasic:SapClassBasic83.dll
 0001:00013850       ?SetEventType@SapTransfer@@UEAAHPEAVSapXferPair@@@Z 0000000140014850 f   SapClassBasic:SapClassBasic83.dll
 0001:00013856       ?SetEventCountSource@SapTransfer@@UEAAHPEAVSapXferPair@@@Z 0000000140014856 f   SapClassBasic:SapClassBasic83.dll
 0001:0001385c       ?SetCycleMode@SapTransfer@@UEAAHPEAVSapXferPair@@@Z 000000014001485c f   SapClassBasic:SapClassBasic83.dll
 0001:00013862       ?SetFlipMode@SapTransfer@@UEAAHPEAVSapXferPair@@@Z 0000000140014862 f   SapClassBasic:SapClassBasic83.dll
 0001:00013868       ?SetCounterStampTimeBase@SapTransfer@@UEAAHPEAVSapXferPair@@@Z 0000000140014868 f   SapClassBasic:SapClassBasic83.dll
 0001:0001386e       ?SetFlatFieldCycleMode@SapTransfer@@UEAAHPEAVSapXferPair@@@Z 000000014001486e f   SapClassBasic:SapClassBasic83.dll
 0001:00013874       ?SetDynamicLutCycleMode@SapTransfer@@UEAAHPEAVSapXferPair@@@Z 0000000140014874 f   SapClassBasic:SapClassBasic83.dll
 0001:0001387a       ?SetFramesPerCallback@SapTransfer@@UEAAHPEAVSapXferPair@@@Z 000000014001487a f   SapClassBasic:SapClassBasic83.dll
 0001:00013880       ?SetFramesOnBoard@SapTransfer@@UEAAHPEAVSapXferPair@@@Z 0000000140014880 f   SapClassBasic:SapClassBasic83.dll
 0001:00013886       ?SetRelativeBufferIndex@SapTransfer@@UEAAHPEAVSapXferPair@@@Z 0000000140014886 f   SapClassBasic:SapClassBasic83.dll
 0001:0001388c       ?SetNbInputFrames@SapTransfer@@UEAAHPEAVSapXferPair@@@Z 000000014001488c f   SapClassBasic:SapClassBasic83.dll
 0001:00013892       ?SetNbOutputFrames@SapTransfer@@UEAAHPEAVSapXferPair@@@Z 0000000140014892 f   SapClassBasic:SapClassBasic83.dll
 0001:00013898       ?RegisterCallback@SapTransfer@@UEAAHHP6AXPEAVSapXferCallbackInfo@@@ZPEAXI@Z 0000000140014898 f   SapClassBasic:SapClassBasic83.dll
 0001:0001389e       ?UnregisterCallback@SapTransfer@@UEAAHXZ 000000014001489e f   SapClassBasic:SapClassBasic83.dll
 0001:000138a4       ?UpdateParameters@SapTransfer@@UEAAHXZ 00000001400148a4 f   SapClassBasic:SapClassBasic83.dll
 0001:000138aa       ?Snap@SapTransfer@@UEAAHH@Z 00000001400148aa f   SapClassBasic:SapClassBasic83.dll
 0001:000138b0       ?Grab@SapTransfer@@UEAAHXZ 00000001400148b0 f   SapClassBasic:SapClassBasic83.dll
 0001:000138b6       ?Freeze@SapTransfer@@UEAAHXZ 00000001400148b6 f   SapClassBasic:SapClassBasic83.dll
 0001:000138bc       ?Abort@SapTransfer@@UEAAHXZ 00000001400148bc f   SapClassBasic:SapClassBasic83.dll
 0001:000138c2       ?Wait@SapTransfer@@UEAAHH@Z 00000001400148c2 f   SapClassBasic:SapClassBasic83.dll
 0001:000138c8       ?Init@SapTransfer@@UEAAHH@Z 00000001400148c8 f   SapClassBasic:SapClassBasic83.dll
 0001:000138ce       ?XferIsCycleModeAvailable@SapTransfer@@MEAAHPEAVSapXferPair@@H@Z 00000001400148ce f   SapClassBasic:SapClassBasic83.dll
 0001:000138d4       ?CreatePair@SapTransfer@@MEAAHH@Z 00000001400148d4 f   SapClassBasic:SapClassBasic83.dll
 0001:000138da       ?DestroyPair@SapTransfer@@MEAAHH@Z 00000001400148da f   SapClassBasic:SapClassBasic83.dll
 0001:000138e0       ?GetCapabilities@SapTransfer@@MEAAHH@Z 00000001400148e0 f   SapClassBasic:SapClassBasic83.dll
 0001:000138e6       ?SetParameters@SapTransfer@@MEAAHXZ 00000001400148e6 f   SapClassBasic:SapClassBasic83.dll
 0001:000138ec       ?SetParameters@SapTransfer@@MEAAHH@Z 00000001400148ec f   SapClassBasic:SapClassBasic83.dll
 0001:000138f2       ?FindPairIndex@SapTransfer@@MEAAHPEAVSapXferPair@@PEAH@Z 00000001400148f2 f   SapClassBasic:SapClassBasic83.dll
 0001:000138f8       ?Create@SapView@@UEAAHXZ   00000001400148f8 f   SapClassBasic:SapClassBasic83.dll
 0001:000138fe       ?Destroy@SapView@@UEAAHXZ  00000001400148fe f   SapClassBasic:SapClassBasic83.dll
 0001:00013904       ?GetHandle@SapView@@UEBAPEAU__CORHANDLE@@H@Z 0000000140014904 f   SapClassBasic:SapClassBasic83.dll
 0001:0001390a       ?GetHandle@SapView@@UEBAPEAU__CORHANDLE@@XZ 000000014001490a f   SapClassBasic:SapClassBasic83.dll
 0001:00013910       ?IsAutoEmpty@SapView@@UEBAHXZ 0000000140014910 f   SapClassBasic:SapClassBasic83.dll
 0001:00013916       ?SetDisplay@SapView@@UEAAHPEAVSapDisplay@@@Z 0000000140014916 f   SapClassBasic:SapClassBasic83.dll
 0001:0001391c       ?SetBuffer@SapView@@UEAAHPEAVSapBuffer@@@Z 000000014001491c f   SapClassBasic:SapClassBasic83.dll
 0001:00013922       ?SetWindow@SapView@@UEAAHPEAUHWND__@@@Z 0000000140014922 f   SapClassBasic:SapClassBasic83.dll
 0001:00013928       ?SetCallbackInfo@SapView@@UEAAHP6AXPEAVSapViewCallbackInfo@@@ZPEAX@Z 0000000140014928 f   SapClassBasic:SapClassBasic83.dll
 0001:0001392e       ?GetWidth@SapView@@UEAAHXZ 000000014001492e f   SapClassBasic:SapClassBasic83.dll
 0001:00013934       ?GetHeight@SapView@@UEAAHXZ 0000000140014934 f   SapClassBasic:SapClassBasic83.dll
 0001:0001393a       ?GetViewArea@SapView@@UEAAHPEAH0@Z 000000014001493a f   SapClassBasic:SapClassBasic83.dll
 0001:00013940       ?IsCapabilityValid@SapView@@UEAAHH@Z 0000000140014940 f   SapClassBasic:SapClassBasic83.dll
 0001:00013946       ?GetCapability@SapView@@UEAAHHPEAX@Z 0000000140014946 f   SapClassBasic:SapClassBasic83.dll
 0001:0001394c       ?IsParameterValid@SapView@@UEAAHH@Z 000000014001494c f   SapClassBasic:SapClassBasic83.dll
 0001:00013952       ?GetParameter@SapView@@UEAAHHPEAX@Z 0000000140014952 f   SapClassBasic:SapClassBasic83.dll
 0001:00013958       ?SetParameter@SapView@@UEAAHHPEAX@Z 0000000140014958 f   SapClassBasic:SapClassBasic83.dll
 0001:0001395e       ?SetParameter@SapView@@UEAAHHH@Z 000000014001495e f   SapClassBasic:SapClassBasic83.dll
 0001:00013964       ?SetWindowTitle@SapView@@UEAAHPEBD@Z 0000000140014964 f   SapClassBasic:SapClassBasic83.dll
 0001:0001396a       ?GetWindowTitle@SapView@@UEAAHPEAD@Z 000000014001496a f   SapClassBasic:SapClassBasic83.dll
 0001:00013970       ?SetOverlayMode@SapView@@UEAAHH@Z 0000000140014970 f   SapClassBasic:SapClassBasic83.dll
 0001:00013976       ?SetKeyColor@SapView@@MEAAHXZ 0000000140014976 f   SapClassBasic:SapClassBasic83.dll
 0001:0001397c       ?SetKeyColor@SapView@@UEAAHVSapDataRGB@@@Z 000000014001497c f   SapClassBasic:SapClassBasic83.dll
 0001:00013982       ?GetDC@SapView@@UEAAHPEAPEAUHDC__@@@Z 0000000140014982 f   SapClassBasic:SapClassBasic83.dll
 0001:00013988       ?ReleaseDC@SapView@@UEAAHXZ 0000000140014988 f   SapClassBasic:SapClassBasic83.dll
 0001:0001398e       ?Init@SapView@@UEAAXXZ     000000014001498e f   SapClassBasic:SapClassBasic83.dll
 0001:00013994       ?Show@SapView@@UEAAXH@Z    0000000140014994 f   SapClassBasic:SapClassBasic83.dll
 0001:0001399a       ?Show@SapView@@UEAAXXZ     000000014001499a f   SapClassBasic:SapClassBasic83.dll
 0001:000139a0       ?ShowNext@SapView@@UEAAXXZ 00000001400149a0 f   SapClassBasic:SapClassBasic83.dll
 0001:000139a6       ?Hide@SapView@@UEAAXXZ     00000001400149a6 f   SapClassBasic:SapClassBasic83.dll
 0001:000139ac       ?HasRange@SapView@@UEAAHXZ 00000001400149ac f   SapClassBasic:SapClassBasic83.dll
 0001:000139b2       ?GetRange@SapView@@UEAAHXZ 00000001400149b2 f   SapClassBasic:SapClassBasic83.dll
 0001:000139b8       ?GetRangeMinMax@SapView@@UEAAXPEAH0@Z 00000001400149b8 f   SapClassBasic:SapClassBasic83.dll
 0001:000139be       ?SetRange@SapView@@UEAAHH@Z 00000001400149be f   SapClassBasic:SapClassBasic83.dll
 0001:000139c4       ?SetScalingMode@SapView@@UEAAHAEBVSapViewScaleParams@@0H@Z 00000001400149c4 f   SapClassBasic:SapClassBasic83.dll
 0001:000139ca       ?SetScalingMode@SapView@@UEAAHMMH@Z 00000001400149ca f   SapClassBasic:SapClassBasic83.dll
 0001:000139d0       ?SetScalingMode@SapView@@UEAAHW4ScalingMode@1@HH@Z 00000001400149d0 f   SapClassBasic:SapClassBasic83.dll
 0001:000139d6       ?SetAutoEmpty@SapView@@UEAAXH@Z 00000001400149d6 f   SapClassBasic:SapClassBasic83.dll
 0001:000139dc       ?SetImmediateMode@SapView@@UEAAXH@Z 00000001400149dc f   SapClassBasic:SapClassBasic83.dll
 0001:000139e2       ?SetThreadPriority@SapView@@UEAAXH@Z 00000001400149e2 f   SapClassBasic:SapClassBasic83.dll
 0001:000139e8       ?ApplyLut@SapView@@UEAAHXZ 00000001400149e8 f   SapClassBasic:SapClassBasic83.dll
 0001:000139ee       ?OnPaint@SapView@@UEAAXXZ  00000001400149ee f   SapClassBasic:SapClassBasic83.dll
 0001:000139f4       ?OnMove@SapView@@UEAAXXZ   00000001400149f4 f   SapClassBasic:SapClassBasic83.dll
 0001:000139fa       ?OnSize@SapView@@UEAAXH@Z  00000001400149fa f   SapClassBasic:SapClassBasic83.dll
 0001:00013a00       ?OnHScroll@SapView@@UEAAXH@Z 0000000140014a00 f   SapClassBasic:SapClassBasic83.dll
 0001:00013a06       ?OnVScroll@SapView@@UEAAXH@Z 0000000140014a06 f   SapClassBasic:SapClassBasic83.dll
 0001:00013a0c       ?GetHandles@SapView@@UEBAPEAPEAU__CORHANDLE@@XZ 0000000140014a0c f   SapClassBasic:SapClassBasic83.dll
 0001:00013a12       ??ASapView@@UEBAPEAU__CORHANDLE@@H@Z 0000000140014a12 f   SapClassBasic:SapClassBasic83.dll
 0001:00013a18       ?SetBuffers@SapView@@UEAAHPEAVSapBuffer@@@Z 0000000140014a18 f   SapClassBasic:SapClassBasic83.dll
 0001:00013a1e       ?DoShow@SapView@@MEAAXXZ   0000000140014a1e f   SapClassBasic:SapClassBasic83.dll
 0001:00013a24       ?Next@SapView@@MEAAXXZ     0000000140014a24 f   SapClassBasic:SapClassBasic83.dll
 0001:00013a2a       ?SetScrollPosAndRange@SapView@@MEAAXXZ 0000000140014a2a f   SapClassBasic:SapClassBasic83.dll
 0001:00013a30       ?LoadLut@SapView@@MEAAHXZ  0000000140014a30 f   SapClassBasic:SapClassBasic83.dll
 0001:00013a36       ??1SapAcqDeviceToBuf@@UEAA@XZ 0000000140014a36 f   SapClassBasic:SapClassBasic83.dll
 0001:00013a3c       ??1SapAcqDevice@@UEAA@XZ   0000000140014a3c f   SapClassBasic:SapClassBasic83.dll
 0001:00013a42       ??1SapBufferWithTrash@@UEAA@XZ 0000000140014a42 f   SapClassBasic:SapClassBasic83.dll
 0001:00013a48       ??1SapView@@UEAA@XZ        0000000140014a48 f   SapClassBasic:SapClassBasic83.dll
 0001:00013a4e       ?SetCycleMode@SapXferPair@@QEAAHH@Z 0000000140014a4e f   SapClassBasic:SapClassBasic83.dll
 0001:00013a54       ?GetPair@SapTransfer@@QEAAPEAVSapXferPair@@H@Z 0000000140014a54 f   SapClassBasic:SapClassBasic83.dll
 0001:00013a5a       ??BSapManager@@QEBAHXZ     0000000140014a5a f   SapClassBasic:SapClassBasic83.dll
 0001:00013a60       ?GetBuffer@SapView@@QEBAPEAVSapBuffer@@XZ 0000000140014a60 f   SapClassBasic:SapClassBasic83.dll
 0001:00013a66       ??1CImageExWnd@@UEAA@XZ    0000000140014a66 f   SapClassGuiD:SapClassGui83D.NET_2010.dll
 0001:00013a6c       ??0CImageExWnd@@QEAA@XZ    0000000140014a6c f   SapClassGuiD:SapClassGui83D.NET_2010.dll
 0001:00013a72       ??0CImageExWndEventHandler@@QEAA@XZ 0000000140014a72 f   SapClassGuiD:SapClassGui83D.NET_2010.dll
 0001:00013a78       ?ScaleChanged@CImageViewportWndEventHandler@@UEAAXXZ 0000000140014a78 f   SapClassGuiD:SapClassGui83D.NET_2010.dll
 0001:00013a7e       ?RoiChanged@CImageViewportWndEventHandler@@UEAAXXZ 0000000140014a7e f   SapClassGuiD:SapClassGui83D.NET_2010.dll
 0001:00013a84       ?ViewChanged@CImageViewportWndEventHandler@@UEAAXXZ 0000000140014a84 f   SapClassGuiD:SapClassGui83D.NET_2010.dll
 0001:00013a8a       ?MarkerChanged@CImageExWndEventHandler@@UEAAXXZ 0000000140014a8a f   SapClassGuiD:SapClassGui83D.NET_2010.dll
 0001:00013a90       ?InteractiveMarkerChanged@CImageExWndEventHandler@@UEAAXH@Z 0000000140014a90 f   SapClassGuiD:SapClassGui83D.NET_2010.dll
 0001:00013a96       ?GetPixelString@CImageExWnd@@QEBA?AV?$CStringT@DV?$StrTraitMFC_DLL@DV?$ChTraitsCRT@D@ATL@@@@@ATL@@VCPoint@@@Z 0000000140014a96 f   SapClassGuiD:SapClassGui83D.NET_2010.dll
 0001:00013a9c       ?Reset@CImageExWnd@@QEAAXXZ 0000000140014a9c f   SapClassGuiD:SapClassGui83D.NET_2010.dll
 0001:00013aa2       ?AttachSapView@CImageExWnd@@QEAA_NPEAVSapView@@@Z 0000000140014aa2 f   SapClassGuiD:SapClassGui83D.NET_2010.dll
 0001:00013aa8       ??1CViewDlg@@UEAA@XZ       0000000140014aa8 f   SapClassGuiD:SapClassGui83D.NET_2010.dll
 0001:00013aae       ?Refresh@CImageExWnd@@QEAAXXZ 0000000140014aae f   SapClassGuiD:SapClassGui83D.NET_2010.dll
 0001:00013ab4       ??0CViewDlg@@QEAA@PEAVCWnd@@PEAVSapView@@@Z 0000000140014ab4 f   SapClassGuiD:SapClassGui83D.NET_2010.dll
 0001:00013aba       ??1CAbortDlg@@UEAA@XZ      0000000140014aba f   SapClassGuiD:SapClassGui83D.NET_2010.dll
 0001:00013ac0       ??0CAbortDlg@@QEAA@PEAVCWnd@@PEAVSapTransfer@@H@Z 0000000140014ac0 f   SapClassGuiD:SapClassGui83D.NET_2010.dll
 0001:00013ac6       ZLBSaveImage               0000000140014ac6 f   ZLBImage:ZLBImage.dll
 0001:00013acc       ZLBCreateDirectory         0000000140014acc f   ZLBCommon:ZLBCommon.dll
 0001:00013ad2       ZLBGetFormatTime           0000000140014ad2 f   ZLBCommon:ZLBCommon.dll
 0001:00013ad8       ZLBIsPathExist             0000000140014ad8 f   ZLBCommon:ZLBCommon.dll
 0001:00013ade       ZLBIniReadDouble           0000000140014ade f   ZLBCommon:ZLBCommon.dll
 0001:00013ae4       ZLBIniReadString           0000000140014ae4 f   ZLBCommon:ZLBCommon.dll
 0001:00013aea       ZLBIniReadInt              0000000140014aea f   ZLBCommon:ZLBCommon.dll
 0001:00013af0       ZLBIniFile                 0000000140014af0 f   ZLBCommon:ZLBCommon.dll
 0001:00013af6       ZLBGetCurrentPath          0000000140014af6 f   ZLBCommon:ZLBCommon.dll
 0001:00013afc       ??3@YAXPEAX@Z              0000000140014afc f   mfc100d:mfc100d.dll
 0001:00013b02       ?GetThisMessageMap@CWinApp@@KAPEBUAFX_MSGMAP@@XZ 0000000140014b02 f   mfc100d:mfc100d.dll
 0001:00013b08       ??0CWinApp@@QEAA@PEBD@Z    0000000140014b08 f   mfc100d:mfc100d.dll
 0001:00013b0e       ?GetRuntimeClass@CWinApp@@UEBAPEAUCRuntimeClass@@XZ 0000000140014b0e f   mfc100d:mfc100d.dll
 0001:00013b14       ?Serialize@CObject@@UEAAXAEAVCArchive@@@Z 0000000140014b14 f   mfc100d:mfc100d.dll
 0001:00013b1a       ?AssertValid@CWinApp@@UEBAXXZ 0000000140014b1a f   mfc100d:mfc100d.dll
 0001:00013b20       ?Dump@CWinApp@@UEBAXAEAVCDumpContext@@@Z 0000000140014b20 f   mfc100d:mfc100d.dll
 0001:00013b26       ?OnCmdMsg@CCmdTarget@@UEAAHIHPEAXPEAUAFX_CMDHANDLERINFO@@@Z 0000000140014b26 f   mfc100d:mfc100d.dll
 0001:00013b2c       ?OnFinalRelease@CCmdTarget@@UEAAXXZ 0000000140014b2c f   mfc100d:mfc100d.dll
 0001:00013b32       ?IsInvokeAllowed@CCmdTarget@@UEAAHJ@Z 0000000140014b32 f   mfc100d:mfc100d.dll
 0001:00013b38       ?GetDispatchIID@CCmdTarget@@UEAAHPEAU_GUID@@@Z 0000000140014b38 f   mfc100d:mfc100d.dll
 0001:00013b3e       ?GetTypeInfoCount@CCmdTarget@@UEAAIXZ 0000000140014b3e f   mfc100d:mfc100d.dll
 0001:00013b44       ?GetTypeLibCache@CCmdTarget@@UEAAPEAVCTypeLibCache@@XZ 0000000140014b44 f   mfc100d:mfc100d.dll
 0001:00013b4a       ?GetTypeLib@CCmdTarget@@UEAAJKPEAPEAUITypeLib@@@Z 0000000140014b4a f   mfc100d:mfc100d.dll
 0001:00013b50       ?GetCommandMap@CCmdTarget@@MEBAPEBUAFX_OLECMDMAP@@XZ 0000000140014b50 f   mfc100d:mfc100d.dll
 0001:00013b56       ?GetDispatchMap@CCmdTarget@@MEBAPEBUAFX_DISPMAP@@XZ 0000000140014b56 f   mfc100d:mfc100d.dll
 0001:00013b5c       ?GetConnectionMap@CCmdTarget@@MEBAPEBUAFX_CONNECTIONMAP@@XZ 0000000140014b5c f   mfc100d:mfc100d.dll
 0001:00013b62       ?GetInterfaceMap@CCmdTarget@@MEBAPEBUAFX_INTERFACEMAP@@XZ 0000000140014b62 f   mfc100d:mfc100d.dll
 0001:00013b68       ?GetEventSinkMap@CCmdTarget@@MEBAPEBUAFX_EVENTSINKMAP@@XZ 0000000140014b68 f   mfc100d:mfc100d.dll
 0001:00013b6e       ?OnCreateAggregates@CCmdTarget@@UEAAHXZ 0000000140014b6e f   mfc100d:mfc100d.dll
 0001:00013b74       ?GetInterfaceHook@CCmdTarget@@UEAAPEAUIUnknown@@PEBX@Z 0000000140014b74 f   mfc100d:mfc100d.dll
 0001:00013b7a       ?GetExtraConnectionPoints@CCmdTarget@@MEAAHPEAVCPtrArray@@@Z 0000000140014b7a f   mfc100d:mfc100d.dll
 0001:00013b80       ?GetConnectionHook@CCmdTarget@@MEAAPEAUIConnectionPoint@@AEBU_GUID@@@Z 0000000140014b80 f   mfc100d:mfc100d.dll
 0001:00013b86       ?Run@CWinApp@@UEAAHXZ      0000000140014b86 f   mfc100d:mfc100d.dll
 0001:00013b8c       ?PreTranslateMessage@CWinThread@@UEAAHPEAUtagMSG@@@Z 0000000140014b8c f   mfc100d:mfc100d.dll
 0001:00013b92       ?PumpMessage@CWinThread@@UEAAHXZ 0000000140014b92 f   mfc100d:mfc100d.dll
 0001:00013b98       ?OnIdle@CWinApp@@UEAAHJ@Z  0000000140014b98 f   mfc100d:mfc100d.dll
 0001:00013b9e       ?IsIdleMessage@CWinThread@@UEAAHPEAUtagMSG@@@Z 0000000140014b9e f   mfc100d:mfc100d.dll
 0001:00013ba4       ?ExitInstance@CWinApp@@UEAAHXZ 0000000140014ba4 f   mfc100d:mfc100d.dll
 0001:00013baa       ?ProcessWndProcException@CWinApp@@UEAA_JPEAVCException@@PEBUtagMSG@@@Z 0000000140014baa f   mfc100d:mfc100d.dll
 0001:00013bb0       ?ProcessMessageFilter@CWinThread@@UEAAHHPEAUtagMSG@@@Z 0000000140014bb0 f   mfc100d:mfc100d.dll
 0001:00013bb6       ?GetMainWnd@CWinThread@@UEAAPEAVCWnd@@XZ 0000000140014bb6 f   mfc100d:mfc100d.dll
 0001:00013bbc       ?Delete@CWinThread@@UEAAXXZ 0000000140014bbc f   mfc100d:mfc100d.dll
 0001:00013bc2       ?GetProfileIntA@CWinApp@@UEAAIPEBD0H@Z 0000000140014bc2 f   mfc100d:mfc100d.dll
 0001:00013bc8       ?WriteProfileInt@CWinApp@@UEAAHPEBD0H@Z 0000000140014bc8 f   mfc100d:mfc100d.dll
 0001:00013bce       ?GetProfileStringA@CWinApp@@UEAA?AV?$CStringT@DV?$StrTraitMFC_DLL@DV?$ChTraitsCRT@D@ATL@@@@@ATL@@PEBD00@Z 0000000140014bce f   mfc100d:mfc100d.dll
 0001:00013bd4       ?WriteProfileStringA@CWinApp@@UEAAHPEBD00@Z 0000000140014bd4 f   mfc100d:mfc100d.dll
 0001:00013bda       ?GetProfileBinary@CWinApp@@UEAAHPEBD0PEAPEAEPEAI@Z 0000000140014bda f   mfc100d:mfc100d.dll
 0001:00013be0       ?WriteProfileBinary@CWinApp@@UEAAHPEBD0PEAEI@Z 0000000140014be0 f   mfc100d:mfc100d.dll
 0001:00013be6       ?InitLibId@CWinApp@@UEAAXXZ 0000000140014be6 f   mfc100d:mfc100d.dll
 0001:00013bec       ?Register@CWinApp@@UEAAHXZ 0000000140014bec f   mfc100d:mfc100d.dll
 0001:00013bf2       ?Unregister@CWinApp@@UEAAHXZ 0000000140014bf2 f   mfc100d:mfc100d.dll
 0001:00013bf8       ?OpenDocumentFile@CWinApp@@UEAAPEAVCDocument@@PEBDH@Z 0000000140014bf8 f   mfc100d:mfc100d.dll
 0001:00013bfe       ?OpenDocumentFile@CWinApp@@UEAAPEAVCDocument@@PEBD@Z 0000000140014bfe f   mfc100d:mfc100d.dll
 0001:00013c04       ?AddToRecentFileList@CWinApp@@UEAAXPEBD@Z 0000000140014c04 f   mfc100d:mfc100d.dll
 0001:00013c0a       ?InitApplication@CWinApp@@UEAAHXZ 0000000140014c0a f   mfc100d:mfc100d.dll
 0001:00013c10       ?SaveAllModified@CWinApp@@UEAAHXZ 0000000140014c10 f   mfc100d:mfc100d.dll
 0001:00013c16       ?DoMessageBox@CWinApp@@UEAAHPEBDII@Z 0000000140014c16 f   mfc100d:mfc100d.dll
 0001:00013c1c       ?DoWaitCursor@CWinApp@@UEAAXH@Z 0000000140014c1c f   mfc100d:mfc100d.dll
 0001:00013c22       ?OnDDECommand@CWinApp@@UEAAHPEAD@Z 0000000140014c22 f   mfc100d:mfc100d.dll
 0001:00013c28       ?WinHelpA@CWinApp@@UEAAX_KI@Z 0000000140014c28 f   mfc100d:mfc100d.dll
 0001:00013c2e       ?HtmlHelpA@CWinApp@@UEAAX_KI@Z 0000000140014c2e f   mfc100d:mfc100d.dll
 0001:00013c34       ?WinHelpInternal@CWinApp@@UEAAX_KI@Z 0000000140014c34 f   mfc100d:mfc100d.dll
 0001:00013c3a       ?RegisterWithRestartManager@CWinApp@@UEAAJPEB_WKP6AKPEAX@Z1KK@Z 0000000140014c3a f   mfc100d:mfc100d.dll
 0001:00013c40       ?RegisterWithRestartManager@CWinApp@@UEAAJHAEBV?$CStringT@DV?$StrTraitMFC_DLL@DV?$ChTraitsCRT@D@ATL@@@@@ATL@@@Z 0000000140014c40 f   mfc100d:mfc100d.dll
 0001:00013c46       ?ApplicationRecoveryCallback@CWinApp@@UEAAKPEAX@Z 0000000140014c46 f   mfc100d:mfc100d.dll
 0001:00013c4c       ?GetDataRecoveryHandler@CWinApp@@UEAAPEAVCDataRecoveryHandler@@XZ 0000000140014c4c f   mfc100d:mfc100d.dll
 0001:00013c52       ?IsTaskbarInteractionEnabled@CWinApp@@UEAAHXZ 0000000140014c52 f   mfc100d:mfc100d.dll
 0001:00013c58       ?RestartInstance@CWinApp@@UEAAHXZ 0000000140014c58 f   mfc100d:mfc100d.dll
 0001:00013c5e       ?LoadAppLangResourceDLL@CWinApp@@UEAAPEAUHINSTANCE__@@XZ 0000000140014c5e f   mfc100d:mfc100d.dll
 0001:00013c64       ?LoadSysPolicies@CWinApp@@UEAAHXZ 0000000140014c64 f   mfc100d:mfc100d.dll
 0001:00013c6a       ??3CObject@@SAXPEAX@Z      0000000140014c6a f   mfc100d:mfc100d.dll
 0001:00013c70       ??1CWinApp@@UEAA@XZ        0000000140014c70 f   mfc100d:mfc100d.dll
 0001:00013c76       ?DoModal@CDialog@@UEAA_JXZ 0000000140014c76 f   mfc100d:mfc100d.dll
 0001:00013c7c       ?AfxEnableControlContainer@@YAXPEAVCOccManager@@@Z 0000000140014c7c f   mfc100d:mfc100d.dll
 0001:00013c82       ??1CDialog@@UEAA@XZ        0000000140014c82 f   mfc100d:mfc100d.dll
 0001:00013c88       ??1CStatic@@UEAA@XZ        0000000140014c88 f   mfc100d:mfc100d.dll
 0001:00013c8e       ??1CEdit@@UEAA@XZ          0000000140014c8e f   mfc100d:mfc100d.dll
 0001:00013c94       ??1CButton@@UEAA@XZ        0000000140014c94 f   mfc100d:mfc100d.dll
 0001:00013c9a       ??1CComboBox@@UEAA@XZ      0000000140014c9a f   mfc100d:mfc100d.dll
 0001:00013ca0       ??1?$CStringT@DV?$StrTraitMFC_DLL@DV?$ChTraitsCRT@D@ATL@@@@@ATL@@QEAA@XZ 0000000140014ca0 f   mfc100d:mfc100d.dll
 0001:00013ca6       ??0CDialog@@QEAA@IPEAVCWnd@@@Z 0000000140014ca6 f   mfc100d:mfc100d.dll
 0001:00013cac       ?GetRuntimeClass@CDialog@@UEBAPEAUCRuntimeClass@@XZ 0000000140014cac f   mfc100d:mfc100d.dll
 0001:00013cb2       ?AssertValid@CDialog@@UEBAXXZ 0000000140014cb2 f   mfc100d:mfc100d.dll
 0001:00013cb8       ?Dump@CDialog@@UEBAXAEAVCDumpContext@@@Z 0000000140014cb8 f   mfc100d:mfc100d.dll
 0001:00013cbe       ?OnCmdMsg@CDialog@@UEAAHIHPEAXPEAUAFX_CMDHANDLERINFO@@@Z 0000000140014cbe f   mfc100d:mfc100d.dll
 0001:00013cc4       ?OnFinalRelease@CWnd@@UEAAXXZ 0000000140014cc4 f   mfc100d:mfc100d.dll
 0001:00013cca       ?GetInterfaceMap@CWnd@@MEBAPEBUAFX_INTERFACEMAP@@XZ 0000000140014cca f   mfc100d:mfc100d.dll
 0001:00013cd0       ?PreSubclassWindow@CWnd@@UEAAXXZ 0000000140014cd0 f   mfc100d:mfc100d.dll
 0001:00013cd6       ?Create@CWnd@@UEAAHPEBD0KAEBUtagRECT@@PEAV1@IPEAUCCreateContext@@@Z 0000000140014cd6 f   mfc100d:mfc100d.dll
 0001:00013cdc       ?CreateEx@CWnd@@UEAAHKPEBD0KAEBUtagRECT@@PEAV1@IPEAX@Z 0000000140014cdc f   mfc100d:mfc100d.dll
 0001:00013ce2       ?CreateEx@CWnd@@UEAAHKPEBD0KHHHHPEAUHWND__@@PEAUHMENU__@@PEAX@Z 0000000140014ce2 f   mfc100d:mfc100d.dll
 0001:00013ce8       ?DestroyWindow@CWnd@@UEAAHXZ 0000000140014ce8 f   mfc100d:mfc100d.dll
 0001:00013cee       ?PreCreateWindow@CWnd@@UEAAHAEAUtagCREATESTRUCTA@@@Z 0000000140014cee f   mfc100d:mfc100d.dll
 0001:00013cf4       ?CalcWindowRect@CWnd@@UEAAXPEAUtagRECT@@I@Z 0000000140014cf4 f   mfc100d:mfc100d.dll
 0001:00013cfa       ?GetMenu@CWnd@@UEBAPEAVCMenu@@XZ 0000000140014cfa f   mfc100d:mfc100d.dll
 0001:00013d00       ?SetMenu@CWnd@@UEAAHPEAVCMenu@@@Z 0000000140014d00 f   mfc100d:mfc100d.dll
 0001:00013d06       ?OnToolHitTest@CWnd@@UEBA_JVCPoint@@PEAUtagTOOLINFOA@@@Z 0000000140014d06 f   mfc100d:mfc100d.dll
 0001:00013d0c       ?GetScrollBarCtrl@CWnd@@UEBAPEAVCScrollBar@@H@Z 0000000140014d0c f   mfc100d:mfc100d.dll
 0001:00013d12       ?WinHelpA@CWnd@@UEAAX_KI@Z 0000000140014d12 f   mfc100d:mfc100d.dll
 0001:00013d18       ?HtmlHelpA@CWnd@@UEAAX_KI@Z 0000000140014d18 f   mfc100d:mfc100d.dll
 0001:00013d1e       ?WinHelpInternal@CWnd@@UEAAX_KI@Z 0000000140014d1e f   mfc100d:mfc100d.dll
 0001:00013d24       ?ContinueModal@CWnd@@UEAAHXZ 0000000140014d24 f   mfc100d:mfc100d.dll
 0001:00013d2a       ?EndModalLoop@CWnd@@UEAAXH@Z 0000000140014d2a f   mfc100d:mfc100d.dll
 0001:00013d30       ?OnDrawIconicThumbnailOrLivePreview@CWnd@@UEAAXAEAVCDC@@VCRect@@VCSize@@HAEAH@Z 0000000140014d30 f   mfc100d:mfc100d.dll
 0001:00013d36       ?EnsureStdObj@CWnd@@UEAAJXZ 0000000140014d36 f   mfc100d:mfc100d.dll
 0001:00013d3c       ?get_accParent@CWnd@@UEAAJPEAPEAUIDispatch@@@Z 0000000140014d3c f   mfc100d:mfc100d.dll
 0001:00013d42       ?get_accChildCount@CWnd@@UEAAJPEAJ@Z 0000000140014d42 f   mfc100d:mfc100d.dll
 0001:00013d48       ?get_accChild@CWnd@@UEAAJUtagVARIANT@@PEAPEAUIDispatch@@@Z 0000000140014d48 f   mfc100d:mfc100d.dll
 0001:00013d4e       ?get_accName@CWnd@@UEAAJUtagVARIANT@@PEAPEA_W@Z 0000000140014d4e f   mfc100d:mfc100d.dll
 0001:00013d54       ?get_accValue@CWnd@@UEAAJUtagVARIANT@@PEAPEA_W@Z 0000000140014d54 f   mfc100d:mfc100d.dll
 0001:00013d5a       ?get_accDescription@CWnd@@UEAAJUtagVARIANT@@PEAPEA_W@Z 0000000140014d5a f   mfc100d:mfc100d.dll
 0001:00013d60       ?get_accRole@CWnd@@UEAAJUtagVARIANT@@PEAU2@@Z 0000000140014d60 f   mfc100d:mfc100d.dll
 0001:00013d66       ?get_accState@CWnd@@UEAAJUtagVARIANT@@PEAU2@@Z 0000000140014d66 f   mfc100d:mfc100d.dll
 0001:00013d6c       ?get_accHelp@CWnd@@UEAAJUtagVARIANT@@PEAPEA_W@Z 0000000140014d6c f   mfc100d:mfc100d.dll
 0001:00013d72       ?get_accHelpTopic@CWnd@@UEAAJPEAPEA_WUtagVARIANT@@PEAJ@Z 0000000140014d72 f   mfc100d:mfc100d.dll
 0001:00013d78       ?get_accKeyboardShortcut@CWnd@@UEAAJUtagVARIANT@@PEAPEA_W@Z 0000000140014d78 f   mfc100d:mfc100d.dll
 0001:00013d7e       ?get_accFocus@CWnd@@UEAAJPEAUtagVARIANT@@@Z 0000000140014d7e f   mfc100d:mfc100d.dll
 0001:00013d84       ?get_accSelection@CWnd@@UEAAJPEAUtagVARIANT@@@Z 0000000140014d84 f   mfc100d:mfc100d.dll
 0001:00013d8a       ?get_accDefaultAction@CWnd@@UEAAJUtagVARIANT@@PEAPEA_W@Z 0000000140014d8a f   mfc100d:mfc100d.dll
 0001:00013d90       ?accSelect@CWnd@@UEAAJJUtagVARIANT@@@Z 0000000140014d90 f   mfc100d:mfc100d.dll
 0001:00013d96       ?accLocation@CWnd@@UEAAJPEAJ000UtagVARIANT@@@Z 0000000140014d96 f   mfc100d:mfc100d.dll
 0001:00013d9c       ?accNavigate@CWnd@@UEAAJJUtagVARIANT@@PEAU2@@Z 0000000140014d9c f   mfc100d:mfc100d.dll
 0001:00013da2       ?accHitTest@CWnd@@UEAAJJJPEAUtagVARIANT@@@Z 0000000140014da2 f   mfc100d:mfc100d.dll
 0001:00013da8       ?accDoDefaultAction@CWnd@@UEAAJUtagVARIANT@@@Z 0000000140014da8 f   mfc100d:mfc100d.dll
 0001:00013dae       ?put_accName@CWnd@@UEAAJUtagVARIANT@@PEA_W@Z 0000000140014dae f   mfc100d:mfc100d.dll
 0001:00013db4       ?put_accValue@CWnd@@UEAAJUtagVARIANT@@PEA_W@Z 0000000140014db4 f   mfc100d:mfc100d.dll
 0001:00013dba       ?SetProxy@CWnd@@UEAAJPEAUIAccessibleProxy@@@Z 0000000140014dba f   mfc100d:mfc100d.dll
 0001:00013dc0       ?CreateAccessibleProxy@CWnd@@UEAAJ_K_JPEA_J@Z 0000000140014dc0 f   mfc100d:mfc100d.dll
 0001:00013dc6       ?OnCommand@CWnd@@MEAAH_K_J@Z 0000000140014dc6 f   mfc100d:mfc100d.dll
 0001:00013dcc       ?OnNotify@CWnd@@MEAAH_K_JPEA_J@Z 0000000140014dcc f   mfc100d:mfc100d.dll
 0001:00013dd2       ?GetSuperWndProcAddr@CWnd@@MEAAPEAP6A_JPEAUHWND__@@I_K_J@ZXZ 0000000140014dd2 f   mfc100d:mfc100d.dll
 0001:00013dd8       ?BeginModalState@CWnd@@UEAAXXZ 0000000140014dd8 f   mfc100d:mfc100d.dll
 0001:00013dde       ?EndModalState@CWnd@@UEAAXXZ 0000000140014dde f   mfc100d:mfc100d.dll
[...]
 0005:00004228       __imp_?get_accRole@CWnd@@UEAAJUtagVARIANT@@PEAU2@@Z 0000000174567228     mfc100d:mfc100d.dll
 0005:00004230       __imp_?get_accDescription@CWnd@@UEAAJUtagVARIANT@@PEAPEA_W@Z 0000000174567230     mfc100d:mfc100d.dll
 0005:00004238       __imp_?get_accValue@CWnd@@UEAAJUtagVARIANT@@PEAPEA_W@Z 0000000174567238     mfc100d:mfc100d.dll
 0005:00004240       __imp_?get_accChild@CWnd@@UEAAJUtagVARIANT@@PEAPEAUIDispatch@@@Z 0000000174567240     mfc100d:mfc100d.dll
 0005:00004248       __imp_?get_accChildCount@CWnd@@UEAAJPEAJ@Z 0000000174567248     mfc100d:mfc100d.dll
 0005:00004250       __imp_?get_accParent@CWnd@@UEAAJPEAPEAUIDispatch@@@Z 0000000174567250     mfc100d:mfc100d.dll
 0005:00004258       __imp_?EnsureStdObj@CWnd@@UEAAJXZ 0000000174567258     mfc100d:mfc100d.dll
 0005:00004260       __imp_?OnDrawIconicThumbnailOrLivePreview@CWnd@@UEAAXAEAVCDC@@VCRect@@VCSize@@HAEAH@Z 0000000174567260     mfc100d:mfc100d.dll
 0005:00004268       __imp_?EndModalLoop@CWnd@@UEAAXH@Z 0000000174567268     mfc100d:mfc100d.dll
 0005:00004270       __imp_?ContinueModal@CWnd@@UEAAHXZ 0000000174567270     mfc100d:mfc100d.dll
 0005:00004278       __imp_?WinHelpInternal@CWnd@@UEAAX_KI@Z 0000000174567278     mfc100d:mfc100d.dll
 0005:00004280       __imp_?HtmlHelpA@CWnd@@UEAAX_KI@Z 0000000174567280     mfc100d:mfc100d.dll
 0005:00004288       __imp_?WinHelpA@CWnd@@UEAAX_KI@Z 0000000174567288     mfc100d:mfc100d.dll
 0005:00004290       __imp_?GetScrollBarCtrl@CWnd@@UEBAPEAVCScrollBar@@H@Z 0000000174567290     mfc100d:mfc100d.dll
 0005:00004298       __imp_?OnToolHitTest@CWnd@@UEBA_JVCPoint@@PEAUtagTOOLINFOA@@@Z 0000000174567298     mfc100d:mfc100d.dll
 0005:000042a0       __imp_?SetMenu@CWnd@@UEAAHPEAVCMenu@@@Z 00000001745672a0     mfc100d:mfc100d.dll
 0005:000042a8       __imp_?GetMenu@CWnd@@UEBAPEAVCMenu@@XZ 00000001745672a8     mfc100d:mfc100d.dll
 0005:000042b0       __imp_?CalcWindowRect@CWnd@@UEAAXPEAUtagRECT@@I@Z 00000001745672b0     mfc100d:mfc100d.dll
 0005:000042b8       __imp_?PreCreateWindow@CWnd@@UEAAHAEAUtagCREATESTRUCTA@@@Z 00000001745672b8     mfc100d:mfc100d.dll
 0005:000042c0       __imp_?DestroyWindow@CWnd@@UEAAHXZ 00000001745672c0     mfc100d:mfc100d.dll
 0005:000042c8       __imp_?CreateEx@CWnd@@UEAAHKPEBD0KHHHHPEAUHWND__@@PEAUHMENU__@@PEAX@Z 00000001745672c8     mfc100d:mfc100d.dll
 0005:000042d0       __imp_?CreateEx@CWnd@@UEAAHKPEBD0KAEBUtagRECT@@PEAV1@IPEAX@Z 00000001745672d0     mfc100d:mfc100d.dll
 0005:000042d8       __imp_?Create@CWnd@@UEAAHPEBD0KAEBUtagRECT@@PEAV1@IPEAUCCreateContext@@@Z 00000001745672d8     mfc100d:mfc100d.dll
 0005:000042e0       __imp_?PreSubclassWindow@CWnd@@UEAAXXZ 00000001745672e0     mfc100d:mfc100d.dll
 0005:000042e8       __imp_?GetInterfaceMap@CWnd@@MEBAPEBUAFX_INTERFACEMAP@@XZ 00000001745672e8     mfc100d:mfc100d.dll
 0005:000042f0       __imp_?OnFinalRelease@CWnd@@UEAAXXZ 00000001745672f0     mfc100d:mfc100d.dll
 0005:000042f8       __imp_?OnCmdMsg@CDialog@@UEAAHIHPEAXPEAUAFX_CMDHANDLERINFO@@@Z 00000001745672f8     mfc100d:mfc100d.dll
 0005:00004300       __imp_?Dump@CDialog@@UEBAXAEAVCDumpContext@@@Z 0000000174567300     mfc100d:mfc100d.dll
 0005:00004308       __imp_?AssertValid@CDialog@@UEBAXXZ 0000000174567308     mfc100d:mfc100d.dll
 0005:00004310       __imp_?GetRuntimeClass@CDialog@@UEBAPEAUCRuntimeClass@@XZ 0000000174567310     mfc100d:mfc100d.dll
 0005:00004318       __imp_??0CDialog@@QEAA@IPEAVCWnd@@@Z 0000000174567318     mfc100d:mfc100d.dll
 0005:00004320       __imp_??1?$CStringT@DV?$StrTraitMFC_DLL@DV?$ChTraitsCRT@D@ATL@@@@@ATL@@QEAA@XZ 0000000174567320     mfc100d:mfc100d.dll
 0005:00004328       __imp_??1CComboBox@@UEAA@XZ 0000000174567328     mfc100d:mfc100d.dll
 0005:00004330       __imp_??1CButton@@UEAA@XZ  0000000174567330     mfc100d:mfc100d.dll
 0005:00004338       __imp_??1CEdit@@UEAA@XZ    0000000174567338     mfc100d:mfc100d.dll
 0005:00004340       __imp_??1CStatic@@UEAA@XZ  0000000174567340     mfc100d:mfc100d.dll
 0005:00004348       __imp_??1CDialog@@UEAA@XZ  0000000174567348     mfc100d:mfc100d.dll
 0005:00004350       __imp_?AfxEnableControlContainer@@YAXPEAVCOccManager@@@Z 0000000174567350     mfc100d:mfc100d.dll
 0005:00004358       __imp_?DoModal@CDialog@@UEAA_JXZ 0000000174567358     mfc100d:mfc100d.dll
 0005:00004360       __imp_??1CWinApp@@UEAA@XZ  0000000174567360     mfc100d:mfc100d.dll
 0005:00004368       __imp_??3CObject@@SAXPEAX@Z 0000000174567368     mfc100d:mfc100d.dll
 0005:00004370       __imp_?LoadSysPolicies@CWinApp@@UEAAHXZ 0000000174567370     mfc100d:mfc100d.dll
 0005:00004378       __imp_?LoadAppLangResourceDLL@CWinApp@@UEAAPEAUHINSTANCE__@@XZ 0000000174567378     mfc100d:mfc100d.dll
 0005:00004380       __imp_?RestartInstance@CWinApp@@UEAAHXZ 0000000174567380     mfc100d:mfc100d.dll
 0005:00004388       __imp_?IsTaskbarInteractionEnabled@CWinApp@@UEAAHXZ 0000000174567388     mfc100d:mfc100d.dll
 0005:00004390       __imp_?GetDataRecoveryHandler@CWinApp@@UEAAPEAVCDataRecoveryHandler@@XZ 0000000174567390     mfc100d:mfc100d.dll
 0005:00004398       __imp_?ApplicationRecoveryCallback@CWinApp@@UEAAKPEAX@Z 0000000174567398     mfc100d:mfc100d.dll
 0005:000043a0       __imp_?RegisterWithRestartManager@CWinApp@@UEAAJHAEBV?$CStringT@DV?$StrTraitMFC_DLL@DV?$ChTraitsCRT@D@ATL@@@@@ATL@@@Z 00000001745673a0     mfc100d:mfc100d.dll
 0005:000043a8       __imp_?RegisterWithRestartManager@CWinApp@@UEAAJPEB_WKP6AKPEAX@Z1KK@Z 00000001745673a8     mfc100d:mfc100d.dll
 0005:000043b0       __imp_?WinHelpInternal@CWinApp@@UEAAX_KI@Z 00000001745673b0     mfc100d:mfc100d.dll
 0005:000043b8       __imp_?HtmlHelpA@CWinApp@@UEAAX_KI@Z 00000001745673b8     mfc100d:mfc100d.dll
 0005:000043c0       __imp_?WinHelpA@CWinApp@@UEAAX_KI@Z 00000001745673c0     mfc100d:mfc100d.dll
 0005:000043c8       __imp_?OnDDECommand@CWinApp@@UEAAHPEAD@Z 00000001745673c8     mfc100d:mfc100d.dll
 0005:000043d0       __imp_?DoWaitCursor@CWinApp@@UEAAXH@Z 00000001745673d0     mfc100d:mfc100d.dll
 0005:000043d8       __imp_?DoMessageBox@CWinApp@@UEAAHPEBDII@Z 00000001745673d8     mfc100d:mfc100d.dll
 0005:000043e0       __imp_?SaveAllModified@CWinApp@@UEAAHXZ 00000001745673e0     mfc100d:mfc100d.dll
 0005:000043e8       __imp_?InitApplication@CWinApp@@UEAAHXZ 00000001745673e8     mfc100d:mfc100d.dll
 0005:000043f0       __imp_?AddToRecentFileList@CWinApp@@UEAAXPEBD@Z 00000001745673f0     mfc100d:mfc100d.dll
 0005:000043f8       __imp_?OpenDocumentFile@CWinApp@@UEAAPEAVCDocument@@PEBD@Z 00000001745673f8     mfc100d:mfc100d.dll
 0005:00004400       __imp_?OpenDocumentFile@CWinApp@@UEAAPEAVCDocument@@PEBDH@Z 0000000174567400     mfc100d:mfc100d.dll
 0005:00004408       __imp_?Unregister@CWinApp@@UEAAHXZ 0000000174567408     mfc100d:mfc100d.dll
 0005:00004410       __imp_?Register@CWinApp@@UEAAHXZ 0000000174567410     mfc100d:mfc100d.dll
 0005:00004418       __imp_?InitLibId@CWinApp@@UEAAXXZ 0000000174567418     mfc100d:mfc100d.dll
 0005:00004420       __imp_?WriteProfileBinary@CWinApp@@UEAAHPEBD0PEAEI@Z 0000000174567420     mfc100d:mfc100d.dll
 0005:00004428       __imp_?GetProfileBinary@CWinApp@@UEAAHPEBD0PEAPEAEPEAI@Z 0000000174567428     mfc100d:mfc100d.dll
 0005:00004430       __imp_?WriteProfileStringA@CWinApp@@UEAAHPEBD00@Z 0000000174567430     mfc100d:mfc100d.dll
 0005:00004438       __imp_?GetProfileStringA@CWinApp@@UEAA?AV?$CStringT@DV?$StrTraitMFC_DLL@DV?$ChTraitsCRT@D@ATL@@@@@ATL@@PEBD00@Z 0000000174567438     mfc100d:mfc100d.dll
 0005:00004440       __imp_?WriteProfileInt@CWinApp@@UEAAHPEBD0H@Z 0000000174567440     mfc100d:mfc100d.dll
 0005:00004448       __imp_??2@YAPEAX_KPEBDH@Z  0000000174567448     mfc100d:mfc100d.dll
 0005:00004450       __imp_??0CMenu@@QEAA@XZ    0000000174567450     mfc100d:mfc100d.dll
 0005:00004458       __imp_?LoadMenuA@CMenu@@QEAAHI@Z 0000000174567458     mfc100d:mfc100d.dll
 0005:00004460       __imp_?GetSubMenu@CMenu@@QEBAPEAV1@H@Z 0000000174567460     mfc100d:mfc100d.dll
 0005:00004468       __imp_?SetForegroundWindow@CWnd@@QEAAHXZ 0000000174567468     mfc100d:mfc100d.dll
 0005:00004470       __imp_?TrackPopupMenu@CMenu@@QEAAHIHHPEAVCWnd@@PEBUtagRECT@@@Z 0000000174567470     mfc100d:mfc100d.dll
 0005:00004478       __imp_?PostMessageA@CWnd@@QEAAHI_K_J@Z 0000000174567478     mfc100d:mfc100d.dll
 0005:00004480       __imp_?DestroyMenu@CMenu@@QEAAHXZ 0000000174567480     mfc100d:mfc100d.dll
 0005:00004488       __imp_??1CMenu@@UEAA@XZ    0000000174567488     mfc100d:mfc100d.dll
 0005:00004490       __imp_?DDX_Control@@YAXPEAVCDataExchange@@HAEAVCWnd@@@Z 0000000174567490     mfc100d:mfc100d.dll
 0005:00004498       __imp_??0CStatic@@QEAA@XZ  0000000174567498     mfc100d:mfc100d.dll
 0005:000044a0       __imp_??0?$CStringT@DV?$StrTraitMFC_DLL@DV?$ChTraitsCRT@D@ATL@@@@@ATL@@QEAA@XZ 00000001745674a0     mfc100d:mfc100d.dll
 0005:000044a8       __imp_??0CButton@@QEAA@XZ  00000001745674a8     mfc100d:mfc100d.dll
 0005:000044b0       __imp_?GetProfileIntA@CWinApp@@UEAAIPEBD0H@Z 00000001745674b0     mfc100d:mfc100d.dll
 0005:000044b8       __imp_?Delete@CWinThread@@UEAAXXZ 00000001745674b8     mfc100d:mfc100d.dll
 0005:000044c0       __imp_?GetMainWnd@CWinThread@@UEAAPEAVCWnd@@XZ 00000001745674c0     mfc100d:mfc100d.dll
 0005:000044c8       __imp_?ProcessMessageFilter@CWinThread@@UEAAHHPEAUtagMSG@@@Z 00000001745674c8     mfc100d:mfc100d.dll
 0005:000044d0       __imp_?ProcessWndProcException@CWinApp@@UEAA_JPEAVCException@@PEBUtagMSG@@@Z 00000001745674d0     mfc100d:mfc100d.dll
 0005:000044d8       __imp_?ExitInstance@CWinApp@@UEAAHXZ 00000001745674d8     mfc100d:mfc100d.dll
 0005:000044e0       __imp_?IsIdleMessage@CWinThread@@UEAAHPEAUtagMSG@@@Z 00000001745674e0     mfc100d:mfc100d.dll
 0005:000044e8       __imp_?OnIdle@CWinApp@@UEAAHJ@Z 00000001745674e8     mfc100d:mfc100d.dll
 0005:000044f0       __imp_?PumpMessage@CWinThread@@UEAAHXZ 00000001745674f0     mfc100d:mfc100d.dll
 0005:000044f8       __imp_?PreTranslateMessage@CWinThread@@UEAAHPEAUtagMSG@@@Z 00000001745674f8     mfc100d:mfc100d.dll
 0005:00004500       __imp_?Run@CWinApp@@UEAAHXZ 0000000174567500     mfc100d:mfc100d.dll
 0005:00004508       __imp_?GetConnectionHook@CCmdTarget@@MEAAPEAUIConnectionPoint@@AEBU_GUID@@@Z 0000000174567508     mfc100d:mfc100d.dll
 0005:00004510       __imp_?GetExtraConnectionPoints@CCmdTarget@@MEAAHPEAVCPtrArray@@@Z 0000000174567510     mfc100d:mfc100d.dll
 0005:00004518       __imp_?GetInterfaceHook@CCmdTarget@@UEAAPEAUIUnknown@@PEBX@Z 0000000174567518     mfc100d:mfc100d.dll
 0005:00004520       __imp_?OnCreateAggregates@CCmdTarget@@UEAAHXZ 0000000174567520     mfc100d:mfc100d.dll
 0005:00004528       __imp_?GetEventSinkMap@CCmdTarget@@MEBAPEBUAFX_EVENTSINKMAP@@XZ 0000000174567528     mfc100d:mfc100d.dll
 0005:00004530       __imp_?GetInterfaceMap@CCmdTarget@@MEBAPEBUAFX_INTERFACEMAP@@XZ 0000000174567530     mfc100d:mfc100d.dll
 0005:00004538       __imp_?GetConnectionMap@CCmdTarget@@MEBAPEBUAFX_CONNECTIONMAP@@XZ 0000000174567538     mfc100d:mfc100d.dll
 0005:00004540       __imp_?AfxWinMain@@YAHPEAUHINSTANCE__@@0PEADH@Z 0000000174567540     mfc100d:mfc100d.dll
 0005:00004548       __imp_?GetDispatchMap@CCmdTarget@@MEBAPEBUAFX_DISPMAP@@XZ 0000000174567548     mfc100d:mfc100d.dll
 0005:00004550       __imp_?GetCommandMap@CCmdTarget@@MEBAPEBUAFX_OLECMDMAP@@XZ 0000000174567550     mfc100d:mfc100d.dll
 0005:00004558       __imp_?GetTypeLib@CCmdTarget@@UEAAJKPEAPEAUITypeLib@@@Z 0000000174567558     mfc100d:mfc100d.dll
 0005:00004560       __imp_?EnableMenuItem@CMenu@@QEAAIII@Z 0000000174567560     mfc100d:mfc100d.dll
 0005:00004568       __imp_?SetIcon@CWnd@@QEAAPEAUHICON__@@PEAU2@H@Z 0000000174567568     mfc100d:mfc100d.dll
 0005:00004570       __imp_?GetBuffer@?$CSimpleStringT@D$00@ATL@@QEAAPEADXZ 0000000174567570     mfc100d:mfc100d.dll
 0005:00004578       __imp_?Format@?$CStringT@DV?$StrTraitMFC_DLL@DV?$ChTraitsCRT@D@ATL@@@@@ATL@@QEAAXPEBDZZ 0000000174567578     mfc100d:mfc100d.dll
 0005:00004580       __imp_?GetClientRect@CWnd@@QEBAXPEAUtagRECT@@@Z 0000000174567580     mfc100d:mfc100d.dll
 0005:00004588       __imp_?AfxGetInstanceHandle@@YAPEAUHINSTANCE__@@XZ 0000000174567588     mfc100d:mfc100d.dll
 0005:00004590       __imp_?EndDialog@CDialog@@QEAAXH@Z 0000000174567590     mfc100d:mfc100d.dll
 0005:00004598       __imp_?SetTimer@CWnd@@QEAA_K_KIP6AXPEAUHWND__@@I0K@Z@Z 0000000174567598     mfc100d:mfc100d.dll
 0005:000045a0       __imp_?ModifyStyle@CWnd@@QEAAHKKI@Z 00000001745675a0     mfc100d:mfc100d.dll
 0005:000045a8       __imp_?ShowWindow@CWnd@@QEAAHH@Z 00000001745675a8     mfc100d:mfc100d.dll
 0005:000045b0       __imp_?GetDlgItem@CWnd@@QEBAPEAV1@H@Z 00000001745675b0     mfc100d:mfc100d.dll
 0005:000045b8       __imp_?MoveWindow@CWnd@@QEAAXHHHHH@Z 00000001745675b8     mfc100d:mfc100d.dll
 0005:000045c0       __imp_??3@YAXPEAXPEBDH@Z   00000001745675c0     mfc100d:mfc100d.dll
 0005:000045c8       __imp_?Left@?$CStringT@DV?$StrTraitMFC_DLL@DV?$ChTraitsCRT@D@ATL@@@@@ATL@@QEBA?AV12@H@Z 00000001745675c8     mfc100d:mfc100d.dll
 0005:000045d0       __imp_??0CFileFind@@QEAA@XZ 00000001745675d0     mfc100d:mfc100d.dll
 0005:000045d8       __imp_?FindFile@CFileFind@@UEAAHPEBDK@Z 00000001745675d8     mfc100d:mfc100d.dll
 0005:000045e0       __imp_?FindNextFileA@CFileFind@@UEAAHXZ 00000001745675e0     mfc100d:mfc100d.dll
 0005:000045e8       __imp_?IsDots@CFileFind@@UEBAHXZ 00000001745675e8     mfc100d:mfc100d.dll
 0005:000045f0       __imp_?EndModalState@CWnd@@UEAAXXZ 00000001745675f0     mfc100d:mfc100d.dll
 0005:000045f8       __imp_?IsDirectory@CFileFind@@QEBAHXZ 00000001745675f8     mfc100d:mfc100d.dll
 0005:00004600       __imp_??2@YAPEAX_K@Z       0000000174567600     mfc100d:mfc100d.dll
 0005:00004608       __imp_?GetTypeLibCache@CCmdTarget@@UEAAPEAVCTypeLibCache@@XZ 0000000174567608     mfc100d:mfc100d.dll
 0005:00004610       __imp_?GetTypeInfoCount@CCmdTarget@@UEAAIXZ 0000000174567610     mfc100d:mfc100d.dll
 0005:00004618       __imp_?GetDispatchIID@CCmdTarget@@UEAAHPEAU_GUID@@@Z 0000000174567618     mfc100d:mfc100d.dll
 0005:00004620       __imp_?IsInvokeAllowed@CCmdTarget@@UEAAHJ@Z 0000000174567620     mfc100d:mfc100d.dll
 0005:00004628       __imp_?OnFinalRelease@CCmdTarget@@UEAAXXZ 0000000174567628     mfc100d:mfc100d.dll
 0005:00004630       __imp_?OnCmdMsg@CCmdTarget@@UEAAHIHPEAXPEAUAFX_CMDHANDLERINFO@@@Z 0000000174567630     mfc100d:mfc100d.dll
 0005:00004638       __imp_?Dump@CWinApp@@UEBAXAEAVCDumpContext@@@Z 0000000174567638     mfc100d:mfc100d.dll
 0005:00004640       __imp_?AssertValid@CWinApp@@UEBAXXZ 0000000174567640     mfc100d:mfc100d.dll
 0005:00004648       __imp_?Serialize@CObject@@UEAAXAEAVCArchive@@@Z 0000000174567648     mfc100d:mfc100d.dll
 0005:00004650       __imp_?GetRuntimeClass@CWinApp@@UEBAPEAUCRuntimeClass@@XZ 0000000174567650     mfc100d:mfc100d.dll
 0005:00004658       __imp_??0CWinApp@@QEAA@PEBD@Z 0000000174567658     mfc100d:mfc100d.dll
 0005:00004660       __imp_?GetThisMessageMap@CWinApp@@KAPEBUAFX_MSGMAP@@XZ 0000000174567660     mfc100d:mfc100d.dll
 0005:00004668       __imp_??3@YAXPEAX@Z        0000000174567668     mfc100d:mfc100d.dll
 0005:00004670       __imp_?AfxAssertFailedLine@@YAHPEBDH@Z 0000000174567670     mfc100d:mfc100d.dll
 0005:00004678       __imp_??0?$CStringT@DV?$StrTraitMFC_DLL@DV?$ChTraitsCRT@D@ATL@@@@@ATL@@QEAA@AEBV01@@Z 0000000174567678     mfc100d:mfc100d.dll
 0005:00004680       __imp_??Y?$CStringT@DV?$StrTraitMFC_DLL@DV?$ChTraitsCRT@D@ATL@@@@@ATL@@QEAAAEAV01@AEBV?$CSimpleStringT@D$00@1@@Z 0000000174567680     mfc100d:mfc100d.dll
 0005:00004688       __imp_?SetWindowTextA@CWnd@@QEAAXPEBD@Z 0000000174567688     mfc100d:mfc100d.dll
 0005:00004690       __imp_?GetLength@?$CSimpleStringT@D$00@ATL@@QEBAHXZ 0000000174567690     mfc100d:mfc100d.dll
 0005:00004698       __imp_??0CFile@@QEAA@XZ    0000000174567698     mfc100d:mfc100d.dll
 0005:000046a0       __imp_??B?$CSimpleStringT@D$00@ATL@@QEBAPEBDXZ 00000001745676a0     mfc100d:mfc100d.dll
 0005:000046a8       __imp_?Open@CFile@@UEAAHPEBDIPEAVCFileException@@@Z 00000001745676a8     mfc100d:mfc100d.dll
 0005:000046b0       __imp_?Write@CFile@@UEAAXPEBXI@Z 00000001745676b0     mfc100d:mfc100d.dll
 0005:000046b8       __imp_?put_accValue@CWnd@@UEAAJUtagVARIANT@@PEA_W@Z 00000001745676b8     mfc100d:mfc100d.dll
 0005:000046c0       __imp_?Close@CFile@@UEAAXXZ 00000001745676c0     mfc100d:mfc100d.dll
 0005:000046c8       __imp_??0CEdit@@QEAA@XZ    00000001745676c8     mfc100d:mfc100d.dll
 0005:000046d0       __imp_??0CComboBox@@QEAA@XZ 00000001745676d0     mfc100d:mfc100d.dll
 0005:000046d8       __imp_??0?$CStringT@DV?$StrTraitMFC_DLL@DV?$ChTraitsCRT@D@ATL@@@@@ATL@@QEAA@PEBD@Z 00000001745676d8     mfc100d:mfc100d.dll
 0005:000046e0       __imp_?AfxGetApp@@YAPEAVCWinApp@@XZ 00000001745676e0     mfc100d:mfc100d.dll
 0005:000046e8       __imp_?LoadIconA@CWinApp@@QEBAPEAUHICON__@@I@Z 00000001745676e8     mfc100d:mfc100d.dll
 0005:000046f0       __imp_??4?$CStringT@DV?$StrTraitMFC_DLL@DV?$ChTraitsCRT@D@ATL@@@@@ATL@@QEAAAEAV01@PEBD@Z 00000001745676f0     mfc100d:mfc100d.dll
 0005:000046f8       __imp_?GetThisMessageMap@CDialog@@KAPEBUAFX_MSGMAP@@XZ 00000001745676f8     mfc100d:mfc100d.dll
 0005:00004700       __imp_?DoDataExchange@CWnd@@MEAAXPEAVCDataExchange@@@Z 0000000174567700     mfc100d:mfc100d.dll
 0005:00004708       __imp_?PreInitDialog@CDialog@@MEAAXXZ 0000000174567708     mfc100d:mfc100d.dll
 0005:00004710       __imp_?OnCancel@CDialog@@MEAAXXZ 0000000174567710     mfc100d:mfc100d.dll
 0005:00004718       __imp_?OnOK@CDialog@@MEAAXXZ 0000000174567718     mfc100d:mfc100d.dll
 0005:00004720       __imp_?OnSetFont@CDialog@@UEAAXPEAVCFont@@@Z 0000000174567720     mfc100d:mfc100d.dll
 0005:00004728       __imp_?OnInitDialog@CDialog@@UEAAHXZ 0000000174567728     mfc100d:mfc100d.dll
 0005:00004730       __imp_?CreateIndirect@CDialog@@UEAAHPEBUDLGTEMPLATE@@PEAVCWnd@@PEAX@Z 0000000174567730     mfc100d:mfc100d.dll
 0005:00004738       __imp_?CreateIndirect@CDialog@@UEAAHPEAXPEAVCWnd@@@Z 0000000174567738     mfc100d:mfc100d.dll
 0005:00004740       __imp_?Create@CDialog@@UEAAHPEBDPEAVCWnd@@@Z 0000000174567740     mfc100d:mfc100d.dll
 0005:00004748       __imp_?Create@CDialog@@UEAAHIPEAVCWnd@@@Z 0000000174567748     mfc100d:mfc100d.dll
 0005:00004750       __imp_?GetOccDialogInfo@CDialog@@MEAAPEAU_AFX_OCC_DIALOG_INFO@@XZ 0000000174567750     mfc100d:mfc100d.dll
 0005:00004758       __imp_?SetOccDialogInfo@CDialog@@MEAAHPEAU_AFX_OCC_DIALOG_INFO@@@Z 0000000174567758     mfc100d:mfc100d.dll
 0005:00004760       __imp_?CreateControlSite@CWnd@@MEAAHPEAVCOleControlContainer@@PEAPEAVCOleControlSite@@IAEBU_GUID@@@Z 0000000174567760     mfc100d:mfc100d.dll
 0005:00004768       __imp_?CreateControlContainer@CWnd@@MEAAHPEAPEAVCOleControlContainer@@@Z 0000000174567768     mfc100d:mfc100d.dll
 0005:00004770       __imp_?IsFrameWnd@CWnd@@UEBAHXZ 0000000174567770     mfc100d:mfc100d.dll
 0005:00004778       __imp_?CheckAutoCenter@CDialog@@UEAAHXZ 0000000174567778     mfc100d:mfc100d.dll
 0005:00004780       __imp_?OnGesturePressAndTap@CWnd@@MEAAHVCPoint@@J@Z 0000000174567780     mfc100d:mfc100d.dll
 0005:00004788       __imp_?OnGestureTwoFingerTap@CWnd@@MEAAHVCPoint@@@Z 0000000174567788     mfc100d:mfc100d.dll
 0005:00004790       __imp_?OnGestureRotate@CWnd@@MEAAHVCPoint@@N@Z 0000000174567790     mfc100d:mfc100d.dll
 0005:00004798       __imp_?BeginModalState@CWnd@@UEAAXXZ 0000000174567798     mfc100d:mfc100d.dll
 0005:000047a0       __imp_?OnGesturePan@CWnd@@MEAAHVCPoint@@0@Z 00000001745677a0     mfc100d:mfc100d.dll
 0005:000047a8       __imp_?get_accName@CWnd@@UEAAJUtagVARIANT@@PEAPEA_W@Z 00000001745677a8     mfc100d:mfc100d.dll
 0005:000047b0       __imp_?AfxGetModuleState@@YAPEAVAFX_MODULE_STATE@@XZ 00000001745677b0     mfc100d:mfc100d.dll
 0005:000047b8       \177mfc100d_NULL_THUNK_DATA 00000001745677b8     mfc100d:mfc100d.dll
 0005:00004a10       __imp_CreateStreamOnHGlobal 0000000174567a10     ole32:ole32.dll
 0005:00004a18       \177ole32_NULL_THUNK_DATA  0000000174567a18     ole32:ole32.dll

 entry point at        0001:000149e0

