 GigeCameraDemo

 Timestamp is 5b0524d6 (Wed May 23 16:22:46 2018)

 Preferred load address is 0000000140000000

 Start         Length     Name                   Class
 0001:00000000 00021dcfH .text                   CODE
 0001:00021dd0 00002c69H .text$x                 CODE
 0001:00024a40 000018bcH .text$yc                CODE
 0001:00026300 000010d5H .text$yd                CODE
 0002:00000000 00000109H .CRT$XCA                DATA
 0002:00000110 00000109H .CRT$XCAA               DATA
 0002:00000220 0000011cH .CRT$XCC                DATA
 0002:00000340 00000220H .CRT$XCL                DATA
 0002:00000560 0000013fH .CRT$XCU                DATA
 0002:000006a0 00000109H .CRT$XCZ                DATA
 0002:000007b0 00000109H .CRT$XIA                DATA
 0002:000008c0 00000109H .CRT$XIAA               DATA
 0002:000009d0 00000109H .CRT$XIY                DATA
 0002:00000ae0 00000109H .CRT$XIZ                DATA
 0002:00000bf0 000091c7H .rdata                  DATA
 0002:00009db8 000001a9H .rdata$debug            DATA
 0002:00009f68 00001128H .rdata$r                DATA
 0002:0000b090 00000109H .rtc$IAA                DATA
 0002:0000b1a0 00000109H .rtc$IZZ                DATA
 0002:0000b2b0 00000109H .rtc$TAA                DATA
 0002:0000b3c0 00000109H .rtc$TZZ                DATA
 0002:0000b4d0 00002b10H .xdata                  DATA
 0002:0000dfe0 00000164H .xdata$x                DATA
 0002:0000e148 00000109H ATL$__a                 DATA
 0002:0000e258 00000109H ATL$__z                 DATA
 0002:0000e361 00000000H .edata                  DATA
 0003:00000000 00000744H .data                   DATA
 0003:00000750 345271b0H .bss                    DATA
 0004:00000000 00001e3cH .pdata                  DATA
 0005:00000000 0000012cH .idata$2                DATA
 0005:0000012c 00000014H .idata$3                DATA
 0005:00000140 000024b8H .idata$4                DATA
 0005:000025f8 000024b8H .idata$5                DATA
 0005:00004ab0 00004997H .idata$6                DATA
 0006:00000000 00001253H .rsrc$01                DATA
 0006:00001260 000ca613H .rsrc$02                DATA

  Address         Publics by Value              Rva+Base               Lib:Object

 0000:00000000       ___safe_se_handler_table   0000000000000000     <absolute>
 0000:00000000       ___safe_se_handler_count   0000000000000000     <absolute>
 0000:00000000       __ImageBase                0000000140000000     <linker-defined>
 0001:00000a00       ?_AfxInitManaged@@YAHXZ    0000000140001a00 f i GigeCameraDemo.obj
 0001:00000a10       ??_H@YAXPEAX_KHP6APEAX0@Z@Z 0000000140001a10 f i GigeCameraDemo.obj
 0001:00000a80       ?GetMessageMap@CGigeCameraDemoApp@@MEBAPEBUAFX_MSGMAP@@XZ 0000000140001a80 f   GigeCameraDemo.obj
 0001:00000aa0       ?GetThisMessageMap@CGigeCameraDemoApp@@KAPEBUAFX_MSGMAP@@XZ 0000000140001aa0 f   GigeCameraDemo.obj
 0001:00000ab0       ??0CGigeCameraDemoApp@@QEAA@XZ 0000000140001ab0 f   GigeCameraDemo.obj
 0001:00000af0       ?InitInstance@CGigeCameraDemoApp@@UEAAHXZ 0000000140001af0 f   GigeCameraDemo.obj
 0001:00000bd0       ?SupportsRestartManager@CWinApp@@UEBAHXZ 0000000140001bd0 f i GigeCameraDemo.obj
 0001:00000bf0       ?SupportsApplicationRecovery@CWinApp@@UEBAHXZ 0000000140001bf0 f i GigeCameraDemo.obj
 0001:00000c10       ?SupportsAutosaveAtRestart@CWinApp@@UEBAHXZ 0000000140001c10 f i GigeCameraDemo.obj
 0001:00000c30       ?SupportsAutosaveAtInterval@CWinApp@@UEBAHXZ 0000000140001c30 f i GigeCameraDemo.obj
 0001:00000c50       ?ReopenPreviousFilesAtRestart@CWinApp@@UEBAHXZ 0000000140001c50 f i GigeCameraDemo.obj
 0001:00000c70       ?RestoreAutosavedFilesAtRestart@CWinApp@@UEBAHXZ 0000000140001c70 f i GigeCameraDemo.obj
 0001:00000c90       ?GetApplicationRestartFlags@CWinApp@@UEAAKXZ 0000000140001c90 f i GigeCameraDemo.obj
 0001:00000ca0       ?GetApplicationRecoveryParameter@CWinApp@@UEAAPEAXXZ 0000000140001ca0 f i GigeCameraDemo.obj
 0001:00000cb0       ?GetApplicationRecoveryPingInterval@CWinApp@@UEAAKXZ 0000000140001cb0 f i GigeCameraDemo.obj
 0001:00000cc0       ??_GCGigeCameraDemoApp@@UEAAPEAXI@Z 0000000140001cc0 f i GigeCameraDemo.obj
 0001:00000cc0       ??_ECGigeCameraDemoApp@@UEAAPEAXI@Z 0000000140001cc0 f i GigeCameraDemo.obj
 0001:00000d10       ??1CGigeCameraDemoApp@@UEAA@XZ 0000000140001d10 f i GigeCameraDemo.obj
 0001:00000d30       ??1CGigeCameraDemoDlg@@UEAA@XZ 0000000140001d30 f i GigeCameraDemo.obj
 0001:00001030       ??0Thank_you@Define_the_symbol__ATL_MIXED@@QEAA@XZ 0000000140002030 f i GigeCameraDemo.obj
 0001:00001050       ?one@Thank_you@Define_the_symbol__ATL_MIXED@@UEAAXXZ 0000000140002050 f i GigeCameraDemo.obj
 0001:00001060       ??0CAboutDlg@@QEAA@XZ      0000000140002060 f   GigeCameraDemoDlg.obj
 0001:000010a0       ?DoDataExchange@CAboutDlg@@MEAAXPEAVCDataExchange@@@Z 00000001400020a0 f   GigeCameraDemoDlg.obj
 0001:000010d0       ?GetMessageMap@CAboutDlg@@MEBAPEBUAFX_MSGMAP@@XZ 00000001400020d0 f   GigeCameraDemoDlg.obj
 0001:000010f0       ?GetThisMessageMap@CAboutDlg@@KAPEBUAFX_MSGMAP@@XZ 00000001400020f0 f   GigeCameraDemoDlg.obj
 0001:00001100       ??0CGigeCameraDemoDlg@@QEAA@PEAVCWnd@@@Z 0000000140002100 f   GigeCameraDemoDlg.obj
 0001:00001af0       ?DoDataExchange@CGigeCameraDemoDlg@@MEAAXPEAVCDataExchange@@@Z 0000000140002af0 f   GigeCameraDemoDlg.obj
 0001:00001b70       ?GetMessageMap@CGigeCameraDemoDlg@@MEBAPEBUAFX_MSGMAP@@XZ 0000000140002b70 f   GigeCameraDemoDlg.obj
 0001:00001b90       ?GetThisMessageMap@CGigeCameraDemoDlg@@KAPEBUAFX_MSGMAP@@XZ 0000000140002b90 f   GigeCameraDemoDlg.obj
 0001:00001ba0       ?onShowTask@CGigeCameraDemoDlg@@IEAA_J_K_J@Z 0000000140002ba0 f   GigeCameraDemoDlg.obj
 0001:00001cf0       ?PushImageToMyBuffer@@YA_NQEAUtag_BuffNode@@PEADHHHHH@Z 0000000140002cf0 f   GigeCameraDemoDlg.obj
 0001:00001d10       ?PushImageToMyBuffer_1@@YA_NQEAUtag_BuffNode@@PEADHHHHH@Z 0000000140002d10 f   GigeCameraDemoDlg.obj
 0001:00001ef0       ?PushImageToMyBuffer_2@@YA_NQEAUtag_BuffNode@@PEADHHHHH@Z 0000000140002ef0 f   GigeCameraDemoDlg.obj
 0001:000020d0       ?CreateFile2@@YAHV?$CStringT@DV?$StrTraitMFC_DLL@DV?$ChTraitsCRT@D@ATL@@@@@ATL@@0H@Z 00000001400030d0 f   GigeCameraDemoDlg.obj
 0001:000021d0       ?SaveImageData@@YAKPEAX@Z  00000001400031d0 f   GigeCameraDemoDlg.obj
 0001:00002200       ?SaveImageData_1@@YAKPEAX@Z 0000000140003200 f   GigeCameraDemoDlg.obj
 0001:00002510       ?SaveImageData_2@@YAKPEAX@Z 0000000140003510 f   GigeCameraDemoDlg.obj
 0001:00002820       ?XferCallback_1@CGigeCameraDemoDlg@@SAXPEAVSapXferCallbackInfo@@@Z 0000000140003820 f   GigeCameraDemoDlg.obj
 0001:00002b30       ?XferCallback_2@CGigeCameraDemoDlg@@SAXPEAVSapXferCallbackInfo@@@Z 0000000140003b30 f   GigeCameraDemoDlg.obj
 0001:00002f60       ?PixelChanged@CGigeCameraDemoDlg@@UEAAXHH@Z 0000000140003f60 f   GigeCameraDemoDlg.obj
 0001:00003120       ?GetPathUseSpace@@YA_KPEBD@Z 0000000140004120 f   GigeCameraDemoDlg.obj
 0001:000031c0       ?GetDirFileCount@@YA_KV?$CStringT@DV?$StrTraitMFC_DLL@DV?$ChTraitsCRT@D@ATL@@@@@ATL@@@Z 00000001400041c0 f   GigeCameraDemoDlg.obj
 0001:000032c0       ?ReadFreeSpace@@YANV?$CStringT@DV?$StrTraitMFC_DLL@DV?$ChTraitsCRT@D@ATL@@@@@ATL@@@Z 00000001400042c0 f   GigeCameraDemoDlg.obj
 0001:00003410       ?OnReceiveData@CGigeCameraDemoDlg@@IEAA_J_K_J@Z 0000000140004410 f   GigeCameraDemoDlg.obj
 0001:000036f0       ?us_Delay@@YAXK@Z          00000001400046f0 f   GigeCameraDemoDlg.obj
 0001:00003780       ?CheckMessageQueue@@YAHXZ  0000000140004780 f   GigeCameraDemoDlg.obj
 0001:000037e0       ?delay_time@@YAXK@Z        00000001400047e0 f   GigeCameraDemoDlg.obj
 0001:00003880       ?OnInitDialog@CGigeCameraDemoDlg@@MEAAHXZ 0000000140004880 f   GigeCameraDemoDlg.obj
 0001:00004e90       ?IsUserAdmin@CGigeCameraDemoDlg@@QEAAHXZ 0000000140005e90 f   GigeCameraDemoDlg.obj
 0001:00004ee0       ?CreateObjects_1@CGigeCameraDemoDlg@@QEAAHXZ 0000000140005ee0 f   GigeCameraDemoDlg.obj
 0001:00005160       ?CreateObjects_2@CGigeCameraDemoDlg@@QEAAHXZ 0000000140006160 f   GigeCameraDemoDlg.obj
 0001:000053e0       ?DestroyObjects_1@CGigeCameraDemoDlg@@QEAAHXZ 00000001400063e0 f   GigeCameraDemoDlg.obj
 0001:00005510       ?DestroyObjects_2@CGigeCameraDemoDlg@@QEAAHXZ 0000000140006510 f   GigeCameraDemoDlg.obj
 0001:00005640       ?OnSysCommand@CGigeCameraDemoDlg@@IEAAXI_J@Z 0000000140006640 f   GigeCameraDemoDlg.obj
 0001:000056c0       ?OnPaint@CGigeCameraDemoDlg@@IEAAXXZ 00000001400066c0 f   GigeCameraDemoDlg.obj
 0001:00005830       ?OnDestroy@CGigeCameraDemoDlg@@IEAAXXZ 0000000140006830 f   GigeCameraDemoDlg.obj
 0001:00005d00       ?OnSize@CGigeCameraDemoDlg@@IEAAXIHH@Z 0000000140006d00 f   GigeCameraDemoDlg.obj
 0001:00006030       ?OnQueryDragIcon@CGigeCameraDemoDlg@@IEAAPEAUHICON__@@XZ 0000000140007030 f   GigeCameraDemoDlg.obj
 0001:00006050       ?OnEndSession@CGigeCameraDemoDlg@@IEAAXH@Z 0000000140007050 f   GigeCameraDemoDlg.obj
 0001:00006090       ?OnQueryEndSession@CGigeCameraDemoDlg@@IEAAHXZ 0000000140007090 f   GigeCameraDemoDlg.obj
 0001:000060c0       ?UpdateMenu@CGigeCameraDemoDlg@@QEAAXXZ 00000001400070c0 f   GigeCameraDemoDlg.obj
 0001:00006220       ?DoEvents@@YA_NXZ          0000000140007220 f   GigeCameraDemoDlg.obj
 0001:000062b0       ?OnTest@CGigeCameraDemoDlg@@IEAAXXZ 00000001400072b0 f   GigeCameraDemoDlg.obj
 0001:00006390       ?ReadParamFromIniFile@CGigeCameraDemoDlg@@QEAA_NXZ 0000000140007390 f   GigeCameraDemoDlg.obj
 0001:000069b0       ?WriteParamFileIniFile@CGigeCameraDemoDlg@@QEAA_NXZ 00000001400079b0 f   GigeCameraDemoDlg.obj
 0001:00006b20       ?OnMainitemShow@CGigeCameraDemoDlg@@QEAAXXZ 0000000140007b20 f   GigeCameraDemoDlg.obj
 0001:00006b80       ?OnMainitemHide@CGigeCameraDemoDlg@@QEAAXXZ 0000000140007b80 f   GigeCameraDemoDlg.obj
 0001:00006ba0       ?OnMainitemExit@CGigeCameraDemoDlg@@QEAAXXZ 0000000140007ba0 f   GigeCameraDemoDlg.obj
 0001:00006bd0       ?FitToWindow@CGigeCameraDemoDlg@@QEAAXPEAVSapView@@@Z 0000000140007bd0 f   GigeCameraDemoDlg.obj
 0001:00006e50       ?OnGrab@CGigeCameraDemoDlg@@IEAAXXZ 0000000140007e50 f   GigeCameraDemoDlg.obj
 0001:00007160       ?OnFreeze@CGigeCameraDemoDlg@@IEAAXXZ 0000000140008160 f   GigeCameraDemoDlg.obj
 0001:000073f0       ?OnNcPaint@CGigeCameraDemoDlg@@QEAAXXZ 00000001400083f0 f   GigeCameraDemoDlg.obj
 0001:00007410       ?OnTimer@CGigeCameraDemoDlg@@QEAAX_K@Z 0000000140008410 f   GigeCameraDemoDlg.obj
 0001:00007b90       ?OnMainitemTest@CGigeCameraDemoDlg@@QEAAXXZ 0000000140008b90 f   GigeCameraDemoDlg.obj
 0001:00007bb0       ?OnBnClickedReturn@CGigeCameraDemoDlg@@QEAAXXZ 0000000140008bb0 f   GigeCameraDemoDlg.obj
 0001:00007cf0       ?ImageFrom_IDResource@CGigeCameraDemoDlg@@QEAAXIPEBDPEAVCImage@ATL@@@Z 0000000140008cf0 f   GigeCameraDemoDlg.obj
 0001:00007df0       ?RefreshUI@CGigeCameraDemoDlg@@QEAAXXZ 0000000140008df0 f   GigeCameraDemoDlg.obj
 0001:00008c20       ?OnLButtonDown@CGigeCameraDemoDlg@@QEAAXIVCPoint@@@Z 0000000140009c20 f   GigeCameraDemoDlg.obj
 0001:00009800       ?OnEraseBkgnd@CGigeCameraDemoDlg@@QEAAHPEAVCDC@@@Z 000000014000a800 f   GigeCameraDemoDlg.obj
 0001:00009850       ?WritePosInfo@CGigeCameraDemoDlg@@QEAAXH@Z 000000014000a850 f   GigeCameraDemoDlg.obj
 0001:00009af0       ?SetUI@CGigeCameraDemoDlg@@QEAAXXZ 000000014000aaf0 f   GigeCameraDemoDlg.obj
 0001:0000a110       ?OnCreate@CGigeCameraDemoDlg@@QEAAHPEAUtagCREATESTRUCTA@@@Z 000000014000b110 f   GigeCameraDemoDlg.obj
 0001:0000a150       ?HideCursor@CGigeCameraDemoDlg@@QEAAXXZ 000000014000b150 f   GigeCameraDemoDlg.obj
 0001:0000c5d0       ??_GCAboutDlg@@UEAAPEAXI@Z 000000014000d5d0 f i GigeCameraDemoDlg.obj
 0001:0000c5d0       ??_ECAboutDlg@@UEAAPEAXI@Z 000000014000d5d0 f i GigeCameraDemoDlg.obj
 0001:0000c620       ??1CAboutDlg@@UEAA@XZ      000000014000d620 f i GigeCameraDemoDlg.obj
 0001:0000c640       ??_GCGigeCameraDemoDlg@@UEAAPEAXI@Z 000000014000d640 f i GigeCameraDemoDlg.obj
 0001:0000c640       ??_ECGigeCameraDemoDlg@@UEAAPEAXI@Z 000000014000d640 f i GigeCameraDemoDlg.obj
 0001:0000c690       ??_GSapAcqDeviceToBuf@@UEAAPEAXI@Z 000000014000d690 f i GigeCameraDemoDlg.obj
 0001:0000c690       ??_ESapAcqDeviceToBuf@@UEAAPEAXI@Z 000000014000d690 f i GigeCameraDemoDlg.obj
 0001:0000c6e0       ??_ESapAcqDevice@@UEAAPEAXI@Z 000000014000d6e0 f i GigeCameraDemoDlg.obj
 0001:0000c6e0       ??_GSapAcqDevice@@UEAAPEAXI@Z 000000014000d6e0 f i GigeCameraDemoDlg.obj
 0001:0000c730       ??_GSapBufferWithTrash@@UEAAPEAXI@Z 000000014000d730 f i GigeCameraDemoDlg.obj
 0001:0000c730       ??_ESapBufferWithTrash@@UEAAPEAXI@Z 000000014000d730 f i GigeCameraDemoDlg.obj
 0001:0000c780       ??_GSapView@@UEAAPEAXI@Z   000000014000d780 f i GigeCameraDemoDlg.obj
 0001:0000c780       ??_ESapView@@UEAAPEAXI@Z   000000014000d780 f i GigeCameraDemoDlg.obj
 0001:0000c7d0       ?floor@@YAMM@Z             000000014000d7d0 f i GigeCameraDemoDlg.obj
 0001:0000c800       ?Load@CImage@ATL@@QEAAJPEAUIStream@@@Z 000000014000d800 f i GigeCameraDemoDlg.obj
 0001:0000c8a0       ?GetLastStatus@Image@Gdiplus@@QEBA?AW4Status@2@XZ 000000014000d8a0 f i GigeCameraDemoDlg.obj
 0001:0000c8e0       ??1Bitmap@Gdiplus@@UEAA@XZ 000000014000d8e0 f i GigeCameraDemoDlg.obj
 0001:0000c900       ??1Image@Gdiplus@@UEAA@XZ  000000014000d900 f i GigeCameraDemoDlg.obj
 0001:0000c940       ??_GImage@Gdiplus@@UEAAPEAXI@Z 000000014000d940 f i GigeCameraDemoDlg.obj
 0001:0000c940       ??_EImage@Gdiplus@@UEAAPEAXI@Z 000000014000d940 f i GigeCameraDemoDlg.obj
 0001:0000c990       ??3GdiplusBase@Gdiplus@@SAXPEAX@Z 000000014000d990 f i GigeCameraDemoDlg.obj
 0001:0000c9b0       ?Clone@Image@Gdiplus@@UEAAPEAV12@XZ 000000014000d9b0 f i GigeCameraDemoDlg.obj
 0001:0000ca60       ??2GdiplusBase@Gdiplus@@SAPEAX_K@Z 000000014000da60 f i GigeCameraDemoDlg.obj
 0001:0000ca80       ?SetStatus@Image@Gdiplus@@IEBA?AW4Status@2@W432@@Z 000000014000da80 f i GigeCameraDemoDlg.obj
 0001:0000cac0       ??0Image@Gdiplus@@IEAA@PEAVGpImage@1@W4Status@1@@Z 000000014000dac0 f i GigeCameraDemoDlg.obj
 0001:0000cb20       ?SetNativeImage@Image@Gdiplus@@IEAAXPEAVGpImage@2@@Z 000000014000db20 f i GigeCameraDemoDlg.obj
 0001:0000cb40       ??0Bitmap@Gdiplus@@QEAA@PEAUIStream@@H@Z 000000014000db40 f i GigeCameraDemoDlg.obj
 0001:0000cc00       ??0Image@Gdiplus@@IEAA@XZ  000000014000dc00 f i GigeCameraDemoDlg.obj
 0001:0000cc20       ??_EBitmap@Gdiplus@@UEAAPEAXI@Z 000000014000dc20 f i GigeCameraDemoDlg.obj
 0001:0000cc20       ??_GBitmap@Gdiplus@@UEAAPEAXI@Z 000000014000dc20 f i GigeCameraDemoDlg.obj
 0001:0000cc70       ?CreateFromGdiplusBitmap@CImage@ATL@@AEAAJAEAVBitmap@Gdiplus@@@Z 000000014000dc70 f i GigeCameraDemoDlg.obj
 0001:0000d370       ?_AtlVerifyStackAvailable@_ATL_SAFE_ALLOCA_IMPL@ATL@@YA_N_K@Z 000000014000e370 f i GigeCameraDemoDlg.obj
 0001:0000d480       ?memcpy_s@Checked@ATL@@YAXPEAX_KPEBX1@Z 000000014000e480 f i GigeCameraDemoDlg.obj
 0001:0000d4d0       ?AfxCrtErrorCheck@@YAHH@Z  000000014000e4d0 f i GigeCameraDemoDlg.obj
 0001:0000d540       ??0Rect@Gdiplus@@QEAA@HHHH@Z 000000014000e540 f i GigeCameraDemoDlg.obj
 0001:0000d5a0       ?GetPixelFormatSize@Gdiplus@@YAIH@Z 000000014000e5a0 f i GigeCameraDemoDlg.obj
 0001:0000d5c0       ?IsIndexedPixelFormat@Gdiplus@@YAHH@Z 000000014000e5c0 f i GigeCameraDemoDlg.obj
 0001:0000d600       ?IsAlphaPixelFormat@Gdiplus@@YAHH@Z 000000014000e600 f i GigeCameraDemoDlg.obj
 0001:0000d640       ??0Graphics@Gdiplus@@QEAA@PEAVImage@1@@Z 000000014000e640 f i GigeCameraDemoDlg.obj
 0001:0000d6b0       ??1Graphics@Gdiplus@@QEAA@XZ 000000014000e6b0 f i GigeCameraDemoDlg.obj
 0001:0000d6e0       ?DrawImage@Graphics@Gdiplus@@QEAA?AW4Status@2@PEAVImage@2@HH@Z 000000014000e6e0 f i GigeCameraDemoDlg.obj
 0001:0000d760       ?SetNativeGraphics@Graphics@Gdiplus@@IEAAXPEAVGpGraphics@2@@Z 000000014000e760 f i GigeCameraDemoDlg.obj
 0001:0000d780       ?SetStatus@Graphics@Gdiplus@@IEBA?AW4Status@2@W432@@Z 000000014000e780 f i GigeCameraDemoDlg.obj
 0001:0000d7c0       ?GetWidth@Image@Gdiplus@@QEAAIXZ 000000014000e7c0 f i GigeCameraDemoDlg.obj
 0001:0000d810       ?GetHeight@Image@Gdiplus@@QEAAIXZ 000000014000e810 f i GigeCameraDemoDlg.obj
 0001:0000d860       ?GetPixelFormat@Image@Gdiplus@@QEAAHXZ 000000014000e860 f i GigeCameraDemoDlg.obj
 0001:0000d8a0       ?GetPaletteSize@Image@Gdiplus@@QEAAHXZ 000000014000e8a0 f i GigeCameraDemoDlg.obj
 0001:0000d8f0       ?GetPalette@Image@Gdiplus@@QEAA?AW4Status@2@PEAUColorPalette@2@H@Z 000000014000e8f0 f i GigeCameraDemoDlg.obj
 0001:0000d940       ??0Bitmap@Gdiplus@@QEAA@HHHHPEAE@Z 000000014000e940 f i GigeCameraDemoDlg.obj
 0001:0000da00       ?LockBits@Bitmap@Gdiplus@@QEAA?AW4Status@2@PEBVRect@2@IHPEAVBitmapData@2@@Z 000000014000ea00 f i GigeCameraDemoDlg.obj
 0001:0000da70       ?UnlockBits@Bitmap@Gdiplus@@QEAA?AW4Status@2@PEAVBitmapData@2@@Z 000000014000ea70 f i GigeCameraDemoDlg.obj
 0001:0000dab0       ?Create@CImage@ATL@@QEAAHHHHK@Z 000000014000eab0 f i GigeCameraDemoDlg.obj
 0001:0000db10       ?CreateEx@CImage@ATL@@QEAAHHHHKPEBKK@Z 000000014000eb10 f i GigeCameraDemoDlg.obj
 0001:0000deb0       ?Attach@CImage@ATL@@QEAAXPEAUHBITMAP__@@W4DIBOrientation@12@@Z 000000014000eeb0 f i GigeCameraDemoDlg.obj
 0001:0000df90       ?GetBits@CImage@ATL@@QEAAPEAXXZ 000000014000ef90 f i GigeCameraDemoDlg.obj
 0001:0000e060       ?GetHeight@CImage@ATL@@QEBAHXZ 000000014000f060 f i GigeCameraDemoDlg.obj
 0001:0000e0e0       ?GetPitch@CImage@ATL@@QEBAHXZ 000000014000f0e0 f i GigeCameraDemoDlg.obj
 0001:0000e1b0       ?GetWidth@CImage@ATL@@QEBAHXZ 000000014000f1b0 f i GigeCameraDemoDlg.obj
 0001:0000e230       ?IsDIBSection@CImage@ATL@@QEBA_NXZ 000000014000f230 f i GigeCameraDemoDlg.obj
 0001:0000e250       ?SetColorTable@CImage@ATL@@QEAAXIIPEBUtagRGBQUAD@@@Z 000000014000f250 f i GigeCameraDemoDlg.obj
 0001:0000e3b0       ?GetDC@CImage@ATL@@QEBAPEAUHDC__@@XZ 000000014000f3b0 f i GigeCameraDemoDlg.obj
 0001:0000e490       ?GetDC@CDCCache@CImage@ATL@@QEAAPEAUHDC__@@XZ 000000014000f490 f i GigeCameraDemoDlg.obj
 0001:0000e510       ?IsIndexed@CImage@ATL@@QEBA_NXZ 000000014000f510 f i GigeCameraDemoDlg.obj
 0001:0000e600       ?ReleaseDC@CImage@ATL@@QEBAXXZ 000000014000f600 f i GigeCameraDemoDlg.obj
 0001:0000e730       ?ReleaseDC@CDCCache@CImage@ATL@@QEAAXPEAUHDC__@@@Z 000000014000f730 f i GigeCameraDemoDlg.obj
 0001:0000e7d0       ?UpdateBitmapInfo@CImage@ATL@@AEAAXW4DIBOrientation@12@@Z 000000014000f7d0 f i GigeCameraDemoDlg.obj
 0001:0000ea80       ?abs@@YAJJ@Z               000000014000fa80 f i GigeCameraDemoDlg.obj
 0001:0000eaa0       ?ComputePitch@CImage@ATL@@CAHHH@Z 000000014000faa0 f i GigeCameraDemoDlg.obj
 0001:0000ead0       ?InitGDIPlus@CImage@ATL@@CA_NXZ 000000014000fad0 f i GigeCameraDemoDlg.obj
 0001:0000eb00       ?Init@CInitGDIPlus@CImage@ATL@@QEAA_NXZ 000000014000fb00 f i GigeCameraDemoDlg.obj
 0001:0000ebb0       ??0GdiplusStartupInput@Gdiplus@@QEAA@P6AXW4DebugEventLevel@1@PEAD@ZHH@Z 000000014000fbb0 f i GigeCameraDemoDlg.obj
 0001:0000ec10       ??0CImage@ATL@@QEAA@XZ     000000014000fc10 f i GigeCameraDemoDlg.obj
 0001:0000ed10       ?IncreaseCImageCount@CInitGDIPlus@CImage@ATL@@QEAAXXZ 000000014000fd10 f i GigeCameraDemoDlg.obj
 0001:0000ed70       ??_GCImage@ATL@@UEAAPEAXI@Z 000000014000fd70 f i GigeCameraDemoDlg.obj
 0001:0000ed70       ??_ECImage@ATL@@UEAAPEAXI@Z 000000014000fd70 f i GigeCameraDemoDlg.obj
 0001:0000edc0       ??1CImage@ATL@@UEAA@XZ     000000014000fdc0 f i GigeCameraDemoDlg.obj
 0001:0000ee00       ?DecreaseCImageCount@CInitGDIPlus@CImage@ATL@@QEAAXXZ 000000014000fe00 f i GigeCameraDemoDlg.obj
 0001:0000ee80       ?ReleaseGDIPlus@CInitGDIPlus@CImage@ATL@@QEAAXXZ 000000014000fe80 f i GigeCameraDemoDlg.obj
 0001:0000eef0       ?Destroy@CImage@ATL@@QEAAXXZ 000000014000fef0 f i GigeCameraDemoDlg.obj
 0001:0000ef40       ?Detach@CImage@ATL@@QEAAPEAUHBITMAP__@@XZ 000000014000ff40 f i GigeCameraDemoDlg.obj
 0001:0000f0b0       ?Draw@CImage@ATL@@QEBAHPEAUHDC__@@AEBUtagRECT@@@Z 00000001400100b0 f i GigeCameraDemoDlg.obj
 0001:0000f160       ?Draw@CImage@ATL@@QEBAHPEAUHDC__@@HHHHHHHH@Z 0000000140010160 f i GigeCameraDemoDlg.obj
 0001:0000f610       ?IsTransparencySupported@CImage@ATL@@SAHXZ 0000000140010610 f i GigeCameraDemoDlg.obj
 0001:0000f620       ?GetTransparentRGB@CImage@ATL@@AEBAKXZ 0000000140010620 f i GigeCameraDemoDlg.obj
 0001:0000f760       ??0?$CAtlSafeAllocBufferManager@VCCRTAllocator@ATL@@@_ATL_SAFE_ALLOCA_IMPL@ATL@@QEAA@XZ 0000000140010760 f i GigeCameraDemoDlg.obj
 0001:0000f780       ?Allocate@?$CAtlSafeAllocBufferManager@VCCRTAllocator@ATL@@@_ATL_SAFE_ALLOCA_IMPL@ATL@@QEAAPEAX_K@Z 0000000140010780 f i GigeCameraDemoDlg.obj
 0001:0000f800       ?Allocate@CCRTAllocator@ATL@@SAPEAX_K@Z 0000000140010800 f i GigeCameraDemoDlg.obj
 0001:0000f820       ??1?$CAtlSafeAllocBufferManager@VCCRTAllocator@ATL@@@_ATL_SAFE_ALLOCA_IMPL@ATL@@QEAA@XZ 0000000140010820 f i GigeCameraDemoDlg.obj
 0001:0000f880       ?Free@CCRTAllocator@ATL@@SAXPEAX@Z 0000000140010880 f i GigeCameraDemoDlg.obj
 0001:0000f8a0       ??HATL@@YA?AV?$CStringT@DV?$StrTraitMFC_DLL@DV?$ChTraitsCRT@D@ATL@@@@@0@AEBV10@PEBD@Z 00000001400108a0 f i GigeCameraDemoDlg.obj
 0001:0000f990       ??HATL@@YA?AV?$CStringT@DV?$StrTraitMFC_DLL@DV?$ChTraitsCRT@D@ATL@@@@@0@PEBDAEBV10@@Z 0000000140010990 f i GigeCameraDemoDlg.obj
 0001:0000fa90       ?GetData@CAtlSafeAllocBufferNode@?$CAtlSafeAllocBufferManager@VCCRTAllocator@ATL@@@_ATL_SAFE_ALLOCA_IMPL@ATL@@QEAAPEAXXZ 0000000140010a90 f i GigeCameraDemoDlg.obj
 0001:0000fab0       ??$AtlAdd@_K@ATL@@YAJPEA_K_K1@Z 0000000140010ab0 f i GigeCameraDemoDlg.obj
 0001:0000fb20       HRESULT_FROM_WIN32         0000000140010b20 f i GigeCameraDemoDlg.obj
 0001:0000fb70       ??$AtlAlignUp@I@ATL@@YAIIK@Z 0000000140010b70 f i GigeCameraDemoDlg.obj
 0001:0000fba0       ??$sprintf_s@$0EAA@@@YAHAEAY0EAA@DPEBDZZ 0000000140010ba0 f i GigeCameraDemoDlg.obj
 0001:0000fc00       ??$sprintf_s@$09@@YAHAEAY09DPEBDZZ 0000000140010c00 f i GigeCameraDemoDlg.obj
 0001:0000fc60       ??$strcpy_s@$0IA@@@YAHAEAY0IA@DPEBD@Z 0000000140010c60 f i GigeCameraDemoDlg.obj
 0001:0000fca0       ??$sprintf_s@$0CAA@@@YAHAEAY0CAA@DPEBDZZ 0000000140010ca0 f i GigeCameraDemoDlg.obj
 0001:0000fd00       ??$AtlAddThrow@_K@ATL@@YA_K_K0@Z 0000000140010d00 f i GigeCameraDemoDlg.obj
 0001:0000fd50       ?AtlThrowImpl@ATL@@YAXJ@Z  0000000140010d50 f i GigeCameraDemoDlg.obj
 0001:0000fde0       ??0CTraceFileAndLineInfo@ATL@@QEAA@PEBDH@Z 0000000140010de0 f i GigeCameraDemoDlg.obj
 0001:0000fe20       ??RCTraceFileAndLineInfo@ATL@@QEBAX_KIPEBDZZ 0000000140010e20 f i GigeCameraDemoDlg.obj
 0001:0000feb0       ?TraceV@CTrace@ATL@@QEBAXPEBDH_KI0PEAD@Z 0000000140010eb0 f i GigeCameraDemoDlg.obj
 0001:0000ff20       ??BCTraceCategory@ATL@@QEBA_KXZ 0000000140010f20 f i GigeCameraDemoDlg.obj
 0001:0000ff40       ?_GetBaseClass@CInputDialog@@KAPEAUCRuntimeClass@@XZ 0000000140010f40 f   InputDialog.obj
 0001:0000ff60       ?GetThisClass@CInputDialog@@SAPEAUCRuntimeClass@@XZ 0000000140010f60 f   InputDialog.obj
 0001:0000ff70       ?GetRuntimeClass@CInputDialog@@UEBAPEAUCRuntimeClass@@XZ 0000000140010f70 f   InputDialog.obj
 0001:0000ff90       ??0CInputDialog@@QEAA@PEAVCWnd@@@Z 0000000140010f90 f   InputDialog.obj
 0001:0000ffe0       ??1CInputDialog@@UEAA@XZ   0000000140010fe0 f   InputDialog.obj
 0001:00010010       ?DoDataExchange@CInputDialog@@MEAAXPEAVCDataExchange@@@Z 0000000140011010 f   InputDialog.obj
 0001:00010060       ?GetMessageMap@CInputDialog@@MEBAPEBUAFX_MSGMAP@@XZ 0000000140011060 f   InputDialog.obj
 0001:00010080       ?GetThisMessageMap@CInputDialog@@KAPEBUAFX_MSGMAP@@XZ 0000000140011080 f   InputDialog.obj
 0001:00010090       ?OnBnClickedOk@CInputDialog@@QEAAXXZ 0000000140011090 f   InputDialog.obj
 0001:00010120       ??_GCInputDialog@@UEAAPEAXI@Z 0000000140011120 f i InputDialog.obj
 0001:00010120       ??_ECInputDialog@@UEAAPEAXI@Z 0000000140011120 f i InputDialog.obj
 0001:00010170       ?_GetBaseClass@CMessageDialog@@KAPEAUCRuntimeClass@@XZ 0000000140011170 f   MessageDialog.obj
 0001:00010190       ?GetThisClass@CMessageDialog@@SAPEAUCRuntimeClass@@XZ 0000000140011190 f   MessageDialog.obj
 0001:000101a0       ?GetRuntimeClass@CMessageDialog@@UEBAPEAUCRuntimeClass@@XZ 00000001400111a0 f   MessageDialog.obj
 0001:000101c0       ??0CMessageDialog@@QEAA@PEAVCWnd@@@Z 00000001400111c0 f   MessageDialog.obj
 0001:00010230       ??1CMessageDialog@@UEAA@XZ 0000000140011230 f   MessageDialog.obj
 0001:00010280       ?DoDataExchange@CMessageDialog@@MEAAXPEAVCDataExchange@@@Z 0000000140011280 f   MessageDialog.obj
 0001:000102b0       ?GetMessageMap@CMessageDialog@@MEBAPEBUAFX_MSGMAP@@XZ 00000001400112b0 f   MessageDialog.obj
 0001:000102d0       ?GetThisMessageMap@CMessageDialog@@KAPEBUAFX_MSGMAP@@XZ 00000001400112d0 f   MessageDialog.obj
 0001:000102e0       ?Response@CMessageDialog@@QEAA_J_K_J@Z 00000001400112e0 f   MessageDialog.obj
 0001:000103c0       ?OnCtlColor@CMessageDialog@@QEAAPEAUHBRUSH__@@PEAVCDC@@PEAVCWnd@@I@Z 00000001400113c0 f   MessageDialog.obj
 0001:00010590       ?OnEraseBkgnd@CMessageDialog@@QEAAHPEAVCDC@@@Z 0000000140011590 f   MessageDialog.obj
 0001:00010690       ?OnCreate@CMessageDialog@@QEAAHPEAUtagCREATESTRUCTA@@@Z 0000000140011690 f   MessageDialog.obj
 0001:00010710       ?OnClose@CMessageDialog@@QEAAXXZ 0000000140011710 f   MessageDialog.obj
 0001:00010750       ?OnPaint@CMessageDialog@@QEAAXXZ 0000000140011750 f   MessageDialog.obj
 0001:000107b0       ?OnBnClickedOk@CMessageDialog@@QEAAXXZ 00000001400117b0 f   MessageDialog.obj
 0001:000107d0       ?OnInitDialog@CMessageDialog@@UEAAHXZ 00000001400117d0 f   MessageDialog.obj
 0001:00010800       ?OnTimer@CMessageDialog@@QEAAX_K@Z 0000000140011800 f   MessageDialog.obj
 0001:00010830       ?OnLButtonUp@CMessageDialog@@QEAAXIVCPoint@@@Z 0000000140011830 f   MessageDialog.obj
 0001:00010a20       ??_GCMessageDialog@@UEAAPEAXI@Z 0000000140011a20 f i MessageDialog.obj
 0001:00010a20       ??_ECMessageDialog@@UEAAPEAXI@Z 0000000140011a20 f i MessageDialog.obj
 0001:00010a70       ??0CSerialPort@@QEAA@XZ    0000000140011a70 f   SerialPort.obj
 0001:00010b10       ??1CSerialPort@@UEAA@XZ    0000000140011b10 f   SerialPort.obj
 0001:00010b90       ?InitPort@CSerialPort@@QEAAHPEAVCWnd@@IIDIIKI@Z 0000000140011b90 f   SerialPort.obj
 0001:000111e0       ?CommThread@CSerialPort@@KAIPEAX@Z 00000001400121e0 f   SerialPort.obj
 0001:000114f0       ?StartMonitoring@CSerialPort@@QEAAHXZ 00000001400124f0 f   SerialPort.obj
 0001:00011580       ?RestartMonitoring@CSerialPort@@QEAAHXZ 0000000140012580 f   SerialPort.obj
 0001:000115d0       ?StopMonitoring@CSerialPort@@QEAAHXZ 00000001400125d0 f   SerialPort.obj
 0001:00011620       ?ProcessErrorMessage@CSerialPort@@IEAAXPEAD@Z 0000000140012620 f   SerialPort.obj
 0001:000116f0       ?WriteChar@CSerialPort@@KAXPEAV1@H@Z 00000001400126f0 f   SerialPort.obj
 0001:00011920       ?ReceiveChar@CSerialPort@@KAXPEAV1@U_COMSTAT@@@Z 0000000140012920 f   SerialPort.obj
 0001:00011af0       ?WriteToPort@CSerialPort@@QEAAXPEAD@Z 0000000140012af0 f   SerialPort.obj
 0001:00011b70       ?WriteToPort@CSerialPort@@QEAAXPEADH@Z 0000000140012b70 f   SerialPort.obj
 0001:00011c30       ?GetDCB@CSerialPort@@QEAA?AU_DCB@@XZ 0000000140012c30 f   SerialPort.obj
 0001:00011c80       ?GetCommEvents@CSerialPort@@QEAAKXZ 0000000140012c80 f   SerialPort.obj
 0001:00011ca0       ?GetWriteBufferSize@CSerialPort@@QEAAKXZ 0000000140012ca0 f   SerialPort.obj
 0001:00011cc0       ?GetPortNO@CSerialPort@@QEAAHXZ 0000000140012cc0 f   SerialPort.obj
 0001:00012170       ??_GCSerialPort@@UEAAPEAXI@Z 0000000140013170 f i SerialPort.obj
 0001:00012170       ??_ECSerialPort@@UEAAPEAXI@Z 0000000140013170 f i SerialPort.obj
 0001:000121c0       ??RCTraceFileAndLineInfo@ATL@@QEBAXPEBDZZ 00000001400131c0 f i SerialPort.obj
 0001:00012260       ?_GetBaseClass@CSplashWnd@@KAPEAUCRuntimeClass@@XZ 0000000140013260 f   SplashWnd.obj
 0001:00012280       ?GetThisClass@CSplashWnd@@SAPEAUCRuntimeClass@@XZ 0000000140013280 f   SplashWnd.obj
 0001:00012290       ?GetRuntimeClass@CSplashWnd@@UEBAPEAUCRuntimeClass@@XZ 0000000140013290 f   SplashWnd.obj
 0001:000122b0       ??0CSplashWnd@@QEAA@XZ     00000001400132b0 f   SplashWnd.obj
 0001:000123c0       ??1CSplashWnd@@UEAA@XZ     00000001400133c0 f   SplashWnd.obj
 0001:00012470       ?GetMessageMap@CSplashWnd@@MEBAPEBUAFX_MSGMAP@@XZ 0000000140013470 f   SplashWnd.obj
 0001:00012490       ?GetThisMessageMap@CSplashWnd@@KAPEBUAFX_MSGMAP@@XZ 0000000140013490 f   SplashWnd.obj
 0001:000124a0       ?DeleteSplash@CSplashWnd@@QEAAXXZ 00000001400134a0 f   SplashWnd.obj
 0001:000124c0       ?CreateSplash@CSplashWnd@@QEAAXXZ 00000001400134c0 f   SplashWnd.obj
 0001:000125c0       ?OnPaint@CSplashWnd@@IEAAXXZ 00000001400135c0 f   SplashWnd.obj
 0001:000127c0       ?ImageFrom_IDResource@CSplashWnd@@QEAAXIPEBDPEAVCImage@ATL@@@Z 00000001400137c0 f   SplashWnd.obj
 0001:000128c0       ?SetInfo@CSplashWnd@@QEAAXV?$CStringT@DV?$StrTraitMFC_DLL@DV?$ChTraitsCRT@D@ATL@@@@@ATL@@@Z 00000001400138c0 f   SplashWnd.obj
 0001:00012910       ?On_Timer@@YAKPEAX@Z       0000000140013910 f   SplashWnd.obj
 0001:00013220       ?OnNcDestroy@CSplashWnd@@QEAAXXZ 0000000140014220 f   SplashWnd.obj
 0001:00013250       ?HideCursor@CSplashWnd@@QEAAXXZ 0000000140014250 f   SplashWnd.obj
 0001:00013690       ??_ECSplashWnd@@UEAAPEAXI@Z 0000000140014690 f i SplashWnd.obj
 0001:00013690       ??_GCSplashWnd@@UEAAPEAXI@Z 0000000140014690 f i SplashWnd.obj
 0001:000136d4       ??1SapAcquisition@@UEAA@XZ 00000001400146d4 f   SapClassBasic:SapClassBasic82.dll
 0001:000136da       ??0SapAcquisition@@QEAA@VSapLocation@@@Z 00000001400146da f   SapClassBasic:SapClassBasic82.dll
 0001:000136e0       ??0SapLocation@@QEAA@HH@Z  00000001400146e0 f   SapClassBasic:SapClassBasic82.dll
 0001:000136e6       ?GetEventCount@SapXferCallbackInfo@@QEBAHXZ 00000001400146e6 f   SapClassBasic:SapClassBasic82.dll
 0001:000136ec       ?GetHeight@SapBuffer@@QEBAHXZ 00000001400146ec f   SapClassBasic:SapClassBasic82.dll
 0001:000136f2       ?GetWidth@SapBuffer@@QEBAHXZ 00000001400146f2 f   SapClassBasic:SapClassBasic82.dll
 0001:000136f8       ?GetContext@SapXferCallbackInfo@@QEBAPEAXXZ 00000001400146f8 f   SapClassBasic:SapClassBasic82.dll
 0001:000136fe       ??0SapView@@QEAA@PEAVSapBuffer@@PEAUHWND__@@P6AXPEAVSapViewCallbackInfo@@@ZPEAX@Z 00000001400146fe f   SapClassBasic:SapClassBasic82.dll
 0001:00013704       ??0SapAcqDeviceToBuf@@QEAA@PEAVSapAcqDevice@@PEAVSapBuffer@@P6AXPEAVSapXferCallbackInfo@@@ZPEAX@Z 0000000140014704 f   SapClassBasic:SapClassBasic82.dll
 0001:0001370a       ??0SapBufferWithTrash@@QEAA@HPEAVSapXferNode@@HVSapLocation@@@Z 000000014001470a f   SapClassBasic:SapClassBasic82.dll
 0001:00013710       ??0SapAcqDevice@@QEAA@VSapLocation@@PEBD@Z 0000000140014710 f   SapClassBasic:SapClassBasic82.dll
 0001:00013716       ?GetServerSerialNumber@SapManager@@SAHHPEAD@Z 0000000140014716 f   SapClassBasic:SapClassBasic82.dll
 0001:0001371c       ?GetResourceCount@SapManager@@SAHHH@Z 000000014001471c f   SapClassBasic:SapClassBasic82.dll
 0001:00013722       ?DetectAllServers@SapManager@@SAHH@Z 0000000140014722 f   SapClassBasic:SapClassBasic82.dll
 0001:00013728       ?GetServerCount@SapManager@@SAHXZ 0000000140014728 f   SapClassBasic:SapClassBasic82.dll
 0001:0001372e       ?Create@SapAcqDevice@@UEAAHXZ 000000014001472e f   SapClassBasic:SapClassBasic82.dll
 0001:00013734       ?Destroy@SapAcqDevice@@UEAAHXZ 0000000140014734 f   SapClassBasic:SapClassBasic82.dll
 0001:0001373a       ?GetXferParams@SapXferNode@@UEBA?AVSapXferParams@@H@Z 000000014001473a f   SapClassBasic:SapClassBasic82.dll
 0001:00013740       ?GetInputXferParams@SapXferNode@@UEBA?AVSapXferParams@@H@Z 0000000140014740 f   SapClassBasic:SapClassBasic82.dll
 0001:00013746       ?GetOutputXferParams@SapXferNode@@UEBA?AVSapXferParams@@H@Z 0000000140014746 f   SapClassBasic:SapClassBasic82.dll
 0001:0001374c       ?SetSrcNode@SapXferNode@@UEAAHPEAV1@H@Z 000000014001474c f   SapClassBasic:SapClassBasic82.dll
 0001:00013752       ?SetXferParams@SapXferNode@@UEAAHVSapXferParams@@H@Z 0000000140014752 f   SapClassBasic:SapClassBasic82.dll
 0001:00013758       ?SetInputXferParams@SapXferNode@@UEAAHVSapXferParams@@H@Z 0000000140014758 f   SapClassBasic:SapClassBasic82.dll
 0001:0001375e       ?SetOutputXferParams@SapXferNode@@UEAAHVSapXferParams@@H@Z 000000014001475e f   SapClassBasic:SapClassBasic82.dll
 0001:00013764       ?GetHandle@SapXferNode@@UEBAPEAU__CORHANDLE@@H@Z 0000000140014764 f   SapClassBasic:SapClassBasic82.dll
 0001:0001376a       ?GetHandle@SapXferNode@@UEBAPEAU__CORHANDLE@@XZ 000000014001476a f   SapClassBasic:SapClassBasic82.dll
 0001:00013770       ?GetXferParamsFromSrcNode@SapXferNode@@UEAAXXZ 0000000140014770 f   SapClassBasic:SapClassBasic82.dll
 0001:00013776       ?GetXferNodeType@SapAcqDevice@@UEAA?AW4XferNodeType@SapXferNode@@XZ 0000000140014776 f   SapClassBasic:SapClassBasic82.dll
 0001:0001377c       ?IsBuffer@SapXferNode@@UEAAHXZ 000000014001477c f   SapClassBasic:SapClassBasic82.dll
 0001:00013782       ??ASapXferNode@@UEBAPEAU__CORHANDLE@@H@Z 0000000140014782 f   SapClassBasic:SapClassBasic82.dll
 0001:00013788       ?GetCount@SapXferNode@@UEBAHXZ 0000000140014788 f   SapClassBasic:SapClassBasic82.dll
 0001:0001378e       ?GetIndex@SapXferNode@@UEBAHXZ 000000014001478e f   SapClassBasic:SapClassBasic82.dll
 0001:00013794       ?SetIndex@SapXferNode@@UEAAHH@Z 0000000140014794 f   SapClassBasic:SapClassBasic82.dll
 0001:0001379a       ?ResetIndex@SapXferNode@@UEAAXXZ 000000014001479a f   SapClassBasic:SapClassBasic82.dll
 0001:000137a0       ?Next@SapXferNode@@UEAAXXZ 00000001400147a0 f   SapClassBasic:SapClassBasic82.dll
 0001:000137a6       ?GetTrash@SapXferNode@@UEBAPEAU__CORHANDLE@@XZ 00000001400147a6 f   SapClassBasic:SapClassBasic82.dll
 0001:000137ac       ?Empty@SapXferNode@@UEAAHH@Z 00000001400147ac f   SapClassBasic:SapClassBasic82.dll
 0001:000137b2       ?Empty@SapXferNode@@UEAAHXZ 00000001400147b2 f   SapClassBasic:SapClassBasic82.dll
 0001:000137b8       ?EmptyAll@SapXferNode@@UEAAHXZ 00000001400147b8 f   SapClassBasic:SapClassBasic82.dll
 0001:000137be       ?Create@SapBufferWithTrash@@UEAAHXZ 00000001400147be f   SapClassBasic:SapClassBasic82.dll
 0001:000137c4       ?Destroy@SapBufferWithTrash@@UEAAHXZ 00000001400147c4 f   SapClassBasic:SapClassBasic82.dll
 0001:000137ca       ?GetHandle@SapBuffer@@UEBAPEAU__CORHANDLE@@H@Z 00000001400147ca f   SapClassBasic:SapClassBasic82.dll
 0001:000137d0       ?GetHandle@SapBuffer@@UEBAPEAU__CORHANDLE@@XZ 00000001400147d0 f   SapClassBasic:SapClassBasic82.dll
 0001:000137d6       ?GetXferNodeType@SapBuffer@@UEAA?AW4XferNodeType@SapXferNode@@XZ 00000001400147d6 f   SapClassBasic:SapClassBasic82.dll
 0001:000137dc       ??ASapBuffer@@UEBAPEAU__CORHANDLE@@H@Z 00000001400147dc f   SapClassBasic:SapClassBasic82.dll
 0001:000137e2       ?GetCount@SapBuffer@@UEBAHXZ 00000001400147e2 f   SapClassBasic:SapClassBasic82.dll
 0001:000137e8       ?GetIndex@SapBuffer@@UEBAHXZ 00000001400147e8 f   SapClassBasic:SapClassBasic82.dll
 0001:000137ee       ?SetIndex@SapBuffer@@UEAAHH@Z 00000001400147ee f   SapClassBasic:SapClassBasic82.dll
 0001:000137f4       ?ResetIndex@SapBuffer@@UEAAXXZ 00000001400147f4 f   SapClassBasic:SapClassBasic82.dll
 0001:000137fa       ?Next@SapBuffer@@UEAAXXZ   00000001400147fa f   SapClassBasic:SapClassBasic82.dll
 0001:00013800       ?GetTrash@SapBufferWithTrash@@UEBAPEAU__CORHANDLE@@XZ 0000000140014800 f   SapClassBasic:SapClassBasic82.dll
 0001:00013806       ?Empty@SapBuffer@@UEAAHH@Z 0000000140014806 f   SapClassBasic:SapClassBasic82.dll
 0001:0001380c       ?Empty@SapBuffer@@UEAAHXZ  000000014001480c f   SapClassBasic:SapClassBasic82.dll
 0001:00013812       ?EmptyAll@SapBuffer@@UEAAHXZ 0000000140014812 f   SapClassBasic:SapClassBasic82.dll
 0001:00013818       ?SetCount@SapBuffer@@UEAAHH@Z 0000000140014818 f   SapClassBasic:SapClassBasic82.dll
 0001:0001381e       ?SetWidth@SapBuffer@@UEAAHH@Z 000000014001481e f   SapClassBasic:SapClassBasic82.dll
 0001:00013824       ?SetHeight@SapBuffer@@UEAAHH@Z 0000000140014824 f   SapClassBasic:SapClassBasic82.dll
 0001:0001382a       ?SetFormat@SapBuffer@@UEAAHH@Z 000000014001482a f   SapClassBasic:SapClassBasic82.dll
 0001:00013830       ?SetType@SapBuffer@@UEAAHH@Z 0000000140014830 f   SapClassBasic:SapClassBasic82.dll
 0001:00013836       ?SetPixelDepth@SapBuffer@@UEAAHH@Z 0000000140014836 f   SapClassBasic:SapClassBasic82.dll
 0001:0001383c       ?SetVirtualAddress@SapBuffer@@UEAAHQEAPEAX@Z 000000014001483c f   SapClassBasic:SapClassBasic82.dll
 0001:00013842       ?SetPhysicalAddress@SapBuffer@@UEAAHQEA_K@Z 0000000140014842 f   SapClassBasic:SapClassBasic82.dll
 0001:00013848       ?SetParameters@SapBuffer@@UEAAHHQEA_KHHHH@Z 0000000140014848 f   SapClassBasic:SapClassBasic82.dll
 0001:0001384e       ?SetParameters@SapBuffer@@UEAAHHQEAPEAXHHHH@Z 000000014001484e f   SapClassBasic:SapClassBasic82.dll
 0001:00013854       ?SetParameters@SapBuffer@@UEAAHHHHHH@Z 0000000140014854 f   SapClassBasic:SapClassBasic82.dll
 0001:0001385a       ?SetParametersFromFile@SapBuffer@@UEAAHPEBDH@Z 000000014001485a f   SapClassBasic:SapClassBasic82.dll
 0001:00013860       ?SetFrameRate@SapBuffer@@UEAAXM@Z 0000000140014860 f   SapClassBasic:SapClassBasic82.dll
 0001:00013866       ?GetAddress@SapBuffer@@UEAAHH_K0PEAXPEAPEAX@Z 0000000140014866 f   SapClassBasic:SapClassBasic82.dll
 0001:0001386c       ?GetAddress@SapBuffer@@UEAAHH_K0PEAPEAX@Z 000000014001486c f   SapClassBasic:SapClassBasic82.dll
 0001:00013872       ?GetAddress@SapBuffer@@UEAAH_K0PEAXPEAPEAX@Z 0000000140014872 f   SapClassBasic:SapClassBasic82.dll
 0001:00013878       ?GetAddress@SapBuffer@@UEAAH_K0PEAPEAX@Z 0000000140014878 f   SapClassBasic:SapClassBasic82.dll
 0001:0001387e       ?GetAddress@SapBuffer@@UEAAHHPEAXPEAPEAX@Z 000000014001487e f   SapClassBasic:SapClassBasic82.dll
 0001:00013884       ?GetAddress@SapBuffer@@UEAAHHPEAPEAX@Z 0000000140014884 f   SapClassBasic:SapClassBasic82.dll
 0001:0001388a       ?GetAddress@SapBuffer@@UEAAHPEAXPEAPEAX@Z 000000014001488a f   SapClassBasic:SapClassBasic82.dll
 0001:00013890       ?GetAddress@SapBuffer@@UEAAHPEAPEAX@Z 0000000140014890 f   SapClassBasic:SapClassBasic82.dll
 0001:00013896       ?ReleaseAddress@SapBuffer@@UEAAHHPEAX@Z 0000000140014896 f   SapClassBasic:SapClassBasic82.dll
 0001:0001389c       ?ReleaseAddress@SapBuffer@@UEAAHPEAX@Z 000000014001489c f   SapClassBasic:SapClassBasic82.dll
 0001:000138a2       ?IsMapped@SapBuffer@@UEAAHXZ 00000001400148a2 f   SapClassBasic:SapClassBasic82.dll
 0001:000138a8       ?IsMapped@SapBuffer@@UEAAHH@Z 00000001400148a8 f   SapClassBasic:SapClassBasic82.dll
 0001:000138ae       ?GetCounterStamp@SapBuffer@@UEAAHHPEAH@Z 00000001400148ae f   SapClassBasic:SapClassBasic82.dll
 0001:000138b4       ?GetCounterStamp@SapBuffer@@UEAAHPEAH@Z 00000001400148b4 f   SapClassBasic:SapClassBasic82.dll
 0001:000138ba       ?GetHostCounterStamp@SapBuffer@@UEAAHHPEA_K@Z 00000001400148ba f   SapClassBasic:SapClassBasic82.dll
 0001:000138c0       ?GetHostCounterStamp@SapBuffer@@UEAAHPEA_K@Z 00000001400148c0 f   SapClassBasic:SapClassBasic82.dll
 0001:000138c6       ?GetDeviceTimeStamp@SapBuffer@@UEAAHHPEA_K@Z 00000001400148c6 f   SapClassBasic:SapClassBasic82.dll
 0001:000138cc       ?GetDeviceTimeStamp@SapBuffer@@UEAAHPEA_K@Z 00000001400148cc f   SapClassBasic:SapClassBasic82.dll
 0001:000138d2       ?GetSpaceUsed@SapBuffer@@UEAAHHPEAH@Z 00000001400148d2 f   SapClassBasic:SapClassBasic82.dll
 0001:000138d8       ?GetSpaceUsed@SapBuffer@@UEAAHPEAH@Z 00000001400148d8 f   SapClassBasic:SapClassBasic82.dll
 0001:000138de       ?GetHandles@SapBuffer@@UEBAPEAPEAU__CORHANDLE@@XZ 00000001400148de f   SapClassBasic:SapClassBasic82.dll
 0001:000138e4       ?IsCapabilityValid@SapBuffer@@UEAAHH@Z 00000001400148e4 f   SapClassBasic:SapClassBasic82.dll
 0001:000138ea       ?GetCapability@SapBuffer@@UEAAHHHPEAX@Z 00000001400148ea f   SapClassBasic:SapClassBasic82.dll
 0001:000138f0       ?GetCapability@SapBuffer@@UEAAHHPEAX@Z 00000001400148f0 f   SapClassBasic:SapClassBasic82.dll
 0001:000138f6       ?IsParameterValid@SapBuffer@@UEAAHHH@Z 00000001400148f6 f   SapClassBasic:SapClassBasic82.dll
 0001:000138fc       ?IsParameterValid@SapBuffer@@UEAAHH@Z 00000001400148fc f   SapClassBasic:SapClassBasic82.dll
 0001:00013902       ?GetParameter@SapBuffer@@UEAAHHHPEAX@Z 0000000140014902 f   SapClassBasic:SapClassBasic82.dll
 0001:00013908       ?GetParameter@SapBuffer@@UEAAHHPEAX@Z 0000000140014908 f   SapClassBasic:SapClassBasic82.dll
 0001:0001390e       ?SetParameter@SapBuffer@@UEAAHHHPEAX@Z 000000014001490e f   SapClassBasic:SapClassBasic82.dll
 0001:00013914       ?SetParameter@SapBuffer@@UEAAHHPEAX@Z 0000000140014914 f   SapClassBasic:SapClassBasic82.dll
 0001:0001391a       ?SetParameter@SapBuffer@@UEAAHHHH@Z 000000014001491a f   SapClassBasic:SapClassBasic82.dll
 0001:00013920       ?SetParameter@SapBuffer@@UEAAHHH@Z 0000000140014920 f   SapClassBasic:SapClassBasic82.dll
 0001:00013926       ?GetParent@SapBuffer@@UEAAPEAV1@XZ 0000000140014926 f   SapClassBasic:SapClassBasic82.dll
 0001:0001392c       ?GetRoot@SapBuffer@@UEAAPEAV1@XZ 000000014001492c f   SapClassBasic:SapClassBasic82.dll
 0001:00013932       ?SetState@SapBuffer@@UEAAHHH@Z 0000000140014932 f   SapClassBasic:SapClassBasic82.dll
 0001:00013938       ?SetState@SapBuffer@@UEAAHH@Z 0000000140014938 f   SapClassBasic:SapClassBasic82.dll
 0001:0001393e       ?SetAllState@SapBuffer@@UEAAHH@Z 000000014001493e f   SapClassBasic:SapClassBasic82.dll
 0001:00013944       ?GetState@SapBuffer@@UEAAHHPEAH@Z 0000000140014944 f   SapClassBasic:SapClassBasic82.dll
 0001:0001394a       ?GetState@SapBuffer@@UEAAHPEAH@Z 000000014001494a f   SapClassBasic:SapClassBasic82.dll
 0001:00013950       ?GetNumPages@SapBuffer@@UEAAHPEAH@Z 0000000140014950 f   SapClassBasic:SapClassBasic82.dll
 0001:00013956       ?SetPage@SapBuffer@@UEAAHHH@Z 0000000140014956 f   SapClassBasic:SapClassBasic82.dll
 0001:0001395c       ?SetPage@SapBuffer@@UEAAHH@Z 000000014001495c f   SapClassBasic:SapClassBasic82.dll
 0001:00013962       ?SetAllPage@SapBuffer@@UEAAHH@Z 0000000140014962 f   SapClassBasic:SapClassBasic82.dll
 0001:00013968       ?GetPage@SapBuffer@@UEAAHHPEAH@Z 0000000140014968 f   SapClassBasic:SapClassBasic82.dll
 0001:0001396e       ?GetPage@SapBuffer@@UEAAHPEAH@Z 000000014001496e f   SapClassBasic:SapClassBasic82.dll
 0001:00013974       ?IsMultiFormat@SapBuffer@@UEAAHXZ 0000000140014974 f   SapClassBasic:SapClassBasic82.dll
 0001:0001397a       ?GetPageFormat@SapBuffer@@UEAAHPEAH@Z 000000014001497a f   SapClassBasic:SapClassBasic82.dll
 0001:00013980       ?Clear@SapBuffer@@UEAAHHVSapData@@@Z 0000000140014980 f   SapClassBasic:SapClassBasic82.dll
 0001:00013986       ?Clear@SapBuffer@@UEAAHVSapData@@@Z 0000000140014986 f   SapClassBasic:SapClassBasic82.dll
 0001:0001398c       ?Clear@SapBuffer@@UEAAHH@Z 000000014001498c f   SapClassBasic:SapClassBasic82.dll
 0001:00013992       ?Clear@SapBuffer@@UEAAHXZ  0000000140014992 f   SapClassBasic:SapClassBasic82.dll
 0001:00013998       ?Load@SapBuffer@@UEAAHPEBD0HH@Z 0000000140014998 f   SapClassBasic:SapClassBasic82.dll
 0001:0001399e       ?Load@SapBuffer@@UEAAHPEBDHHH0@Z 000000014001499e f   SapClassBasic:SapClassBasic82.dll
 0001:000139a4       ?Save@SapBuffer@@UEAAHPEBD0HH@Z 00000001400149a4 f   SapClassBasic:SapClassBasic82.dll
 0001:000139aa       ?Read@SapBuffer@@UEAAHH_KHPEAX@Z 00000001400149aa f   SapClassBasic:SapClassBasic82.dll
 0001:000139b0       ?Read@SapBuffer@@UEAAH_KHPEAX@Z 00000001400149b0 f   SapClassBasic:SapClassBasic82.dll
 0001:000139b6       ?ReadElement@SapBuffer@@UEAAHHHPEAH00@Z 00000001400149b6 f   SapClassBasic:SapClassBasic82.dll
 0001:000139bc       ?ReadElement@SapBuffer@@UEAAHHHHPEAVSapData@@@Z 00000001400149bc f   SapClassBasic:SapClassBasic82.dll
 0001:000139c2       ?ReadElement@SapBuffer@@UEAAHHHPEAVSapData@@@Z 00000001400149c2 f   SapClassBasic:SapClassBasic82.dll
 0001:000139c8       ?ReadElement@SapBuffer@@UEAAHHHHPEAX@Z 00000001400149c8 f   SapClassBasic:SapClassBasic82.dll
 0001:000139ce       ?ReadElement@SapBuffer@@UEAAHHHPEAX@Z 00000001400149ce f   SapClassBasic:SapClassBasic82.dll
 0001:000139d4       ?ReadLine@SapBuffer@@UEAAHHHHHHPEAXPEAH@Z 00000001400149d4 f   SapClassBasic:SapClassBasic82.dll
 0001:000139da       ?ReadLine@SapBuffer@@UEAAHHHHHPEAXPEAH@Z 00000001400149da f   SapClassBasic:SapClassBasic82.dll
 0001:000139e0       ?ReadRect@SapBuffer@@UEAAHHHHHHPEAX@Z 00000001400149e0 f   SapClassBasic:SapClassBasic82.dll
 0001:000139e6       ?ReadRect@SapBuffer@@UEAAHHHHHPEAX@Z 00000001400149e6 f   SapClassBasic:SapClassBasic82.dll
 0001:000139ec       ?Write@SapBuffer@@UEAAHH_KHPEBX@Z 00000001400149ec f   SapClassBasic:SapClassBasic82.dll
 0001:000139f2       ?Write@SapBuffer@@UEAAH_KHPEBX@Z 00000001400149f2 f   SapClassBasic:SapClassBasic82.dll
 0001:000139f8       ?WriteElement@SapBuffer@@UEAAHHHHVSapData@@@Z 00000001400149f8 f   SapClassBasic:SapClassBasic82.dll
 0001:000139fe       ?WriteElement@SapBuffer@@UEAAHHHVSapData@@@Z 00000001400149fe f   SapClassBasic:SapClassBasic82.dll
 0001:00013a04       ?WriteElement@SapBuffer@@UEAAHHHHPEBX@Z 0000000140014a04 f   SapClassBasic:SapClassBasic82.dll
 0001:00013a0a       ?WriteElement@SapBuffer@@UEAAHHHPEBX@Z 0000000140014a0a f   SapClassBasic:SapClassBasic82.dll
 0001:00013a10       ?WriteLine@SapBuffer@@UEAAHHHHHHPEBXPEAH@Z 0000000140014a10 f   SapClassBasic:SapClassBasic82.dll
 0001:00013a16       ?WriteLine@SapBuffer@@UEAAHHHHHPEBXPEAH@Z 0000000140014a16 f   SapClassBasic:SapClassBasic82.dll
 0001:00013a1c       ?WriteRect@SapBuffer@@UEAAHHHHHHPEBX@Z 0000000140014a1c f   SapClassBasic:SapClassBasic82.dll
 0001:00013a22       ?WriteRect@SapBuffer@@UEAAHHHHHPEBX@Z 0000000140014a22 f   SapClassBasic:SapClassBasic82.dll
 0001:00013a28       ?Copy@SapBuffer@@UEAAHPEAV1@HH@Z 0000000140014a28 f   SapClassBasic:SapClassBasic82.dll
 0001:00013a2e       ?Copy@SapBuffer@@UEAAHPEAV1@@Z 0000000140014a2e f   SapClassBasic:SapClassBasic82.dll
 0001:00013a34       ?CopyAll@SapBuffer@@UEAAHPEAV1@@Z 0000000140014a34 f   SapClassBasic:SapClassBasic82.dll
 0001:00013a3a       ?CopyRect@SapBuffer@@UEAAHPEAV1@HHHHHHHH@Z 0000000140014a3a f   SapClassBasic:SapClassBasic82.dll
 0001:00013a40       ?ColorConvert@SapBuffer@@UEAAHPEAV1@HHHHVSapDataFRGB@@PEAVSapLut@@@Z 0000000140014a40 f   SapClassBasic:SapClassBasic82.dll
 0001:00013a46       ?ColorConvert@SapBuffer@@UEAAHPEAV1@HHVSapDataFRGB@@PEAVSapLut@@@Z 0000000140014a46 f   SapClassBasic:SapClassBasic82.dll
 0001:00013a4c       ?ColorWhiteBalance@SapBuffer@@UEAAHHHPEAVSapDataFRGB@@@Z 0000000140014a4c f   SapClassBasic:SapClassBasic82.dll
 0001:00013a52       ?ColorWhiteBalance@SapBuffer@@UEAAHHPEAVSapDataFRGB@@@Z 0000000140014a52 f   SapClassBasic:SapClassBasic82.dll
 0001:00013a58       ?SplitComponents@SapBuffer@@UEAAHPEAV1@00H@Z 0000000140014a58 f   SapClassBasic:SapClassBasic82.dll
 0001:00013a5e       ?SplitComponents@SapBuffer@@UEAAHPEAV1@00@Z 0000000140014a5e f   SapClassBasic:SapClassBasic82.dll
 0001:00013a64       ?SplitComponents@SapBuffer@@UEAAHPEAV1@H@Z 0000000140014a64 f   SapClassBasic:SapClassBasic82.dll
 0001:00013a6a       ?SplitComponents@SapBuffer@@UEAAHPEAV1@@Z 0000000140014a6a f   SapClassBasic:SapClassBasic82.dll
 0001:00013a70       ?MergeComponents@SapBuffer@@UEAAHPEAV1@00H@Z 0000000140014a70 f   SapClassBasic:SapClassBasic82.dll
 0001:00013a76       ?MergeComponents@SapBuffer@@UEAAHPEAV1@00@Z 0000000140014a76 f   SapClassBasic:SapClassBasic82.dll
 0001:00013a7c       ?MergeComponents@SapBuffer@@UEAAHPEAV1@H@Z 0000000140014a7c f   SapClassBasic:SapClassBasic82.dll
 0001:00013a82       ?MergeComponents@SapBuffer@@UEAAHPEAV1@@Z 0000000140014a82 f   SapClassBasic:SapClassBasic82.dll
 0001:00013a88       ?Register@SapBuffer@@UEAAHPEBD@Z 0000000140014a88 f   SapClassBasic:SapClassBasic82.dll
 0001:00013a8e       ?Unregister@SapBuffer@@UEAAHXZ 0000000140014a8e f   SapClassBasic:SapClassBasic82.dll
 0001:00013a94       ?GetNumRoi@SapBuffer@@UEBAHXZ 0000000140014a94 f   SapClassBasic:SapClassBasic82.dll
 0001:00013a9a       ?GetRoi@SapBuffer@@UEBAQEAUtagRECT@@H@Z 0000000140014a9a f   SapClassBasic:SapClassBasic82.dll
 0001:00013aa0       ?AddRoi@SapBuffer@@UEAAHUtagRECT@@@Z 0000000140014aa0 f   SapClassBasic:SapClassBasic82.dll
 0001:00013aa6       ?RemoveAllRoi@SapBuffer@@UEAAHXZ 0000000140014aa6 f   SapClassBasic:SapClassBasic82.dll
 0001:00013aac       ?GetChild@SapBuffer@@UEBAPEAU__CORHANDLE@@HH@Z 0000000140014aac f   SapClassBasic:SapClassBasic82.dll
 0001:00013ab2       ?BayerConvert@SapBuffer@@UEAAHPEAV1@HHHHVSapDataFRGB@@PEAVSapLut@@@Z 0000000140014ab2 f   SapClassBasic:SapClassBasic82.dll
 0001:00013ab8       ?BayerConvert@SapBuffer@@UEAAHPEAV1@HHVSapDataFRGB@@PEAVSapLut@@@Z 0000000140014ab8 f   SapClassBasic:SapClassBasic82.dll
 0001:00013abe       ?BayerWhiteBalance@SapBuffer@@UEAAHHHPEAVSapDataFRGB@@@Z 0000000140014abe f   SapClassBasic:SapClassBasic82.dll
 0001:00013ac4       ?BayerWhiteBalance@SapBuffer@@UEAAHHPEAVSapDataFRGB@@@Z 0000000140014ac4 f   SapClassBasic:SapClassBasic82.dll
 0001:00013aca       ?Construct@SapBuffer@@MEAAXPEBDPEAVSapDisplay@@@Z 0000000140014aca f   SapClassBasic:SapClassBasic82.dll
 0001:00013ad0       ?GetTrashType@SapBufferWithTrash@@UEAAHXZ 0000000140014ad0 f   SapClassBasic:SapClassBasic82.dll
 0001:00013ad6       ?SetTrashType@SapBufferWithTrash@@UEAAHH@Z 0000000140014ad6 f   SapClassBasic:SapClassBasic82.dll
 0001:00013adc       ?Construct@SapBufferWithTrash@@MEAAXXZ 0000000140014adc f   SapClassBasic:SapClassBasic82.dll
 0001:00013ae2       ?Create@SapTransfer@@UEAAHXZ 0000000140014ae2 f   SapClassBasic:SapClassBasic82.dll
 0001:00013ae8       ?Destroy@SapTransfer@@UEAAHXZ 0000000140014ae8 f   SapClassBasic:SapClassBasic82.dll
 0001:00013aee       ?Connect@SapTransfer@@UEAAHXZ 0000000140014aee f   SapClassBasic:SapClassBasic82.dll
 0001:00013af4       ?Disconnect@SapTransfer@@UEAAHXZ 0000000140014af4 f   SapClassBasic:SapClassBasic82.dll
 0001:00013afa       ?GetHandle@SapTransfer@@UEBAPEAU__CORHANDLE@@XZ 0000000140014afa f   SapClassBasic:SapClassBasic82.dll
 0001:00013b00       ?GetCallback@SapTransfer@@UEBAP6AXPEAVSapXferCallbackInfo@@@ZXZ 0000000140014b00 f   SapClassBasic:SapClassBasic82.dll
 0001:00013b06       ?GetTrashCallback@SapTransfer@@UEBAP6AXPEAVSapXferCallbackInfo@@@ZXZ 0000000140014b06 f   SapClassBasic:SapClassBasic82.dll
 0001:00013b0c       ?GetContext@SapTransfer@@UEBAPEAXXZ 0000000140014b0c f   SapClassBasic:SapClassBasic82.dll
 0001:00013b12       ?IsGrabbing@SapTransfer@@UEBAHXZ 0000000140014b12 f   SapClassBasic:SapClassBasic82.dll
 0001:00013b18       ?IsAutoEmpty@SapTransfer@@UEBAHXZ 0000000140014b18 f   SapClassBasic:SapClassBasic82.dll
 0001:00013b1e       ?IsAutoConnect@SapTransfer@@UEBAHXZ 0000000140014b1e f   SapClassBasic:SapClassBasic82.dll
 0001:00013b24       ?IsConnected@SapTransfer@@UEBAHXZ 0000000140014b24 f   SapClassBasic:SapClassBasic82.dll
 0001:00013b2a       ?GetStartMode@SapTransfer@@UEBAHXZ 0000000140014b2a f   SapClassBasic:SapClassBasic82.dll
 0001:00013b30       ?IsCycleModeAvailable@SapTransfer@@UEAAHHH@Z 0000000140014b30 f   SapClassBasic:SapClassBasic82.dll
 0001:00013b36       ?GetConnectTimeout@SapTransfer@@UEBAHXZ 0000000140014b36 f   SapClassBasic:SapClassBasic82.dll
 0001:00013b3c       ?SetCallbackInfo@SapTransfer@@UEAAHPEAVSapXferPair@@@Z 0000000140014b3c f   SapClassBasic:SapClassBasic82.dll
 0001:00013b42       ?SetCallbackInfo@SapTransfer@@UEAAHP6AXPEAVSapXferCallbackInfo@@@ZPEAX@Z 0000000140014b42 f   SapClassBasic:SapClassBasic82.dll
 0001:00013b48       ?SetTrashCallbackInfo@SapTransfer@@UEAAHPEAVSapXferPair@@@Z 0000000140014b48 f   SapClassBasic:SapClassBasic82.dll
 0001:00013b4e       ?SetTrashCallbackInfo@SapTransfer@@UEAAHP6AXPEAVSapXferCallbackInfo@@@Z@Z 0000000140014b4e f   SapClassBasic:SapClassBasic82.dll
 0001:00013b54       ?SetAutoEmpty@SapTransfer@@UEAAXH@Z 0000000140014b54 f   SapClassBasic:SapClassBasic82.dll
 0001:00013b5a       ?SetAutoConnect@SapTransfer@@UEAAXH@Z 0000000140014b5a f   SapClassBasic:SapClassBasic82.dll
 0001:00013b60       ?IsCapabilityValid@SapTransfer@@UEAAHH@Z 0000000140014b60 f   SapClassBasic:SapClassBasic82.dll
 0001:00013b66       ?IsParameterValid@SapTransfer@@UEAAHH@Z 0000000140014b66 f   SapClassBasic:SapClassBasic82.dll
 0001:00013b6c       ?GetCapability@SapTransfer@@UEAAHHPEAX@Z 0000000140014b6c f   SapClassBasic:SapClassBasic82.dll
 0001:00013b72       ?GetParameter@SapTransfer@@UEAAHHPEAX@Z 0000000140014b72 f   SapClassBasic:SapClassBasic82.dll
 0001:00013b78       ?SetParameter@SapTransfer@@UEAAHHPEAX@Z 0000000140014b78 f   SapClassBasic:SapClassBasic82.dll
 0001:00013b7e       ?SetParameter@SapTransfer@@UEAAHHH@Z 0000000140014b7e f   SapClassBasic:SapClassBasic82.dll
 0001:00013b84       ?Select@SapTransfer@@UEAAHPEAVSapXferPair@@HH@Z 0000000140014b84 f   SapClassBasic:SapClassBasic82.dll
 0001:00013b8a       ?Select@SapTransfer@@UEAAHHHH@Z 0000000140014b8a f   SapClassBasic:SapClassBasic82.dll
 0001:00013b90       ?SetStartMode@SapTransfer@@MEAAHXZ 0000000140014b90 f   SapClassBasic:SapClassBasic82.dll
 0001:00013b96       ?SetStartMode@SapTransfer@@UEAAHH@Z 0000000140014b96 f   SapClassBasic:SapClassBasic82.dll
 0001:00013b9c       ?SetConnectTimeout@SapTransfer@@UEAAHH@Z 0000000140014b9c f   SapClassBasic:SapClassBasic82.dll
 0001:00013ba2       ?UpdateFrameRateStatistics@SapAcqDeviceToBuf@@UEAAHXZ 0000000140014ba2 f   SapClassBasic:SapClassBasic82.dll
 0001:00013ba8       ?SetEventType@SapTransfer@@UEAAHPEAVSapXferPair@@@Z 0000000140014ba8 f   SapClassBasic:SapClassBasic82.dll
 0001:00013bae       ?SetEventCountSource@SapTransfer@@UEAAHPEAVSapXferPair@@@Z 0000000140014bae f   SapClassBasic:SapClassBasic82.dll
 0001:00013bb4       ?SetCycleMode@SapTransfer@@UEAAHPEAVSapXferPair@@@Z 0000000140014bb4 f   SapClassBasic:SapClassBasic82.dll
 0001:00013bba       ?SetFlipMode@SapTransfer@@UEAAHPEAVSapXferPair@@@Z 0000000140014bba f   SapClassBasic:SapClassBasic82.dll
 0001:00013bc0       ?SetCounterStampTimeBase@SapTransfer@@UEAAHPEAVSapXferPair@@@Z 0000000140014bc0 f   SapClassBasic:SapClassBasic82.dll
 0001:00013bc6       ?SetFlatFieldCycleMode@SapTransfer@@UEAAHPEAVSapXferPair@@@Z 0000000140014bc6 f   SapClassBasic:SapClassBasic82.dll
 0001:00013bcc       ?SetDynamicLutCycleMode@SapTransfer@@UEAAHPEAVSapXferPair@@@Z 0000000140014bcc f   SapClassBasic:SapClassBasic82.dll
 0001:00013bd2       ?SetFramesPerCallback@SapTransfer@@UEAAHPEAVSapXferPair@@@Z 0000000140014bd2 f   SapClassBasic:SapClassBasic82.dll
 0001:00013bd8       ?SetFramesOnBoard@SapTransfer@@UEAAHPEAVSapXferPair@@@Z 0000000140014bd8 f   SapClassBasic:SapClassBasic82.dll
 0001:00013bde       ?SetRelativeBufferIndex@SapTransfer@@UEAAHPEAVSapXferPair@@@Z 0000000140014bde f   SapClassBasic:SapClassBasic82.dll
 0001:00013be4       ?SetNbInputFrames@SapTransfer@@UEAAHPEAVSapXferPair@@@Z 0000000140014be4 f   SapClassBasic:SapClassBasic82.dll
 0001:00013bea       ?SetNbOutputFrames@SapTransfer@@UEAAHPEAVSapXferPair@@@Z 0000000140014bea f   SapClassBasic:SapClassBasic82.dll
 0001:00013bf0       ?RegisterCallback@SapTransfer@@UEAAHHP6AXPEAVSapXferCallbackInfo@@@ZPEAXI@Z 0000000140014bf0 f   SapClassBasic:SapClassBasic82.dll
 0001:00013bf6       ?UnregisterCallback@SapTransfer@@UEAAHXZ 0000000140014bf6 f   SapClassBasic:SapClassBasic82.dll
 0001:00013bfc       ?UpdateParameters@SapTransfer@@UEAAHXZ 0000000140014bfc f   SapClassBasic:SapClassBasic82.dll
 0001:00013c02       ?Snap@SapTransfer@@UEAAHH@Z 0000000140014c02 f   SapClassBasic:SapClassBasic82.dll
 0001:00013c08       ?Grab@SapTransfer@@UEAAHXZ 0000000140014c08 f   SapClassBasic:SapClassBasic82.dll
 0001:00013c0e       ?Freeze@SapTransfer@@UEAAHXZ 0000000140014c0e f   SapClassBasic:SapClassBasic82.dll
 0001:00013c14       ?Abort@SapTransfer@@UEAAHXZ 0000000140014c14 f   SapClassBasic:SapClassBasic82.dll
 0001:00013c1a       ?Wait@SapTransfer@@UEAAHH@Z 0000000140014c1a f   SapClassBasic:SapClassBasic82.dll
 0001:00013c20       ?Init@SapTransfer@@UEAAHH@Z 0000000140014c20 f   SapClassBasic:SapClassBasic82.dll
 0001:00013c26       ?XferIsCycleModeAvailable@SapTransfer@@MEAAHPEAVSapXferPair@@H@Z 0000000140014c26 f   SapClassBasic:SapClassBasic82.dll
 0001:00013c2c       ?CreatePair@SapTransfer@@MEAAHH@Z 0000000140014c2c f   SapClassBasic:SapClassBasic82.dll
 0001:00013c32       ?DestroyPair@SapTransfer@@MEAAHH@Z 0000000140014c32 f   SapClassBasic:SapClassBasic82.dll
 0001:00013c38       ?GetCapabilities@SapTransfer@@MEAAHH@Z 0000000140014c38 f   SapClassBasic:SapClassBasic82.dll
 0001:00013c3e       ?SetParameters@SapTransfer@@MEAAHXZ 0000000140014c3e f   SapClassBasic:SapClassBasic82.dll
 0001:00013c44       ?SetParameters@SapTransfer@@MEAAHH@Z 0000000140014c44 f   SapClassBasic:SapClassBasic82.dll
 0001:00013c4a       ?FindPairIndex@SapTransfer@@MEAAHPEAVSapXferPair@@PEAH@Z 0000000140014c4a f   SapClassBasic:SapClassBasic82.dll
 0001:00013c50       ?Create@SapView@@UEAAHXZ   0000000140014c50 f   SapClassBasic:SapClassBasic82.dll
 0001:00013c56       ?Destroy@SapView@@UEAAHXZ  0000000140014c56 f   SapClassBasic:SapClassBasic82.dll
 0001:00013c5c       ?GetHandle@SapView@@UEBAPEAU__CORHANDLE@@H@Z 0000000140014c5c f   SapClassBasic:SapClassBasic82.dll
 0001:00013c62       ?GetHandle@SapView@@UEBAPEAU__CORHANDLE@@XZ 0000000140014c62 f   SapClassBasic:SapClassBasic82.dll
 0001:00013c68       ?IsAutoEmpty@SapView@@UEBAHXZ 0000000140014c68 f   SapClassBasic:SapClassBasic82.dll
 0001:00013c6e       ?SetDisplay@SapView@@UEAAHPEAVSapDisplay@@@Z 0000000140014c6e f   SapClassBasic:SapClassBasic82.dll
 0001:00013c74       ?SetBuffer@SapView@@UEAAHPEAVSapBuffer@@@Z 0000000140014c74 f   SapClassBasic:SapClassBasic82.dll
 0001:00013c7a       ?SetWindow@SapView@@UEAAHPEAUHWND__@@@Z 0000000140014c7a f   SapClassBasic:SapClassBasic82.dll
 0001:00013c80       ?SetCallbackInfo@SapView@@UEAAHP6AXPEAVSapViewCallbackInfo@@@ZPEAX@Z 0000000140014c80 f   SapClassBasic:SapClassBasic82.dll
 0001:00013c86       ?GetWidth@SapView@@UEAAHXZ 0000000140014c86 f   SapClassBasic:SapClassBasic82.dll
 0001:00013c8c       ?GetHeight@SapView@@UEAAHXZ 0000000140014c8c f   SapClassBasic:SapClassBasic82.dll
 0001:00013c92       ?GetViewArea@SapView@@UEAAHPEAH0@Z 0000000140014c92 f   SapClassBasic:SapClassBasic82.dll
 0001:00013c98       ?IsCapabilityValid@SapView@@UEAAHH@Z 0000000140014c98 f   SapClassBasic:SapClassBasic82.dll
 0001:00013c9e       ?GetCapability@SapView@@UEAAHHPEAX@Z 0000000140014c9e f   SapClassBasic:SapClassBasic82.dll
 0001:00013ca4       ?IsParameterValid@SapView@@UEAAHH@Z 0000000140014ca4 f   SapClassBasic:SapClassBasic82.dll
 0001:00013caa       ?GetParameter@SapView@@UEAAHHPEAX@Z 0000000140014caa f   SapClassBasic:SapClassBasic82.dll
 0001:00013cb0       ?SetParameter@SapView@@UEAAHHPEAX@Z 0000000140014cb0 f   SapClassBasic:SapClassBasic82.dll
 0001:00013cb6       ?SetParameter@SapView@@UEAAHHH@Z 0000000140014cb6 f   SapClassBasic:SapClassBasic82.dll
 0001:00013cbc       ?SetWindowTitle@SapView@@UEAAHPEBD@Z 0000000140014cbc f   SapClassBasic:SapClassBasic82.dll
 0001:00013cc2       ?GetWindowTitle@SapView@@UEAAHPEAD@Z 0000000140014cc2 f   SapClassBasic:SapClassBasic82.dll
 0001:00013cc8       ?SetOverlayMode@SapView@@UEAAHH@Z 0000000140014cc8 f   SapClassBasic:SapClassBasic82.dll
 0001:00013cce       ?SetKeyColor@SapView@@MEAAHXZ 0000000140014cce f   SapClassBasic:SapClassBasic82.dll
 0001:00013cd4       ?SetKeyColor@SapView@@UEAAHVSapDataRGB@@@Z 0000000140014cd4 f   SapClassBasic:SapClassBasic82.dll
 0001:00013cda       ?GetDC@SapView@@UEAAHPEAPEAUHDC__@@@Z 0000000140014cda f   SapClassBasic:SapClassBasic82.dll
 0001:00013ce0       ?ReleaseDC@SapView@@UEAAHXZ 0000000140014ce0 f   SapClassBasic:SapClassBasic82.dll
 0001:00013ce6       ?Init@SapView@@UEAAXXZ     0000000140014ce6 f   SapClassBasic:SapClassBasic82.dll
 0001:00013cec       ?Show@SapView@@UEAAXH@Z    0000000140014cec f   SapClassBasic:SapClassBasic82.dll
 0001:00013cf2       ?Show@SapView@@UEAAXXZ     0000000140014cf2 f   SapClassBasic:SapClassBasic82.dll
 0001:00013cf8       ?ShowNext@SapView@@UEAAXXZ 0000000140014cf8 f   SapClassBasic:SapClassBasic82.dll
 0001:00013cfe       ?Hide@SapView@@UEAAXXZ     0000000140014cfe f   SapClassBasic:SapClassBasic82.dll
 0001:00013d04       ?HasRange@SapView@@UEAAHXZ 0000000140014d04 f   SapClassBasic:SapClassBasic82.dll
 0001:00013d0a       ?GetRange@SapView@@UEAAHXZ 0000000140014d0a f   SapClassBasic:SapClassBasic82.dll
 0001:00013d10       ?GetRangeMinMax@SapView@@UEAAXPEAH0@Z 0000000140014d10 f   SapClassBasic:SapClassBasic82.dll
 0001:00013d16       ?SetRange@SapView@@UEAAHH@Z 0000000140014d16 f   SapClassBasic:SapClassBasic82.dll
 0001:00013d1c       ?SetScalingMode@SapView@@UEAAHAEBVSapViewScaleParams@@0H@Z 0000000140014d1c f   SapClassBasic:SapClassBasic82.dll
 0001:00013d22       ?SetScalingMode@SapView@@UEAAHMMH@Z 0000000140014d22 f   SapClassBasic:SapClassBasic82.dll
 0001:00013d28       ?SetScalingMode@SapView@@UEAAHW4ScalingMode@1@HH@Z 0000000140014d28 f   SapClassBasic:SapClassBasic82.dll
 0001:00013d2e       ?SetAutoEmpty@SapView@@UEAAXH@Z 0000000140014d2e f   SapClassBasic:SapClassBasic82.dll
 0001:00013d34       ?SetImmediateMode@SapView@@UEAAXH@Z 0000000140014d34 f   SapClassBasic:SapClassBasic82.dll
 0001:00013d3a       ?SetThreadPriority@SapView@@UEAAXH@Z 0000000140014d3a f   SapClassBasic:SapClassBasic82.dll
 0001:00013d40       ?ApplyLut@SapView@@UEAAHXZ 0000000140014d40 f   SapClassBasic:SapClassBasic82.dll
 0001:00013d46       ?OnPaint@SapView@@UEAAXXZ  0000000140014d46 f   SapClassBasic:SapClassBasic82.dll
 0001:00013d4c       ?OnMove@SapView@@UEAAXXZ   0000000140014d4c f   SapClassBasic:SapClassBasic82.dll
 0001:00013d52       ?OnSize@SapView@@UEAAXH@Z  0000000140014d52 f   SapClassBasic:SapClassBasic82.dll
 0001:00013d58       ?OnHScroll@SapView@@UEAAXH@Z 0000000140014d58 f   SapClassBasic:SapClassBasic82.dll
 0001:00013d5e       ?OnVScroll@SapView@@UEAAXH@Z 0000000140014d5e f   SapClassBasic:SapClassBasic82.dll
 0001:00013d64       ?GetHandles@SapView@@UEBAPEAPEAU__CORHANDLE@@XZ 0000000140014d64 f   SapClassBasic:SapClassBasic82.dll
 0001:00013d6a       ??ASapView@@UEBAPEAU__CORHANDLE@@H@Z 0000000140014d6a f   SapClassBasic:SapClassBasic82.dll
 0001:00013d70       ?SetBuffers@SapView@@UEAAHPEAVSapBuffer@@@Z 0000000140014d70 f   SapClassBasic:SapClassBasic82.dll
 0001:00013d76       ?DoShow@SapView@@MEAAXXZ   0000000140014d76 f   SapClassBasic:SapClassBasic82.dll
 0001:00013d7c       ?Next@SapView@@MEAAXXZ     0000000140014d7c f   SapClassBasic:SapClassBasic82.dll
 0001:00013d82       ?SetScrollPosAndRange@SapView@@MEAAXXZ 0000000140014d82 f   SapClassBasic:SapClassBasic82.dll
 0001:00013d88       ?LoadLut@SapView@@MEAAHXZ  0000000140014d88 f   SapClassBasic:SapClassBasic82.dll
 0001:00013d8e       ??1SapAcqDeviceToBuf@@UEAA@XZ 0000000140014d8e f   SapClassBasic:SapClassBasic82.dll
 0001:00013d94       ??1SapAcqDevice@@UEAA@XZ   0000000140014d94 f   SapClassBasic:SapClassBasic82.dll
 0001:00013d9a       ??1SapBufferWithTrash@@UEAA@XZ 0000000140014d9a f   SapClassBasic:SapClassBasic82.dll
 0001:00013da0       ??1SapView@@UEAA@XZ        0000000140014da0 f   SapClassBasic:SapClassBasic82.dll
 0001:00013da6       ?SetCycleMode@SapXferPair@@QEAAHH@Z 0000000140014da6 f   SapClassBasic:SapClassBasic82.dll
 0001:00013dac       ?GetPair@SapTransfer@@QEAAPEAVSapXferPair@@H@Z 0000000140014dac f   SapClassBasic:SapClassBasic82.dll
 0001:00013db2       ??BSapManager@@QEBAHXZ     0000000140014db2 f   SapClassBasic:SapClassBasic82.dll
 0001:00013db8       ?GetBuffer@SapView@@QEBAPEAVSapBuffer@@XZ 0000000140014db8 f   SapClassBasic:SapClassBasic82.dll
 0001:00013dbe       ??1CImageExWnd@@UEAA@XZ    0000000140014dbe f   SapClassGuiD:SapClassGui82D.NET_2010.dll
 0001:00013dc4       ??0CImageExWnd@@QEAA@XZ    0000000140014dc4 f   SapClassGuiD:SapClassGui82D.NET_2010.dll
 0001:00013dca       ??0CImageExWndEventHandler@@QEAA@XZ 0000000140014dca f   SapClassGuiD:SapClassGui82D.NET_2010.dll
 0001:00013dd0       ?ScaleChanged@CImageViewportWndEventHandler@@UEAAXXZ 0000000140014dd0 f   SapClassGuiD:SapClassGui82D.NET_2010.dll
 0001:00013dd6       ?RoiChanged@CImageViewportWndEventHandler@@UEAAXXZ 0000000140014dd6 f   SapClassGuiD:SapClassGui82D.NET_2010.dll
 0001:00013ddc       ?ViewChanged@CImageViewportWndEventHandler@@UEAAXXZ 0000000140014ddc f   SapClassGuiD:SapClassGui82D.NET_2010.dll
 0001:00013de2       ?MarkerChanged@CImageExWndEventHandler@@UEAAXXZ 0000000140014de2 f   SapClassGuiD:SapClassGui82D.NET_2010.dll
 0001:00013de8       ?InteractiveMarkerChanged@CImageExWndEventHandler@@UEAAXH@Z 0000000140014de8 f   SapClassGuiD:SapClassGui82D.NET_2010.dll
 0001:00013dee       ?GetPixelString@CImageExWnd@@QEBA?AV?$CStringT@DV?$StrTraitMFC_DLL@DV?$ChTraitsCRT@D@ATL@@@@@ATL@@VCPoint@@@Z 0000000140014dee f   SapClassGuiD:SapClassGui82D.NET_2010.dll
 0001:00013df4       ?Reset@CImageExWnd@@QEAAXXZ 0000000140014df4 f   SapClassGuiD:SapClassGui82D.NET_2010.dll
 0001:00013dfa       ?AttachSapView@CImageExWnd@@QEAA_NPEAVSapView@@@Z 0000000140014dfa f   SapClassGuiD:SapClassGui82D.NET_2010.dll
 0001:00013e00       ??1CViewDlg@@UEAA@XZ       0000000140014e00 f   SapClassGuiD:SapClassGui82D.NET_2010.dll
 0001:00013e06       ?Refresh@CImageExWnd@@QEAAXXZ 0000000140014e06 f   SapClassGuiD:SapClassGui82D.NET_2010.dll
 0001:00013e0c       ??0CViewDlg@@QEAA@PEAVCWnd@@PEAVSapView@@@Z 0000000140014e0c f   SapClassGuiD:SapClassGui82D.NET_2010.dll
 0001:00013e12       ??1CAbortDlg@@UEAA@XZ      0000000140014e12 f   SapClassGuiD:SapClassGui82D.NET_2010.dll
 0001:00013e18       ??0CAbortDlg@@QEAA@PEAVCWnd@@PEAVSapTransfer@@H@Z 0000000140014e18 f   SapClassGuiD:SapClassGui82D.NET_2010.dll
 0001:00013e1e       ZLBSaveImage               0000000140014e1e f   ZLBImage:ZLBImage.dll
 0001:00013e24       ZLBCreateDirectory         0000000140014e24 f   ZLBCommon:ZLBCommon.dll
 0001:00013e2a       ZLBGetFormatTime           0000000140014e2a f   ZLBCommon:ZLBCommon.dll
 0001:00013e30       ZLBIsPathExist             0000000140014e30 f   ZLBCommon:ZLBCommon.dll
 0001:00013e36       ZLBIniReadDouble           0000000140014e36 f   ZLBCommon:ZLBCommon.dll
 0001:00013e3c       ZLBIniReadString           0000000140014e3c f   ZLBCommon:ZLBCommon.dll
 0001:00013e42       ZLBIniReadInt              0000000140014e42 f   ZLBCommon:ZLBCommon.dll
 0001:00013e48       ZLBIniFile                 0000000140014e48 f   ZLBCommon:ZLBCommon.dll
 0001:00013e4e       ZLBGetCurrentPath          0000000140014e4e f   ZLBCommon:ZLBCommon.dll
 0001:00013e54       ZLBIniWriteDouble          0000000140014e54 f   ZLBCommon:ZLBCommon.dll
 0001:00013e5a       ??3@YAXPEAX@Z              0000000140014e5a f   mfc100d:mfc100d.dll
 0001:00013e60       ?GetThisMessageMap@CWinApp@@KAPEBUAFX_MSGMAP@@XZ 0000000140014e60 f   mfc100d:mfc100d.dll
 0001:00013e66       ??0CWinApp@@QEAA@PEBD@Z    0000000140014e66 f   mfc100d:mfc100d.dll
 0001:00013e6c       ?GetRuntimeClass@CWinApp@@UEBAPEAUCRuntimeClass@@XZ 0000000140014e6c f   mfc100d:mfc100d.dll
 0001:00013e72       ?Serialize@CObject@@UEAAXAEAVCArchive@@@Z 0000000140014e72 f   mfc100d:mfc100d.dll
 0001:00013e78       ?AssertValid@CWinApp@@UEBAXXZ 0000000140014e78 f   mfc100d:mfc100d.dll
 0001:00013e7e       ?Dump@CWinApp@@UEBAXAEAVCDumpContext@@@Z 0000000140014e7e f   mfc100d:mfc100d.dll
 0001:00013e84       ?OnCmdMsg@CCmdTarget@@UEAAHIHPEAXPEAUAFX_CMDHANDLERINFO@@@Z 0000000140014e84 f   mfc100d:mfc100d.dll
 0001:00013e8a       ?OnFinalRelease@CCmdTarget@@UEAAXXZ 0000000140014e8a f   mfc100d:mfc100d.dll
 0001:00013e90       ?IsInvokeAllowed@CCmdTarget@@UEAAHJ@Z 0000000140014e90 f   mfc100d:mfc100d.dll
 0001:00013e96       ?GetDispatchIID@CCmdTarget@@UEAAHPEAU_GUID@@@Z 0000000140014e96 f   mfc100d:mfc100d.dll
 0001:00013e9c       ?GetTypeInfoCount@CCmdTarget@@UEAAIXZ 0000000140014e9c f   mfc100d:mfc100d.dll
 0001:00013ea2       ?GetTypeLibCache@CCmdTarget@@UEAAPEAVCTypeLibCache@@XZ 0000000140014ea2 f   mfc100d:mfc100d.dll
 0001:00013ea8       ?GetTypeLib@CCmdTarget@@UEAAJKPEAPEAUITypeLib@@@Z 0000000140014ea8 f   mfc100d:mfc100d.dll
 0001:00013eae       ?GetCommandMap@CCmdTarget@@MEBAPEBUAFX_OLECMDMAP@@XZ 0000000140014eae f   mfc100d:mfc100d.dll
 0001:00013eb4       ?GetDispatchMap@CCmdTarget@@MEBAPEBUAFX_DISPMAP@@XZ 0000000140014eb4 f   mfc100d:mfc100d.dll
 0001:00013eba       ?GetConnectionMap@CCmdTarget@@MEBAPEBUAFX_CONNECTIONMAP@@XZ 0000000140014eba f   mfc100d:mfc100d.dll
 0001:00013ec0       ?GetInterfaceMap@CCmdTarget@@MEBAPEBUAFX_INTERFACEMAP@@XZ 0000000140014ec0 f   mfc100d:mfc100d.dll
 0001:00013ec6       ?GetEventSinkMap@CCmdTarget@@MEBAPEBUAFX_EVENTSINKMAP@@XZ 0000000140014ec6 f   mfc100d:mfc100d.dll
 0001:00013ecc       ?OnCreateAggregates@CCmdTarget@@UEAAHXZ 0000000140014ecc f   mfc100d:mfc100d.dll
 0001:00013ed2       ?GetInterfaceHook@CCmdTarget@@UEAAPEAUIUnknown@@PEBX@Z 0000000140014ed2 f   mfc100d:mfc100d.dll
 0001:00013ed8       ?GetExtraConnectionPoints@CCmdTarget@@MEAAHPEAVCPtrArray@@@Z 0000000140014ed8 f   mfc100d:mfc100d.dll
 0001:00013ede       ?GetConnectionHook@CCmdTarget@@MEAAPEAUIConnectionPoint@@AEBU_GUID@@@Z 0000000140014ede f   mfc100d:mfc100d.dll
 0001:00013ee4       ?Run@CWinApp@@UEAAHXZ      0000000140014ee4 f   mfc100d:mfc100d.dll
 0001:00013eea       ?PreTranslateMessage@CWinThread@@UEAAHPEAUtagMSG@@@Z 0000000140014eea f   mfc100d:mfc100d.dll
 0001:00013ef0       ?PumpMessage@CWinThread@@UEAAHXZ 0000000140014ef0 f   mfc100d:mfc100d.dll
 0001:00013ef6       ?OnIdle@CWinApp@@UEAAHJ@Z  0000000140014ef6 f   mfc100d:mfc100d.dll
 0001:00013efc       ?IsIdleMessage@CWinThread@@UEAAHPEAUtagMSG@@@Z 0000000140014efc f   mfc100d:mfc100d.dll
 0001:00013f02       ?ExitInstance@CWinApp@@UEAAHXZ 0000000140014f02 f   mfc100d:mfc100d.dll
 0001:00013f08       ?ProcessWndProcException@CWinApp@@UEAA_JPEAVCException@@PEBUtagMSG@@@Z 0000000140014f08 f   mfc100d:mfc100d.dll
 0001:00013f0e       ?ProcessMessageFilter@CWinThread@@UEAAHHPEAUtagMSG@@@Z 0000000140014f0e f   mfc100d:mfc100d.dll
 0001:00013f14       ?GetMainWnd@CWinThread@@UEAAPEAVCWnd@@XZ 0000000140014f14 f   mfc100d:mfc100d.dll
 0001:00013f1a       ?Delete@CWinThread@@UEAAXXZ 0000000140014f1a f   mfc100d:mfc100d.dll
 0001:00013f20       ?GetProfileIntA@CWinApp@@UEAAIPEBD0H@Z 0000000140014f20 f   mfc100d:mfc100d.dll
 0001:00013f26       ?WriteProfileInt@CWinApp@@UEAAHPEBD0H@Z 0000000140014f26 f   mfc100d:mfc100d.dll
 0001:00013f2c       ?GetProfileStringA@CWinApp@@UEAA?AV?$CStringT@DV?$StrTraitMFC_DLL@DV?$ChTraitsCRT@D@ATL@@@@@ATL@@PEBD00@Z 0000000140014f2c f   mfc100d:mfc100d.dll
 0001:00013f32       ?WriteProfileStringA@CWinApp@@UEAAHPEBD00@Z 0000000140014f32 f   mfc100d:mfc100d.dll
 0001:00013f38       ?GetProfileBinary@CWinApp@@UEAAHPEBD0PEAPEAEPEAI@Z 0000000140014f38 f   mfc100d:mfc100d.dll
 0001:00013f3e       ?WriteProfileBinary@CWinApp@@UEAAHPEBD0PEAEI@Z 0000000140014f3e f   mfc100d:mfc100d.dll
 0001:00013f44       ?InitLibId@CWinApp@@UEAAXXZ 0000000140014f44 f   mfc100d:mfc100d.dll
 0001:00013f4a       ?Register@CWinApp@@UEAAHXZ 0000000140014f4a f   mfc100d:mfc100d.dll
 0001:00013f50       ?Unregister@CWinApp@@UEAAHXZ 0000000140014f50 f   mfc100d:mfc100d.dll
 0001:00013f56       ?OpenDocumentFile@CWinApp@@UEAAPEAVCDocument@@PEBDH@Z 0000000140014f56 f   mfc100d:mfc100d.dll
 0001:00013f5c       ?OpenDocumentFile@CWinApp@@UEAAPEAVCDocument@@PEBD@Z 0000000140014f5c f   mfc100d:mfc100d.dll
 0001:00013f62       ?AddToRecentFileList@CWinApp@@UEAAXPEBD@Z 0000000140014f62 f   mfc100d:mfc100d.dll
 0001:00013f68       ?InitApplication@CWinApp@@UEAAHXZ 0000000140014f68 f   mfc100d:mfc100d.dll
 0001:00013f6e       ?SaveAllModified@CWinApp@@UEAAHXZ 0000000140014f6e f   mfc100d:mfc100d.dll
 0001:00013f74       ?DoMessageBox@CWinApp@@UEAAHPEBDII@Z 0000000140014f74 f   mfc100d:mfc100d.dll
 0001:00013f7a       ?DoWaitCursor@CWinApp@@UEAAXH@Z 0000000140014f7a f   mfc100d:mfc100d.dll
 0001:00013f80       ?OnDDECommand@CWinApp@@UEAAHPEAD@Z 0000000140014f80 f   mfc100d:mfc100d.dll
 0001:00013f86       ?WinHelpA@CWinApp@@UEAAX_KI@Z 0000000140014f86 f   mfc100d:mfc100d.dll
 0001:00013f8c       ?HtmlHelpA@CWinApp@@UEAAX_KI@Z 0000000140014f8c f   mfc100d:mfc100d.dll
 0001:00013f92       ?WinHelpInternal@CWinApp@@UEAAX_KI@Z 0000000140014f92 f   mfc100d:mfc100d.dll
 0001:00013f98       ?RegisterWithRestartManager@CWinApp@@UEAAJPEB_WKP6AKPEAX@Z1KK@Z 0000000140014f98 f   mfc100d:mfc100d.dll
 0001:00013f9e       ?RegisterWithRestartManager@CWinApp@@UEAAJHAEBV?$CStringT@DV?$StrTraitMFC_DLL@DV?$ChTraitsCRT@D@ATL@@@@@ATL@@@Z 0000000140014f9e f   mfc100d:mfc100d.dll
 0001:00013fa4       ?ApplicationRecoveryCallback@CWinApp@@UEAAKPEAX@Z 0000000140014fa4 f   mfc100d:mfc100d.dll
 0001:00013faa       ?GetDataRecoveryHandler@CWinApp@@UEAAPEAVCDataRecoveryHandler@@XZ 0000000140014faa f   mfc100d:mfc100d.dll
 0001:00013fb0       ?IsTaskbarInteractionEnabled@CWinApp@@UEAAHXZ 0000000140014fb0 f   mfc100d:mfc100d.dll
 0001:00013fb6       ?RestartInstance@CWinApp@@UEAAHXZ 0000000140014fb6 f   mfc100d:mfc100d.dll
 0001:00013fbc       ?LoadAppLangResourceDLL@CWinApp@@UEAAPEAUHINSTANCE__@@XZ 0000000140014fbc f   mfc100d:mfc100d.dll
 0001:00013fc2       ?LoadSysPolicies@CWinApp@@UEAAHXZ 0000000140014fc2 f   mfc100d:mfc100d.dll
 0001:00013fc8       ??3CObject@@SAXPEAX@Z      0000000140014fc8 f   mfc100d:mfc100d.dll
 0001:00013fce       ??1CWinApp@@UEAA@XZ        0000000140014fce f   mfc100d:mfc100d.dll
 0001:00013fd4       ?DoModal@CDialog@@UEAA_JXZ 0000000140014fd4 f   mfc100d:mfc100d.dll
 0001:00013fda       ?AfxEnableControlContainer@@YAXPEAVCOccManager@@@Z 0000000140014fda f   mfc100d:mfc100d.dll
 0001:00013fe0       ??1CDialog@@UEAA@XZ        0000000140014fe0 f   mfc100d:mfc100d.dll
 0001:00013fe6       ??1CStatic@@UEAA@XZ        0000000140014fe6 f   mfc100d:mfc100d.dll
 0001:00013fec       ??1CEdit@@UEAA@XZ          0000000140014fec f   mfc100d:mfc100d.dll
 0001:00013ff2       ??1CButton@@UEAA@XZ        0000000140014ff2 f   mfc100d:mfc100d.dll
 0001:00013ff8       ??1CComboBox@@UEAA@XZ      0000000140014ff8 f   mfc100d:mfc100d.dll
 0001:00013ffe       ??1?$CStringT@DV?$StrTraitMFC_DLL@DV?$ChTraitsCRT@D@ATL@@@@@ATL@@QEAA@XZ 0000000140014ffe f   mfc100d:mfc100d.dll
 0001:00014004       ??0CDialog@@QEAA@IPEAVCWnd@@@Z 0000000140015004 f   mfc100d:mfc100d.dll
 0001:0001400a       ?GetRuntimeClass@CDialog@@UEBAPEAUCRuntimeClass@@XZ 000000014001500a f   mfc100d:mfc100d.dll
 0001:00014010       ?AssertValid@CDialog@@UEBAXXZ 0000000140015010 f   mfc100d:mfc100d.dll
 0001:00014016       ?Dump@CDialog@@UEBAXAEAVCDumpContext@@@Z 0000000140015016 f   mfc100d:mfc100d.dll
 0001:0001401c       ?OnCmdMsg@CDialog@@UEAAHIHPEAXPEAUAFX_CMDHANDLERINFO@@@Z 000000014001501c f   mfc100d:mfc100d.dll
 0001:00014022       ?OnFinalRelease@CWnd@@UEAAXXZ 0000000140015022 f   mfc100d:mfc100d.dll
 0001:00014028       ?GetInterfaceMap@CWnd@@MEBAPEBUAFX_INTERFACEMAP@@XZ 0000000140015028 f   mfc100d:mfc100d.dll
 0001:0001402e       ?PreSubclassWindow@CWnd@@UEAAXXZ 000000014001502e f   mfc100d:mfc100d.dll
 0001:00014034       ?Create@CWnd@@UEAAHPEBD0KAEBUtagRECT@@PEAV1@IPEAUCCreateContext@@@Z 0000000140015034 f   mfc100d:mfc100d.dll
 0001:0001403a       ?CreateEx@CWnd@@UEAAHKPEBD0KAEBUtagRECT@@PEAV1@IPEAX@Z 000000014001503a f   mfc100d:mfc100d.dll
 0001:00014040       ?CreateEx@CWnd@@UEAAHKPEBD0KHHHHPEAUHWND__@@PEAUHMENU__@@PEAX@Z 0000000140015040 f   mfc100d:mfc100d.dll
 0001:00014046       ?DestroyWindow@CWnd@@UEAAHXZ 0000000140015046 f   mfc100d:mfc100d.dll
 0001:0001404c       ?PreCreateWindow@CWnd@@UEAAHAEAUtagCREATESTRUCTA@@@Z 000000014001504c f   mfc100d:mfc100d.dll
 0001:00014052       ?CalcWindowRect@CWnd@@UEAAXPEAUtagRECT@@I@Z 0000000140015052 f   mfc100d:mfc100d.dll
 0001:00014058       ?GetMenu@CWnd@@UEBAPEAVCMenu@@XZ 0000000140015058 f   mfc100d:mfc100d.dll
 0001:0001405e       ?SetMenu@CWnd@@UEAAHPEAVCMenu@@@Z 000000014001505e f   mfc100d:mfc100d.dll
 0001:00014064       ?OnToolHitTest@CWnd@@UEBA_JVCPoint@@PEAUtagTOOLINFOA@@@Z 0000000140015064 f   mfc100d:mfc100d.dll
 0001:0001406a       ?GetScrollBarCtrl@CWnd@@UEBAPEAVCScrollBar@@H@Z 000000014001506a f   mfc100d:mfc100d.dll
 0001:00014070       ?WinHelpA@CWnd@@UEAAX_KI@Z 0000000140015070 f   mfc100d:mfc100d.dll
 0001:00014076       ?HtmlHelpA@CWnd@@UEAAX_KI@Z 0000000140015076 f   mfc100d:mfc100d.dll
 0001:0001407c       ?WinHelpInternal@CWnd@@UEAAX_KI@Z 000000014001507c f   mfc100d:mfc100d.dll
 0001:00014082       ?ContinueModal@CWnd@@UEAAHXZ 0000000140015082 f   mfc100d:mfc100d.dll
 0001:00014088       ?EndModalLoop@CWnd@@UEAAXH@Z 0000000140015088 f   mfc100d:mfc100d.dll
 0001:0001408e       ?OnDrawIconicThumbnailOrLivePreview@CWnd@@UEAAXAEAVCDC@@VCRect@@VCSize@@HAEAH@Z 000000014001508e f   mfc100d:mfc100d.dll
 0001:00014094       ?EnsureStdObj@CWnd@@UEAAJXZ 0000000140015094 f   mfc100d:mfc100d.dll
 0001:0001409a       ?get_accParent@CWnd@@UEAAJPEAPEAUIDispatch@@@Z 000000014001509a f   mfc100d:mfc100d.dll
 0001:000140a0       ?get_accChildCount@CWnd@@UEAAJPEAJ@Z 00000001400150a0 f   mfc100d:mfc100d.dll
 0001:000140a6       ?get_accChild@CWnd@@UEAAJUtagVARIANT@@PEAPEAUIDispatch@@@Z 00000001400150a6 f   mfc100d:mfc100d.dll
 0001:000140ac       ?get_accName@CWnd@@UEAAJUtagVARIANT@@PEAPEA_W@Z 00000001400150ac f   mfc100d:mfc100d.dll
 0001:000140b2       ?get_accValue@CWnd@@UEAAJUtagVARIANT@@PEAPEA_W@Z 00000001400150b2 f   mfc100d:mfc100d.dll
 0001:000140b8       ?get_accDescription@CWnd@@UEAAJUtagVARIANT@@PEAPEA_W@Z 00000001400150b8 f   mfc100d:mfc100d.dll
 0001:000140be       ?get_accRole@CWnd@@UEAAJUtagVARIANT@@PEAU2@@Z 00000001400150be f   mfc100d:mfc100d.dll
 0001:000140c4       ?get_accState@CWnd@@UEAAJUtagVARIANT@@PEAU2@@Z 00000001400150c4 f   mfc100d:mfc100d.dll
 0001:000140ca       ?get_accHelp@CWnd@@UEAAJUtagVARIANT@@PEAPEA_W@Z 00000001400150ca f   mfc100d:mfc100d.dll
 0001:000140d0       ?get_accHelpTopic@CWnd@@UEAAJPEAPEA_WUtagVARIANT@@PEAJ@Z 00000001400150d0 f   mfc100d:mfc100d.dll
 0001:000140d6       ?get_accKeyboardShortcut@CWnd@@UEAAJUtagVARIANT@@PEAPEA_W@Z 00000001400150d6 f   mfc100d:mfc100d.dll
 0001:000140dc       ?get_accFocus@CWnd@@UEAAJPEAUtagVARIANT@@@Z 00000001400150dc f   mfc100d:mfc100d.dll
 0001:000140e2       ?get_accSelection@CWnd@@UEAAJPEAUtagVARIANT@@@Z 00000001400150e2 f   mfc100d:mfc100d.dll
 0001:000140e8       ?get_accDefaultAction@CWnd@@UEAAJUtagVARIANT@@PEAPEA_W@Z 00000001400150e8 f   mfc100d:mfc100d.dll
 0001:000140ee       ?accSelect@CWnd@@UEAAJJUtagVARIANT@@@Z 00000001400150ee f   mfc100d:mfc100d.dll
 0001:000140f4       ?accLocation@CWnd@@UEAAJPEAJ000UtagVARIANT@@@Z 00000001400150f4 f   mfc100d:mfc100d.dll
 0001:000140fa       ?accNavigate@CWnd@@UEAAJJUtagVARIANT@@PEAU2@@Z 00000001400150fa f   mfc100d:mfc100d.dll
 0001:00014100       ?accHitTest@CWnd@@UEAAJJJPEAUtagVARIANT@@@Z 0000000140015100 f   mfc100d:mfc100d.dll
 0001:00014106       ?accDoDefaultAction@CWnd@@UEAAJUtagVARIANT@@@Z 0000000140015106 f   mfc100d:mfc100d.dll
 0001:0001410c       ?put_accName@CWnd@@UEAAJUtagVARIANT@@PEA_W@Z 000000014001510c f   mfc100d:mfc100d.dll
 0001:00014112       ?put_accValue@CWnd@@UEAAJUtagVARIANT@@PEA_W@Z 0000000140015112 f   mfc100d:mfc100d.dll
 0001:00014118       ?SetProxy@CWnd@@UEAAJPEAUIAccessibleProxy@@@Z 0000000140015118 f   mfc100d:mfc100d.dll
 0001:0001411e       ?CreateAccessibleProxy@CWnd@@UEAAJ_K_JPEA_J@Z 000000014001511e f   mfc100d:mfc100d.dll
 0001:00014124       ?OnCommand@CWnd@@MEAAH_K_J@Z 0000000140015124 f   mfc100d:mfc100d.dll
 0001:0001412a       ?OnNotify@CWnd@@MEAAH_K_JPEA_J@Z 000000014001512a f   mfc100d:mfc100d.dll
 0001:00014130       ?GetSuperWndProcAddr@CWnd@@MEAAPEAP6A_JPEAUHWND__@@I_K_J@ZXZ 0000000140015130 f   mfc100d:mfc100d.dll
 0001:00014136       ?BeginModalState@CWnd@@UEAAXXZ 0000000140015136 f   mfc100d:mfc100d.dll
 0001:0001413c       ?EndModalState@CWnd@@UEAAXXZ 000000014001513c f   mfc100d:mfc100d.dll
 0001:00014142       ?PreTranslateMessage@CDialog@@UEAAHPEAUtagMSG@@@Z 0000000140015142 f   mfc100d:mfc100d.dll
 0001:00014148       ?OnAmbientProperty@CWnd@@UEAAHPEAVCOleControlSite@@JPEAUtagVARIANT@@@Z 0000000140015148 f   mfc100d:mfc100d.dll
[...]
 0005:00004270       __imp_?get_accParent@CWnd@@UEAAJPEAPEAUIDispatch@@@Z 0000000174567270     mfc100d:mfc100d.dll
 0005:00004278       __imp_?EnsureStdObj@CWnd@@UEAAJXZ 0000000174567278     mfc100d:mfc100d.dll
 0005:00004280       __imp_?OnDrawIconicThumbnailOrLivePreview@CWnd@@UEAAXAEAVCDC@@VCRect@@VCSize@@HAEAH@Z 0000000174567280     mfc100d:mfc100d.dll
 0005:00004288       __imp_?EndModalLoop@CWnd@@UEAAXH@Z 0000000174567288     mfc100d:mfc100d.dll
 0005:00004290       __imp_?ContinueModal@CWnd@@UEAAHXZ 0000000174567290     mfc100d:mfc100d.dll
 0005:00004298       __imp_?WinHelpInternal@CWnd@@UEAAX_KI@Z 0000000174567298     mfc100d:mfc100d.dll
 0005:000042a0       __imp_?HtmlHelpA@CWnd@@UEAAX_KI@Z 00000001745672a0     mfc100d:mfc100d.dll
 0005:000042a8       __imp_?WinHelpA@CWnd@@UEAAX_KI@Z 00000001745672a8     mfc100d:mfc100d.dll
 0005:000042b0       __imp_?GetScrollBarCtrl@CWnd@@UEBAPEAVCScrollBar@@H@Z 00000001745672b0     mfc100d:mfc100d.dll
 0005:000042b8       __imp_?OnToolHitTest@CWnd@@UEBA_JVCPoint@@PEAUtagTOOLINFOA@@@Z 00000001745672b8     mfc100d:mfc100d.dll
 0005:000042c0       __imp_?SetMenu@CWnd@@UEAAHPEAVCMenu@@@Z 00000001745672c0     mfc100d:mfc100d.dll
 0005:000042c8       __imp_?GetMenu@CWnd@@UEBAPEAVCMenu@@XZ 00000001745672c8     mfc100d:mfc100d.dll
 0005:000042d0       __imp_?CalcWindowRect@CWnd@@UEAAXPEAUtagRECT@@I@Z 00000001745672d0     mfc100d:mfc100d.dll
 0005:000042d8       __imp_?PreCreateWindow@CWnd@@UEAAHAEAUtagCREATESTRUCTA@@@Z 00000001745672d8     mfc100d:mfc100d.dll
 0005:000042e0       __imp_?DestroyWindow@CWnd@@UEAAHXZ 00000001745672e0     mfc100d:mfc100d.dll
 0005:000042e8       __imp_?CreateEx@CWnd@@UEAAHKPEBD0KHHHHPEAUHWND__@@PEAUHMENU__@@PEAX@Z 00000001745672e8     mfc100d:mfc100d.dll
 0005:000042f0       __imp_?CreateEx@CWnd@@UEAAHKPEBD0KAEBUtagRECT@@PEAV1@IPEAX@Z 00000001745672f0     mfc100d:mfc100d.dll
 0005:000042f8       __imp_?Create@CWnd@@UEAAHPEBD0KAEBUtagRECT@@PEAV1@IPEAUCCreateContext@@@Z 00000001745672f8     mfc100d:mfc100d.dll
 0005:00004300       __imp_?PreSubclassWindow@CWnd@@UEAAXXZ 0000000174567300     mfc100d:mfc100d.dll
 0005:00004308       __imp_?GetInterfaceMap@CWnd@@MEBAPEBUAFX_INTERFACEMAP@@XZ 0000000174567308     mfc100d:mfc100d.dll
 0005:00004310       __imp_?OnFinalRelease@CWnd@@UEAAXXZ 0000000174567310     mfc100d:mfc100d.dll
 0005:00004318       __imp_?OnCmdMsg@CDialog@@UEAAHIHPEAXPEAUAFX_CMDHANDLERINFO@@@Z 0000000174567318     mfc100d:mfc100d.dll
 0005:00004320       __imp_?Dump@CDialog@@UEBAXAEAVCDumpContext@@@Z 0000000174567320     mfc100d:mfc100d.dll
 0005:00004328       __imp_?AssertValid@CDialog@@UEBAXXZ 0000000174567328     mfc100d:mfc100d.dll
 0005:00004330       __imp_?GetRuntimeClass@CDialog@@UEBAPEAUCRuntimeClass@@XZ 0000000174567330     mfc100d:mfc100d.dll
 0005:00004338       __imp_??0CDialog@@QEAA@IPEAVCWnd@@@Z 0000000174567338     mfc100d:mfc100d.dll
 0005:00004340       __imp_??1?$CStringT@DV?$StrTraitMFC_DLL@DV?$ChTraitsCRT@D@ATL@@@@@ATL@@QEAA@XZ 0000000174567340     mfc100d:mfc100d.dll
 0005:00004348       __imp_??1CComboBox@@UEAA@XZ 0000000174567348     mfc100d:mfc100d.dll
 0005:00004350       __imp_??1CButton@@UEAA@XZ  0000000174567350     mfc100d:mfc100d.dll
 0005:00004358       __imp_??1CEdit@@UEAA@XZ    0000000174567358     mfc100d:mfc100d.dll
 0005:00004360       __imp_??1CStatic@@UEAA@XZ  0000000174567360     mfc100d:mfc100d.dll
 0005:00004368       __imp_??1CDialog@@UEAA@XZ  0000000174567368     mfc100d:mfc100d.dll
 0005:00004370       __imp_?AfxEnableControlContainer@@YAXPEAVCOccManager@@@Z 0000000174567370     mfc100d:mfc100d.dll
 0005:00004378       __imp_?DoModal@CDialog@@UEAA_JXZ 0000000174567378     mfc100d:mfc100d.dll
 0005:00004380       __imp_??1CWinApp@@UEAA@XZ  0000000174567380     mfc100d:mfc100d.dll
 0005:00004388       __imp_??3CObject@@SAXPEAX@Z 0000000174567388     mfc100d:mfc100d.dll
 0005:00004390       __imp_?LoadSysPolicies@CWinApp@@UEAAHXZ 0000000174567390     mfc100d:mfc100d.dll
 0005:00004398       __imp_?LoadAppLangResourceDLL@CWinApp@@UEAAPEAUHINSTANCE__@@XZ 0000000174567398     mfc100d:mfc100d.dll
 0005:000043a0       __imp_?RestartInstance@CWinApp@@UEAAHXZ 00000001745673a0     mfc100d:mfc100d.dll
 0005:000043a8       __imp_?IsTaskbarInteractionEnabled@CWinApp@@UEAAHXZ 00000001745673a8     mfc100d:mfc100d.dll
 0005:000043b0       __imp_?GetDataRecoveryHandler@CWinApp@@UEAAPEAVCDataRecoveryHandler@@XZ 00000001745673b0     mfc100d:mfc100d.dll
 0005:000043b8       __imp_?ApplicationRecoveryCallback@CWinApp@@UEAAKPEAX@Z 00000001745673b8     mfc100d:mfc100d.dll
 0005:000043c0       __imp_?RegisterWithRestartManager@CWinApp@@UEAAJHAEBV?$CStringT@DV?$StrTraitMFC_DLL@DV?$ChTraitsCRT@D@ATL@@@@@ATL@@@Z 00000001745673c0     mfc100d:mfc100d.dll
 0005:000043c8       __imp_?RegisterWithRestartManager@CWinApp@@UEAAJPEB_WKP6AKPEAX@Z1KK@Z 00000001745673c8     mfc100d:mfc100d.dll
 0005:000043d0       __imp_?WinHelpInternal@CWinApp@@UEAAX_KI@Z 00000001745673d0     mfc100d:mfc100d.dll
 0005:000043d8       __imp_?HtmlHelpA@CWinApp@@UEAAX_KI@Z 00000001745673d8     mfc100d:mfc100d.dll
 0005:000043e0       __imp_?WinHelpA@CWinApp@@UEAAX_KI@Z 00000001745673e0     mfc100d:mfc100d.dll
 0005:000043e8       __imp_?OnDDECommand@CWinApp@@UEAAHPEAD@Z 00000001745673e8     mfc100d:mfc100d.dll
 0005:000043f0       __imp_?DoWaitCursor@CWinApp@@UEAAXH@Z 00000001745673f0     mfc100d:mfc100d.dll
 0005:000043f8       __imp_?DoMessageBox@CWinApp@@UEAAHPEBDII@Z 00000001745673f8     mfc100d:mfc100d.dll
 0005:00004400       __imp_?SaveAllModified@CWinApp@@UEAAHXZ 0000000174567400     mfc100d:mfc100d.dll
 0005:00004408       __imp_?InitApplication@CWinApp@@UEAAHXZ 0000000174567408     mfc100d:mfc100d.dll
 0005:00004410       __imp_?AddToRecentFileList@CWinApp@@UEAAXPEBD@Z 0000000174567410     mfc100d:mfc100d.dll
 0005:00004418       __imp_?OpenDocumentFile@CWinApp@@UEAAPEAVCDocument@@PEBD@Z 0000000174567418     mfc100d:mfc100d.dll
 0005:00004420       __imp_?OpenDocumentFile@CWinApp@@UEAAPEAVCDocument@@PEBDH@Z 0000000174567420     mfc100d:mfc100d.dll
 0005:00004428       __imp_?Unregister@CWinApp@@UEAAHXZ 0000000174567428     mfc100d:mfc100d.dll
 0005:00004430       __imp_?Register@CWinApp@@UEAAHXZ 0000000174567430     mfc100d:mfc100d.dll
 0005:00004438       __imp_?InitLibId@CWinApp@@UEAAXXZ 0000000174567438     mfc100d:mfc100d.dll
 0005:00004440       __imp_?WriteProfileBinary@CWinApp@@UEAAHPEBD0PEAEI@Z 0000000174567440     mfc100d:mfc100d.dll
 0005:00004448       __imp_?GetProfileBinary@CWinApp@@UEAAHPEBD0PEAPEAEPEAI@Z 0000000174567448     mfc100d:mfc100d.dll
 0005:00004450       __imp_?WriteProfileStringA@CWinApp@@UEAAHPEBD00@Z 0000000174567450     mfc100d:mfc100d.dll
 0005:00004458       __imp_?GetProfileStringA@CWinApp@@UEAA?AV?$CStringT@DV?$StrTraitMFC_DLL@DV?$ChTraitsCRT@D@ATL@@@@@ATL@@PEBD00@Z 0000000174567458     mfc100d:mfc100d.dll
 0005:00004460       __imp_?WriteProfileInt@CWinApp@@UEAAHPEBD0H@Z 0000000174567460     mfc100d:mfc100d.dll
 0005:00004468       __imp_?GetProfileIntA@CWinApp@@UEAAIPEBD0H@Z 0000000174567468     mfc100d:mfc100d.dll
 0005:00004470       __imp_?Open@CFile@@UEAAHPEBDIPEAVCFileException@@@Z 0000000174567470     mfc100d:mfc100d.dll
 0005:00004478       __imp_?Write@CFile@@UEAAXPEBXI@Z 0000000174567478     mfc100d:mfc100d.dll
 0005:00004480       __imp_?Close@CFile@@UEAAXXZ 0000000174567480     mfc100d:mfc100d.dll
 0005:00004488       __imp_??1CFile@@UEAA@XZ    0000000174567488     mfc100d:mfc100d.dll
 0005:00004490       __imp_??2@YAPEAX_KPEBDH@Z  0000000174567490     mfc100d:mfc100d.dll
 0005:00004498       __imp_??0CMenu@@QEAA@XZ    0000000174567498     mfc100d:mfc100d.dll
 0005:000044a0       __imp_?LoadMenuA@CMenu@@QEAAHI@Z 00000001745674a0     mfc100d:mfc100d.dll
 0005:000044a8       __imp_?GetSubMenu@CMenu@@QEBAPEAV1@H@Z 00000001745674a8     mfc100d:mfc100d.dll
 0005:000044b0       __imp_?SetForegroundWindow@CWnd@@QEAAHXZ 00000001745674b0     mfc100d:mfc100d.dll
 0005:000044b8       __imp_?TrackPopupMenu@CMenu@@QEAAHIHHPEAVCWnd@@PEBUtagRECT@@@Z 00000001745674b8     mfc100d:mfc100d.dll
 0005:000044c0       __imp_?PostMessageA@CWnd@@QEAAHI_K_J@Z 00000001745674c0     mfc100d:mfc100d.dll
 0005:000044c8       __imp_?DestroyMenu@CMenu@@QEAAHXZ 00000001745674c8     mfc100d:mfc100d.dll
 0005:000044d0       __imp_??1CMenu@@UEAA@XZ    00000001745674d0     mfc100d:mfc100d.dll
 0005:000044d8       __imp_?DDX_Control@@YAXPEAVCDataExchange@@HAEAVCWnd@@@Z 00000001745674d8     mfc100d:mfc100d.dll
 0005:000044e0       __imp_??0CStatic@@QEAA@XZ  00000001745674e0     mfc100d:mfc100d.dll
 0005:000044e8       __imp_??0?$CStringT@DV?$StrTraitMFC_DLL@DV?$ChTraitsCRT@D@ATL@@@@@ATL@@QEAA@XZ 00000001745674e8     mfc100d:mfc100d.dll
 0005:000044f0       __imp_?Delete@CWinThread@@UEAAXXZ 00000001745674f0     mfc100d:mfc100d.dll
 0005:000044f8       __imp_?GetMainWnd@CWinThread@@UEAAPEAVCWnd@@XZ 00000001745674f8     mfc100d:mfc100d.dll
 0005:00004500       __imp_?ProcessMessageFilter@CWinThread@@UEAAHHPEAUtagMSG@@@Z 0000000174567500     mfc100d:mfc100d.dll
 0005:00004508       __imp_?ProcessWndProcException@CWinApp@@UEAA_JPEAVCException@@PEBUtagMSG@@@Z 0000000174567508     mfc100d:mfc100d.dll
 0005:00004510       __imp_?ExitInstance@CWinApp@@UEAAHXZ 0000000174567510     mfc100d:mfc100d.dll
 0005:00004518       __imp_?IsIdleMessage@CWinThread@@UEAAHPEAUtagMSG@@@Z 0000000174567518     mfc100d:mfc100d.dll
 0005:00004520       __imp_?OnIdle@CWinApp@@UEAAHJ@Z 0000000174567520     mfc100d:mfc100d.dll
 0005:00004528       __imp_?PumpMessage@CWinThread@@UEAAHXZ 0000000174567528     mfc100d:mfc100d.dll
 0005:00004530       __imp_?PreTranslateMessage@CWinThread@@UEAAHPEAUtagMSG@@@Z 0000000174567530     mfc100d:mfc100d.dll
 0005:00004538       __imp_?Run@CWinApp@@UEAAHXZ 0000000174567538     mfc100d:mfc100d.dll
 0005:00004540       __imp_?GetConnectionHook@CCmdTarget@@MEAAPEAUIConnectionPoint@@AEBU_GUID@@@Z 0000000174567540     mfc100d:mfc100d.dll
 0005:00004548       __imp_?GetExtraConnectionPoints@CCmdTarget@@MEAAHPEAVCPtrArray@@@Z 0000000174567548     mfc100d:mfc100d.dll
 0005:00004550       __imp_?GetInterfaceHook@CCmdTarget@@UEAAPEAUIUnknown@@PEBX@Z 0000000174567550     mfc100d:mfc100d.dll
 0005:00004558       __imp_?OnCreateAggregates@CCmdTarget@@UEAAHXZ 0000000174567558     mfc100d:mfc100d.dll
 0005:00004560       __imp_?GetEventSinkMap@CCmdTarget@@MEBAPEBUAFX_EVENTSINKMAP@@XZ 0000000174567560     mfc100d:mfc100d.dll
 0005:00004568       __imp_?GetInterfaceMap@CCmdTarget@@MEBAPEBUAFX_INTERFACEMAP@@XZ 0000000174567568     mfc100d:mfc100d.dll
 0005:00004570       __imp_?GetConnectionMap@CCmdTarget@@MEBAPEBUAFX_CONNECTIONMAP@@XZ 0000000174567570     mfc100d:mfc100d.dll
 0005:00004578       __imp_?GetDispatchMap@CCmdTarget@@MEBAPEBUAFX_DISPMAP@@XZ 0000000174567578     mfc100d:mfc100d.dll
 0005:00004580       __imp_?AfxWinMain@@YAHPEAUHINSTANCE__@@0PEADH@Z 0000000174567580     mfc100d:mfc100d.dll
 0005:00004588       __imp_?GetCommandMap@CCmdTarget@@MEBAPEBUAFX_OLECMDMAP@@XZ 0000000174567588     mfc100d:mfc100d.dll
 0005:00004590       __imp_?GetTypeLib@CCmdTarget@@UEAAJKPEAPEAUITypeLib@@@Z 0000000174567590     mfc100d:mfc100d.dll
 0005:00004598       __imp_?GetTypeLibCache@CCmdTarget@@UEAAPEAVCTypeLibCache@@XZ 0000000174567598     mfc100d:mfc100d.dll
 0005:000045a0       __imp_?LoadStringA@?$CStringT@DV?$StrTraitMFC_DLL@DV?$ChTraitsCRT@D@ATL@@@@@ATL@@QEAAHI@Z 00000001745675a0     mfc100d:mfc100d.dll
 0005:000045a8       __imp_?IsEmpty@?$CSimpleStringT@D$00@ATL@@QEBA_NXZ 00000001745675a8     mfc100d:mfc100d.dll
 0005:000045b0       __imp_?AppendMenuA@CMenu@@QEAAHI_KPEBD@Z 00000001745675b0     mfc100d:mfc100d.dll
 0005:000045b8       __imp_?EnableMenuItem@CMenu@@QEAAIII@Z 00000001745675b8     mfc100d:mfc100d.dll
 0005:000045c0       __imp_?SetIcon@CWnd@@QEAAPEAUHICON__@@PEAU2@H@Z 00000001745675c0     mfc100d:mfc100d.dll
 0005:000045c8       __imp_?GetStyle@CWnd@@QEBAKXZ 00000001745675c8     mfc100d:mfc100d.dll
 0005:000045d0       __imp_?GetDlgItem@CWnd@@QEBAPEAV1@H@Z 00000001745675d0     mfc100d:mfc100d.dll
 0005:000045d8       __imp_?MoveWindow@CWnd@@QEAAXHHHHH@Z 00000001745675d8     mfc100d:mfc100d.dll
 0005:000045e0       __imp_?ShowWindow@CWnd@@QEAAHH@Z 00000001745675e0     mfc100d:mfc100d.dll
 0005:000045e8       __imp_?GetBuffer@?$CSimpleStringT@D$00@ATL@@QEAAPEADXZ 00000001745675e8     mfc100d:mfc100d.dll
 0005:000045f0       __imp_?Format@?$CStringT@DV?$StrTraitMFC_DLL@DV?$ChTraitsCRT@D@ATL@@@@@ATL@@QEAAXPEBDZZ 00000001745675f0     mfc100d:mfc100d.dll
 0005:000045f8       __imp_??4?$CStringT@DV?$StrTraitMFC_DLL@DV?$ChTraitsCRT@D@ATL@@@@@ATL@@QEAAAEAV01@AEBV01@@Z 00000001745675f8     mfc100d:mfc100d.dll
 0005:00004600       __imp_?InvalidateRect@CWnd@@QEAAXPEBUtagRECT@@H@Z 0000000174567600     mfc100d:mfc100d.dll
 0005:00004608       __imp_?GetClientRect@CWnd@@QEBAXPEAUtagRECT@@@Z 0000000174567608     mfc100d:mfc100d.dll
 0005:00004610       __imp_?AfxGetInstanceHandle@@YAPEAUHINSTANCE__@@XZ 0000000174567610     mfc100d:mfc100d.dll
 0005:00004618       __imp_?EndDialog@CDialog@@QEAAXH@Z 0000000174567618     mfc100d:mfc100d.dll
 0005:00004620       __imp_?SetTimer@CWnd@@QEAA_K_KIP6AXPEAUHWND__@@I0K@Z@Z 0000000174567620     mfc100d:mfc100d.dll
 0005:00004628       __imp_??3@YAXPEAXPEBDH@Z   0000000174567628     mfc100d:mfc100d.dll
 0005:00004630       __imp_?OnCommand@CWnd@@MEAAH_K_J@Z 0000000174567630     mfc100d:mfc100d.dll
 0005:00004638       __imp_?Left@?$CStringT@DV?$StrTraitMFC_DLL@DV?$ChTraitsCRT@D@ATL@@@@@ATL@@QEBA?AV12@H@Z 0000000174567638     mfc100d:mfc100d.dll
 0005:00004640       __imp_??2@YAPEAX_K@Z       0000000174567640     mfc100d:mfc100d.dll
 0005:00004648       __imp_?GetTypeInfoCount@CCmdTarget@@UEAAIXZ 0000000174567648     mfc100d:mfc100d.dll
 0005:00004650       __imp_?GetDispatchIID@CCmdTarget@@UEAAHPEAU_GUID@@@Z 0000000174567650     mfc100d:mfc100d.dll
 0005:00004658       __imp_?IsInvokeAllowed@CCmdTarget@@UEAAHJ@Z 0000000174567658     mfc100d:mfc100d.dll
 0005:00004660       __imp_?OnFinalRelease@CCmdTarget@@UEAAXXZ 0000000174567660     mfc100d:mfc100d.dll
 0005:00004668       __imp_?OnCmdMsg@CCmdTarget@@UEAAHIHPEAXPEAUAFX_CMDHANDLERINFO@@@Z 0000000174567668     mfc100d:mfc100d.dll
 0005:00004670       __imp_?Dump@CWinApp@@UEBAXAEAVCDumpContext@@@Z 0000000174567670     mfc100d:mfc100d.dll
 0005:00004678       __imp_?AssertValid@CWinApp@@UEBAXXZ 0000000174567678     mfc100d:mfc100d.dll
 0005:00004680       __imp_?Serialize@CObject@@UEAAXAEAVCArchive@@@Z 0000000174567680     mfc100d:mfc100d.dll
 0005:00004688       __imp_?GetRuntimeClass@CWinApp@@UEBAPEAUCRuntimeClass@@XZ 0000000174567688     mfc100d:mfc100d.dll
 0005:00004690       __imp_??0CWinApp@@QEAA@PEBD@Z 0000000174567690     mfc100d:mfc100d.dll
 0005:00004698       __imp_?GetThisMessageMap@CWinApp@@KAPEBUAFX_MSGMAP@@XZ 0000000174567698     mfc100d:mfc100d.dll
 0005:000046a0       __imp_??3@YAXPEAX@Z        00000001745676a0     mfc100d:mfc100d.dll
 0005:000046a8       __imp_?FindFile@CFileFind@@UEAAHPEBDK@Z 00000001745676a8     mfc100d:mfc100d.dll
 0005:000046b0       __imp_?FindNextFileA@CFileFind@@UEAAHXZ 00000001745676b0     mfc100d:mfc100d.dll
 0005:000046b8       __imp_?IsDots@CFileFind@@UEBAHXZ 00000001745676b8     mfc100d:mfc100d.dll
 0005:000046c0       __imp_?IsDirectory@CFileFind@@QEBAHXZ 00000001745676c0     mfc100d:mfc100d.dll
 0005:000046c8       __imp_??1CFileFind@@UEAA@XZ 00000001745676c8     mfc100d:mfc100d.dll
 0005:000046d0       __imp_?AfxAssertFailedLine@@YAHPEBDH@Z 00000001745676d0     mfc100d:mfc100d.dll
 0005:000046d8       __imp_??0?$CStringT@DV?$StrTraitMFC_DLL@DV?$ChTraitsCRT@D@ATL@@@@@ATL@@QEAA@AEBV01@@Z 00000001745676d8     mfc100d:mfc100d.dll
 0005:000046e0       __imp_??Y?$CStringT@DV?$StrTraitMFC_DLL@DV?$ChTraitsCRT@D@ATL@@@@@ATL@@QEAAAEAV01@AEBV?$CSimpleStringT@D$00@1@@Z 00000001745676e0     mfc100d:mfc100d.dll
 0005:000046e8       __imp_?SetWindowTextA@CWnd@@QEAAXPEBD@Z 00000001745676e8     mfc100d:mfc100d.dll
 0005:000046f0       __imp_?GetLength@?$CSimpleStringT@D$00@ATL@@QEBAHXZ 00000001745676f0     mfc100d:mfc100d.dll
 0005:000046f8       __imp_?accHitTest@CWnd@@UEAAJJJPEAUtagVARIANT@@@Z 00000001745676f8     mfc100d:mfc100d.dll
 0005:00004700       __imp_??0CFile@@QEAA@XZ    0000000174567700     mfc100d:mfc100d.dll
 0005:00004708       __imp_??0CButton@@QEAA@XZ  0000000174567708     mfc100d:mfc100d.dll
 0005:00004710       __imp_??0CEdit@@QEAA@XZ    0000000174567710     mfc100d:mfc100d.dll
 0005:00004718       __imp_??0CComboBox@@QEAA@XZ 0000000174567718     mfc100d:mfc100d.dll
 0005:00004720       __imp_??0?$CStringT@DV?$StrTraitMFC_DLL@DV?$ChTraitsCRT@D@ATL@@@@@ATL@@QEAA@PEBD@Z 0000000174567720     mfc100d:mfc100d.dll
 0005:00004728       __imp_?AfxGetApp@@YAPEAVCWinApp@@XZ 0000000174567728     mfc100d:mfc100d.dll
 0005:00004730       __imp_?LoadIconA@CWinApp@@QEBAPEAUHICON__@@I@Z 0000000174567730     mfc100d:mfc100d.dll
 0005:00004738       __imp_??4?$CStringT@DV?$StrTraitMFC_DLL@DV?$ChTraitsCRT@D@ATL@@@@@ATL@@QEAAAEAV01@PEBD@Z 0000000174567738     mfc100d:mfc100d.dll
 0005:00004740       __imp_?GetThisMessageMap@CDialog@@KAPEBUAFX_MSGMAP@@XZ 0000000174567740     mfc100d:mfc100d.dll
 0005:00004748       __imp_?DoDataExchange@CWnd@@MEAAXPEAVCDataExchange@@@Z 0000000174567748     mfc100d:mfc100d.dll
 0005:00004750       __imp_?PreInitDialog@CDialog@@MEAAXXZ 0000000174567750     mfc100d:mfc100d.dll
 0005:00004758       __imp_?OnCancel@CDialog@@MEAAXXZ 0000000174567758     mfc100d:mfc100d.dll
 0005:00004760       __imp_?OnOK@CDialog@@MEAAXXZ 0000000174567760     mfc100d:mfc100d.dll
 0005:00004768       __imp_?OnSetFont@CDialog@@UEAAXPEAVCFont@@@Z 0000000174567768     mfc100d:mfc100d.dll
 0005:00004770       __imp_?OnInitDialog@CDialog@@UEAAHXZ 0000000174567770     mfc100d:mfc100d.dll
 0005:00004778       __imp_?CreateIndirect@CDialog@@UEAAHPEBUDLGTEMPLATE@@PEAVCWnd@@PEAX@Z 0000000174567778     mfc100d:mfc100d.dll
 0005:00004780       __imp_?CreateIndirect@CDialog@@UEAAHPEAXPEAVCWnd@@@Z 0000000174567780     mfc100d:mfc100d.dll
 0005:00004788       __imp_?Create@CDialog@@UEAAHPEBDPEAVCWnd@@@Z 0000000174567788     mfc100d:mfc100d.dll
 0005:00004790       __imp_?Create@CDialog@@UEAAHIPEAVCWnd@@@Z 0000000174567790     mfc100d:mfc100d.dll
 0005:00004798       __imp_?GetOccDialogInfo@CDialog@@MEAAPEAU_AFX_OCC_DIALOG_INFO@@XZ 0000000174567798     mfc100d:mfc100d.dll
 0005:000047a0       __imp_?SetOccDialogInfo@CDialog@@MEAAHPEAU_AFX_OCC_DIALOG_INFO@@@Z 00000001745677a0     mfc100d:mfc100d.dll
 0005:000047a8       __imp_?CreateControlSite@CWnd@@MEAAHPEAVCOleControlContainer@@PEAPEAVCOleControlSite@@IAEBU_GUID@@@Z 00000001745677a8     mfc100d:mfc100d.dll
 0005:000047b0       __imp_?CreateControlContainer@CWnd@@MEAAHPEAPEAVCOleControlContainer@@@Z 00000001745677b0     mfc100d:mfc100d.dll
 0005:000047b8       __imp_?IsFrameWnd@CWnd@@UEBAHXZ 00000001745677b8     mfc100d:mfc100d.dll
 0005:000047c0       __imp_?CheckAutoCenter@CDialog@@UEAAHXZ 00000001745677c0     mfc100d:mfc100d.dll
 0005:000047c8       __imp_?OnGesturePressAndTap@CWnd@@MEAAHVCPoint@@J@Z 00000001745677c8     mfc100d:mfc100d.dll
 0005:000047d0       __imp_?OnGestureTwoFingerTap@CWnd@@MEAAHVCPoint@@@Z 00000001745677d0     mfc100d:mfc100d.dll
 0005:000047d8       __imp_?GetSuperWndProcAddr@CWnd@@MEAAPEAP6A_JPEAUHWND__@@I_K_J@ZXZ 00000001745677d8     mfc100d:mfc100d.dll
 0005:000047e0       __imp_?OnGestureRotate@CWnd@@MEAAHVCPoint@@N@Z 00000001745677e0     mfc100d:mfc100d.dll
 0005:000047e8       __imp_?get_accHelp@CWnd@@UEAAJUtagVARIANT@@PEAPEA_W@Z 00000001745677e8     mfc100d:mfc100d.dll
 0005:000047f0       __imp_?AfxGetModuleState@@YAPEAVAFX_MODULE_STATE@@XZ 00000001745677f0     mfc100d:mfc100d.dll
 0005:000047f8       \177mfc100d_NULL_THUNK_DATA 00000001745677f8     mfc100d:mfc100d.dll
 0005:00004a50       __imp_CreateStreamOnHGlobal 0000000174567a50     ole32:ole32.dll
 0005:00004a58       \177ole32_NULL_THUNK_DATA  0000000174567a58     ole32:ole32.dll

 entry point at        0001:00014d40

