 GigeCameraDemo

 Timestamp is 5acac5f6 (Mon Apr 09 09:46:30 2018)

 Preferred load address is 0000000140000000

 Start         Length     Name                   Class
 0001:00000000 00021960H .text                   CODE
 0001:00021960 00002c0aH .text$x                 CODE
 0001:00024570 000018bcH .text$yc                CODE
 0001:00025e30 000010d5H .text$yd                CODE
 0002:00000000 00000109H .CRT$XCA                DATA
 0002:00000110 00000109H .CRT$XCAA               DATA
 0002:00000220 0000011cH .CRT$XCC                DATA
 0002:00000340 00000220H .CRT$XCL                DATA
 0002:00000560 0000013fH .CRT$XCU                DATA
 0002:000006a0 00000109H .CRT$XCZ                DATA
 0002:000007b0 00000109H .CRT$XIA                DATA
 0002:000008c0 00000109H .CRT$XIAA               DATA
 0002:000009d0 00000109H .CRT$XIY                DATA
 0002:00000ae0 00000109H .CRT$XIZ                DATA
 0002:00000bf0 00009103H .rdata                  DATA
 0002:00009cf4 000001a9H .rdata$debug            DATA
 0002:00009ea0 00001128H .rdata$r                DATA
 0002:0000afc8 00000109H .rtc$IAA                DATA
 0002:0000b0d8 00000109H .rtc$IZZ                DATA
 0002:0000b1e8 00000109H .rtc$TAA                DATA
 0002:0000b2f8 00000109H .rtc$TZZ                DATA
 0002:0000b408 00002ab8H .xdata                  DATA
 0002:0000dec0 00000164H .xdata$x                DATA
 0002:0000e028 00000109H ATL$__a                 DATA
 0002:0000e138 00000109H ATL$__z                 DATA
 0002:0000e241 00000000H .edata                  DATA
 0003:00000000 00000744H .data                   DATA
 0003:00000750 345271a0H .bss                    DATA
 0004:00000000 00001e24H .pdata                  DATA
 0005:00000000 0000012cH .idata$2                DATA
 0005:0000012c 00000014H .idata$3                DATA
 0005:00000140 000024b0H .idata$4                DATA
 0005:000025f0 000024b0H .idata$5                DATA
 0005:00004aa0 00004997H .idata$6                DATA
 0006:00000000 00001253H .rsrc$01                DATA
 0006:00001260 000b7f06H .rsrc$02                DATA

  Address         Publics by Value              Rva+Base               Lib:Object

 0000:00000000       ___safe_se_handler_count   0000000000000000     <absolute>
 0000:00000000       ___safe_se_handler_table   0000000000000000     <absolute>
 0000:00000000       __ImageBase                0000000140000000     <linker-defined>
 0001:00000a00       ?_AfxInitManaged@@YAHXZ    0000000140001a00 f i GigeCameraDemo.obj
 0001:00000a10       ??_H@YAXPEAX_KHP6APEAX0@Z@Z 0000000140001a10 f i GigeCameraDemo.obj
 0001:00000a80       ?GetMessageMap@CGigeCameraDemoApp@@MEBAPEBUAFX_MSGMAP@@XZ 0000000140001a80 f   GigeCameraDemo.obj
 0001:00000aa0       ?GetThisMessageMap@CGigeCameraDemoApp@@KAPEBUAFX_MSGMAP@@XZ 0000000140001aa0 f   GigeCameraDemo.obj
 0001:00000ab0       ??0CGigeCameraDemoApp@@QEAA@XZ 0000000140001ab0 f   GigeCameraDemo.obj
 0001:00000af0       ?InitInstance@CGigeCameraDemoApp@@UEAAHXZ 0000000140001af0 f   GigeCameraDemo.obj
 0001:00000bd0       ?SupportsRestartManager@CWinApp@@UEBAHXZ 0000000140001bd0 f i GigeCameraDemo.obj
 0001:00000bf0       ?SupportsApplicationRecovery@CWinApp@@UEBAHXZ 0000000140001bf0 f i GigeCameraDemo.obj
 0001:00000c10       ?SupportsAutosaveAtRestart@CWinApp@@UEBAHXZ 0000000140001c10 f i GigeCameraDemo.obj
 0001:00000c30       ?SupportsAutosaveAtInterval@CWinApp@@UEBAHXZ 0000000140001c30 f i GigeCameraDemo.obj
 0001:00000c50       ?ReopenPreviousFilesAtRestart@CWinApp@@UEBAHXZ 0000000140001c50 f i GigeCameraDemo.obj
 0001:00000c70       ?RestoreAutosavedFilesAtRestart@CWinApp@@UEBAHXZ 0000000140001c70 f i GigeCameraDemo.obj
 0001:00000c90       ?GetApplicationRestartFlags@CWinApp@@UEAAKXZ 0000000140001c90 f i GigeCameraDemo.obj
 0001:00000ca0       ?GetApplicationRecoveryParameter@CWinApp@@UEAAPEAXXZ 0000000140001ca0 f i GigeCameraDemo.obj
 0001:00000cb0       ?GetApplicationRecoveryPingInterval@CWinApp@@UEAAKXZ 0000000140001cb0 f i GigeCameraDemo.obj
 0001:00000cc0       ??_ECGigeCameraDemoApp@@UEAAPEAXI@Z 0000000140001cc0 f i GigeCameraDemo.obj
 0001:00000cc0       ??_GCGigeCameraDemoApp@@UEAAPEAXI@Z 0000000140001cc0 f i GigeCameraDemo.obj
 0001:00000d10       ??1CGigeCameraDemoApp@@UEAA@XZ 0000000140001d10 f i GigeCameraDemo.obj
 0001:00000d30       ??1CGigeCameraDemoDlg@@UEAA@XZ 0000000140001d30 f i GigeCameraDemo.obj
 0001:00001030       ??0Thank_you@Define_the_symbol__ATL_MIXED@@QEAA@XZ 0000000140002030 f i GigeCameraDemo.obj
 0001:00001050       ?one@Thank_you@Define_the_symbol__ATL_MIXED@@UEAAXXZ 0000000140002050 f i GigeCameraDemo.obj
 0001:00001060       ??0CAboutDlg@@QEAA@XZ      0000000140002060 f   GigeCameraDemoDlg.obj
 0001:000010a0       ?DoDataExchange@CAboutDlg@@MEAAXPEAVCDataExchange@@@Z 00000001400020a0 f   GigeCameraDemoDlg.obj
 0001:000010d0       ?GetMessageMap@CAboutDlg@@MEBAPEBUAFX_MSGMAP@@XZ 00000001400020d0 f   GigeCameraDemoDlg.obj
 0001:000010f0       ?GetThisMessageMap@CAboutDlg@@KAPEBUAFX_MSGMAP@@XZ 00000001400020f0 f   GigeCameraDemoDlg.obj
 0001:00001100       ??0CGigeCameraDemoDlg@@QEAA@PEAVCWnd@@@Z 0000000140002100 f   GigeCameraDemoDlg.obj
 0001:00001ad0       ?DoDataExchange@CGigeCameraDemoDlg@@MEAAXPEAVCDataExchange@@@Z 0000000140002ad0 f   GigeCameraDemoDlg.obj
 0001:00001b50       ?GetMessageMap@CGigeCameraDemoDlg@@MEBAPEBUAFX_MSGMAP@@XZ 0000000140002b50 f   GigeCameraDemoDlg.obj
 0001:00001b70       ?GetThisMessageMap@CGigeCameraDemoDlg@@KAPEBUAFX_MSGMAP@@XZ 0000000140002b70 f   GigeCameraDemoDlg.obj
 0001:00001b80       ?onShowTask@CGigeCameraDemoDlg@@IEAA_J_K_J@Z 0000000140002b80 f   GigeCameraDemoDlg.obj
 0001:00001cd0       ?PushImageToMyBuffer@@YA_NQEAUtag_BuffNode@@PEADHHHHH@Z 0000000140002cd0 f   GigeCameraDemoDlg.obj
 0001:00001cf0       ?PushImageToMyBuffer_1@@YA_NQEAUtag_BuffNode@@PEADHHHHH@Z 0000000140002cf0 f   GigeCameraDemoDlg.obj
 0001:00001ed0       ?PushImageToMyBuffer_2@@YA_NQEAUtag_BuffNode@@PEADHHHHH@Z 0000000140002ed0 f   GigeCameraDemoDlg.obj
 0001:000020b0       ?CreateFile2@@YAHV?$CStringT@DV?$StrTraitMFC_DLL@DV?$ChTraitsCRT@D@ATL@@@@@ATL@@0H@Z 00000001400030b0 f   GigeCameraDemoDlg.obj
 0001:000021b0       ?SaveImageData@@YAKPEAX@Z  00000001400031b0 f   GigeCameraDemoDlg.obj
 0001:000021e0       ?SaveImageData_1@@YAKPEAX@Z 00000001400031e0 f   GigeCameraDemoDlg.obj
 0001:000024f0       ?SaveImageData_2@@YAKPEAX@Z 00000001400034f0 f   GigeCameraDemoDlg.obj
 0001:00002800       ?XferCallback_1@CGigeCameraDemoDlg@@SAXPEAVSapXferCallbackInfo@@@Z 0000000140003800 f   GigeCameraDemoDlg.obj
 0001:00002b10       ?XferCallback_2@CGigeCameraDemoDlg@@SAXPEAVSapXferCallbackInfo@@@Z 0000000140003b10 f   GigeCameraDemoDlg.obj
 0001:00002f40       ?PixelChanged@CGigeCameraDemoDlg@@UEAAXHH@Z 0000000140003f40 f   GigeCameraDemoDlg.obj
 0001:00003100       ?GetPathUseSpace@@YA_KPEBD@Z 0000000140004100 f   GigeCameraDemoDlg.obj
 0001:000031a0       ?GetDirFileCount@@YA_KV?$CStringT@DV?$StrTraitMFC_DLL@DV?$ChTraitsCRT@D@ATL@@@@@ATL@@@Z 00000001400041a0 f   GigeCameraDemoDlg.obj
 0001:000032a0       ?ReadFreeSpace@@YANV?$CStringT@DV?$StrTraitMFC_DLL@DV?$ChTraitsCRT@D@ATL@@@@@ATL@@@Z 00000001400042a0 f   GigeCameraDemoDlg.obj
 0001:000033f0       ?OnReceiveData@CGigeCameraDemoDlg@@IEAA_J_K_J@Z 00000001400043f0 f   GigeCameraDemoDlg.obj
 0001:00003640       ?us_Delay@@YAXK@Z          0000000140004640 f   GigeCameraDemoDlg.obj
 0001:000036d0       ?CheckMessageQueue@@YAHXZ  00000001400046d0 f   GigeCameraDemoDlg.obj
 0001:00003730       ?delay_time@@YAXK@Z        0000000140004730 f   GigeCameraDemoDlg.obj
 0001:000037d0       ?OnInitDialog@CGigeCameraDemoDlg@@MEAAHXZ 00000001400047d0 f   GigeCameraDemoDlg.obj
 0001:00004ce0       ?IsUserAdmin@CGigeCameraDemoDlg@@QEAAHXZ 0000000140005ce0 f   GigeCameraDemoDlg.obj
 0001:00004d30       ?CreateObjects_1@CGigeCameraDemoDlg@@QEAAHXZ 0000000140005d30 f   GigeCameraDemoDlg.obj
 0001:00004fb0       ?CreateObjects_2@CGigeCameraDemoDlg@@QEAAHXZ 0000000140005fb0 f   GigeCameraDemoDlg.obj
 0001:00005230       ?DestroyObjects_1@CGigeCameraDemoDlg@@QEAAHXZ 0000000140006230 f   GigeCameraDemoDlg.obj
 0001:00005360       ?DestroyObjects_2@CGigeCameraDemoDlg@@QEAAHXZ 0000000140006360 f   GigeCameraDemoDlg.obj
 0001:00005490       ?OnSysCommand@CGigeCameraDemoDlg@@IEAAXI_J@Z 0000000140006490 f   GigeCameraDemoDlg.obj
 0001:00005510       ?OnPaint@CGigeCameraDemoDlg@@IEAAXXZ 0000000140006510 f   GigeCameraDemoDlg.obj
 0001:00005680       ?OnDestroy@CGigeCameraDemoDlg@@IEAAXXZ 0000000140006680 f   GigeCameraDemoDlg.obj
 0001:00005b50       ?OnSize@CGigeCameraDemoDlg@@IEAAXIHH@Z 0000000140006b50 f   GigeCameraDemoDlg.obj
 0001:00005e80       ?OnQueryDragIcon@CGigeCameraDemoDlg@@IEAAPEAUHICON__@@XZ 0000000140006e80 f   GigeCameraDemoDlg.obj
 0001:00005ea0       ?OnEndSession@CGigeCameraDemoDlg@@IEAAXH@Z 0000000140006ea0 f   GigeCameraDemoDlg.obj
 0001:00005ee0       ?OnQueryEndSession@CGigeCameraDemoDlg@@IEAAHXZ 0000000140006ee0 f   GigeCameraDemoDlg.obj
 0001:00005f10       ?UpdateMenu@CGigeCameraDemoDlg@@QEAAXXZ 0000000140006f10 f   GigeCameraDemoDlg.obj
 0001:00006070       ?DoEvents@@YA_NXZ          0000000140007070 f   GigeCameraDemoDlg.obj
 0001:00006100       ?OnTest@CGigeCameraDemoDlg@@IEAAXXZ 0000000140007100 f   GigeCameraDemoDlg.obj
 0001:000061e0       ?ReadParamFromIniFile@CGigeCameraDemoDlg@@QEAA_NXZ 00000001400071e0 f   GigeCameraDemoDlg.obj
 0001:00006780       ?WriteParamFileIniFile@CGigeCameraDemoDlg@@QEAA_NXZ 0000000140007780 f   GigeCameraDemoDlg.obj
 0001:00006810       ?OnMainitemShow@CGigeCameraDemoDlg@@QEAAXXZ 0000000140007810 f   GigeCameraDemoDlg.obj
 0001:00006870       ?OnMainitemHide@CGigeCameraDemoDlg@@QEAAXXZ 0000000140007870 f   GigeCameraDemoDlg.obj
 0001:00006890       ?OnMainitemExit@CGigeCameraDemoDlg@@QEAAXXZ 0000000140007890 f   GigeCameraDemoDlg.obj
 0001:000068c0       ?FitToWindow@CGigeCameraDemoDlg@@QEAAXPEAVSapView@@@Z 00000001400078c0 f   GigeCameraDemoDlg.obj
 0001:00006b40       ?OnGrab@CGigeCameraDemoDlg@@IEAAXXZ 0000000140007b40 f   GigeCameraDemoDlg.obj
 0001:00006e50       ?OnFreeze@CGigeCameraDemoDlg@@IEAAXXZ 0000000140007e50 f   GigeCameraDemoDlg.obj
 0001:000070e0       ?OnNcPaint@CGigeCameraDemoDlg@@QEAAXXZ 00000001400080e0 f   GigeCameraDemoDlg.obj
 0001:00007100       ?OnTimer@CGigeCameraDemoDlg@@QEAAX_K@Z 0000000140008100 f   GigeCameraDemoDlg.obj
 0001:00007850       ?OnMainitemTest@CGigeCameraDemoDlg@@QEAAXXZ 0000000140008850 f   GigeCameraDemoDlg.obj
 0001:00007870       ?OnBnClickedReturn@CGigeCameraDemoDlg@@QEAAXXZ 0000000140008870 f   GigeCameraDemoDlg.obj
 0001:000079b0       ?ImageFrom_IDResource@CGigeCameraDemoDlg@@QEAAXIPEBDPEAVCImage@ATL@@@Z 00000001400089b0 f   GigeCameraDemoDlg.obj
 0001:00007ab0       ?RefreshUI@CGigeCameraDemoDlg@@QEAAXXZ 0000000140008ab0 f   GigeCameraDemoDlg.obj
 0001:000088e0       ?OnLButtonDown@CGigeCameraDemoDlg@@QEAAXIVCPoint@@@Z 00000001400098e0 f   GigeCameraDemoDlg.obj
 0001:00009470       ?OnEraseBkgnd@CGigeCameraDemoDlg@@QEAAHPEAVCDC@@@Z 000000014000a470 f   GigeCameraDemoDlg.obj
 0001:000094c0       ?WritePosInfo@CGigeCameraDemoDlg@@QEAAXH@Z 000000014000a4c0 f   GigeCameraDemoDlg.obj
 0001:00009760       ?SetUI@CGigeCameraDemoDlg@@QEAAXXZ 000000014000a760 f   GigeCameraDemoDlg.obj
 0001:00009d80       ?OnCreate@CGigeCameraDemoDlg@@QEAAHPEAUtagCREATESTRUCTA@@@Z 000000014000ad80 f   GigeCameraDemoDlg.obj
 0001:00009dc0       ?HideCursor@CGigeCameraDemoDlg@@QEAAXXZ 000000014000adc0 f   GigeCameraDemoDlg.obj
 0001:0000c160       ??_ECAboutDlg@@UEAAPEAXI@Z 000000014000d160 f i GigeCameraDemoDlg.obj
 0001:0000c160       ??_GCAboutDlg@@UEAAPEAXI@Z 000000014000d160 f i GigeCameraDemoDlg.obj
 0001:0000c1b0       ??1CAboutDlg@@UEAA@XZ      000000014000d1b0 f i GigeCameraDemoDlg.obj
 0001:0000c1d0       ??_GCGigeCameraDemoDlg@@UEAAPEAXI@Z 000000014000d1d0 f i GigeCameraDemoDlg.obj
 0001:0000c1d0       ??_ECGigeCameraDemoDlg@@UEAAPEAXI@Z 000000014000d1d0 f i GigeCameraDemoDlg.obj
 0001:0000c220       ??_GSapAcqDeviceToBuf@@UEAAPEAXI@Z 000000014000d220 f i GigeCameraDemoDlg.obj
 0001:0000c220       ??_ESapAcqDeviceToBuf@@UEAAPEAXI@Z 000000014000d220 f i GigeCameraDemoDlg.obj
 0001:0000c270       ??_GSapAcqDevice@@UEAAPEAXI@Z 000000014000d270 f i GigeCameraDemoDlg.obj
 0001:0000c270       ??_ESapAcqDevice@@UEAAPEAXI@Z 000000014000d270 f i GigeCameraDemoDlg.obj
 0001:0000c2c0       ??_ESapBufferWithTrash@@UEAAPEAXI@Z 000000014000d2c0 f i GigeCameraDemoDlg.obj
 0001:0000c2c0       ??_GSapBufferWithTrash@@UEAAPEAXI@Z 000000014000d2c0 f i GigeCameraDemoDlg.obj
 0001:0000c310       ??_GSapView@@UEAAPEAXI@Z   000000014000d310 f i GigeCameraDemoDlg.obj
 0001:0000c310       ??_ESapView@@UEAAPEAXI@Z   000000014000d310 f i GigeCameraDemoDlg.obj
 0001:0000c360       ?floor@@YAMM@Z             000000014000d360 f i GigeCameraDemoDlg.obj
 0001:0000c390       ?Load@CImage@ATL@@QEAAJPEAUIStream@@@Z 000000014000d390 f i GigeCameraDemoDlg.obj
 0001:0000c430       ?GetLastStatus@Image@Gdiplus@@QEBA?AW4Status@2@XZ 000000014000d430 f i GigeCameraDemoDlg.obj
 0001:0000c470       ??1Bitmap@Gdiplus@@UEAA@XZ 000000014000d470 f i GigeCameraDemoDlg.obj
 0001:0000c490       ??1Image@Gdiplus@@UEAA@XZ  000000014000d490 f i GigeCameraDemoDlg.obj
 0001:0000c4d0       ??_EImage@Gdiplus@@UEAAPEAXI@Z 000000014000d4d0 f i GigeCameraDemoDlg.obj
 0001:0000c4d0       ??_GImage@Gdiplus@@UEAAPEAXI@Z 000000014000d4d0 f i GigeCameraDemoDlg.obj
 0001:0000c520       ??3GdiplusBase@Gdiplus@@SAXPEAX@Z 000000014000d520 f i GigeCameraDemoDlg.obj
 0001:0000c540       ?Clone@Image@Gdiplus@@UEAAPEAV12@XZ 000000014000d540 f i GigeCameraDemoDlg.obj
 0001:0000c5f0       ??2GdiplusBase@Gdiplus@@SAPEAX_K@Z 000000014000d5f0 f i GigeCameraDemoDlg.obj
 0001:0000c610       ?SetStatus@Image@Gdiplus@@IEBA?AW4Status@2@W432@@Z 000000014000d610 f i GigeCameraDemoDlg.obj
 0001:0000c650       ??0Image@Gdiplus@@IEAA@PEAVGpImage@1@W4Status@1@@Z 000000014000d650 f i GigeCameraDemoDlg.obj
 0001:0000c6b0       ?SetNativeImage@Image@Gdiplus@@IEAAXPEAVGpImage@2@@Z 000000014000d6b0 f i GigeCameraDemoDlg.obj
 0001:0000c6d0       ??0Bitmap@Gdiplus@@QEAA@PEAUIStream@@H@Z 000000014000d6d0 f i GigeCameraDemoDlg.obj
 0001:0000c790       ??0Image@Gdiplus@@IEAA@XZ  000000014000d790 f i GigeCameraDemoDlg.obj
 0001:0000c7b0       ??_EBitmap@Gdiplus@@UEAAPEAXI@Z 000000014000d7b0 f i GigeCameraDemoDlg.obj
 0001:0000c7b0       ??_GBitmap@Gdiplus@@UEAAPEAXI@Z 000000014000d7b0 f i GigeCameraDemoDlg.obj
 0001:0000c800       ?CreateFromGdiplusBitmap@CImage@ATL@@AEAAJAEAVBitmap@Gdiplus@@@Z 000000014000d800 f i GigeCameraDemoDlg.obj
 0001:0000cf00       ?_AtlVerifyStackAvailable@_ATL_SAFE_ALLOCA_IMPL@ATL@@YA_N_K@Z 000000014000df00 f i GigeCameraDemoDlg.obj
 0001:0000d010       ?memcpy_s@Checked@ATL@@YAXPEAX_KPEBX1@Z 000000014000e010 f i GigeCameraDemoDlg.obj
 0001:0000d060       ?AfxCrtErrorCheck@@YAHH@Z  000000014000e060 f i GigeCameraDemoDlg.obj
 0001:0000d0d0       ??0Rect@Gdiplus@@QEAA@HHHH@Z 000000014000e0d0 f i GigeCameraDemoDlg.obj
 0001:0000d130       ?GetPixelFormatSize@Gdiplus@@YAIH@Z 000000014000e130 f i GigeCameraDemoDlg.obj
 0001:0000d150       ?IsIndexedPixelFormat@Gdiplus@@YAHH@Z 000000014000e150 f i GigeCameraDemoDlg.obj
 0001:0000d190       ?IsAlphaPixelFormat@Gdiplus@@YAHH@Z 000000014000e190 f i GigeCameraDemoDlg.obj
 0001:0000d1d0       ??0Graphics@Gdiplus@@QEAA@PEAVImage@1@@Z 000000014000e1d0 f i GigeCameraDemoDlg.obj
 0001:0000d240       ??1Graphics@Gdiplus@@QEAA@XZ 000000014000e240 f i GigeCameraDemoDlg.obj
 0001:0000d270       ?DrawImage@Graphics@Gdiplus@@QEAA?AW4Status@2@PEAVImage@2@HH@Z 000000014000e270 f i GigeCameraDemoDlg.obj
 0001:0000d2f0       ?SetNativeGraphics@Graphics@Gdiplus@@IEAAXPEAVGpGraphics@2@@Z 000000014000e2f0 f i GigeCameraDemoDlg.obj
 0001:0000d310       ?SetStatus@Graphics@Gdiplus@@IEBA?AW4Status@2@W432@@Z 000000014000e310 f i GigeCameraDemoDlg.obj
 0001:0000d350       ?GetWidth@Image@Gdiplus@@QEAAIXZ 000000014000e350 f i GigeCameraDemoDlg.obj
 0001:0000d3a0       ?GetHeight@Image@Gdiplus@@QEAAIXZ 000000014000e3a0 f i GigeCameraDemoDlg.obj
 0001:0000d3f0       ?GetPixelFormat@Image@Gdiplus@@QEAAHXZ 000000014000e3f0 f i GigeCameraDemoDlg.obj
 0001:0000d430       ?GetPaletteSize@Image@Gdiplus@@QEAAHXZ 000000014000e430 f i GigeCameraDemoDlg.obj
 0001:0000d480       ?GetPalette@Image@Gdiplus@@QEAA?AW4Status@2@PEAUColorPalette@2@H@Z 000000014000e480 f i GigeCameraDemoDlg.obj
 0001:0000d4d0       ??0Bitmap@Gdiplus@@QEAA@HHHHPEAE@Z 000000014000e4d0 f i GigeCameraDemoDlg.obj
 0001:0000d590       ?LockBits@Bitmap@Gdiplus@@QEAA?AW4Status@2@PEBVRect@2@IHPEAVBitmapData@2@@Z 000000014000e590 f i GigeCameraDemoDlg.obj
 0001:0000d600       ?UnlockBits@Bitmap@Gdiplus@@QEAA?AW4Status@2@PEAVBitmapData@2@@Z 000000014000e600 f i GigeCameraDemoDlg.obj
 0001:0000d640       ?Create@CImage@ATL@@QEAAHHHHK@Z 000000014000e640 f i GigeCameraDemoDlg.obj
 0001:0000d6a0       ?CreateEx@CImage@ATL@@QEAAHHHHKPEBKK@Z 000000014000e6a0 f i GigeCameraDemoDlg.obj
 0001:0000da40       ?Attach@CImage@ATL@@QEAAXPEAUHBITMAP__@@W4DIBOrientation@12@@Z 000000014000ea40 f i GigeCameraDemoDlg.obj
 0001:0000db20       ?GetBits@CImage@ATL@@QEAAPEAXXZ 000000014000eb20 f i GigeCameraDemoDlg.obj
 0001:0000dbf0       ?GetHeight@CImage@ATL@@QEBAHXZ 000000014000ebf0 f i GigeCameraDemoDlg.obj
 0001:0000dc70       ?GetPitch@CImage@ATL@@QEBAHXZ 000000014000ec70 f i GigeCameraDemoDlg.obj
 0001:0000dd40       ?GetWidth@CImage@ATL@@QEBAHXZ 000000014000ed40 f i GigeCameraDemoDlg.obj
 0001:0000ddc0       ?IsDIBSection@CImage@ATL@@QEBA_NXZ 000000014000edc0 f i GigeCameraDemoDlg.obj
 0001:0000dde0       ?SetColorTable@CImage@ATL@@QEAAXIIPEBUtagRGBQUAD@@@Z 000000014000ede0 f i GigeCameraDemoDlg.obj
 0001:0000df40       ?GetDC@CImage@ATL@@QEBAPEAUHDC__@@XZ 000000014000ef40 f i GigeCameraDemoDlg.obj
 0001:0000e020       ?GetDC@CDCCache@CImage@ATL@@QEAAPEAUHDC__@@XZ 000000014000f020 f i GigeCameraDemoDlg.obj
 0001:0000e0a0       ?IsIndexed@CImage@ATL@@QEBA_NXZ 000000014000f0a0 f i GigeCameraDemoDlg.obj
 0001:0000e190       ?ReleaseDC@CImage@ATL@@QEBAXXZ 000000014000f190 f i GigeCameraDemoDlg.obj
 0001:0000e2c0       ?ReleaseDC@CDCCache@CImage@ATL@@QEAAXPEAUHDC__@@@Z 000000014000f2c0 f i GigeCameraDemoDlg.obj
 0001:0000e360       ?UpdateBitmapInfo@CImage@ATL@@AEAAXW4DIBOrientation@12@@Z 000000014000f360 f i GigeCameraDemoDlg.obj
 0001:0000e610       ?abs@@YAJJ@Z               000000014000f610 f i GigeCameraDemoDlg.obj
 0001:0000e630       ?ComputePitch@CImage@ATL@@CAHHH@Z 000000014000f630 f i GigeCameraDemoDlg.obj
 0001:0000e660       ?InitGDIPlus@CImage@ATL@@CA_NXZ 000000014000f660 f i GigeCameraDemoDlg.obj
 0001:0000e690       ?Init@CInitGDIPlus@CImage@ATL@@QEAA_NXZ 000000014000f690 f i GigeCameraDemoDlg.obj
 0001:0000e740       ??0GdiplusStartupInput@Gdiplus@@QEAA@P6AXW4DebugEventLevel@1@PEAD@ZHH@Z 000000014000f740 f i GigeCameraDemoDlg.obj
 0001:0000e7a0       ??0CImage@ATL@@QEAA@XZ     000000014000f7a0 f i GigeCameraDemoDlg.obj
 0001:0000e8a0       ?IncreaseCImageCount@CInitGDIPlus@CImage@ATL@@QEAAXXZ 000000014000f8a0 f i GigeCameraDemoDlg.obj
 0001:0000e900       ??_GCImage@ATL@@UEAAPEAXI@Z 000000014000f900 f i GigeCameraDemoDlg.obj
 0001:0000e900       ??_ECImage@ATL@@UEAAPEAXI@Z 000000014000f900 f i GigeCameraDemoDlg.obj
 0001:0000e950       ??1CImage@ATL@@UEAA@XZ     000000014000f950 f i GigeCameraDemoDlg.obj
 0001:0000e990       ?DecreaseCImageCount@CInitGDIPlus@CImage@ATL@@QEAAXXZ 000000014000f990 f i GigeCameraDemoDlg.obj
 0001:0000ea10       ?ReleaseGDIPlus@CInitGDIPlus@CImage@ATL@@QEAAXXZ 000000014000fa10 f i GigeCameraDemoDlg.obj
 0001:0000ea80       ?Destroy@CImage@ATL@@QEAAXXZ 000000014000fa80 f i GigeCameraDemoDlg.obj
 0001:0000ead0       ?Detach@CImage@ATL@@QEAAPEAUHBITMAP__@@XZ 000000014000fad0 f i GigeCameraDemoDlg.obj
 0001:0000ec40       ?Draw@CImage@ATL@@QEBAHPEAUHDC__@@AEBUtagRECT@@@Z 000000014000fc40 f i GigeCameraDemoDlg.obj
 0001:0000ecf0       ?Draw@CImage@ATL@@QEBAHPEAUHDC__@@HHHHHHHH@Z 000000014000fcf0 f i GigeCameraDemoDlg.obj
 0001:0000f1a0       ?IsTransparencySupported@CImage@ATL@@SAHXZ 00000001400101a0 f i GigeCameraDemoDlg.obj
 0001:0000f1b0       ?GetTransparentRGB@CImage@ATL@@AEBAKXZ 00000001400101b0 f i GigeCameraDemoDlg.obj
 0001:0000f2f0       ??0?$CAtlSafeAllocBufferManager@VCCRTAllocator@ATL@@@_ATL_SAFE_ALLOCA_IMPL@ATL@@QEAA@XZ 00000001400102f0 f i GigeCameraDemoDlg.obj
 0001:0000f310       ?Allocate@?$CAtlSafeAllocBufferManager@VCCRTAllocator@ATL@@@_ATL_SAFE_ALLOCA_IMPL@ATL@@QEAAPEAX_K@Z 0000000140010310 f i GigeCameraDemoDlg.obj
 0001:0000f390       ?Allocate@CCRTAllocator@ATL@@SAPEAX_K@Z 0000000140010390 f i GigeCameraDemoDlg.obj
 0001:0000f3b0       ??1?$CAtlSafeAllocBufferManager@VCCRTAllocator@ATL@@@_ATL_SAFE_ALLOCA_IMPL@ATL@@QEAA@XZ 00000001400103b0 f i GigeCameraDemoDlg.obj
 0001:0000f410       ?Free@CCRTAllocator@ATL@@SAXPEAX@Z 0000000140010410 f i GigeCameraDemoDlg.obj
 0001:0000f430       ??HATL@@YA?AV?$CStringT@DV?$StrTraitMFC_DLL@DV?$ChTraitsCRT@D@ATL@@@@@0@AEBV10@PEBD@Z 0000000140010430 f i GigeCameraDemoDlg.obj
 0001:0000f520       ??HATL@@YA?AV?$CStringT@DV?$StrTraitMFC_DLL@DV?$ChTraitsCRT@D@ATL@@@@@0@PEBDAEBV10@@Z 0000000140010520 f i GigeCameraDemoDlg.obj
 0001:0000f620       ?GetData@CAtlSafeAllocBufferNode@?$CAtlSafeAllocBufferManager@VCCRTAllocator@ATL@@@_ATL_SAFE_ALLOCA_IMPL@ATL@@QEAAPEAXXZ 0000000140010620 f i GigeCameraDemoDlg.obj
 0001:0000f640       ??$AtlAdd@_K@ATL@@YAJPEA_K_K1@Z 0000000140010640 f i GigeCameraDemoDlg.obj
 0001:0000f6b0       HRESULT_FROM_WIN32         00000001400106b0 f i GigeCameraDemoDlg.obj
 0001:0000f700       ??$AtlAlignUp@I@ATL@@YAIIK@Z 0000000140010700 f i GigeCameraDemoDlg.obj
 0001:0000f730       ??$sprintf_s@$0EAA@@@YAHAEAY0EAA@DPEBDZZ 0000000140010730 f i GigeCameraDemoDlg.obj
 0001:0000f790       ??$sprintf_s@$09@@YAHAEAY09DPEBDZZ 0000000140010790 f i GigeCameraDemoDlg.obj
 0001:0000f7f0       ??$strcpy_s@$0IA@@@YAHAEAY0IA@DPEBD@Z 00000001400107f0 f i GigeCameraDemoDlg.obj
 0001:0000f830       ??$sprintf_s@$0CAA@@@YAHAEAY0CAA@DPEBDZZ 0000000140010830 f i GigeCameraDemoDlg.obj
 0001:0000f890       ??$AtlAddThrow@_K@ATL@@YA_K_K0@Z 0000000140010890 f i GigeCameraDemoDlg.obj
 0001:0000f8e0       ?AtlThrowImpl@ATL@@YAXJ@Z  00000001400108e0 f i GigeCameraDemoDlg.obj
 0001:0000f970       ??0CTraceFileAndLineInfo@ATL@@QEAA@PEBDH@Z 0000000140010970 f i GigeCameraDemoDlg.obj
 0001:0000f9b0       ??RCTraceFileAndLineInfo@ATL@@QEBAX_KIPEBDZZ 00000001400109b0 f i GigeCameraDemoDlg.obj
 0001:0000fa40       ?TraceV@CTrace@ATL@@QEBAXPEBDH_KI0PEAD@Z 0000000140010a40 f i GigeCameraDemoDlg.obj
 0001:0000fab0       ??BCTraceCategory@ATL@@QEBA_KXZ 0000000140010ab0 f i GigeCameraDemoDlg.obj
 0001:0000fad0       ?_GetBaseClass@CInputDialog@@KAPEAUCRuntimeClass@@XZ 0000000140010ad0 f   InputDialog.obj
 0001:0000faf0       ?GetThisClass@CInputDialog@@SAPEAUCRuntimeClass@@XZ 0000000140010af0 f   InputDialog.obj
 0001:0000fb00       ?GetRuntimeClass@CInputDialog@@UEBAPEAUCRuntimeClass@@XZ 0000000140010b00 f   InputDialog.obj
 0001:0000fb20       ??0CInputDialog@@QEAA@PEAVCWnd@@@Z 0000000140010b20 f   InputDialog.obj
 0001:0000fb70       ??1CInputDialog@@UEAA@XZ   0000000140010b70 f   InputDialog.obj
 0001:0000fba0       ?DoDataExchange@CInputDialog@@MEAAXPEAVCDataExchange@@@Z 0000000140010ba0 f   InputDialog.obj
 0001:0000fbf0       ?GetMessageMap@CInputDialog@@MEBAPEBUAFX_MSGMAP@@XZ 0000000140010bf0 f   InputDialog.obj
 0001:0000fc10       ?GetThisMessageMap@CInputDialog@@KAPEBUAFX_MSGMAP@@XZ 0000000140010c10 f   InputDialog.obj
 0001:0000fc20       ?OnBnClickedOk@CInputDialog@@QEAAXXZ 0000000140010c20 f   InputDialog.obj
 0001:0000fcb0       ??_GCInputDialog@@UEAAPEAXI@Z 0000000140010cb0 f i InputDialog.obj
 0001:0000fcb0       ??_ECInputDialog@@UEAAPEAXI@Z 0000000140010cb0 f i InputDialog.obj
 0001:0000fd00       ?_GetBaseClass@CMessageDialog@@KAPEAUCRuntimeClass@@XZ 0000000140010d00 f   MessageDialog.obj
 0001:0000fd20       ?GetThisClass@CMessageDialog@@SAPEAUCRuntimeClass@@XZ 0000000140010d20 f   MessageDialog.obj
 0001:0000fd30       ?GetRuntimeClass@CMessageDialog@@UEBAPEAUCRuntimeClass@@XZ 0000000140010d30 f   MessageDialog.obj
 0001:0000fd50       ??0CMessageDialog@@QEAA@PEAVCWnd@@@Z 0000000140010d50 f   MessageDialog.obj
 0001:0000fdc0       ??1CMessageDialog@@UEAA@XZ 0000000140010dc0 f   MessageDialog.obj
 0001:0000fe10       ?DoDataExchange@CMessageDialog@@MEAAXPEAVCDataExchange@@@Z 0000000140010e10 f   MessageDialog.obj
 0001:0000fe40       ?GetMessageMap@CMessageDialog@@MEBAPEBUAFX_MSGMAP@@XZ 0000000140010e40 f   MessageDialog.obj
 0001:0000fe60       ?GetThisMessageMap@CMessageDialog@@KAPEBUAFX_MSGMAP@@XZ 0000000140010e60 f   MessageDialog.obj
 0001:0000fe70       ?Response@CMessageDialog@@QEAA_J_K_J@Z 0000000140010e70 f   MessageDialog.obj
 0001:0000ff50       ?OnCtlColor@CMessageDialog@@QEAAPEAUHBRUSH__@@PEAVCDC@@PEAVCWnd@@I@Z 0000000140010f50 f   MessageDialog.obj
 0001:00010120       ?OnEraseBkgnd@CMessageDialog@@QEAAHPEAVCDC@@@Z 0000000140011120 f   MessageDialog.obj
 0001:00010220       ?OnCreate@CMessageDialog@@QEAAHPEAUtagCREATESTRUCTA@@@Z 0000000140011220 f   MessageDialog.obj
 0001:000102a0       ?OnClose@CMessageDialog@@QEAAXXZ 00000001400112a0 f   MessageDialog.obj
 0001:000102e0       ?OnPaint@CMessageDialog@@QEAAXXZ 00000001400112e0 f   MessageDialog.obj
 0001:00010340       ?OnBnClickedOk@CMessageDialog@@QEAAXXZ 0000000140011340 f   MessageDialog.obj
 0001:00010360       ?OnInitDialog@CMessageDialog@@UEAAHXZ 0000000140011360 f   MessageDialog.obj
 0001:00010390       ?OnTimer@CMessageDialog@@QEAAX_K@Z 0000000140011390 f   MessageDialog.obj
 0001:000103c0       ?OnLButtonUp@CMessageDialog@@QEAAXIVCPoint@@@Z 00000001400113c0 f   MessageDialog.obj
 0001:000105b0       ??_GCMessageDialog@@UEAAPEAXI@Z 00000001400115b0 f i MessageDialog.obj
 0001:000105b0       ??_ECMessageDialog@@UEAAPEAXI@Z 00000001400115b0 f i MessageDialog.obj
 0001:00010600       ??0CSerialPort@@QEAA@XZ    0000000140011600 f   SerialPort.obj
 0001:000106a0       ??1CSerialPort@@UEAA@XZ    00000001400116a0 f   SerialPort.obj
 0001:00010720       ?InitPort@CSerialPort@@QEAAHPEAVCWnd@@IIDIIKI@Z 0000000140011720 f   SerialPort.obj
 0001:00010d70       ?CommThread@CSerialPort@@KAIPEAX@Z 0000000140011d70 f   SerialPort.obj
 0001:00011080       ?StartMonitoring@CSerialPort@@QEAAHXZ 0000000140012080 f   SerialPort.obj
 0001:00011110       ?RestartMonitoring@CSerialPort@@QEAAHXZ 0000000140012110 f   SerialPort.obj
 0001:00011160       ?StopMonitoring@CSerialPort@@QEAAHXZ 0000000140012160 f   SerialPort.obj
 0001:000111b0       ?ProcessErrorMessage@CSerialPort@@IEAAXPEAD@Z 00000001400121b0 f   SerialPort.obj
 0001:00011280       ?WriteChar@CSerialPort@@KAXPEAV1@H@Z 0000000140012280 f   SerialPort.obj
 0001:000114b0       ?ReceiveChar@CSerialPort@@KAXPEAV1@U_COMSTAT@@@Z 00000001400124b0 f   SerialPort.obj
 0001:00011680       ?WriteToPort@CSerialPort@@QEAAXPEAD@Z 0000000140012680 f   SerialPort.obj
 0001:00011700       ?WriteToPort@CSerialPort@@QEAAXPEADH@Z 0000000140012700 f   SerialPort.obj
 0001:000117c0       ?GetDCB@CSerialPort@@QEAA?AU_DCB@@XZ 00000001400127c0 f   SerialPort.obj
 0001:00011810       ?GetCommEvents@CSerialPort@@QEAAKXZ 0000000140012810 f   SerialPort.obj
 0001:00011830       ?GetWriteBufferSize@CSerialPort@@QEAAKXZ 0000000140012830 f   SerialPort.obj
 0001:00011850       ?GetPortNO@CSerialPort@@QEAAHXZ 0000000140012850 f   SerialPort.obj
 0001:00011d00       ??_ECSerialPort@@UEAAPEAXI@Z 0000000140012d00 f i SerialPort.obj
 0001:00011d00       ??_GCSerialPort@@UEAAPEAXI@Z 0000000140012d00 f i SerialPort.obj
 0001:00011d50       ??RCTraceFileAndLineInfo@ATL@@QEBAXPEBDZZ 0000000140012d50 f i SerialPort.obj
 0001:00011df0       ?_GetBaseClass@CSplashWnd@@KAPEAUCRuntimeClass@@XZ 0000000140012df0 f   SplashWnd.obj
 0001:00011e10       ?GetThisClass@CSplashWnd@@SAPEAUCRuntimeClass@@XZ 0000000140012e10 f   SplashWnd.obj
 0001:00011e20       ?GetRuntimeClass@CSplashWnd@@UEBAPEAUCRuntimeClass@@XZ 0000000140012e20 f   SplashWnd.obj
 0001:00011e40       ??0CSplashWnd@@QEAA@XZ     0000000140012e40 f   SplashWnd.obj
 0001:00011f50       ??1CSplashWnd@@UEAA@XZ     0000000140012f50 f   SplashWnd.obj
 0001:00012000       ?GetMessageMap@CSplashWnd@@MEBAPEBUAFX_MSGMAP@@XZ 0000000140013000 f   SplashWnd.obj
 0001:00012020       ?GetThisMessageMap@CSplashWnd@@KAPEBUAFX_MSGMAP@@XZ 0000000140013020 f   SplashWnd.obj
 0001:00012030       ?DeleteSplash@CSplashWnd@@QEAAXXZ 0000000140013030 f   SplashWnd.obj
 0001:00012050       ?CreateSplash@CSplashWnd@@QEAAXXZ 0000000140013050 f   SplashWnd.obj
 0001:00012150       ?OnPaint@CSplashWnd@@IEAAXXZ 0000000140013150 f   SplashWnd.obj
 0001:00012350       ?ImageFrom_IDResource@CSplashWnd@@QEAAXIPEBDPEAVCImage@ATL@@@Z 0000000140013350 f   SplashWnd.obj
 0001:00012450       ?SetInfo@CSplashWnd@@QEAAXV?$CStringT@DV?$StrTraitMFC_DLL@DV?$ChTraitsCRT@D@ATL@@@@@ATL@@@Z 0000000140013450 f   SplashWnd.obj
 0001:000124a0       ?On_Timer@@YAKPEAX@Z       00000001400134a0 f   SplashWnd.obj
 0001:00012db0       ?OnNcDestroy@CSplashWnd@@QEAAXXZ 0000000140013db0 f   SplashWnd.obj
 0001:00012de0       ?HideCursor@CSplashWnd@@QEAAXXZ 0000000140013de0 f   SplashWnd.obj
 0001:00013220       ??_ECSplashWnd@@UEAAPEAXI@Z 0000000140014220 f i SplashWnd.obj
 0001:00013220       ??_GCSplashWnd@@UEAAPEAXI@Z 0000000140014220 f i SplashWnd.obj
 0001:00013264       ??1SapAcquisition@@UEAA@XZ 0000000140014264 f   SapClassBasic:SapClassBasic82.dll
 0001:0001326a       ??0SapAcquisition@@QEAA@VSapLocation@@@Z 000000014001426a f   SapClassBasic:SapClassBasic82.dll
 0001:00013270       ??0SapLocation@@QEAA@HH@Z  0000000140014270 f   SapClassBasic:SapClassBasic82.dll
 0001:00013276       ?GetEventCount@SapXferCallbackInfo@@QEBAHXZ 0000000140014276 f   SapClassBasic:SapClassBasic82.dll
 0001:0001327c       ?GetHeight@SapBuffer@@QEBAHXZ 000000014001427c f   SapClassBasic:SapClassBasic82.dll
 0001:00013282       ?GetWidth@SapBuffer@@QEBAHXZ 0000000140014282 f   SapClassBasic:SapClassBasic82.dll
 0001:00013288       ?GetContext@SapXferCallbackInfo@@QEBAPEAXXZ 0000000140014288 f   SapClassBasic:SapClassBasic82.dll
 0001:0001328e       ??0SapView@@QEAA@PEAVSapBuffer@@PEAUHWND__@@P6AXPEAVSapViewCallbackInfo@@@ZPEAX@Z 000000014001428e f   SapClassBasic:SapClassBasic82.dll
 0001:00013294       ??0SapAcqDeviceToBuf@@QEAA@PEAVSapAcqDevice@@PEAVSapBuffer@@P6AXPEAVSapXferCallbackInfo@@@ZPEAX@Z 0000000140014294 f   SapClassBasic:SapClassBasic82.dll
 0001:0001329a       ??0SapBufferWithTrash@@QEAA@HPEAVSapXferNode@@HVSapLocation@@@Z 000000014001429a f   SapClassBasic:SapClassBasic82.dll
 0001:000132a0       ??0SapAcqDevice@@QEAA@VSapLocation@@PEBD@Z 00000001400142a0 f   SapClassBasic:SapClassBasic82.dll
 0001:000132a6       ?GetServerSerialNumber@SapManager@@SAHHPEAD@Z 00000001400142a6 f   SapClassBasic:SapClassBasic82.dll
 0001:000132ac       ?GetResourceCount@SapManager@@SAHHH@Z 00000001400142ac f   SapClassBasic:SapClassBasic82.dll
 0001:000132b2       ?DetectAllServers@SapManager@@SAHH@Z 00000001400142b2 f   SapClassBasic:SapClassBasic82.dll
 0001:000132b8       ?GetServerCount@SapManager@@SAHXZ 00000001400142b8 f   SapClassBasic:SapClassBasic82.dll
 0001:000132be       ?Create@SapAcqDevice@@UEAAHXZ 00000001400142be f   SapClassBasic:SapClassBasic82.dll
 0001:000132c4       ?Destroy@SapAcqDevice@@UEAAHXZ 00000001400142c4 f   SapClassBasic:SapClassBasic82.dll
 0001:000132ca       ?GetXferParams@SapXferNode@@UEBA?AVSapXferParams@@H@Z 00000001400142ca f   SapClassBasic:SapClassBasic82.dll
 0001:000132d0       ?GetInputXferParams@SapXferNode@@UEBA?AVSapXferParams@@H@Z 00000001400142d0 f   SapClassBasic:SapClassBasic82.dll
 0001:000132d6       ?GetOutputXferParams@SapXferNode@@UEBA?AVSapXferParams@@H@Z 00000001400142d6 f   SapClassBasic:SapClassBasic82.dll
 0001:000132dc       ?SetSrcNode@SapXferNode@@UEAAHPEAV1@H@Z 00000001400142dc f   SapClassBasic:SapClassBasic82.dll
 0001:000132e2       ?SetXferParams@SapXferNode@@UEAAHVSapXferParams@@H@Z 00000001400142e2 f   SapClassBasic:SapClassBasic82.dll
 0001:000132e8       ?SetInputXferParams@SapXferNode@@UEAAHVSapXferParams@@H@Z 00000001400142e8 f   SapClassBasic:SapClassBasic82.dll
 0001:000132ee       ?SetOutputXferParams@SapXferNode@@UEAAHVSapXferParams@@H@Z 00000001400142ee f   SapClassBasic:SapClassBasic82.dll
 0001:000132f4       ?GetHandle@SapXferNode@@UEBAPEAU__CORHANDLE@@H@Z 00000001400142f4 f   SapClassBasic:SapClassBasic82.dll
 0001:000132fa       ?GetHandle@SapXferNode@@UEBAPEAU__CORHANDLE@@XZ 00000001400142fa f   SapClassBasic:SapClassBasic82.dll
 0001:00013300       ?GetXferParamsFromSrcNode@SapXferNode@@UEAAXXZ 0000000140014300 f   SapClassBasic:SapClassBasic82.dll
 0001:00013306       ?GetXferNodeType@SapAcqDevice@@UEAA?AW4XferNodeType@SapXferNode@@XZ 0000000140014306 f   SapClassBasic:SapClassBasic82.dll
 0001:0001330c       ?IsBuffer@SapXferNode@@UEAAHXZ 000000014001430c f   SapClassBasic:SapClassBasic82.dll
 0001:00013312       ??ASapXferNode@@UEBAPEAU__CORHANDLE@@H@Z 0000000140014312 f   SapClassBasic:SapClassBasic82.dll
 0001:00013318       ?GetCount@SapXferNode@@UEBAHXZ 0000000140014318 f   SapClassBasic:SapClassBasic82.dll
 0001:0001331e       ?GetIndex@SapXferNode@@UEBAHXZ 000000014001431e f   SapClassBasic:SapClassBasic82.dll
 0001:00013324       ?SetIndex@SapXferNode@@UEAAHH@Z 0000000140014324 f   SapClassBasic:SapClassBasic82.dll
 0001:0001332a       ?ResetIndex@SapXferNode@@UEAAXXZ 000000014001432a f   SapClassBasic:SapClassBasic82.dll
 0001:00013330       ?Next@SapXferNode@@UEAAXXZ 0000000140014330 f   SapClassBasic:SapClassBasic82.dll
 0001:00013336       ?GetTrash@SapXferNode@@UEBAPEAU__CORHANDLE@@XZ 0000000140014336 f   SapClassBasic:SapClassBasic82.dll
 0001:0001333c       ?Empty@SapXferNode@@UEAAHH@Z 000000014001433c f   SapClassBasic:SapClassBasic82.dll
 0001:00013342       ?Empty@SapXferNode@@UEAAHXZ 0000000140014342 f   SapClassBasic:SapClassBasic82.dll
 0001:00013348       ?EmptyAll@SapXferNode@@UEAAHXZ 0000000140014348 f   SapClassBasic:SapClassBasic82.dll
 0001:0001334e       ?Create@SapBufferWithTrash@@UEAAHXZ 000000014001434e f   SapClassBasic:SapClassBasic82.dll
 0001:00013354       ?Destroy@SapBufferWithTrash@@UEAAHXZ 0000000140014354 f   SapClassBasic:SapClassBasic82.dll
 0001:0001335a       ?GetHandle@SapBuffer@@UEBAPEAU__CORHANDLE@@H@Z 000000014001435a f   SapClassBasic:SapClassBasic82.dll
 0001:00013360       ?GetHandle@SapBuffer@@UEBAPEAU__CORHANDLE@@XZ 0000000140014360 f   SapClassBasic:SapClassBasic82.dll
 0001:00013366       ?GetXferNodeType@SapBuffer@@UEAA?AW4XferNodeType@SapXferNode@@XZ 0000000140014366 f   SapClassBasic:SapClassBasic82.dll
 0001:0001336c       ??ASapBuffer@@UEBAPEAU__CORHANDLE@@H@Z 000000014001436c f   SapClassBasic:SapClassBasic82.dll
 0001:00013372       ?GetCount@SapBuffer@@UEBAHXZ 0000000140014372 f   SapClassBasic:SapClassBasic82.dll
 0001:00013378       ?GetIndex@SapBuffer@@UEBAHXZ 0000000140014378 f   SapClassBasic:SapClassBasic82.dll
 0001:0001337e       ?SetIndex@SapBuffer@@UEAAHH@Z 000000014001437e f   SapClassBasic:SapClassBasic82.dll
 0001:00013384       ?ResetIndex@SapBuffer@@UEAAXXZ 0000000140014384 f   SapClassBasic:SapClassBasic82.dll
 0001:0001338a       ?Next@SapBuffer@@UEAAXXZ   000000014001438a f   SapClassBasic:SapClassBasic82.dll
 0001:00013390       ?GetTrash@SapBufferWithTrash@@UEBAPEAU__CORHANDLE@@XZ 0000000140014390 f   SapClassBasic:SapClassBasic82.dll
 0001:00013396       ?Empty@SapBuffer@@UEAAHH@Z 0000000140014396 f   SapClassBasic:SapClassBasic82.dll
 0001:0001339c       ?Empty@SapBuffer@@UEAAHXZ  000000014001439c f   SapClassBasic:SapClassBasic82.dll
 0001:000133a2       ?EmptyAll@SapBuffer@@UEAAHXZ 00000001400143a2 f   SapClassBasic:SapClassBasic82.dll
 0001:000133a8       ?SetCount@SapBuffer@@UEAAHH@Z 00000001400143a8 f   SapClassBasic:SapClassBasic82.dll
 0001:000133ae       ?SetWidth@SapBuffer@@UEAAHH@Z 00000001400143ae f   SapClassBasic:SapClassBasic82.dll
 0001:000133b4       ?SetHeight@SapBuffer@@UEAAHH@Z 00000001400143b4 f   SapClassBasic:SapClassBasic82.dll
 0001:000133ba       ?SetFormat@SapBuffer@@UEAAHH@Z 00000001400143ba f   SapClassBasic:SapClassBasic82.dll
 0001:000133c0       ?SetType@SapBuffer@@UEAAHH@Z 00000001400143c0 f   SapClassBasic:SapClassBasic82.dll
 0001:000133c6       ?SetPixelDepth@SapBuffer@@UEAAHH@Z 00000001400143c6 f   SapClassBasic:SapClassBasic82.dll
 0001:000133cc       ?SetVirtualAddress@SapBuffer@@UEAAHQEAPEAX@Z 00000001400143cc f   SapClassBasic:SapClassBasic82.dll
 0001:000133d2       ?SetPhysicalAddress@SapBuffer@@UEAAHQEA_K@Z 00000001400143d2 f   SapClassBasic:SapClassBasic82.dll
 0001:000133d8       ?SetParameters@SapBuffer@@UEAAHHQEA_KHHHH@Z 00000001400143d8 f   SapClassBasic:SapClassBasic82.dll
 0001:000133de       ?SetParameters@SapBuffer@@UEAAHHQEAPEAXHHHH@Z 00000001400143de f   SapClassBasic:SapClassBasic82.dll
 0001:000133e4       ?SetParameters@SapBuffer@@UEAAHHHHHH@Z 00000001400143e4 f   SapClassBasic:SapClassBasic82.dll
 0001:000133ea       ?SetParametersFromFile@SapBuffer@@UEAAHPEBDH@Z 00000001400143ea f   SapClassBasic:SapClassBasic82.dll
 0001:000133f0       ?SetFrameRate@SapBuffer@@UEAAXM@Z 00000001400143f0 f   SapClassBasic:SapClassBasic82.dll
 0001:000133f6       ?GetAddress@SapBuffer@@UEAAHH_K0PEAXPEAPEAX@Z 00000001400143f6 f   SapClassBasic:SapClassBasic82.dll
 0001:000133fc       ?GetAddress@SapBuffer@@UEAAHH_K0PEAPEAX@Z 00000001400143fc f   SapClassBasic:SapClassBasic82.dll
 0001:00013402       ?GetAddress@SapBuffer@@UEAAH_K0PEAXPEAPEAX@Z 0000000140014402 f   SapClassBasic:SapClassBasic82.dll
 0001:00013408       ?GetAddress@SapBuffer@@UEAAH_K0PEAPEAX@Z 0000000140014408 f   SapClassBasic:SapClassBasic82.dll
 0001:0001340e       ?GetAddress@SapBuffer@@UEAAHHPEAXPEAPEAX@Z 000000014001440e f   SapClassBasic:SapClassBasic82.dll
 0001:00013414       ?GetAddress@SapBuffer@@UEAAHHPEAPEAX@Z 0000000140014414 f   SapClassBasic:SapClassBasic82.dll
 0001:0001341a       ?GetAddress@SapBuffer@@UEAAHPEAXPEAPEAX@Z 000000014001441a f   SapClassBasic:SapClassBasic82.dll
 0001:00013420       ?GetAddress@SapBuffer@@UEAAHPEAPEAX@Z 0000000140014420 f   SapClassBasic:SapClassBasic82.dll
 0001:00013426       ?ReleaseAddress@SapBuffer@@UEAAHHPEAX@Z 0000000140014426 f   SapClassBasic:SapClassBasic82.dll
 0001:0001342c       ?ReleaseAddress@SapBuffer@@UEAAHPEAX@Z 000000014001442c f   SapClassBasic:SapClassBasic82.dll
 0001:00013432       ?IsMapped@SapBuffer@@UEAAHXZ 0000000140014432 f   SapClassBasic:SapClassBasic82.dll
 0001:00013438       ?IsMapped@SapBuffer@@UEAAHH@Z 0000000140014438 f   SapClassBasic:SapClassBasic82.dll
 0001:0001343e       ?GetCounterStamp@SapBuffer@@UEAAHHPEAH@Z 000000014001443e f   SapClassBasic:SapClassBasic82.dll
 0001:00013444       ?GetCounterStamp@SapBuffer@@UEAAHPEAH@Z 0000000140014444 f   SapClassBasic:SapClassBasic82.dll
 0001:0001344a       ?GetHostCounterStamp@SapBuffer@@UEAAHHPEA_K@Z 000000014001444a f   SapClassBasic:SapClassBasic82.dll
 0001:00013450       ?GetHostCounterStamp@SapBuffer@@UEAAHPEA_K@Z 0000000140014450 f   SapClassBasic:SapClassBasic82.dll
 0001:00013456       ?GetDeviceTimeStamp@SapBuffer@@UEAAHHPEA_K@Z 0000000140014456 f   SapClassBasic:SapClassBasic82.dll
 0001:0001345c       ?GetDeviceTimeStamp@SapBuffer@@UEAAHPEA_K@Z 000000014001445c f   SapClassBasic:SapClassBasic82.dll
 0001:00013462       ?GetSpaceUsed@SapBuffer@@UEAAHHPEAH@Z 0000000140014462 f   SapClassBasic:SapClassBasic82.dll
 0001:00013468       ?GetSpaceUsed@SapBuffer@@UEAAHPEAH@Z 0000000140014468 f   SapClassBasic:SapClassBasic82.dll
 0001:0001346e       ?GetHandles@SapBuffer@@UEBAPEAPEAU__CORHANDLE@@XZ 000000014001446e f   SapClassBasic:SapClassBasic82.dll
 0001:00013474       ?IsCapabilityValid@SapBuffer@@UEAAHH@Z 0000000140014474 f   SapClassBasic:SapClassBasic82.dll
 0001:0001347a       ?GetCapability@SapBuffer@@UEAAHHHPEAX@Z 000000014001447a f   SapClassBasic:SapClassBasic82.dll
 0001:00013480       ?GetCapability@SapBuffer@@UEAAHHPEAX@Z 0000000140014480 f   SapClassBasic:SapClassBasic82.dll
 0001:00013486       ?IsParameterValid@SapBuffer@@UEAAHHH@Z 0000000140014486 f   SapClassBasic:SapClassBasic82.dll
 0001:0001348c       ?IsParameterValid@SapBuffer@@UEAAHH@Z 000000014001448c f   SapClassBasic:SapClassBasic82.dll
 0001:00013492       ?GetParameter@SapBuffer@@UEAAHHHPEAX@Z 0000000140014492 f   SapClassBasic:SapClassBasic82.dll
 0001:00013498       ?GetParameter@SapBuffer@@UEAAHHPEAX@Z 0000000140014498 f   SapClassBasic:SapClassBasic82.dll
 0001:0001349e       ?SetParameter@SapBuffer@@UEAAHHHPEAX@Z 000000014001449e f   SapClassBasic:SapClassBasic82.dll
 0001:000134a4       ?SetParameter@SapBuffer@@UEAAHHPEAX@Z 00000001400144a4 f   SapClassBasic:SapClassBasic82.dll
 0001:000134aa       ?SetParameter@SapBuffer@@UEAAHHHH@Z 00000001400144aa f   SapClassBasic:SapClassBasic82.dll
 0001:000134b0       ?SetParameter@SapBuffer@@UEAAHHH@Z 00000001400144b0 f   SapClassBasic:SapClassBasic82.dll
 0001:000134b6       ?GetParent@SapBuffer@@UEAAPEAV1@XZ 00000001400144b6 f   SapClassBasic:SapClassBasic82.dll
 0001:000134bc       ?GetRoot@SapBuffer@@UEAAPEAV1@XZ 00000001400144bc f   SapClassBasic:SapClassBasic82.dll
 0001:000134c2       ?SetState@SapBuffer@@UEAAHHH@Z 00000001400144c2 f   SapClassBasic:SapClassBasic82.dll
 0001:000134c8       ?SetState@SapBuffer@@UEAAHH@Z 00000001400144c8 f   SapClassBasic:SapClassBasic82.dll
 0001:000134ce       ?SetAllState@SapBuffer@@UEAAHH@Z 00000001400144ce f   SapClassBasic:SapClassBasic82.dll
 0001:000134d4       ?GetState@SapBuffer@@UEAAHHPEAH@Z 00000001400144d4 f   SapClassBasic:SapClassBasic82.dll
 0001:000134da       ?GetState@SapBuffer@@UEAAHPEAH@Z 00000001400144da f   SapClassBasic:SapClassBasic82.dll
 0001:000134e0       ?GetNumPages@SapBuffer@@UEAAHPEAH@Z 00000001400144e0 f   SapClassBasic:SapClassBasic82.dll
 0001:000134e6       ?SetPage@SapBuffer@@UEAAHHH@Z 00000001400144e6 f   SapClassBasic:SapClassBasic82.dll
 0001:000134ec       ?SetPage@SapBuffer@@UEAAHH@Z 00000001400144ec f   SapClassBasic:SapClassBasic82.dll
 0001:000134f2       ?SetAllPage@SapBuffer@@UEAAHH@Z 00000001400144f2 f   SapClassBasic:SapClassBasic82.dll
 0001:000134f8       ?GetPage@SapBuffer@@UEAAHHPEAH@Z 00000001400144f8 f   SapClassBasic:SapClassBasic82.dll
 0001:000134fe       ?GetPage@SapBuffer@@UEAAHPEAH@Z 00000001400144fe f   SapClassBasic:SapClassBasic82.dll
 0001:00013504       ?IsMultiFormat@SapBuffer@@UEAAHXZ 0000000140014504 f   SapClassBasic:SapClassBasic82.dll
 0001:0001350a       ?GetPageFormat@SapBuffer@@UEAAHPEAH@Z 000000014001450a f   SapClassBasic:SapClassBasic82.dll
 0001:00013510       ?Clear@SapBuffer@@UEAAHHVSapData@@@Z 0000000140014510 f   SapClassBasic:SapClassBasic82.dll
 0001:00013516       ?Clear@SapBuffer@@UEAAHVSapData@@@Z 0000000140014516 f   SapClassBasic:SapClassBasic82.dll
 0001:0001351c       ?Clear@SapBuffer@@UEAAHH@Z 000000014001451c f   SapClassBasic:SapClassBasic82.dll
 0001:00013522       ?Clear@SapBuffer@@UEAAHXZ  0000000140014522 f   SapClassBasic:SapClassBasic82.dll
 0001:00013528       ?Load@SapBuffer@@UEAAHPEBD0HH@Z 0000000140014528 f   SapClassBasic:SapClassBasic82.dll
 0001:0001352e       ?Load@SapBuffer@@UEAAHPEBDHHH0@Z 000000014001452e f   SapClassBasic:SapClassBasic82.dll
 0001:00013534       ?Save@SapBuffer@@UEAAHPEBD0HH@Z 0000000140014534 f   SapClassBasic:SapClassBasic82.dll
 0001:0001353a       ?Read@SapBuffer@@UEAAHH_KHPEAX@Z 000000014001453a f   SapClassBasic:SapClassBasic82.dll
 0001:00013540       ?Read@SapBuffer@@UEAAH_KHPEAX@Z 0000000140014540 f   SapClassBasic:SapClassBasic82.dll
 0001:00013546       ?ReadElement@SapBuffer@@UEAAHHHPEAH00@Z 0000000140014546 f   SapClassBasic:SapClassBasic82.dll
 0001:0001354c       ?ReadElement@SapBuffer@@UEAAHHHHPEAVSapData@@@Z 000000014001454c f   SapClassBasic:SapClassBasic82.dll
 0001:00013552       ?ReadElement@SapBuffer@@UEAAHHHPEAVSapData@@@Z 0000000140014552 f   SapClassBasic:SapClassBasic82.dll
 0001:00013558       ?ReadElement@SapBuffer@@UEAAHHHHPEAX@Z 0000000140014558 f   SapClassBasic:SapClassBasic82.dll
 0001:0001355e       ?ReadElement@SapBuffer@@UEAAHHHPEAX@Z 000000014001455e f   SapClassBasic:SapClassBasic82.dll
 0001:00013564       ?ReadLine@SapBuffer@@UEAAHHHHHHPEAXPEAH@Z 0000000140014564 f   SapClassBasic:SapClassBasic82.dll
 0001:0001356a       ?ReadLine@SapBuffer@@UEAAHHHHHPEAXPEAH@Z 000000014001456a f   SapClassBasic:SapClassBasic82.dll
 0001:00013570       ?ReadRect@SapBuffer@@UEAAHHHHHHPEAX@Z 0000000140014570 f   SapClassBasic:SapClassBasic82.dll
 0001:00013576       ?ReadRect@SapBuffer@@UEAAHHHHHPEAX@Z 0000000140014576 f   SapClassBasic:SapClassBasic82.dll
 0001:0001357c       ?Write@SapBuffer@@UEAAHH_KHPEBX@Z 000000014001457c f   SapClassBasic:SapClassBasic82.dll
 0001:00013582       ?Write@SapBuffer@@UEAAH_KHPEBX@Z 0000000140014582 f   SapClassBasic:SapClassBasic82.dll
 0001:00013588       ?WriteElement@SapBuffer@@UEAAHHHHVSapData@@@Z 0000000140014588 f   SapClassBasic:SapClassBasic82.dll
 0001:0001358e       ?WriteElement@SapBuffer@@UEAAHHHVSapData@@@Z 000000014001458e f   SapClassBasic:SapClassBasic82.dll
 0001:00013594       ?WriteElement@SapBuffer@@UEAAHHHHPEBX@Z 0000000140014594 f   SapClassBasic:SapClassBasic82.dll
 0001:0001359a       ?WriteElement@SapBuffer@@UEAAHHHPEBX@Z 000000014001459a f   SapClassBasic:SapClassBasic82.dll
 0001:000135a0       ?WriteLine@SapBuffer@@UEAAHHHHHHPEBXPEAH@Z 00000001400145a0 f   SapClassBasic:SapClassBasic82.dll
 0001:000135a6       ?WriteLine@SapBuffer@@UEAAHHHHHPEBXPEAH@Z 00000001400145a6 f   SapClassBasic:SapClassBasic82.dll
 0001:000135ac       ?WriteRect@SapBuffer@@UEAAHHHHHHPEBX@Z 00000001400145ac f   SapClassBasic:SapClassBasic82.dll
 0001:000135b2       ?WriteRect@SapBuffer@@UEAAHHHHHPEBX@Z 00000001400145b2 f   SapClassBasic:SapClassBasic82.dll
 0001:000135b8       ?Copy@SapBuffer@@UEAAHPEAV1@HH@Z 00000001400145b8 f   SapClassBasic:SapClassBasic82.dll
 0001:000135be       ?Copy@SapBuffer@@UEAAHPEAV1@@Z 00000001400145be f   SapClassBasic:SapClassBasic82.dll
 0001:000135c4       ?CopyAll@SapBuffer@@UEAAHPEAV1@@Z 00000001400145c4 f   SapClassBasic:SapClassBasic82.dll
 0001:000135ca       ?CopyRect@SapBuffer@@UEAAHPEAV1@HHHHHHHH@Z 00000001400145ca f   SapClassBasic:SapClassBasic82.dll
 0001:000135d0       ?ColorConvert@SapBuffer@@UEAAHPEAV1@HHHHVSapDataFRGB@@PEAVSapLut@@@Z 00000001400145d0 f   SapClassBasic:SapClassBasic82.dll
 0001:000135d6       ?ColorConvert@SapBuffer@@UEAAHPEAV1@HHVSapDataFRGB@@PEAVSapLut@@@Z 00000001400145d6 f   SapClassBasic:SapClassBasic82.dll
 0001:000135dc       ?ColorWhiteBalance@SapBuffer@@UEAAHHHPEAVSapDataFRGB@@@Z 00000001400145dc f   SapClassBasic:SapClassBasic82.dll
 0001:000135e2       ?ColorWhiteBalance@SapBuffer@@UEAAHHPEAVSapDataFRGB@@@Z 00000001400145e2 f   SapClassBasic:SapClassBasic82.dll
 0001:000135e8       ?SplitComponents@SapBuffer@@UEAAHPEAV1@00H@Z 00000001400145e8 f   SapClassBasic:SapClassBasic82.dll
 0001:000135ee       ?SplitComponents@SapBuffer@@UEAAHPEAV1@00@Z 00000001400145ee f   SapClassBasic:SapClassBasic82.dll
 0001:000135f4       ?SplitComponents@SapBuffer@@UEAAHPEAV1@H@Z 00000001400145f4 f   SapClassBasic:SapClassBasic82.dll
 0001:000135fa       ?SplitComponents@SapBuffer@@UEAAHPEAV1@@Z 00000001400145fa f   SapClassBasic:SapClassBasic82.dll
 0001:00013600       ?MergeComponents@SapBuffer@@UEAAHPEAV1@00H@Z 0000000140014600 f   SapClassBasic:SapClassBasic82.dll
 0001:00013606       ?MergeComponents@SapBuffer@@UEAAHPEAV1@00@Z 0000000140014606 f   SapClassBasic:SapClassBasic82.dll
 0001:0001360c       ?MergeComponents@SapBuffer@@UEAAHPEAV1@H@Z 000000014001460c f   SapClassBasic:SapClassBasic82.dll
 0001:00013612       ?MergeComponents@SapBuffer@@UEAAHPEAV1@@Z 0000000140014612 f   SapClassBasic:SapClassBasic82.dll
 0001:00013618       ?Register@SapBuffer@@UEAAHPEBD@Z 0000000140014618 f   SapClassBasic:SapClassBasic82.dll
 0001:0001361e       ?Unregister@SapBuffer@@UEAAHXZ 000000014001461e f   SapClassBasic:SapClassBasic82.dll
 0001:00013624       ?GetNumRoi@SapBuffer@@UEBAHXZ 0000000140014624 f   SapClassBasic:SapClassBasic82.dll
 0001:0001362a       ?GetRoi@SapBuffer@@UEBAQEAUtagRECT@@H@Z 000000014001462a f   SapClassBasic:SapClassBasic82.dll
 0001:00013630       ?AddRoi@SapBuffer@@UEAAHUtagRECT@@@Z 0000000140014630 f   SapClassBasic:SapClassBasic82.dll
 0001:00013636       ?RemoveAllRoi@SapBuffer@@UEAAHXZ 0000000140014636 f   SapClassBasic:SapClassBasic82.dll
 0001:0001363c       ?GetChild@SapBuffer@@UEBAPEAU__CORHANDLE@@HH@Z 000000014001463c f   SapClassBasic:SapClassBasic82.dll
 0001:00013642       ?BayerConvert@SapBuffer@@UEAAHPEAV1@HHHHVSapDataFRGB@@PEAVSapLut@@@Z 0000000140014642 f   SapClassBasic:SapClassBasic82.dll
 0001:00013648       ?BayerConvert@SapBuffer@@UEAAHPEAV1@HHVSapDataFRGB@@PEAVSapLut@@@Z 0000000140014648 f   SapClassBasic:SapClassBasic82.dll
 0001:0001364e       ?BayerWhiteBalance@SapBuffer@@UEAAHHHPEAVSapDataFRGB@@@Z 000000014001464e f   SapClassBasic:SapClassBasic82.dll
 0001:00013654       ?BayerWhiteBalance@SapBuffer@@UEAAHHPEAVSapDataFRGB@@@Z 0000000140014654 f   SapClassBasic:SapClassBasic82.dll
 0001:0001365a       ?Construct@SapBuffer@@MEAAXPEBDPEAVSapDisplay@@@Z 000000014001465a f   SapClassBasic:SapClassBasic82.dll
 0001:00013660       ?GetTrashType@SapBufferWithTrash@@UEAAHXZ 0000000140014660 f   SapClassBasic:SapClassBasic82.dll
 0001:00013666       ?SetTrashType@SapBufferWithTrash@@UEAAHH@Z 0000000140014666 f   SapClassBasic:SapClassBasic82.dll
 0001:0001366c       ?Construct@SapBufferWithTrash@@MEAAXXZ 000000014001466c f   SapClassBasic:SapClassBasic82.dll
 0001:00013672       ?Create@SapTransfer@@UEAAHXZ 0000000140014672 f   SapClassBasic:SapClassBasic82.dll
 0001:00013678       ?Destroy@SapTransfer@@UEAAHXZ 0000000140014678 f   SapClassBasic:SapClassBasic82.dll
 0001:0001367e       ?Connect@SapTransfer@@UEAAHXZ 000000014001467e f   SapClassBasic:SapClassBasic82.dll
 0001:00013684       ?Disconnect@SapTransfer@@UEAAHXZ 0000000140014684 f   SapClassBasic:SapClassBasic82.dll
 0001:0001368a       ?GetHandle@SapTransfer@@UEBAPEAU__CORHANDLE@@XZ 000000014001468a f   SapClassBasic:SapClassBasic82.dll
 0001:00013690       ?GetCallback@SapTransfer@@UEBAP6AXPEAVSapXferCallbackInfo@@@ZXZ 0000000140014690 f   SapClassBasic:SapClassBasic82.dll
 0001:00013696       ?GetTrashCallback@SapTransfer@@UEBAP6AXPEAVSapXferCallbackInfo@@@ZXZ 0000000140014696 f   SapClassBasic:SapClassBasic82.dll
 0001:0001369c       ?GetContext@SapTransfer@@UEBAPEAXXZ 000000014001469c f   SapClassBasic:SapClassBasic82.dll
 0001:000136a2       ?IsGrabbing@SapTransfer@@UEBAHXZ 00000001400146a2 f   SapClassBasic:SapClassBasic82.dll
 0001:000136a8       ?IsAutoEmpty@SapTransfer@@UEBAHXZ 00000001400146a8 f   SapClassBasic:SapClassBasic82.dll
 0001:000136ae       ?IsAutoConnect@SapTransfer@@UEBAHXZ 00000001400146ae f   SapClassBasic:SapClassBasic82.dll
 0001:000136b4       ?IsConnected@SapTransfer@@UEBAHXZ 00000001400146b4 f   SapClassBasic:SapClassBasic82.dll
 0001:000136ba       ?GetStartMode@SapTransfer@@UEBAHXZ 00000001400146ba f   SapClassBasic:SapClassBasic82.dll
 0001:000136c0       ?IsCycleModeAvailable@SapTransfer@@UEAAHHH@Z 00000001400146c0 f   SapClassBasic:SapClassBasic82.dll
 0001:000136c6       ?GetConnectTimeout@SapTransfer@@UEBAHXZ 00000001400146c6 f   SapClassBasic:SapClassBasic82.dll
 0001:000136cc       ?SetCallbackInfo@SapTransfer@@UEAAHPEAVSapXferPair@@@Z 00000001400146cc f   SapClassBasic:SapClassBasic82.dll
 0001:000136d2       ?SetCallbackInfo@SapTransfer@@UEAAHP6AXPEAVSapXferCallbackInfo@@@ZPEAX@Z 00000001400146d2 f   SapClassBasic:SapClassBasic82.dll
 0001:000136d8       ?SetTrashCallbackInfo@SapTransfer@@UEAAHPEAVSapXferPair@@@Z 00000001400146d8 f   SapClassBasic:SapClassBasic82.dll
 0001:000136de       ?SetTrashCallbackInfo@SapTransfer@@UEAAHP6AXPEAVSapXferCallbackInfo@@@Z@Z 00000001400146de f   SapClassBasic:SapClassBasic82.dll
 0001:000136e4       ?SetAutoEmpty@SapTransfer@@UEAAXH@Z 00000001400146e4 f   SapClassBasic:SapClassBasic82.dll
 0001:000136ea       ?SetAutoConnect@SapTransfer@@UEAAXH@Z 00000001400146ea f   SapClassBasic:SapClassBasic82.dll
 0001:000136f0       ?IsCapabilityValid@SapTransfer@@UEAAHH@Z 00000001400146f0 f   SapClassBasic:SapClassBasic82.dll
 0001:000136f6       ?IsParameterValid@SapTransfer@@UEAAHH@Z 00000001400146f6 f   SapClassBasic:SapClassBasic82.dll
 0001:000136fc       ?GetCapability@SapTransfer@@UEAAHHPEAX@Z 00000001400146fc f   SapClassBasic:SapClassBasic82.dll
 0001:00013702       ?GetParameter@SapTransfer@@UEAAHHPEAX@Z 0000000140014702 f   SapClassBasic:SapClassBasic82.dll
 0001:00013708       ?SetParameter@SapTransfer@@UEAAHHPEAX@Z 0000000140014708 f   SapClassBasic:SapClassBasic82.dll
 0001:0001370e       ?SetParameter@SapTransfer@@UEAAHHH@Z 000000014001470e f   SapClassBasic:SapClassBasic82.dll
 0001:00013714       ?Select@SapTransfer@@UEAAHPEAVSapXferPair@@HH@Z 0000000140014714 f   SapClassBasic:SapClassBasic82.dll
 0001:0001371a       ?Select@SapTransfer@@UEAAHHHH@Z 000000014001471a f   SapClassBasic:SapClassBasic82.dll
 0001:00013720       ?SetStartMode@SapTransfer@@MEAAHXZ 0000000140014720 f   SapClassBasic:SapClassBasic82.dll
 0001:00013726       ?SetStartMode@SapTransfer@@UEAAHH@Z 0000000140014726 f   SapClassBasic:SapClassBasic82.dll
 0001:0001372c       ?SetConnectTimeout@SapTransfer@@UEAAHH@Z 000000014001472c f   SapClassBasic:SapClassBasic82.dll
 0001:00013732       ?UpdateFrameRateStatistics@SapAcqDeviceToBuf@@UEAAHXZ 0000000140014732 f   SapClassBasic:SapClassBasic82.dll
 0001:00013738       ?SetEventType@SapTransfer@@UEAAHPEAVSapXferPair@@@Z 0000000140014738 f   SapClassBasic:SapClassBasic82.dll
 0001:0001373e       ?SetEventCountSource@SapTransfer@@UEAAHPEAVSapXferPair@@@Z 000000014001473e f   SapClassBasic:SapClassBasic82.dll
 0001:00013744       ?SetCycleMode@SapTransfer@@UEAAHPEAVSapXferPair@@@Z 0000000140014744 f   SapClassBasic:SapClassBasic82.dll
 0001:0001374a       ?SetFlipMode@SapTransfer@@UEAAHPEAVSapXferPair@@@Z 000000014001474a f   SapClassBasic:SapClassBasic82.dll
 0001:00013750       ?SetCounterStampTimeBase@SapTransfer@@UEAAHPEAVSapXferPair@@@Z 0000000140014750 f   SapClassBasic:SapClassBasic82.dll
 0001:00013756       ?SetFlatFieldCycleMode@SapTransfer@@UEAAHPEAVSapXferPair@@@Z 0000000140014756 f   SapClassBasic:SapClassBasic82.dll
 0001:0001375c       ?SetDynamicLutCycleMode@SapTransfer@@UEAAHPEAVSapXferPair@@@Z 000000014001475c f   SapClassBasic:SapClassBasic82.dll
 0001:00013762       ?SetFramesPerCallback@SapTransfer@@UEAAHPEAVSapXferPair@@@Z 0000000140014762 f   SapClassBasic:SapClassBasic82.dll
 0001:00013768       ?SetFramesOnBoard@SapTransfer@@UEAAHPEAVSapXferPair@@@Z 0000000140014768 f   SapClassBasic:SapClassBasic82.dll
 0001:0001376e       ?SetRelativeBufferIndex@SapTransfer@@UEAAHPEAVSapXferPair@@@Z 000000014001476e f   SapClassBasic:SapClassBasic82.dll
 0001:00013774       ?SetNbInputFrames@SapTransfer@@UEAAHPEAVSapXferPair@@@Z 0000000140014774 f   SapClassBasic:SapClassBasic82.dll
 0001:0001377a       ?SetNbOutputFrames@SapTransfer@@UEAAHPEAVSapXferPair@@@Z 000000014001477a f   SapClassBasic:SapClassBasic82.dll
 0001:00013780       ?RegisterCallback@SapTransfer@@UEAAHHP6AXPEAVSapXferCallbackInfo@@@ZPEAXI@Z 0000000140014780 f   SapClassBasic:SapClassBasic82.dll
 0001:00013786       ?UnregisterCallback@SapTransfer@@UEAAHXZ 0000000140014786 f   SapClassBasic:SapClassBasic82.dll
 0001:0001378c       ?UpdateParameters@SapTransfer@@UEAAHXZ 000000014001478c f   SapClassBasic:SapClassBasic82.dll
 0001:00013792       ?Snap@SapTransfer@@UEAAHH@Z 0000000140014792 f   SapClassBasic:SapClassBasic82.dll
 0001:00013798       ?Grab@SapTransfer@@UEAAHXZ 0000000140014798 f   SapClassBasic:SapClassBasic82.dll
 0001:0001379e       ?Freeze@SapTransfer@@UEAAHXZ 000000014001479e f   SapClassBasic:SapClassBasic82.dll
 0001:000137a4       ?Abort@SapTransfer@@UEAAHXZ 00000001400147a4 f   SapClassBasic:SapClassBasic82.dll
 0001:000137aa       ?Wait@SapTransfer@@UEAAHH@Z 00000001400147aa f   SapClassBasic:SapClassBasic82.dll
 0001:000137b0       ?Init@SapTransfer@@UEAAHH@Z 00000001400147b0 f   SapClassBasic:SapClassBasic82.dll
 0001:000137b6       ?XferIsCycleModeAvailable@SapTransfer@@MEAAHPEAVSapXferPair@@H@Z 00000001400147b6 f   SapClassBasic:SapClassBasic82.dll
 0001:000137bc       ?CreatePair@SapTransfer@@MEAAHH@Z 00000001400147bc f   SapClassBasic:SapClassBasic82.dll
 0001:000137c2       ?DestroyPair@SapTransfer@@MEAAHH@Z 00000001400147c2 f   SapClassBasic:SapClassBasic82.dll
 0001:000137c8       ?GetCapabilities@SapTransfer@@MEAAHH@Z 00000001400147c8 f   SapClassBasic:SapClassBasic82.dll
 0001:000137ce       ?SetParameters@SapTransfer@@MEAAHXZ 00000001400147ce f   SapClassBasic:SapClassBasic82.dll
 0001:000137d4       ?SetParameters@SapTransfer@@MEAAHH@Z 00000001400147d4 f   SapClassBasic:SapClassBasic82.dll
 0001:000137da       ?FindPairIndex@SapTransfer@@MEAAHPEAVSapXferPair@@PEAH@Z 00000001400147da f   SapClassBasic:SapClassBasic82.dll
 0001:000137e0       ?Create@SapView@@UEAAHXZ   00000001400147e0 f   SapClassBasic:SapClassBasic82.dll
 0001:000137e6       ?Destroy@SapView@@UEAAHXZ  00000001400147e6 f   SapClassBasic:SapClassBasic82.dll
 0001:000137ec       ?GetHandle@SapView@@UEBAPEAU__CORHANDLE@@H@Z 00000001400147ec f   SapClassBasic:SapClassBasic82.dll
 0001:000137f2       ?GetHandle@SapView@@UEBAPEAU__CORHANDLE@@XZ 00000001400147f2 f   SapClassBasic:SapClassBasic82.dll
 0001:000137f8       ?IsAutoEmpty@SapView@@UEBAHXZ 00000001400147f8 f   SapClassBasic:SapClassBasic82.dll
 0001:000137fe       ?SetDisplay@SapView@@UEAAHPEAVSapDisplay@@@Z 00000001400147fe f   SapClassBasic:SapClassBasic82.dll
 0001:00013804       ?SetBuffer@SapView@@UEAAHPEAVSapBuffer@@@Z 0000000140014804 f   SapClassBasic:SapClassBasic82.dll
 0001:0001380a       ?SetWindow@SapView@@UEAAHPEAUHWND__@@@Z 000000014001480a f   SapClassBasic:SapClassBasic82.dll
 0001:00013810       ?SetCallbackInfo@SapView@@UEAAHP6AXPEAVSapViewCallbackInfo@@@ZPEAX@Z 0000000140014810 f   SapClassBasic:SapClassBasic82.dll
 0001:00013816       ?GetWidth@SapView@@UEAAHXZ 0000000140014816 f   SapClassBasic:SapClassBasic82.dll
 0001:0001381c       ?GetHeight@SapView@@UEAAHXZ 000000014001481c f   SapClassBasic:SapClassBasic82.dll
 0001:00013822       ?GetViewArea@SapView@@UEAAHPEAH0@Z 0000000140014822 f   SapClassBasic:SapClassBasic82.dll
 0001:00013828       ?IsCapabilityValid@SapView@@UEAAHH@Z 0000000140014828 f   SapClassBasic:SapClassBasic82.dll
 0001:0001382e       ?GetCapability@SapView@@UEAAHHPEAX@Z 000000014001482e f   SapClassBasic:SapClassBasic82.dll
 0001:00013834       ?IsParameterValid@SapView@@UEAAHH@Z 0000000140014834 f   SapClassBasic:SapClassBasic82.dll
 0001:0001383a       ?GetParameter@SapView@@UEAAHHPEAX@Z 000000014001483a f   SapClassBasic:SapClassBasic82.dll
 0001:00013840       ?SetParameter@SapView@@UEAAHHPEAX@Z 0000000140014840 f   SapClassBasic:SapClassBasic82.dll
 0001:00013846       ?SetParameter@SapView@@UEAAHHH@Z 0000000140014846 f   SapClassBasic:SapClassBasic82.dll
 0001:0001384c       ?SetWindowTitle@SapView@@UEAAHPEBD@Z 000000014001484c f   SapClassBasic:SapClassBasic82.dll
 0001:00013852       ?GetWindowTitle@SapView@@UEAAHPEAD@Z 0000000140014852 f   SapClassBasic:SapClassBasic82.dll
 0001:00013858       ?SetOverlayMode@SapView@@UEAAHH@Z 0000000140014858 f   SapClassBasic:SapClassBasic82.dll
 0001:0001385e       ?SetKeyColor@SapView@@MEAAHXZ 000000014001485e f   SapClassBasic:SapClassBasic82.dll
 0001:00013864       ?SetKeyColor@SapView@@UEAAHVSapDataRGB@@@Z 0000000140014864 f   SapClassBasic:SapClassBasic82.dll
 0001:0001386a       ?GetDC@SapView@@UEAAHPEAPEAUHDC__@@@Z 000000014001486a f   SapClassBasic:SapClassBasic82.dll
 0001:00013870       ?ReleaseDC@SapView@@UEAAHXZ 0000000140014870 f   SapClassBasic:SapClassBasic82.dll
 0001:00013876       ?Init@SapView@@UEAAXXZ     0000000140014876 f   SapClassBasic:SapClassBasic82.dll
 0001:0001387c       ?Show@SapView@@UEAAXH@Z    000000014001487c f   SapClassBasic:SapClassBasic82.dll
 0001:00013882       ?Show@SapView@@UEAAXXZ     0000000140014882 f   SapClassBasic:SapClassBasic82.dll
 0001:00013888       ?ShowNext@SapView@@UEAAXXZ 0000000140014888 f   SapClassBasic:SapClassBasic82.dll
 0001:0001388e       ?Hide@SapView@@UEAAXXZ     000000014001488e f   SapClassBasic:SapClassBasic82.dll
 0001:00013894       ?HasRange@SapView@@UEAAHXZ 0000000140014894 f   SapClassBasic:SapClassBasic82.dll
 0001:0001389a       ?GetRange@SapView@@UEAAHXZ 000000014001489a f   SapClassBasic:SapClassBasic82.dll
 0001:000138a0       ?GetRangeMinMax@SapView@@UEAAXPEAH0@Z 00000001400148a0 f   SapClassBasic:SapClassBasic82.dll
 0001:000138a6       ?SetRange@SapView@@UEAAHH@Z 00000001400148a6 f   SapClassBasic:SapClassBasic82.dll
 0001:000138ac       ?SetScalingMode@SapView@@UEAAHAEBVSapViewScaleParams@@0H@Z 00000001400148ac f   SapClassBasic:SapClassBasic82.dll
 0001:000138b2       ?SetScalingMode@SapView@@UEAAHMMH@Z 00000001400148b2 f   SapClassBasic:SapClassBasic82.dll
 0001:000138b8       ?SetScalingMode@SapView@@UEAAHW4ScalingMode@1@HH@Z 00000001400148b8 f   SapClassBasic:SapClassBasic82.dll
 0001:000138be       ?SetAutoEmpty@SapView@@UEAAXH@Z 00000001400148be f   SapClassBasic:SapClassBasic82.dll
 0001:000138c4       ?SetImmediateMode@SapView@@UEAAXH@Z 00000001400148c4 f   SapClassBasic:SapClassBasic82.dll
 0001:000138ca       ?SetThreadPriority@SapView@@UEAAXH@Z 00000001400148ca f   SapClassBasic:SapClassBasic82.dll
 0001:000138d0       ?ApplyLut@SapView@@UEAAHXZ 00000001400148d0 f   SapClassBasic:SapClassBasic82.dll
 0001:000138d6       ?OnPaint@SapView@@UEAAXXZ  00000001400148d6 f   SapClassBasic:SapClassBasic82.dll
 0001:000138dc       ?OnMove@SapView@@UEAAXXZ   00000001400148dc f   SapClassBasic:SapClassBasic82.dll
 0001:000138e2       ?OnSize@SapView@@UEAAXH@Z  00000001400148e2 f   SapClassBasic:SapClassBasic82.dll
 0001:000138e8       ?OnHScroll@SapView@@UEAAXH@Z 00000001400148e8 f   SapClassBasic:SapClassBasic82.dll
 0001:000138ee       ?OnVScroll@SapView@@UEAAXH@Z 00000001400148ee f   SapClassBasic:SapClassBasic82.dll
 0001:000138f4       ?GetHandles@SapView@@UEBAPEAPEAU__CORHANDLE@@XZ 00000001400148f4 f   SapClassBasic:SapClassBasic82.dll
 0001:000138fa       ??ASapView@@UEBAPEAU__CORHANDLE@@H@Z 00000001400148fa f   SapClassBasic:SapClassBasic82.dll
 0001:00013900       ?SetBuffers@SapView@@UEAAHPEAVSapBuffer@@@Z 0000000140014900 f   SapClassBasic:SapClassBasic82.dll
 0001:00013906       ?DoShow@SapView@@MEAAXXZ   0000000140014906 f   SapClassBasic:SapClassBasic82.dll
 0001:0001390c       ?Next@SapView@@MEAAXXZ     000000014001490c f   SapClassBasic:SapClassBasic82.dll
 0001:00013912       ?SetScrollPosAndRange@SapView@@MEAAXXZ 0000000140014912 f   SapClassBasic:SapClassBasic82.dll
 0001:00013918       ?LoadLut@SapView@@MEAAHXZ  0000000140014918 f   SapClassBasic:SapClassBasic82.dll
 0001:0001391e       ??1SapAcqDeviceToBuf@@UEAA@XZ 000000014001491e f   SapClassBasic:SapClassBasic82.dll
 0001:00013924       ??1SapAcqDevice@@UEAA@XZ   0000000140014924 f   SapClassBasic:SapClassBasic82.dll
 0001:0001392a       ??1SapBufferWithTrash@@UEAA@XZ 000000014001492a f   SapClassBasic:SapClassBasic82.dll
 0001:00013930       ??1SapView@@UEAA@XZ        0000000140014930 f   SapClassBasic:SapClassBasic82.dll
 0001:00013936       ?SetCycleMode@SapXferPair@@QEAAHH@Z 0000000140014936 f   SapClassBasic:SapClassBasic82.dll
 0001:0001393c       ?GetPair@SapTransfer@@QEAAPEAVSapXferPair@@H@Z 000000014001493c f   SapClassBasic:SapClassBasic82.dll
 0001:00013942       ??BSapManager@@QEBAHXZ     0000000140014942 f   SapClassBasic:SapClassBasic82.dll
 0001:00013948       ?GetBuffer@SapView@@QEBAPEAVSapBuffer@@XZ 0000000140014948 f   SapClassBasic:SapClassBasic82.dll
 0001:0001394e       ??1CImageExWnd@@UEAA@XZ    000000014001494e f   SapClassGuiD:SapClassGui82D.NET_2010.dll
 0001:00013954       ??0CImageExWnd@@QEAA@XZ    0000000140014954 f   SapClassGuiD:SapClassGui82D.NET_2010.dll
 0001:0001395a       ??0CImageExWndEventHandler@@QEAA@XZ 000000014001495a f   SapClassGuiD:SapClassGui82D.NET_2010.dll
 0001:00013960       ?ScaleChanged@CImageViewportWndEventHandler@@UEAAXXZ 0000000140014960 f   SapClassGuiD:SapClassGui82D.NET_2010.dll
 0001:00013966       ?RoiChanged@CImageViewportWndEventHandler@@UEAAXXZ 0000000140014966 f   SapClassGuiD:SapClassGui82D.NET_2010.dll
 0001:0001396c       ?ViewChanged@CImageViewportWndEventHandler@@UEAAXXZ 000000014001496c f   SapClassGuiD:SapClassGui82D.NET_2010.dll
 0001:00013972       ?MarkerChanged@CImageExWndEventHandler@@UEAAXXZ 0000000140014972 f   SapClassGuiD:SapClassGui82D.NET_2010.dll
 0001:00013978       ?InteractiveMarkerChanged@CImageExWndEventHandler@@UEAAXH@Z 0000000140014978 f   SapClassGuiD:SapClassGui82D.NET_2010.dll
 0001:0001397e       ?GetPixelString@CImageExWnd@@QEBA?AV?$CStringT@DV?$StrTraitMFC_DLL@DV?$ChTraitsCRT@D@ATL@@@@@ATL@@VCPoint@@@Z 000000014001497e f   SapClassGuiD:SapClassGui82D.NET_2010.dll
 0001:00013984       ?Reset@CImageExWnd@@QEAAXXZ 0000000140014984 f   SapClassGuiD:SapClassGui82D.NET_2010.dll
 0001:0001398a       ?AttachSapView@CImageExWnd@@QEAA_NPEAVSapView@@@Z 000000014001498a f   SapClassGuiD:SapClassGui82D.NET_2010.dll
 0001:00013990       ??1CViewDlg@@UEAA@XZ       0000000140014990 f   SapClassGuiD:SapClassGui82D.NET_2010.dll
 0001:00013996       ?Refresh@CImageExWnd@@QEAAXXZ 0000000140014996 f   SapClassGuiD:SapClassGui82D.NET_2010.dll
 0001:0001399c       ??0CViewDlg@@QEAA@PEAVCWnd@@PEAVSapView@@@Z 000000014001499c f   SapClassGuiD:SapClassGui82D.NET_2010.dll
 0001:000139a2       ??1CAbortDlg@@UEAA@XZ      00000001400149a2 f   SapClassGuiD:SapClassGui82D.NET_2010.dll
 0001:000139a8       ??0CAbortDlg@@QEAA@PEAVCWnd@@PEAVSapTransfer@@H@Z 00000001400149a8 f   SapClassGuiD:SapClassGui82D.NET_2010.dll
 0001:000139ae       ZLBSaveImage               00000001400149ae f   ZLBImage:ZLBImage.dll
 0001:000139b4       ZLBCreateDirectory         00000001400149b4 f   ZLBCommon:ZLBCommon.dll
 0001:000139ba       ZLBGetFormatTime           00000001400149ba f   ZLBCommon:ZLBCommon.dll
 0001:000139c0       ZLBIsPathExist             00000001400149c0 f   ZLBCommon:ZLBCommon.dll
 0001:000139c6       ZLBIniReadDouble           00000001400149c6 f   ZLBCommon:ZLBCommon.dll
 0001:000139cc       ZLBIniReadString           00000001400149cc f   ZLBCommon:ZLBCommon.dll
 0001:000139d2       ZLBIniReadInt              00000001400149d2 f   ZLBCommon:ZLBCommon.dll
 0001:000139d8       ZLBIniFile                 00000001400149d8 f   ZLBCommon:ZLBCommon.dll
 0001:000139de       ZLBGetCurrentPath          00000001400149de f   ZLBCommon:ZLBCommon.dll
 0001:000139e4       ??3@YAXPEAX@Z              00000001400149e4 f   mfc100d:mfc100d.dll
 0001:000139ea       ?GetThisMessageMap@CWinApp@@KAPEBUAFX_MSGMAP@@XZ 00000001400149ea f   mfc100d:mfc100d.dll
 0001:000139f0       ??0CWinApp@@QEAA@PEBD@Z    00000001400149f0 f   mfc100d:mfc100d.dll
 0001:000139f6       ?GetRuntimeClass@CWinApp@@UEBAPEAUCRuntimeClass@@XZ 00000001400149f6 f   mfc100d:mfc100d.dll
 0001:000139fc       ?Serialize@CObject@@UEAAXAEAVCArchive@@@Z 00000001400149fc f   mfc100d:mfc100d.dll
 0001:00013a02       ?AssertValid@CWinApp@@UEBAXXZ 0000000140014a02 f   mfc100d:mfc100d.dll
 0001:00013a08       ?Dump@CWinApp@@UEBAXAEAVCDumpContext@@@Z 0000000140014a08 f   mfc100d:mfc100d.dll
 0001:00013a0e       ?OnCmdMsg@CCmdTarget@@UEAAHIHPEAXPEAUAFX_CMDHANDLERINFO@@@Z 0000000140014a0e f   mfc100d:mfc100d.dll
 0001:00013a14       ?OnFinalRelease@CCmdTarget@@UEAAXXZ 0000000140014a14 f   mfc100d:mfc100d.dll
 0001:00013a1a       ?IsInvokeAllowed@CCmdTarget@@UEAAHJ@Z 0000000140014a1a f   mfc100d:mfc100d.dll
 0001:00013a20       ?GetDispatchIID@CCmdTarget@@UEAAHPEAU_GUID@@@Z 0000000140014a20 f   mfc100d:mfc100d.dll
 0001:00013a26       ?GetTypeInfoCount@CCmdTarget@@UEAAIXZ 0000000140014a26 f   mfc100d:mfc100d.dll
 0001:00013a2c       ?GetTypeLibCache@CCmdTarget@@UEAAPEAVCTypeLibCache@@XZ 0000000140014a2c f   mfc100d:mfc100d.dll
 0001:00013a32       ?GetTypeLib@CCmdTarget@@UEAAJKPEAPEAUITypeLib@@@Z 0000000140014a32 f   mfc100d:mfc100d.dll
 0001:00013a38       ?GetCommandMap@CCmdTarget@@MEBAPEBUAFX_OLECMDMAP@@XZ 0000000140014a38 f   mfc100d:mfc100d.dll
 0001:00013a3e       ?GetDispatchMap@CCmdTarget@@MEBAPEBUAFX_DISPMAP@@XZ 0000000140014a3e f   mfc100d:mfc100d.dll
 0001:00013a44       ?GetConnectionMap@CCmdTarget@@MEBAPEBUAFX_CONNECTIONMAP@@XZ 0000000140014a44 f   mfc100d:mfc100d.dll
 0001:00013a4a       ?GetInterfaceMap@CCmdTarget@@MEBAPEBUAFX_INTERFACEMAP@@XZ 0000000140014a4a f   mfc100d:mfc100d.dll
 0001:00013a50       ?GetEventSinkMap@CCmdTarget@@MEBAPEBUAFX_EVENTSINKMAP@@XZ 0000000140014a50 f   mfc100d:mfc100d.dll
 0001:00013a56       ?OnCreateAggregates@CCmdTarget@@UEAAHXZ 0000000140014a56 f   mfc100d:mfc100d.dll
 0001:00013a5c       ?GetInterfaceHook@CCmdTarget@@UEAAPEAUIUnknown@@PEBX@Z 0000000140014a5c f   mfc100d:mfc100d.dll
 0001:00013a62       ?GetExtraConnectionPoints@CCmdTarget@@MEAAHPEAVCPtrArray@@@Z 0000000140014a62 f   mfc100d:mfc100d.dll
 0001:00013a68       ?GetConnectionHook@CCmdTarget@@MEAAPEAUIConnectionPoint@@AEBU_GUID@@@Z 0000000140014a68 f   mfc100d:mfc100d.dll
 0001:00013a6e       ?Run@CWinApp@@UEAAHXZ      0000000140014a6e f   mfc100d:mfc100d.dll
 0001:00013a74       ?PreTranslateMessage@CWinThread@@UEAAHPEAUtagMSG@@@Z 0000000140014a74 f   mfc100d:mfc100d.dll
 0001:00013a7a       ?PumpMessage@CWinThread@@UEAAHXZ 0000000140014a7a f   mfc100d:mfc100d.dll
 0001:00013a80       ?OnIdle@CWinApp@@UEAAHJ@Z  0000000140014a80 f   mfc100d:mfc100d.dll
 0001:00013a86       ?IsIdleMessage@CWinThread@@UEAAHPEAUtagMSG@@@Z 0000000140014a86 f   mfc100d:mfc100d.dll
 0001:00013a8c       ?ExitInstance@CWinApp@@UEAAHXZ 0000000140014a8c f   mfc100d:mfc100d.dll
 0001:00013a92       ?ProcessWndProcException@CWinApp@@UEAA_JPEAVCException@@PEBUtagMSG@@@Z 0000000140014a92 f   mfc100d:mfc100d.dll
 0001:00013a98       ?ProcessMessageFilter@CWinThread@@UEAAHHPEAUtagMSG@@@Z 0000000140014a98 f   mfc100d:mfc100d.dll
 0001:00013a9e       ?GetMainWnd@CWinThread@@UEAAPEAVCWnd@@XZ 0000000140014a9e f   mfc100d:mfc100d.dll
 0001:00013aa4       ?Delete@CWinThread@@UEAAXXZ 0000000140014aa4 f   mfc100d:mfc100d.dll
 0001:00013aaa       ?GetProfileIntA@CWinApp@@UEAAIPEBD0H@Z 0000000140014aaa f   mfc100d:mfc100d.dll
 0001:00013ab0       ?WriteProfileInt@CWinApp@@UEAAHPEBD0H@Z 0000000140014ab0 f   mfc100d:mfc100d.dll
 0001:00013ab6       ?GetProfileStringA@CWinApp@@UEAA?AV?$CStringT@DV?$StrTraitMFC_DLL@DV?$ChTraitsCRT@D@ATL@@@@@ATL@@PEBD00@Z 0000000140014ab6 f   mfc100d:mfc100d.dll
 0001:00013abc       ?WriteProfileStringA@CWinApp@@UEAAHPEBD00@Z 0000000140014abc f   mfc100d:mfc100d.dll
 0001:00013ac2       ?GetProfileBinary@CWinApp@@UEAAHPEBD0PEAPEAEPEAI@Z 0000000140014ac2 f   mfc100d:mfc100d.dll
 0001:00013ac8       ?WriteProfileBinary@CWinApp@@UEAAHPEBD0PEAEI@Z 0000000140014ac8 f   mfc100d:mfc100d.dll
 0001:00013ace       ?InitLibId@CWinApp@@UEAAXXZ 0000000140014ace f   mfc100d:mfc100d.dll
 0001:00013ad4       ?Register@CWinApp@@UEAAHXZ 0000000140014ad4 f   mfc100d:mfc100d.dll
 0001:00013ada       ?Unregister@CWinApp@@UEAAHXZ 0000000140014ada f   mfc100d:mfc100d.dll
 0001:00013ae0       ?OpenDocumentFile@CWinApp@@UEAAPEAVCDocument@@PEBDH@Z 0000000140014ae0 f   mfc100d:mfc100d.dll
 0001:00013ae6       ?OpenDocumentFile@CWinApp@@UEAAPEAVCDocument@@PEBD@Z 0000000140014ae6 f   mfc100d:mfc100d.dll
 0001:00013aec       ?AddToRecentFileList@CWinApp@@UEAAXPEBD@Z 0000000140014aec f   mfc100d:mfc100d.dll
 0001:00013af2       ?InitApplication@CWinApp@@UEAAHXZ 0000000140014af2 f   mfc100d:mfc100d.dll
 0001:00013af8       ?SaveAllModified@CWinApp@@UEAAHXZ 0000000140014af8 f   mfc100d:mfc100d.dll
 0001:00013afe       ?DoMessageBox@CWinApp@@UEAAHPEBDII@Z 0000000140014afe f   mfc100d:mfc100d.dll
 0001:00013b04       ?DoWaitCursor@CWinApp@@UEAAXH@Z 0000000140014b04 f   mfc100d:mfc100d.dll
 0001:00013b0a       ?OnDDECommand@CWinApp@@UEAAHPEAD@Z 0000000140014b0a f   mfc100d:mfc100d.dll
 0001:00013b10       ?WinHelpA@CWinApp@@UEAAX_KI@Z 0000000140014b10 f   mfc100d:mfc100d.dll
 0001:00013b16       ?HtmlHelpA@CWinApp@@UEAAX_KI@Z 0000000140014b16 f   mfc100d:mfc100d.dll
 0001:00013b1c       ?WinHelpInternal@CWinApp@@UEAAX_KI@Z 0000000140014b1c f   mfc100d:mfc100d.dll
 0001:00013b22       ?RegisterWithRestartManager@CWinApp@@UEAAJPEB_WKP6AKPEAX@Z1KK@Z 0000000140014b22 f   mfc100d:mfc100d.dll
 0001:00013b28       ?RegisterWithRestartManager@CWinApp@@UEAAJHAEBV?$CStringT@DV?$StrTraitMFC_DLL@DV?$ChTraitsCRT@D@ATL@@@@@ATL@@@Z 0000000140014b28 f   mfc100d:mfc100d.dll
 0001:00013b2e       ?ApplicationRecoveryCallback@CWinApp@@UEAAKPEAX@Z 0000000140014b2e f   mfc100d:mfc100d.dll
 0001:00013b34       ?GetDataRecoveryHandler@CWinApp@@UEAAPEAVCDataRecoveryHandler@@XZ 0000000140014b34 f   mfc100d:mfc100d.dll
 0001:00013b3a       ?IsTaskbarInteractionEnabled@CWinApp@@UEAAHXZ 0000000140014b3a f   mfc100d:mfc100d.dll
 0001:00013b40       ?RestartInstance@CWinApp@@UEAAHXZ 0000000140014b40 f   mfc100d:mfc100d.dll
 0001:00013b46       ?LoadAppLangResourceDLL@CWinApp@@UEAAPEAUHINSTANCE__@@XZ 0000000140014b46 f   mfc100d:mfc100d.dll
 0001:00013b4c       ?LoadSysPolicies@CWinApp@@UEAAHXZ 0000000140014b4c f   mfc100d:mfc100d.dll
 0001:00013b52       ??3CObject@@SAXPEAX@Z      0000000140014b52 f   mfc100d:mfc100d.dll
 0001:00013b58       ??1CWinApp@@UEAA@XZ        0000000140014b58 f   mfc100d:mfc100d.dll
 0001:00013b5e       ?DoModal@CDialog@@UEAA_JXZ 0000000140014b5e f   mfc100d:mfc100d.dll
 0001:00013b64       ?AfxEnableControlContainer@@YAXPEAVCOccManager@@@Z 0000000140014b64 f   mfc100d:mfc100d.dll
 0001:00013b6a       ??1CDialog@@UEAA@XZ        0000000140014b6a f   mfc100d:mfc100d.dll
 0001:00013b70       ??1CStatic@@UEAA@XZ        0000000140014b70 f   mfc100d:mfc100d.dll
 0001:00013b76       ??1CEdit@@UEAA@XZ          0000000140014b76 f   mfc100d:mfc100d.dll
 0001:00013b7c       ??1CButton@@UEAA@XZ        0000000140014b7c f   mfc100d:mfc100d.dll
 0001:00013b82       ??1CComboBox@@UEAA@XZ      0000000140014b82 f   mfc100d:mfc100d.dll
 0001:00013b88       ??1?$CStringT@DV?$StrTraitMFC_DLL@DV?$ChTraitsCRT@D@ATL@@@@@ATL@@QEAA@XZ 0000000140014b88 f   mfc100d:mfc100d.dll
 0001:00013b8e       ??0CDialog@@QEAA@IPEAVCWnd@@@Z 0000000140014b8e f   mfc100d:mfc100d.dll
 0001:00013b94       ?GetRuntimeClass@CDialog@@UEBAPEAUCRuntimeClass@@XZ 0000000140014b94 f   mfc100d:mfc100d.dll
 0001:00013b9a       ?AssertValid@CDialog@@UEBAXXZ 0000000140014b9a f   mfc100d:mfc100d.dll
 0001:00013ba0       ?Dump@CDialog@@UEBAXAEAVCDumpContext@@@Z 0000000140014ba0 f   mfc100d:mfc100d.dll
 0001:00013ba6       ?OnCmdMsg@CDialog@@UEAAHIHPEAXPEAUAFX_CMDHANDLERINFO@@@Z 0000000140014ba6 f   mfc100d:mfc100d.dll
 0001:00013bac       ?OnFinalRelease@CWnd@@UEAAXXZ 0000000140014bac f   mfc100d:mfc100d.dll
 0001:00013bb2       ?GetInterfaceMap@CWnd@@MEBAPEBUAFX_INTERFACEMAP@@XZ 0000000140014bb2 f   mfc100d:mfc100d.dll
 0001:00013bb8       ?PreSubclassWindow@CWnd@@UEAAXXZ 0000000140014bb8 f   mfc100d:mfc100d.dll
 0001:00013bbe       ?Create@CWnd@@UEAAHPEBD0KAEBUtagRECT@@PEAV1@IPEAUCCreateContext@@@Z 0000000140014bbe f   mfc100d:mfc100d.dll
 0001:00013bc4       ?CreateEx@CWnd@@UEAAHKPEBD0KAEBUtagRECT@@PEAV1@IPEAX@Z 0000000140014bc4 f   mfc100d:mfc100d.dll
 0001:00013bca       ?CreateEx@CWnd@@UEAAHKPEBD0KHHHHPEAUHWND__@@PEAUHMENU__@@PEAX@Z 0000000140014bca f   mfc100d:mfc100d.dll
 0001:00013bd0       ?DestroyWindow@CWnd@@UEAAHXZ 0000000140014bd0 f   mfc100d:mfc100d.dll
 0001:00013bd6       ?PreCreateWindow@CWnd@@UEAAHAEAUtagCREATESTRUCTA@@@Z 0000000140014bd6 f   mfc100d:mfc100d.dll
 0001:00013bdc       ?CalcWindowRect@CWnd@@UEAAXPEAUtagRECT@@I@Z 0000000140014bdc f   mfc100d:mfc100d.dll
 0001:00013be2       ?GetMenu@CWnd@@UEBAPEAVCMenu@@XZ 0000000140014be2 f   mfc100d:mfc100d.dll
 0001:00013be8       ?SetMenu@CWnd@@UEAAHPEAVCMenu@@@Z 0000000140014be8 f   mfc100d:mfc100d.dll
 0001:00013bee       ?OnToolHitTest@CWnd@@UEBA_JVCPoint@@PEAUtagTOOLINFOA@@@Z 0000000140014bee f   mfc100d:mfc100d.dll
 0001:00013bf4       ?GetScrollBarCtrl@CWnd@@UEBAPEAVCScrollBar@@H@Z 0000000140014bf4 f   mfc100d:mfc100d.dll
 0001:00013bfa       ?WinHelpA@CWnd@@UEAAX_KI@Z 0000000140014bfa f   mfc100d:mfc100d.dll
 0001:00013c00       ?HtmlHelpA@CWnd@@UEAAX_KI@Z 0000000140014c00 f   mfc100d:mfc100d.dll
 0001:00013c06       ?WinHelpInternal@CWnd@@UEAAX_KI@Z 0000000140014c06 f   mfc100d:mfc100d.dll
 0001:00013c0c       ?ContinueModal@CWnd@@UEAAHXZ 0000000140014c0c f   mfc100d:mfc100d.dll
 0001:00013c12       ?EndModalLoop@CWnd@@UEAAXH@Z 0000000140014c12 f   mfc100d:mfc100d.dll
 0001:00013c18       ?OnDrawIconicThumbnailOrLivePreview@CWnd@@UEAAXAEAVCDC@@VCRect@@VCSize@@HAEAH@Z 0000000140014c18 f   mfc100d:mfc100d.dll
 0001:00013c1e       ?EnsureStdObj@CWnd@@UEAAJXZ 0000000140014c1e f   mfc100d:mfc100d.dll
 0001:00013c24       ?get_accParent@CWnd@@UEAAJPEAPEAUIDispatch@@@Z 0000000140014c24 f   mfc100d:mfc100d.dll
 0001:00013c2a       ?get_accChildCount@CWnd@@UEAAJPEAJ@Z 0000000140014c2a f   mfc100d:mfc100d.dll
 0001:00013c30       ?get_accChild@CWnd@@UEAAJUtagVARIANT@@PEAPEAUIDispatch@@@Z 0000000140014c30 f   mfc100d:mfc100d.dll
 0001:00013c36       ?get_accName@CWnd@@UEAAJUtagVARIANT@@PEAPEA_W@Z 0000000140014c36 f   mfc100d:mfc100d.dll
 0001:00013c3c       ?get_accValue@CWnd@@UEAAJUtagVARIANT@@PEAPEA_W@Z 0000000140014c3c f   mfc100d:mfc100d.dll
 0001:00013c42       ?get_accDescription@CWnd@@UEAAJUtagVARIANT@@PEAPEA_W@Z 0000000140014c42 f   mfc100d:mfc100d.dll
 0001:00013c48       ?get_accRole@CWnd@@UEAAJUtagVARIANT@@PEAU2@@Z 0000000140014c48 f   mfc100d:mfc100d.dll
 0001:00013c4e       ?get_accState@CWnd@@UEAAJUtagVARIANT@@PEAU2@@Z 0000000140014c4e f   mfc100d:mfc100d.dll
 0001:00013c54       ?get_accHelp@CWnd@@UEAAJUtagVARIANT@@PEAPEA_W@Z 0000000140014c54 f   mfc100d:mfc100d.dll
 0001:00013c5a       ?get_accHelpTopic@CWnd@@UEAAJPEAPEA_WUtagVARIANT@@PEAJ@Z 0000000140014c5a f   mfc100d:mfc100d.dll
 0001:00013c60       ?get_accKeyboardShortcut@CWnd@@UEAAJUtagVARIANT@@PEAPEA_W@Z 0000000140014c60 f   mfc100d:mfc100d.dll
 0001:00013c66       ?get_accFocus@CWnd@@UEAAJPEAUtagVARIANT@@@Z 0000000140014c66 f   mfc100d:mfc100d.dll
 0001:00013c6c       ?get_accSelection@CWnd@@UEAAJPEAUtagVARIANT@@@Z 0000000140014c6c f   mfc100d:mfc100d.dll
 0001:00013c72       ?get_accDefaultAction@CWnd@@UEAAJUtagVARIANT@@PEAPEA_W@Z 0000000140014c72 f   mfc100d:mfc100d.dll
 0001:00013c78       ?accSelect@CWnd@@UEAAJJUtagVARIANT@@@Z 0000000140014c78 f   mfc100d:mfc100d.dll
 0001:00013c7e       ?accLocation@CWnd@@UEAAJPEAJ000UtagVARIANT@@@Z 0000000140014c7e f   mfc100d:mfc100d.dll
 0001:00013c84       ?accNavigate@CWnd@@UEAAJJUtagVARIANT@@PEAU2@@Z 0000000140014c84 f   mfc100d:mfc100d.dll
 0001:00013c8a       ?accHitTest@CWnd@@UEAAJJJPEAUtagVARIANT@@@Z 0000000140014c8a f   mfc100d:mfc100d.dll
 0001:00013c90       ?accDoDefaultAction@CWnd@@UEAAJUtagVARIANT@@@Z 0000000140014c90 f   mfc100d:mfc100d.dll
 0001:00013c96       ?put_accName@CWnd@@UEAAJUtagVARIANT@@PEA_W@Z 0000000140014c96 f   mfc100d:mfc100d.dll
 0001:00013c9c       ?put_accValue@CWnd@@UEAAJUtagVARIANT@@PEA_W@Z 0000000140014c9c f   mfc100d:mfc100d.dll
 0001:00013ca2       ?SetProxy@CWnd@@UEAAJPEAUIAccessibleProxy@@@Z 0000000140014ca2 f   mfc100d:mfc100d.dll
 0001:00013ca8       ?CreateAccessibleProxy@CWnd@@UEAAJ_K_JPEA_J@Z 0000000140014ca8 f   mfc100d:mfc100d.dll
 0001:00013cae       ?OnCommand@CWnd@@MEAAH_K_J@Z 0000000140014cae f   mfc100d:mfc100d.dll
 0001:00013cb4       ?OnNotify@CWnd@@MEAAH_K_JPEA_J@Z 0000000140014cb4 f   mfc100d:mfc100d.dll
 0001:00013cba       ?GetSuperWndProcAddr@CWnd@@MEAAPEAP6A_JPEAUHWND__@@I_K_J@ZXZ 0000000140014cba f   mfc100d:mfc100d.dll
 0001:00013cc0       ?BeginModalState@CWnd@@UEAAXXZ 0000000140014cc0 f   mfc100d:mfc100d.dll
 0001:00013cc6       ?EndModalState@CWnd@@UEAAXXZ 0000000140014cc6 f   mfc100d:mfc100d.dll
 0001:00013ccc       ?PreTranslateMessage@CDialog@@UEAAHPEAUtagMSG@@@Z 0000000140014ccc f   mfc100d:mfc100d.dll
 0001:00013cd2       ?OnAmbientProperty@CWnd@@UEAAHPEAVCOleControlSite@@JPEAUtagVARIANT@@@Z 0000000140014cd2 f   mfc100d:mfc100d.dll
 0001:00013cd8       ?WindowProc@CWnd@@MEAA_JI_K_J@Z 0000000140014cd8 f   mfc100d:mfc100d.dll
[...]
 0005:00004260       __imp_?get_accChildCount@CWnd@@UEAAJPEAJ@Z 0000000174566260     mfc100d:mfc100d.dll
 0005:00004268       __imp_?get_accParent@CWnd@@UEAAJPEAPEAUIDispatch@@@Z 0000000174566268     mfc100d:mfc100d.dll
 0005:00004270       __imp_?EnsureStdObj@CWnd@@UEAAJXZ 0000000174566270     mfc100d:mfc100d.dll
 0005:00004278       __imp_?OnDrawIconicThumbnailOrLivePreview@CWnd@@UEAAXAEAVCDC@@VCRect@@VCSize@@HAEAH@Z 0000000174566278     mfc100d:mfc100d.dll
 0005:00004280       __imp_?EndModalLoop@CWnd@@UEAAXH@Z 0000000174566280     mfc100d:mfc100d.dll
 0005:00004288       __imp_?ContinueModal@CWnd@@UEAAHXZ 0000000174566288     mfc100d:mfc100d.dll
 0005:00004290       __imp_?WinHelpInternal@CWnd@@UEAAX_KI@Z 0000000174566290     mfc100d:mfc100d.dll
 0005:00004298       __imp_?HtmlHelpA@CWnd@@UEAAX_KI@Z 0000000174566298     mfc100d:mfc100d.dll
 0005:000042a0       __imp_?WinHelpA@CWnd@@UEAAX_KI@Z 00000001745662a0     mfc100d:mfc100d.dll
 0005:000042a8       __imp_?GetScrollBarCtrl@CWnd@@UEBAPEAVCScrollBar@@H@Z 00000001745662a8     mfc100d:mfc100d.dll
 0005:000042b0       __imp_?OnToolHitTest@CWnd@@UEBA_JVCPoint@@PEAUtagTOOLINFOA@@@Z 00000001745662b0     mfc100d:mfc100d.dll
 0005:000042b8       __imp_?SetMenu@CWnd@@UEAAHPEAVCMenu@@@Z 00000001745662b8     mfc100d:mfc100d.dll
 0005:000042c0       __imp_?GetMenu@CWnd@@UEBAPEAVCMenu@@XZ 00000001745662c0     mfc100d:mfc100d.dll
 0005:000042c8       __imp_?CalcWindowRect@CWnd@@UEAAXPEAUtagRECT@@I@Z 00000001745662c8     mfc100d:mfc100d.dll
 0005:000042d0       __imp_?PreCreateWindow@CWnd@@UEAAHAEAUtagCREATESTRUCTA@@@Z 00000001745662d0     mfc100d:mfc100d.dll
 0005:000042d8       __imp_?DestroyWindow@CWnd@@UEAAHXZ 00000001745662d8     mfc100d:mfc100d.dll
 0005:000042e0       __imp_?CreateEx@CWnd@@UEAAHKPEBD0KHHHHPEAUHWND__@@PEAUHMENU__@@PEAX@Z 00000001745662e0     mfc100d:mfc100d.dll
 0005:000042e8       __imp_?CreateEx@CWnd@@UEAAHKPEBD0KAEBUtagRECT@@PEAV1@IPEAX@Z 00000001745662e8     mfc100d:mfc100d.dll
 0005:000042f0       __imp_?Create@CWnd@@UEAAHPEBD0KAEBUtagRECT@@PEAV1@IPEAUCCreateContext@@@Z 00000001745662f0     mfc100d:mfc100d.dll
 0005:000042f8       __imp_?PreSubclassWindow@CWnd@@UEAAXXZ 00000001745662f8     mfc100d:mfc100d.dll
 0005:00004300       __imp_?GetInterfaceMap@CWnd@@MEBAPEBUAFX_INTERFACEMAP@@XZ 0000000174566300     mfc100d:mfc100d.dll
 0005:00004308       __imp_?OnFinalRelease@CWnd@@UEAAXXZ 0000000174566308     mfc100d:mfc100d.dll
 0005:00004310       __imp_?OnCmdMsg@CDialog@@UEAAHIHPEAXPEAUAFX_CMDHANDLERINFO@@@Z 0000000174566310     mfc100d:mfc100d.dll
 0005:00004318       __imp_?Dump@CDialog@@UEBAXAEAVCDumpContext@@@Z 0000000174566318     mfc100d:mfc100d.dll
 0005:00004320       __imp_?AssertValid@CDialog@@UEBAXXZ 0000000174566320     mfc100d:mfc100d.dll
 0005:00004328       __imp_?GetRuntimeClass@CDialog@@UEBAPEAUCRuntimeClass@@XZ 0000000174566328     mfc100d:mfc100d.dll
 0005:00004330       __imp_??0CDialog@@QEAA@IPEAVCWnd@@@Z 0000000174566330     mfc100d:mfc100d.dll
 0005:00004338       __imp_??1?$CStringT@DV?$StrTraitMFC_DLL@DV?$ChTraitsCRT@D@ATL@@@@@ATL@@QEAA@XZ 0000000174566338     mfc100d:mfc100d.dll
 0005:00004340       __imp_??1CComboBox@@UEAA@XZ 0000000174566340     mfc100d:mfc100d.dll
 0005:00004348       __imp_??1CButton@@UEAA@XZ  0000000174566348     mfc100d:mfc100d.dll
 0005:00004350       __imp_??1CEdit@@UEAA@XZ    0000000174566350     mfc100d:mfc100d.dll
 0005:00004358       __imp_??1CStatic@@UEAA@XZ  0000000174566358     mfc100d:mfc100d.dll
 0005:00004360       __imp_??1CDialog@@UEAA@XZ  0000000174566360     mfc100d:mfc100d.dll
 0005:00004368       __imp_?AfxEnableControlContainer@@YAXPEAVCOccManager@@@Z 0000000174566368     mfc100d:mfc100d.dll
 0005:00004370       __imp_?DoModal@CDialog@@UEAA_JXZ 0000000174566370     mfc100d:mfc100d.dll
 0005:00004378       __imp_??1CWinApp@@UEAA@XZ  0000000174566378     mfc100d:mfc100d.dll
 0005:00004380       __imp_??3CObject@@SAXPEAX@Z 0000000174566380     mfc100d:mfc100d.dll
 0005:00004388       __imp_?LoadSysPolicies@CWinApp@@UEAAHXZ 0000000174566388     mfc100d:mfc100d.dll
 0005:00004390       __imp_?LoadAppLangResourceDLL@CWinApp@@UEAAPEAUHINSTANCE__@@XZ 0000000174566390     mfc100d:mfc100d.dll
 0005:00004398       __imp_?RestartInstance@CWinApp@@UEAAHXZ 0000000174566398     mfc100d:mfc100d.dll
 0005:000043a0       __imp_?IsTaskbarInteractionEnabled@CWinApp@@UEAAHXZ 00000001745663a0     mfc100d:mfc100d.dll
 0005:000043a8       __imp_?GetDataRecoveryHandler@CWinApp@@UEAAPEAVCDataRecoveryHandler@@XZ 00000001745663a8     mfc100d:mfc100d.dll
 0005:000043b0       __imp_?ApplicationRecoveryCallback@CWinApp@@UEAAKPEAX@Z 00000001745663b0     mfc100d:mfc100d.dll
 0005:000043b8       __imp_?RegisterWithRestartManager@CWinApp@@UEAAJHAEBV?$CStringT@DV?$StrTraitMFC_DLL@DV?$ChTraitsCRT@D@ATL@@@@@ATL@@@Z 00000001745663b8     mfc100d:mfc100d.dll
 0005:000043c0       __imp_?RegisterWithRestartManager@CWinApp@@UEAAJPEB_WKP6AKPEAX@Z1KK@Z 00000001745663c0     mfc100d:mfc100d.dll
 0005:000043c8       __imp_?WinHelpInternal@CWinApp@@UEAAX_KI@Z 00000001745663c8     mfc100d:mfc100d.dll
 0005:000043d0       __imp_?HtmlHelpA@CWinApp@@UEAAX_KI@Z 00000001745663d0     mfc100d:mfc100d.dll
 0005:000043d8       __imp_?WinHelpA@CWinApp@@UEAAX_KI@Z 00000001745663d8     mfc100d:mfc100d.dll
 0005:000043e0       __imp_?OnDDECommand@CWinApp@@UEAAHPEAD@Z 00000001745663e0     mfc100d:mfc100d.dll
 0005:000043e8       __imp_?DoWaitCursor@CWinApp@@UEAAXH@Z 00000001745663e8     mfc100d:mfc100d.dll
 0005:000043f0       __imp_?DoMessageBox@CWinApp@@UEAAHPEBDII@Z 00000001745663f0     mfc100d:mfc100d.dll
 0005:000043f8       __imp_?SaveAllModified@CWinApp@@UEAAHXZ 00000001745663f8     mfc100d:mfc100d.dll
 0005:00004400       __imp_?InitApplication@CWinApp@@UEAAHXZ 0000000174566400     mfc100d:mfc100d.dll
 0005:00004408       __imp_?AddToRecentFileList@CWinApp@@UEAAXPEBD@Z 0000000174566408     mfc100d:mfc100d.dll
 0005:00004410       __imp_?OpenDocumentFile@CWinApp@@UEAAPEAVCDocument@@PEBD@Z 0000000174566410     mfc100d:mfc100d.dll
 0005:00004418       __imp_?OpenDocumentFile@CWinApp@@UEAAPEAVCDocument@@PEBDH@Z 0000000174566418     mfc100d:mfc100d.dll
 0005:00004420       __imp_?Unregister@CWinApp@@UEAAHXZ 0000000174566420     mfc100d:mfc100d.dll
 0005:00004428       __imp_?Register@CWinApp@@UEAAHXZ 0000000174566428     mfc100d:mfc100d.dll
 0005:00004430       __imp_?InitLibId@CWinApp@@UEAAXXZ 0000000174566430     mfc100d:mfc100d.dll
 0005:00004438       __imp_?WriteProfileBinary@CWinApp@@UEAAHPEBD0PEAEI@Z 0000000174566438     mfc100d:mfc100d.dll
 0005:00004440       __imp_?GetProfileBinary@CWinApp@@UEAAHPEBD0PEAPEAEPEAI@Z 0000000174566440     mfc100d:mfc100d.dll
 0005:00004448       __imp_?WriteProfileStringA@CWinApp@@UEAAHPEBD00@Z 0000000174566448     mfc100d:mfc100d.dll
 0005:00004450       __imp_?GetProfileStringA@CWinApp@@UEAA?AV?$CStringT@DV?$StrTraitMFC_DLL@DV?$ChTraitsCRT@D@ATL@@@@@ATL@@PEBD00@Z 0000000174566450     mfc100d:mfc100d.dll
 0005:00004458       __imp_?WriteProfileInt@CWinApp@@UEAAHPEBD0H@Z 0000000174566458     mfc100d:mfc100d.dll
 0005:00004460       __imp_??B?$CSimpleStringT@D$00@ATL@@QEBAPEBDXZ 0000000174566460     mfc100d:mfc100d.dll
 0005:00004468       __imp_?Open@CFile@@UEAAHPEBDIPEAVCFileException@@@Z 0000000174566468     mfc100d:mfc100d.dll
 0005:00004470       __imp_?Write@CFile@@UEAAXPEBXI@Z 0000000174566470     mfc100d:mfc100d.dll
 0005:00004478       __imp_?Close@CFile@@UEAAXXZ 0000000174566478     mfc100d:mfc100d.dll
 0005:00004480       __imp_??1CFile@@UEAA@XZ    0000000174566480     mfc100d:mfc100d.dll
 0005:00004488       __imp_??2@YAPEAX_KPEBDH@Z  0000000174566488     mfc100d:mfc100d.dll
 0005:00004490       __imp_??0CMenu@@QEAA@XZ    0000000174566490     mfc100d:mfc100d.dll
 0005:00004498       __imp_?LoadMenuA@CMenu@@QEAAHI@Z 0000000174566498     mfc100d:mfc100d.dll
 0005:000044a0       __imp_?GetSubMenu@CMenu@@QEBAPEAV1@H@Z 00000001745664a0     mfc100d:mfc100d.dll
 0005:000044a8       __imp_?SetForegroundWindow@CWnd@@QEAAHXZ 00000001745664a8     mfc100d:mfc100d.dll
 0005:000044b0       __imp_?TrackPopupMenu@CMenu@@QEAAHIHHPEAVCWnd@@PEBUtagRECT@@@Z 00000001745664b0     mfc100d:mfc100d.dll
 0005:000044b8       __imp_?PostMessageA@CWnd@@QEAAHI_K_J@Z 00000001745664b8     mfc100d:mfc100d.dll
 0005:000044c0       __imp_?DestroyMenu@CMenu@@QEAAHXZ 00000001745664c0     mfc100d:mfc100d.dll
 0005:000044c8       __imp_??1CMenu@@UEAA@XZ    00000001745664c8     mfc100d:mfc100d.dll
 0005:000044d0       __imp_?DDX_Control@@YAXPEAVCDataExchange@@HAEAVCWnd@@@Z 00000001745664d0     mfc100d:mfc100d.dll
 0005:000044d8       __imp_??0CStatic@@QEAA@XZ  00000001745664d8     mfc100d:mfc100d.dll
 0005:000044e0       __imp_?GetProfileIntA@CWinApp@@UEAAIPEBD0H@Z 00000001745664e0     mfc100d:mfc100d.dll
 0005:000044e8       __imp_?Delete@CWinThread@@UEAAXXZ 00000001745664e8     mfc100d:mfc100d.dll
 0005:000044f0       __imp_?GetMainWnd@CWinThread@@UEAAPEAVCWnd@@XZ 00000001745664f0     mfc100d:mfc100d.dll
 0005:000044f8       __imp_?ProcessMessageFilter@CWinThread@@UEAAHHPEAUtagMSG@@@Z 00000001745664f8     mfc100d:mfc100d.dll
 0005:00004500       __imp_?ProcessWndProcException@CWinApp@@UEAA_JPEAVCException@@PEBUtagMSG@@@Z 0000000174566500     mfc100d:mfc100d.dll
 0005:00004508       __imp_?ExitInstance@CWinApp@@UEAAHXZ 0000000174566508     mfc100d:mfc100d.dll
 0005:00004510       __imp_?IsIdleMessage@CWinThread@@UEAAHPEAUtagMSG@@@Z 0000000174566510     mfc100d:mfc100d.dll
 0005:00004518       __imp_?OnIdle@CWinApp@@UEAAHJ@Z 0000000174566518     mfc100d:mfc100d.dll
 0005:00004520       __imp_?PumpMessage@CWinThread@@UEAAHXZ 0000000174566520     mfc100d:mfc100d.dll
 0005:00004528       __imp_?PreTranslateMessage@CWinThread@@UEAAHPEAUtagMSG@@@Z 0000000174566528     mfc100d:mfc100d.dll
 0005:00004530       __imp_?Run@CWinApp@@UEAAHXZ 0000000174566530     mfc100d:mfc100d.dll
 0005:00004538       __imp_?GetConnectionHook@CCmdTarget@@MEAAPEAUIConnectionPoint@@AEBU_GUID@@@Z 0000000174566538     mfc100d:mfc100d.dll
 0005:00004540       __imp_?GetExtraConnectionPoints@CCmdTarget@@MEAAHPEAVCPtrArray@@@Z 0000000174566540     mfc100d:mfc100d.dll
 0005:00004548       __imp_?GetInterfaceHook@CCmdTarget@@UEAAPEAUIUnknown@@PEBX@Z 0000000174566548     mfc100d:mfc100d.dll
 0005:00004550       __imp_?OnCreateAggregates@CCmdTarget@@UEAAHXZ 0000000174566550     mfc100d:mfc100d.dll
 0005:00004558       __imp_?GetEventSinkMap@CCmdTarget@@MEBAPEBUAFX_EVENTSINKMAP@@XZ 0000000174566558     mfc100d:mfc100d.dll
 0005:00004560       __imp_?GetInterfaceMap@CCmdTarget@@MEBAPEBUAFX_INTERFACEMAP@@XZ 0000000174566560     mfc100d:mfc100d.dll
 0005:00004568       __imp_?GetConnectionMap@CCmdTarget@@MEBAPEBUAFX_CONNECTIONMAP@@XZ 0000000174566568     mfc100d:mfc100d.dll
 0005:00004570       __imp_?AfxWinMain@@YAHPEAUHINSTANCE__@@0PEADH@Z 0000000174566570     mfc100d:mfc100d.dll
 0005:00004578       __imp_?GetDispatchMap@CCmdTarget@@MEBAPEBUAFX_DISPMAP@@XZ 0000000174566578     mfc100d:mfc100d.dll
 0005:00004580       __imp_?GetCommandMap@CCmdTarget@@MEBAPEBUAFX_OLECMDMAP@@XZ 0000000174566580     mfc100d:mfc100d.dll
 0005:00004588       __imp_?GetTypeLib@CCmdTarget@@UEAAJKPEAPEAUITypeLib@@@Z 0000000174566588     mfc100d:mfc100d.dll
 0005:00004590       __imp_??1CWaitCursor@@QEAA@XZ 0000000174566590     mfc100d:mfc100d.dll
 0005:00004598       __imp_?GetSystemMenu@CWnd@@QEBAPEAVCMenu@@H@Z 0000000174566598     mfc100d:mfc100d.dll
 0005:000045a0       __imp_?LoadStringA@?$CStringT@DV?$StrTraitMFC_DLL@DV?$ChTraitsCRT@D@ATL@@@@@ATL@@QEAAHI@Z 00000001745665a0     mfc100d:mfc100d.dll
 0005:000045a8       __imp_?IsEmpty@?$CSimpleStringT@D$00@ATL@@QEBA_NXZ 00000001745665a8     mfc100d:mfc100d.dll
 0005:000045b0       __imp_?AppendMenuA@CMenu@@QEAAHI_KPEBD@Z 00000001745665b0     mfc100d:mfc100d.dll
 0005:000045b8       __imp_?EnableMenuItem@CMenu@@QEAAIII@Z 00000001745665b8     mfc100d:mfc100d.dll
 0005:000045c0       __imp_?SetIcon@CWnd@@QEAAPEAUHICON__@@PEAU2@H@Z 00000001745665c0     mfc100d:mfc100d.dll
 0005:000045c8       __imp_?GetStyle@CWnd@@QEBAKXZ 00000001745665c8     mfc100d:mfc100d.dll
 0005:000045d0       __imp_?GetDlgItem@CWnd@@QEBAPEAV1@H@Z 00000001745665d0     mfc100d:mfc100d.dll
 0005:000045d8       __imp_?MoveWindow@CWnd@@QEAAXHHHHH@Z 00000001745665d8     mfc100d:mfc100d.dll
 0005:000045e0       __imp_?ShowWindow@CWnd@@QEAAHH@Z 00000001745665e0     mfc100d:mfc100d.dll
 0005:000045e8       __imp_?GetBuffer@?$CSimpleStringT@D$00@ATL@@QEAAPEADXZ 00000001745665e8     mfc100d:mfc100d.dll
 0005:000045f0       __imp_?Format@?$CStringT@DV?$StrTraitMFC_DLL@DV?$ChTraitsCRT@D@ATL@@@@@ATL@@QEAAXPEBDZZ 00000001745665f0     mfc100d:mfc100d.dll
 0005:000045f8       __imp_?GetClientRect@CWnd@@QEBAXPEAUtagRECT@@@Z 00000001745665f8     mfc100d:mfc100d.dll
 0005:00004600       __imp_?AfxGetInstanceHandle@@YAPEAUHINSTANCE__@@XZ 0000000174566600     mfc100d:mfc100d.dll
 0005:00004608       __imp_?EndDialog@CDialog@@QEAAXH@Z 0000000174566608     mfc100d:mfc100d.dll
 0005:00004610       __imp_?SetTimer@CWnd@@QEAA_K_KIP6AXPEAUHWND__@@I0K@Z@Z 0000000174566610     mfc100d:mfc100d.dll
 0005:00004618       __imp_??3@YAXPEAXPEBDH@Z   0000000174566618     mfc100d:mfc100d.dll
 0005:00004620       __imp_?OnNotify@CWnd@@MEAAH_K_JPEA_J@Z 0000000174566620     mfc100d:mfc100d.dll
 0005:00004628       __imp_?Left@?$CStringT@DV?$StrTraitMFC_DLL@DV?$ChTraitsCRT@D@ATL@@@@@ATL@@QEBA?AV12@H@Z 0000000174566628     mfc100d:mfc100d.dll
 0005:00004630       __imp_??2@YAPEAX_K@Z       0000000174566630     mfc100d:mfc100d.dll
 0005:00004638       __imp_?GetTypeLibCache@CCmdTarget@@UEAAPEAVCTypeLibCache@@XZ 0000000174566638     mfc100d:mfc100d.dll
 0005:00004640       __imp_?GetTypeInfoCount@CCmdTarget@@UEAAIXZ 0000000174566640     mfc100d:mfc100d.dll
 0005:00004648       __imp_?GetDispatchIID@CCmdTarget@@UEAAHPEAU_GUID@@@Z 0000000174566648     mfc100d:mfc100d.dll
 0005:00004650       __imp_?IsInvokeAllowed@CCmdTarget@@UEAAHJ@Z 0000000174566650     mfc100d:mfc100d.dll
 0005:00004658       __imp_?OnFinalRelease@CCmdTarget@@UEAAXXZ 0000000174566658     mfc100d:mfc100d.dll
 0005:00004660       __imp_?OnCmdMsg@CCmdTarget@@UEAAHIHPEAXPEAUAFX_CMDHANDLERINFO@@@Z 0000000174566660     mfc100d:mfc100d.dll
 0005:00004668       __imp_?Dump@CWinApp@@UEBAXAEAVCDumpContext@@@Z 0000000174566668     mfc100d:mfc100d.dll
 0005:00004670       __imp_?AssertValid@CWinApp@@UEBAXXZ 0000000174566670     mfc100d:mfc100d.dll
 0005:00004678       __imp_?Serialize@CObject@@UEAAXAEAVCArchive@@@Z 0000000174566678     mfc100d:mfc100d.dll
 0005:00004680       __imp_?GetRuntimeClass@CWinApp@@UEBAPEAUCRuntimeClass@@XZ 0000000174566680     mfc100d:mfc100d.dll
 0005:00004688       __imp_??0CWinApp@@QEAA@PEBD@Z 0000000174566688     mfc100d:mfc100d.dll
 0005:00004690       __imp_?GetThisMessageMap@CWinApp@@KAPEBUAFX_MSGMAP@@XZ 0000000174566690     mfc100d:mfc100d.dll
 0005:00004698       __imp_??3@YAXPEAX@Z        0000000174566698     mfc100d:mfc100d.dll
 0005:000046a0       __imp_?FindFile@CFileFind@@UEAAHPEBDK@Z 00000001745666a0     mfc100d:mfc100d.dll
 0005:000046a8       __imp_?FindNextFileA@CFileFind@@UEAAHXZ 00000001745666a8     mfc100d:mfc100d.dll
 0005:000046b0       __imp_?IsDots@CFileFind@@UEBAHXZ 00000001745666b0     mfc100d:mfc100d.dll
 0005:000046b8       __imp_?IsDirectory@CFileFind@@QEBAHXZ 00000001745666b8     mfc100d:mfc100d.dll
 0005:000046c0       __imp_??1CFileFind@@UEAA@XZ 00000001745666c0     mfc100d:mfc100d.dll
 0005:000046c8       __imp_?AfxAssertFailedLine@@YAHPEBDH@Z 00000001745666c8     mfc100d:mfc100d.dll
 0005:000046d0       __imp_??0?$CStringT@DV?$StrTraitMFC_DLL@DV?$ChTraitsCRT@D@ATL@@@@@ATL@@QEAA@AEBV01@@Z 00000001745666d0     mfc100d:mfc100d.dll
 0005:000046d8       __imp_??Y?$CStringT@DV?$StrTraitMFC_DLL@DV?$ChTraitsCRT@D@ATL@@@@@ATL@@QEAAAEAV01@AEBV?$CSimpleStringT@D$00@1@@Z 00000001745666d8     mfc100d:mfc100d.dll
 0005:000046e0       __imp_?SetWindowTextA@CWnd@@QEAAXPEBD@Z 00000001745666e0     mfc100d:mfc100d.dll
 0005:000046e8       __imp_?accHitTest@CWnd@@UEAAJJJPEAUtagVARIANT@@@Z 00000001745666e8     mfc100d:mfc100d.dll
 0005:000046f0       __imp_?GetLength@?$CSimpleStringT@D$00@ATL@@QEBAHXZ 00000001745666f0     mfc100d:mfc100d.dll
 0005:000046f8       __imp_??0?$CStringT@DV?$StrTraitMFC_DLL@DV?$ChTraitsCRT@D@ATL@@@@@ATL@@QEAA@XZ 00000001745666f8     mfc100d:mfc100d.dll
 0005:00004700       __imp_??0CButton@@QEAA@XZ  0000000174566700     mfc100d:mfc100d.dll
 0005:00004708       __imp_??0CEdit@@QEAA@XZ    0000000174566708     mfc100d:mfc100d.dll
 0005:00004710       __imp_??0CComboBox@@QEAA@XZ 0000000174566710     mfc100d:mfc100d.dll
 0005:00004718       __imp_??0?$CStringT@DV?$StrTraitMFC_DLL@DV?$ChTraitsCRT@D@ATL@@@@@ATL@@QEAA@PEBD@Z 0000000174566718     mfc100d:mfc100d.dll
 0005:00004720       __imp_?AfxGetApp@@YAPEAVCWinApp@@XZ 0000000174566720     mfc100d:mfc100d.dll
 0005:00004728       __imp_?LoadIconA@CWinApp@@QEBAPEAUHICON__@@I@Z 0000000174566728     mfc100d:mfc100d.dll
 0005:00004730       __imp_??4?$CStringT@DV?$StrTraitMFC_DLL@DV?$ChTraitsCRT@D@ATL@@@@@ATL@@QEAAAEAV01@PEBD@Z 0000000174566730     mfc100d:mfc100d.dll
 0005:00004738       __imp_?GetThisMessageMap@CDialog@@KAPEBUAFX_MSGMAP@@XZ 0000000174566738     mfc100d:mfc100d.dll
 0005:00004740       __imp_?DoDataExchange@CWnd@@MEAAXPEAVCDataExchange@@@Z 0000000174566740     mfc100d:mfc100d.dll
 0005:00004748       __imp_?PreInitDialog@CDialog@@MEAAXXZ 0000000174566748     mfc100d:mfc100d.dll
 0005:00004750       __imp_?OnCancel@CDialog@@MEAAXXZ 0000000174566750     mfc100d:mfc100d.dll
 0005:00004758       __imp_?OnOK@CDialog@@MEAAXXZ 0000000174566758     mfc100d:mfc100d.dll
 0005:00004760       __imp_?OnSetFont@CDialog@@UEAAXPEAVCFont@@@Z 0000000174566760     mfc100d:mfc100d.dll
 0005:00004768       __imp_?OnInitDialog@CDialog@@UEAAHXZ 0000000174566768     mfc100d:mfc100d.dll
 0005:00004770       __imp_?CreateIndirect@CDialog@@UEAAHPEBUDLGTEMPLATE@@PEAVCWnd@@PEAX@Z 0000000174566770     mfc100d:mfc100d.dll
 0005:00004778       __imp_?CreateIndirect@CDialog@@UEAAHPEAXPEAVCWnd@@@Z 0000000174566778     mfc100d:mfc100d.dll
 0005:00004780       __imp_?Create@CDialog@@UEAAHPEBDPEAVCWnd@@@Z 0000000174566780     mfc100d:mfc100d.dll
 0005:00004788       __imp_?Create@CDialog@@UEAAHIPEAVCWnd@@@Z 0000000174566788     mfc100d:mfc100d.dll
 0005:00004790       __imp_?GetOccDialogInfo@CDialog@@MEAAPEAU_AFX_OCC_DIALOG_INFO@@XZ 0000000174566790     mfc100d:mfc100d.dll
 0005:00004798       __imp_?SetOccDialogInfo@CDialog@@MEAAHPEAU_AFX_OCC_DIALOG_INFO@@@Z 0000000174566798     mfc100d:mfc100d.dll
 0005:000047a0       __imp_?CreateControlSite@CWnd@@MEAAHPEAVCOleControlContainer@@PEAPEAVCOleControlSite@@IAEBU_GUID@@@Z 00000001745667a0     mfc100d:mfc100d.dll
 0005:000047a8       __imp_?CreateControlContainer@CWnd@@MEAAHPEAPEAVCOleControlContainer@@@Z 00000001745667a8     mfc100d:mfc100d.dll
 0005:000047b0       __imp_?IsFrameWnd@CWnd@@UEBAHXZ 00000001745667b0     mfc100d:mfc100d.dll
 0005:000047b8       __imp_?CheckAutoCenter@CDialog@@UEAAHXZ 00000001745667b8     mfc100d:mfc100d.dll
 0005:000047c0       __imp_?OnGesturePressAndTap@CWnd@@MEAAHVCPoint@@J@Z 00000001745667c0     mfc100d:mfc100d.dll
 0005:000047c8       __imp_?GetSuperWndProcAddr@CWnd@@MEAAPEAP6A_JPEAUHWND__@@I_K_J@ZXZ 00000001745667c8     mfc100d:mfc100d.dll
 0005:000047d0       __imp_?OnGestureTwoFingerTap@CWnd@@MEAAHVCPoint@@@Z 00000001745667d0     mfc100d:mfc100d.dll
 0005:000047d8       __imp_?get_accHelp@CWnd@@UEAAJUtagVARIANT@@PEAPEA_W@Z 00000001745667d8     mfc100d:mfc100d.dll
 0005:000047e0       __imp_?AfxGetModuleState@@YAPEAVAFX_MODULE_STATE@@XZ 00000001745667e0     mfc100d:mfc100d.dll
 0005:000047e8       \177mfc100d_NULL_THUNK_DATA 00000001745667e8     mfc100d:mfc100d.dll
 0005:00004a40       __imp_CreateStreamOnHGlobal 0000000174566a40     ole32:ole32.dll
 0005:00004a48       \177ole32_NULL_THUNK_DATA  0000000174566a48     ole32:ole32.dll

 entry point at        0001:000148d0

