 GigeCameraDemo

 Timestamp is 5a17da64 (Fri Nov 24 16:37:56 2017)

 Preferred load address is 0000000140000000

 Start         Length     Name                   Class
 0001:00000000 00021a30H .text                   CODE
 0001:00021a30 00002ce9H .text$x                 CODE
 0001:00024720 000018bcH .text$yc                CODE
 0001:00025fe0 000010d5H .text$yd                CODE
 0002:00000000 00000109H .CRT$XCA                DATA
 0002:00000110 00000109H .CRT$XCAA               DATA
 0002:00000220 0000011cH .CRT$XCC                DATA
 0002:00000340 00000220H .CRT$XCL                DATA
 0002:00000560 0000013fH .CRT$XCU                DATA
 0002:000006a0 00000109H .CRT$XCZ                DATA
 0002:000007b0 00000109H .CRT$XIA                DATA
 0002:000008c0 00000109H .CRT$XIAA               DATA
 0002:000009d0 00000109H .CRT$XIY                DATA
 0002:00000ae0 00000109H .CRT$XIZ                DATA
 0002:00000bf0 000091f3H .rdata                  DATA
 0002:00009de4 000001a9H .rdata$debug            DATA
 0002:00009f90 00001128H .rdata$r                DATA
 0002:0000b0b8 00000109H .rtc$IAA                DATA
 0002:0000b1c8 00000109H .rtc$IZZ                DATA
 0002:0000b2d8 00000109H .rtc$TAA                DATA
 0002:0000b3e8 00000109H .rtc$TZZ                DATA
 0002:0000b4f8 00002b96H .xdata                  DATA
 0002:0000e090 00000164H .xdata$x                DATA
 0002:0000e1f8 00000109H ATL$__a                 DATA
 0002:0000e308 00000109H ATL$__z                 DATA
 0002:0000e411 00000000H .edata                  DATA
 0003:00000000 00000744H .data                   DATA
 0003:00000750 34527150H .bss                    DATA
 0004:00000000 00001e48H .pdata                  DATA
 0005:00000000 0000012cH .idata$2                DATA
 0005:0000012c 00000014H .idata$3                DATA
 0005:00000140 000024a0H .idata$4                DATA
 0005:000025e0 000024a0H .idata$5                DATA
 0005:00004a80 00004a12H .idata$6                DATA
 0006:00000000 00001253H .rsrc$01                DATA
 0006:00001260 000b7f06H .rsrc$02                DATA

  Address         Publics by Value              Rva+Base               Lib:Object

 0000:00000000       ___safe_se_handler_count   0000000000000000     <absolute>
 0000:00000000       ___safe_se_handler_table   0000000000000000     <absolute>
 0000:00000000       __ImageBase                0000000140000000     <linker-defined>
 0001:000009f0       ?_AfxInitManaged@@YAHXZ    00000001400019f0 f i GigeCameraDemo.obj
 0001:00000a00       ??_H@YAXPEAX_KHP6APEAX0@Z@Z 0000000140001a00 f i GigeCameraDemo.obj
 0001:00000a70       ?GetMessageMap@CGigeCameraDemoApp@@MEBAPEBUAFX_MSGMAP@@XZ 0000000140001a70 f   GigeCameraDemo.obj
 0001:00000a90       ?GetThisMessageMap@CGigeCameraDemoApp@@KAPEBUAFX_MSGMAP@@XZ 0000000140001a90 f   GigeCameraDemo.obj
 0001:00000aa0       ??0CGigeCameraDemoApp@@QEAA@XZ 0000000140001aa0 f   GigeCameraDemo.obj
 0001:00000ae0       ?InitInstance@CGigeCameraDemoApp@@UEAAHXZ 0000000140001ae0 f   GigeCameraDemo.obj
 0001:00000bc0       ?SupportsRestartManager@CWinApp@@UEBAHXZ 0000000140001bc0 f i GigeCameraDemo.obj
 0001:00000be0       ?SupportsApplicationRecovery@CWinApp@@UEBAHXZ 0000000140001be0 f i GigeCameraDemo.obj
 0001:00000c00       ?SupportsAutosaveAtRestart@CWinApp@@UEBAHXZ 0000000140001c00 f i GigeCameraDemo.obj
 0001:00000c20       ?SupportsAutosaveAtInterval@CWinApp@@UEBAHXZ 0000000140001c20 f i GigeCameraDemo.obj
 0001:00000c40       ?ReopenPreviousFilesAtRestart@CWinApp@@UEBAHXZ 0000000140001c40 f i GigeCameraDemo.obj
 0001:00000c60       ?RestoreAutosavedFilesAtRestart@CWinApp@@UEBAHXZ 0000000140001c60 f i GigeCameraDemo.obj
 0001:00000c80       ?GetApplicationRestartFlags@CWinApp@@UEAAKXZ 0000000140001c80 f i GigeCameraDemo.obj
 0001:00000c90       ?GetApplicationRecoveryParameter@CWinApp@@UEAAPEAXXZ 0000000140001c90 f i GigeCameraDemo.obj
 0001:00000ca0       ?GetApplicationRecoveryPingInterval@CWinApp@@UEAAKXZ 0000000140001ca0 f i GigeCameraDemo.obj
 0001:00000cb0       ??_GCGigeCameraDemoApp@@UEAAPEAXI@Z 0000000140001cb0 f i GigeCameraDemo.obj
 0001:00000cb0       ??_ECGigeCameraDemoApp@@UEAAPEAXI@Z 0000000140001cb0 f i GigeCameraDemo.obj
 0001:00000d00       ??1CGigeCameraDemoApp@@UEAA@XZ 0000000140001d00 f i GigeCameraDemo.obj
 0001:00000d20       ??1CGigeCameraDemoDlg@@UEAA@XZ 0000000140001d20 f i GigeCameraDemo.obj
 0001:00001000       ??0Thank_you@Define_the_symbol__ATL_MIXED@@QEAA@XZ 0000000140002000 f i GigeCameraDemo.obj
 0001:00001020       ?one@Thank_you@Define_the_symbol__ATL_MIXED@@UEAAXXZ 0000000140002020 f i GigeCameraDemo.obj
 0001:00001030       ??0CAboutDlg@@QEAA@XZ      0000000140002030 f   GigeCameraDemoDlg.obj
 0001:00001070       ?DoDataExchange@CAboutDlg@@MEAAXPEAVCDataExchange@@@Z 0000000140002070 f   GigeCameraDemoDlg.obj
 0001:000010a0       ?GetMessageMap@CAboutDlg@@MEBAPEBUAFX_MSGMAP@@XZ 00000001400020a0 f   GigeCameraDemoDlg.obj
 0001:000010c0       ?GetThisMessageMap@CAboutDlg@@KAPEBUAFX_MSGMAP@@XZ 00000001400020c0 f   GigeCameraDemoDlg.obj
 0001:000010d0       ??0CGigeCameraDemoDlg@@QEAA@PEAVCWnd@@@Z 00000001400020d0 f   GigeCameraDemoDlg.obj
 0001:00001a80       ?DoDataExchange@CGigeCameraDemoDlg@@MEAAXPEAVCDataExchange@@@Z 0000000140002a80 f   GigeCameraDemoDlg.obj
 0001:00001b00       ?GetMessageMap@CGigeCameraDemoDlg@@MEBAPEBUAFX_MSGMAP@@XZ 0000000140002b00 f   GigeCameraDemoDlg.obj
 0001:00001b20       ?GetThisMessageMap@CGigeCameraDemoDlg@@KAPEBUAFX_MSGMAP@@XZ 0000000140002b20 f   GigeCameraDemoDlg.obj
 0001:00001b30       ?onShowTask@CGigeCameraDemoDlg@@IEAA_J_K_J@Z 0000000140002b30 f   GigeCameraDemoDlg.obj
 0001:00001c80       ?PushImageToMyBuffer@@YA_NQEAUtag_BuffNode@@PEADHHHHH@Z 0000000140002c80 f   GigeCameraDemoDlg.obj
 0001:00001ca0       ?PushImageToMyBuffer_1@@YA_NQEAUtag_BuffNode@@PEADHHHHH@Z 0000000140002ca0 f   GigeCameraDemoDlg.obj
 0001:00001e80       ?PushImageToMyBuffer_2@@YA_NQEAUtag_BuffNode@@PEADHHHHH@Z 0000000140002e80 f   GigeCameraDemoDlg.obj
 0001:00002060       ?CreateFile2@@YAHV?$CStringT@DV?$StrTraitMFC_DLL@DV?$ChTraitsCRT@D@ATL@@@@@ATL@@0H@Z 0000000140003060 f   GigeCameraDemoDlg.obj
 0001:00002160       ?SaveImageData@@YAKPEAX@Z  0000000140003160 f   GigeCameraDemoDlg.obj
 0001:00002190       ?SaveImageData_1@@YAKPEAX@Z 0000000140003190 f   GigeCameraDemoDlg.obj
 0001:000024a0       ?SaveImageData_2@@YAKPEAX@Z 00000001400034a0 f   GigeCameraDemoDlg.obj
 0001:000027b0       ?XferCallback_1@CGigeCameraDemoDlg@@SAXPEAVSapXferCallbackInfo@@@Z 00000001400037b0 f   GigeCameraDemoDlg.obj
 0001:00002ac0       ?XferCallback_2@CGigeCameraDemoDlg@@SAXPEAVSapXferCallbackInfo@@@Z 0000000140003ac0 f   GigeCameraDemoDlg.obj
 0001:00002ef0       ?PixelChanged@CGigeCameraDemoDlg@@UEAAXHH@Z 0000000140003ef0 f   GigeCameraDemoDlg.obj
 0001:000030b0       ?GetPathUseSpace@@YA_KPEBD@Z 00000001400040b0 f   GigeCameraDemoDlg.obj
 0001:00003150       ?GetDirFileCount@@YA_KV?$CStringT@DV?$StrTraitMFC_DLL@DV?$ChTraitsCRT@D@ATL@@@@@ATL@@@Z 0000000140004150 f   GigeCameraDemoDlg.obj
 0001:00003250       ?ReadFreeSpace@@YANV?$CStringT@DV?$StrTraitMFC_DLL@DV?$ChTraitsCRT@D@ATL@@@@@ATL@@@Z 0000000140004250 f   GigeCameraDemoDlg.obj
 0001:000033a0       ?OnReceiveData@CGigeCameraDemoDlg@@IEAA_J_K_J@Z 00000001400043a0 f   GigeCameraDemoDlg.obj
 0001:00003750       ?us_Delay@@YAXK@Z          0000000140004750 f   GigeCameraDemoDlg.obj
 0001:000037e0       ?CheckMessageQueue@@YAHXZ  00000001400047e0 f   GigeCameraDemoDlg.obj
 0001:00003840       ?delay_time@@YAXK@Z        0000000140004840 f   GigeCameraDemoDlg.obj
 0001:000038e0       ?OnInitDialog@CGigeCameraDemoDlg@@MEAAHXZ 00000001400048e0 f   GigeCameraDemoDlg.obj
 0001:00004db0       ?IsUserAdmin@CGigeCameraDemoDlg@@QEAAHXZ 0000000140005db0 f   GigeCameraDemoDlg.obj
 0001:00004e00       ?CreateObjects_1@CGigeCameraDemoDlg@@QEAAHXZ 0000000140005e00 f   GigeCameraDemoDlg.obj
 0001:00005080       ?CreateObjects_2@CGigeCameraDemoDlg@@QEAAHXZ 0000000140006080 f   GigeCameraDemoDlg.obj
 0001:00005300       ?DestroyObjects_1@CGigeCameraDemoDlg@@QEAAHXZ 0000000140006300 f   GigeCameraDemoDlg.obj
 0001:00005430       ?DestroyObjects_2@CGigeCameraDemoDlg@@QEAAHXZ 0000000140006430 f   GigeCameraDemoDlg.obj
 0001:00005560       ?OnSysCommand@CGigeCameraDemoDlg@@IEAAXI_J@Z 0000000140006560 f   GigeCameraDemoDlg.obj
 0001:000055e0       ?OnPaint@CGigeCameraDemoDlg@@IEAAXXZ 00000001400065e0 f   GigeCameraDemoDlg.obj
 0001:00005760       ?OnDestroy@CGigeCameraDemoDlg@@IEAAXXZ 0000000140006760 f   GigeCameraDemoDlg.obj
 0001:00005c30       ?OnSize@CGigeCameraDemoDlg@@IEAAXIHH@Z 0000000140006c30 f   GigeCameraDemoDlg.obj
 0001:00005f60       ?OnQueryDragIcon@CGigeCameraDemoDlg@@IEAAPEAUHICON__@@XZ 0000000140006f60 f   GigeCameraDemoDlg.obj
 0001:00005f80       ?OnEndSession@CGigeCameraDemoDlg@@IEAAXH@Z 0000000140006f80 f   GigeCameraDemoDlg.obj
 0001:00005fc0       ?OnQueryEndSession@CGigeCameraDemoDlg@@IEAAHXZ 0000000140006fc0 f   GigeCameraDemoDlg.obj
 0001:00005ff0       ?UpdateMenu@CGigeCameraDemoDlg@@QEAAXXZ 0000000140006ff0 f   GigeCameraDemoDlg.obj
 0001:00006150       ?DoEvents@@YA_NXZ          0000000140007150 f   GigeCameraDemoDlg.obj
 0001:000061e0       ?OnTest@CGigeCameraDemoDlg@@IEAAXXZ 00000001400071e0 f   GigeCameraDemoDlg.obj
 0001:000062c0       ?ReadParamFromIniFile@CGigeCameraDemoDlg@@QEAA_NXZ 00000001400072c0 f   GigeCameraDemoDlg.obj
 0001:000068b0       ?WriteParamFileIniFile@CGigeCameraDemoDlg@@QEAA_NXZ 00000001400078b0 f   GigeCameraDemoDlg.obj
 0001:00006940       ?OnMainitemShow@CGigeCameraDemoDlg@@QEAAXXZ 0000000140007940 f   GigeCameraDemoDlg.obj
 0001:000069a0       ?OnMainitemHide@CGigeCameraDemoDlg@@QEAAXXZ 00000001400079a0 f   GigeCameraDemoDlg.obj
 0001:000069c0       ?OnMainitemExit@CGigeCameraDemoDlg@@QEAAXXZ 00000001400079c0 f   GigeCameraDemoDlg.obj
 0001:000069f0       ?FitToWindow@CGigeCameraDemoDlg@@QEAAXPEAVSapView@@@Z 00000001400079f0 f   GigeCameraDemoDlg.obj
 0001:00006c70       ?OnGrab@CGigeCameraDemoDlg@@IEAAXXZ 0000000140007c70 f   GigeCameraDemoDlg.obj
 0001:00006f80       ?OnFreeze@CGigeCameraDemoDlg@@IEAAXXZ 0000000140007f80 f   GigeCameraDemoDlg.obj
 0001:00007210       ?OnNcPaint@CGigeCameraDemoDlg@@QEAAXXZ 0000000140008210 f   GigeCameraDemoDlg.obj
 0001:00007230       ?OnTimer@CGigeCameraDemoDlg@@QEAAX_K@Z 0000000140008230 f   GigeCameraDemoDlg.obj
 0001:000078e0       ?OnMainitemTest@CGigeCameraDemoDlg@@QEAAXXZ 00000001400088e0 f   GigeCameraDemoDlg.obj
 0001:00007900       ?OnBnClickedReturn@CGigeCameraDemoDlg@@QEAAXXZ 0000000140008900 f   GigeCameraDemoDlg.obj
 0001:00007a40       ?ImageFrom_IDResource@CGigeCameraDemoDlg@@QEAAXIPEBDPEAVCImage@ATL@@@Z 0000000140008a40 f   GigeCameraDemoDlg.obj
 0001:00007b40       ?RefreshUI@CGigeCameraDemoDlg@@QEAAXXZ 0000000140008b40 f   GigeCameraDemoDlg.obj
 0001:000089a0       ?OnLButtonDown@CGigeCameraDemoDlg@@QEAAXIVCPoint@@@Z 00000001400099a0 f   GigeCameraDemoDlg.obj
 0001:00009530       ?OnEraseBkgnd@CGigeCameraDemoDlg@@QEAAHPEAVCDC@@@Z 000000014000a530 f   GigeCameraDemoDlg.obj
 0001:00009580       ?WritePosInfo@CGigeCameraDemoDlg@@QEAAXH@Z 000000014000a580 f   GigeCameraDemoDlg.obj
 0001:00009820       ?SetUI@CGigeCameraDemoDlg@@QEAAXXZ 000000014000a820 f   GigeCameraDemoDlg.obj
 0001:00009e40       ?OnCreate@CGigeCameraDemoDlg@@QEAAHPEAUtagCREATESTRUCTA@@@Z 000000014000ae40 f   GigeCameraDemoDlg.obj
 0001:0000c290       ??_GCAboutDlg@@UEAAPEAXI@Z 000000014000d290 f i GigeCameraDemoDlg.obj
 0001:0000c290       ??_ECAboutDlg@@UEAAPEAXI@Z 000000014000d290 f i GigeCameraDemoDlg.obj
 0001:0000c2e0       ??1CAboutDlg@@UEAA@XZ      000000014000d2e0 f i GigeCameraDemoDlg.obj
 0001:0000c300       ??_GCGigeCameraDemoDlg@@UEAAPEAXI@Z 000000014000d300 f i GigeCameraDemoDlg.obj
 0001:0000c300       ??_ECGigeCameraDemoDlg@@UEAAPEAXI@Z 000000014000d300 f i GigeCameraDemoDlg.obj
 0001:0000c350       ??_GSapAcqDeviceToBuf@@UEAAPEAXI@Z 000000014000d350 f i GigeCameraDemoDlg.obj
 0001:0000c350       ??_ESapAcqDeviceToBuf@@UEAAPEAXI@Z 000000014000d350 f i GigeCameraDemoDlg.obj
 0001:0000c3a0       ??_GSapAcqDevice@@UEAAPEAXI@Z 000000014000d3a0 f i GigeCameraDemoDlg.obj
 0001:0000c3a0       ??_ESapAcqDevice@@UEAAPEAXI@Z 000000014000d3a0 f i GigeCameraDemoDlg.obj
 0001:0000c3f0       ??_GSapBufferWithTrash@@UEAAPEAXI@Z 000000014000d3f0 f i GigeCameraDemoDlg.obj
 0001:0000c3f0       ??_ESapBufferWithTrash@@UEAAPEAXI@Z 000000014000d3f0 f i GigeCameraDemoDlg.obj
 0001:0000c440       ??_GSapView@@UEAAPEAXI@Z   000000014000d440 f i GigeCameraDemoDlg.obj
 0001:0000c440       ??_ESapView@@UEAAPEAXI@Z   000000014000d440 f i GigeCameraDemoDlg.obj
 0001:0000c490       ?floor@@YAMM@Z             000000014000d490 f i GigeCameraDemoDlg.obj
 0001:0000c4c0       ?Load@CImage@ATL@@QEAAJPEAUIStream@@@Z 000000014000d4c0 f i GigeCameraDemoDlg.obj
 0001:0000c560       ?GetLastStatus@Image@Gdiplus@@QEBA?AW4Status@2@XZ 000000014000d560 f i GigeCameraDemoDlg.obj
 0001:0000c5a0       ??1Bitmap@Gdiplus@@UEAA@XZ 000000014000d5a0 f i GigeCameraDemoDlg.obj
 0001:0000c5c0       ??1Image@Gdiplus@@UEAA@XZ  000000014000d5c0 f i GigeCameraDemoDlg.obj
 0001:0000c600       ??_GImage@Gdiplus@@UEAAPEAXI@Z 000000014000d600 f i GigeCameraDemoDlg.obj
 0001:0000c600       ??_EImage@Gdiplus@@UEAAPEAXI@Z 000000014000d600 f i GigeCameraDemoDlg.obj
 0001:0000c650       ??3GdiplusBase@Gdiplus@@SAXPEAX@Z 000000014000d650 f i GigeCameraDemoDlg.obj
 0001:0000c670       ?Clone@Image@Gdiplus@@UEAAPEAV12@XZ 000000014000d670 f i GigeCameraDemoDlg.obj
 0001:0000c720       ??2GdiplusBase@Gdiplus@@SAPEAX_K@Z 000000014000d720 f i GigeCameraDemoDlg.obj
 0001:0000c740       ?SetStatus@Image@Gdiplus@@IEBA?AW4Status@2@W432@@Z 000000014000d740 f i GigeCameraDemoDlg.obj
 0001:0000c780       ??0Image@Gdiplus@@IEAA@PEAVGpImage@1@W4Status@1@@Z 000000014000d780 f i GigeCameraDemoDlg.obj
 0001:0000c7e0       ?SetNativeImage@Image@Gdiplus@@IEAAXPEAVGpImage@2@@Z 000000014000d7e0 f i GigeCameraDemoDlg.obj
 0001:0000c800       ??0Bitmap@Gdiplus@@QEAA@PEAUIStream@@H@Z 000000014000d800 f i GigeCameraDemoDlg.obj
 0001:0000c8c0       ??0Image@Gdiplus@@IEAA@XZ  000000014000d8c0 f i GigeCameraDemoDlg.obj
 0001:0000c8e0       ??_GBitmap@Gdiplus@@UEAAPEAXI@Z 000000014000d8e0 f i GigeCameraDemoDlg.obj
 0001:0000c8e0       ??_EBitmap@Gdiplus@@UEAAPEAXI@Z 000000014000d8e0 f i GigeCameraDemoDlg.obj
 0001:0000c930       ?CreateFromGdiplusBitmap@CImage@ATL@@AEAAJAEAVBitmap@Gdiplus@@@Z 000000014000d930 f i GigeCameraDemoDlg.obj
 0001:0000d030       ?_AtlVerifyStackAvailable@_ATL_SAFE_ALLOCA_IMPL@ATL@@YA_N_K@Z 000000014000e030 f i GigeCameraDemoDlg.obj
 0001:0000d140       ?memcpy_s@Checked@ATL@@YAXPEAX_KPEBX1@Z 000000014000e140 f i GigeCameraDemoDlg.obj
 0001:0000d190       ?AfxCrtErrorCheck@@YAHH@Z  000000014000e190 f i GigeCameraDemoDlg.obj
 0001:0000d200       ??0Rect@Gdiplus@@QEAA@HHHH@Z 000000014000e200 f i GigeCameraDemoDlg.obj
 0001:0000d260       ?GetPixelFormatSize@Gdiplus@@YAIH@Z 000000014000e260 f i GigeCameraDemoDlg.obj
 0001:0000d280       ?IsIndexedPixelFormat@Gdiplus@@YAHH@Z 000000014000e280 f i GigeCameraDemoDlg.obj
 0001:0000d2c0       ?IsAlphaPixelFormat@Gdiplus@@YAHH@Z 000000014000e2c0 f i GigeCameraDemoDlg.obj
 0001:0000d300       ??0Graphics@Gdiplus@@QEAA@PEAVImage@1@@Z 000000014000e300 f i GigeCameraDemoDlg.obj
 0001:0000d370       ??1Graphics@Gdiplus@@QEAA@XZ 000000014000e370 f i GigeCameraDemoDlg.obj
 0001:0000d3a0       ?DrawImage@Graphics@Gdiplus@@QEAA?AW4Status@2@PEAVImage@2@HH@Z 000000014000e3a0 f i GigeCameraDemoDlg.obj
 0001:0000d420       ?SetNativeGraphics@Graphics@Gdiplus@@IEAAXPEAVGpGraphics@2@@Z 000000014000e420 f i GigeCameraDemoDlg.obj
 0001:0000d440       ?SetStatus@Graphics@Gdiplus@@IEBA?AW4Status@2@W432@@Z 000000014000e440 f i GigeCameraDemoDlg.obj
 0001:0000d480       ?GetWidth@Image@Gdiplus@@QEAAIXZ 000000014000e480 f i GigeCameraDemoDlg.obj
 0001:0000d4d0       ?GetHeight@Image@Gdiplus@@QEAAIXZ 000000014000e4d0 f i GigeCameraDemoDlg.obj
 0001:0000d520       ?GetPixelFormat@Image@Gdiplus@@QEAAHXZ 000000014000e520 f i GigeCameraDemoDlg.obj
 0001:0000d560       ?GetPaletteSize@Image@Gdiplus@@QEAAHXZ 000000014000e560 f i GigeCameraDemoDlg.obj
 0001:0000d5b0       ?GetPalette@Image@Gdiplus@@QEAA?AW4Status@2@PEAUColorPalette@2@H@Z 000000014000e5b0 f i GigeCameraDemoDlg.obj
 0001:0000d600       ??0Bitmap@Gdiplus@@QEAA@HHHHPEAE@Z 000000014000e600 f i GigeCameraDemoDlg.obj
 0001:0000d6c0       ?LockBits@Bitmap@Gdiplus@@QEAA?AW4Status@2@PEBVRect@2@IHPEAVBitmapData@2@@Z 000000014000e6c0 f i GigeCameraDemoDlg.obj
 0001:0000d730       ?UnlockBits@Bitmap@Gdiplus@@QEAA?AW4Status@2@PEAVBitmapData@2@@Z 000000014000e730 f i GigeCameraDemoDlg.obj
 0001:0000d770       ?Create@CImage@ATL@@QEAAHHHHK@Z 000000014000e770 f i GigeCameraDemoDlg.obj
 0001:0000d7d0       ?CreateEx@CImage@ATL@@QEAAHHHHKPEBKK@Z 000000014000e7d0 f i GigeCameraDemoDlg.obj
 0001:0000db70       ?Attach@CImage@ATL@@QEAAXPEAUHBITMAP__@@W4DIBOrientation@12@@Z 000000014000eb70 f i GigeCameraDemoDlg.obj
 0001:0000dc50       ?GetBits@CImage@ATL@@QEAAPEAXXZ 000000014000ec50 f i GigeCameraDemoDlg.obj
 0001:0000dd20       ?GetHeight@CImage@ATL@@QEBAHXZ 000000014000ed20 f i GigeCameraDemoDlg.obj
 0001:0000dda0       ?GetPitch@CImage@ATL@@QEBAHXZ 000000014000eda0 f i GigeCameraDemoDlg.obj
 0001:0000de70       ?GetWidth@CImage@ATL@@QEBAHXZ 000000014000ee70 f i GigeCameraDemoDlg.obj
 0001:0000def0       ?IsDIBSection@CImage@ATL@@QEBA_NXZ 000000014000eef0 f i GigeCameraDemoDlg.obj
 0001:0000df10       ?SetColorTable@CImage@ATL@@QEAAXIIPEBUtagRGBQUAD@@@Z 000000014000ef10 f i GigeCameraDemoDlg.obj
 0001:0000e070       ?GetDC@CImage@ATL@@QEBAPEAUHDC__@@XZ 000000014000f070 f i GigeCameraDemoDlg.obj
 0001:0000e150       ?GetDC@CDCCache@CImage@ATL@@QEAAPEAUHDC__@@XZ 000000014000f150 f i GigeCameraDemoDlg.obj
 0001:0000e1d0       ?IsIndexed@CImage@ATL@@QEBA_NXZ 000000014000f1d0 f i GigeCameraDemoDlg.obj
 0001:0000e2c0       ?ReleaseDC@CImage@ATL@@QEBAXXZ 000000014000f2c0 f i GigeCameraDemoDlg.obj
 0001:0000e3f0       ?ReleaseDC@CDCCache@CImage@ATL@@QEAAXPEAUHDC__@@@Z 000000014000f3f0 f i GigeCameraDemoDlg.obj
 0001:0000e490       ?UpdateBitmapInfo@CImage@ATL@@AEAAXW4DIBOrientation@12@@Z 000000014000f490 f i GigeCameraDemoDlg.obj
 0001:0000e740       ?abs@@YAJJ@Z               000000014000f740 f i GigeCameraDemoDlg.obj
 0001:0000e760       ?ComputePitch@CImage@ATL@@CAHHH@Z 000000014000f760 f i GigeCameraDemoDlg.obj
 0001:0000e790       ?InitGDIPlus@CImage@ATL@@CA_NXZ 000000014000f790 f i GigeCameraDemoDlg.obj
 0001:0000e7c0       ?Init@CInitGDIPlus@CImage@ATL@@QEAA_NXZ 000000014000f7c0 f i GigeCameraDemoDlg.obj
 0001:0000e870       ??0GdiplusStartupInput@Gdiplus@@QEAA@P6AXW4DebugEventLevel@1@PEAD@ZHH@Z 000000014000f870 f i GigeCameraDemoDlg.obj
 0001:0000e8d0       ??0CImage@ATL@@QEAA@XZ     000000014000f8d0 f i GigeCameraDemoDlg.obj
 0001:0000e9d0       ?IncreaseCImageCount@CInitGDIPlus@CImage@ATL@@QEAAXXZ 000000014000f9d0 f i GigeCameraDemoDlg.obj
 0001:0000ea30       ??_GCImage@ATL@@UEAAPEAXI@Z 000000014000fa30 f i GigeCameraDemoDlg.obj
 0001:0000ea30       ??_ECImage@ATL@@UEAAPEAXI@Z 000000014000fa30 f i GigeCameraDemoDlg.obj
 0001:0000ea80       ??1CImage@ATL@@UEAA@XZ     000000014000fa80 f i GigeCameraDemoDlg.obj
 0001:0000eac0       ?DecreaseCImageCount@CInitGDIPlus@CImage@ATL@@QEAAXXZ 000000014000fac0 f i GigeCameraDemoDlg.obj
 0001:0000eb40       ?ReleaseGDIPlus@CInitGDIPlus@CImage@ATL@@QEAAXXZ 000000014000fb40 f i GigeCameraDemoDlg.obj
 0001:0000ebb0       ?Destroy@CImage@ATL@@QEAAXXZ 000000014000fbb0 f i GigeCameraDemoDlg.obj
 0001:0000ec00       ?Detach@CImage@ATL@@QEAAPEAUHBITMAP__@@XZ 000000014000fc00 f i GigeCameraDemoDlg.obj
 0001:0000ed70       ?Draw@CImage@ATL@@QEBAHPEAUHDC__@@AEBUtagRECT@@@Z 000000014000fd70 f i GigeCameraDemoDlg.obj
 0001:0000ee20       ?Draw@CImage@ATL@@QEBAHPEAUHDC__@@HHHHHHHH@Z 000000014000fe20 f i GigeCameraDemoDlg.obj
 0001:0000f2d0       ?IsTransparencySupported@CImage@ATL@@SAHXZ 00000001400102d0 f i GigeCameraDemoDlg.obj
 0001:0000f2e0       ?GetTransparentRGB@CImage@ATL@@AEBAKXZ 00000001400102e0 f i GigeCameraDemoDlg.obj
 0001:0000f420       ??0?$CAtlSafeAllocBufferManager@VCCRTAllocator@ATL@@@_ATL_SAFE_ALLOCA_IMPL@ATL@@QEAA@XZ 0000000140010420 f i GigeCameraDemoDlg.obj
 0001:0000f440       ?Allocate@?$CAtlSafeAllocBufferManager@VCCRTAllocator@ATL@@@_ATL_SAFE_ALLOCA_IMPL@ATL@@QEAAPEAX_K@Z 0000000140010440 f i GigeCameraDemoDlg.obj
 0001:0000f4c0       ?Allocate@CCRTAllocator@ATL@@SAPEAX_K@Z 00000001400104c0 f i GigeCameraDemoDlg.obj
 0001:0000f4e0       ??1?$CAtlSafeAllocBufferManager@VCCRTAllocator@ATL@@@_ATL_SAFE_ALLOCA_IMPL@ATL@@QEAA@XZ 00000001400104e0 f i GigeCameraDemoDlg.obj
 0001:0000f540       ?Free@CCRTAllocator@ATL@@SAXPEAX@Z 0000000140010540 f i GigeCameraDemoDlg.obj
 0001:0000f560       ??HATL@@YA?AV?$CStringT@DV?$StrTraitMFC_DLL@DV?$ChTraitsCRT@D@ATL@@@@@0@AEBV10@PEBD@Z 0000000140010560 f i GigeCameraDemoDlg.obj
 0001:0000f650       ??HATL@@YA?AV?$CStringT@DV?$StrTraitMFC_DLL@DV?$ChTraitsCRT@D@ATL@@@@@0@PEBDAEBV10@@Z 0000000140010650 f i GigeCameraDemoDlg.obj
 0001:0000f750       ?GetData@CAtlSafeAllocBufferNode@?$CAtlSafeAllocBufferManager@VCCRTAllocator@ATL@@@_ATL_SAFE_ALLOCA_IMPL@ATL@@QEAAPEAXXZ 0000000140010750 f i GigeCameraDemoDlg.obj
 0001:0000f770       ??$AtlAdd@_K@ATL@@YAJPEA_K_K1@Z 0000000140010770 f i GigeCameraDemoDlg.obj
 0001:0000f7e0       HRESULT_FROM_WIN32         00000001400107e0 f i GigeCameraDemoDlg.obj
 0001:0000f830       ??$AtlAlignUp@I@ATL@@YAIIK@Z 0000000140010830 f i GigeCameraDemoDlg.obj
 0001:0000f860       ??$sprintf_s@$0EAA@@@YAHAEAY0EAA@DPEBDZZ 0000000140010860 f i GigeCameraDemoDlg.obj
 0001:0000f8c0       ??$sprintf_s@$09@@YAHAEAY09DPEBDZZ 00000001400108c0 f i GigeCameraDemoDlg.obj
 0001:0000f920       ??$strcpy_s@$0IA@@@YAHAEAY0IA@DPEBD@Z 0000000140010920 f i GigeCameraDemoDlg.obj
 0001:0000f960       ??$sprintf_s@$0CAA@@@YAHAEAY0CAA@DPEBDZZ 0000000140010960 f i GigeCameraDemoDlg.obj
 0001:0000f9c0       ??$AtlAddThrow@_K@ATL@@YA_K_K0@Z 00000001400109c0 f i GigeCameraDemoDlg.obj
 0001:0000fa10       ?AtlThrowImpl@ATL@@YAXJ@Z  0000000140010a10 f i GigeCameraDemoDlg.obj
 0001:0000faa0       ??0CTraceFileAndLineInfo@ATL@@QEAA@PEBDH@Z 0000000140010aa0 f i GigeCameraDemoDlg.obj
 0001:0000fae0       ??RCTraceFileAndLineInfo@ATL@@QEBAX_KIPEBDZZ 0000000140010ae0 f i GigeCameraDemoDlg.obj
 0001:0000fb70       ?TraceV@CTrace@ATL@@QEBAXPEBDH_KI0PEAD@Z 0000000140010b70 f i GigeCameraDemoDlg.obj
 0001:0000fbe0       ??BCTraceCategory@ATL@@QEBA_KXZ 0000000140010be0 f i GigeCameraDemoDlg.obj
 0001:0000fc00       ?_GetBaseClass@CInputDialog@@KAPEAUCRuntimeClass@@XZ 0000000140010c00 f   InputDialog.obj
 0001:0000fc20       ?GetThisClass@CInputDialog@@SAPEAUCRuntimeClass@@XZ 0000000140010c20 f   InputDialog.obj
 0001:0000fc30       ?GetRuntimeClass@CInputDialog@@UEBAPEAUCRuntimeClass@@XZ 0000000140010c30 f   InputDialog.obj
 0001:0000fc50       ??0CInputDialog@@QEAA@PEAVCWnd@@@Z 0000000140010c50 f   InputDialog.obj
 0001:0000fca0       ??1CInputDialog@@UEAA@XZ   0000000140010ca0 f   InputDialog.obj
 0001:0000fcd0       ?DoDataExchange@CInputDialog@@MEAAXPEAVCDataExchange@@@Z 0000000140010cd0 f   InputDialog.obj
 0001:0000fd20       ?GetMessageMap@CInputDialog@@MEBAPEBUAFX_MSGMAP@@XZ 0000000140010d20 f   InputDialog.obj
 0001:0000fd40       ?GetThisMessageMap@CInputDialog@@KAPEBUAFX_MSGMAP@@XZ 0000000140010d40 f   InputDialog.obj
 0001:0000fd50       ?OnBnClickedOk@CInputDialog@@QEAAXXZ 0000000140010d50 f   InputDialog.obj
 0001:0000fde0       ??_GCInputDialog@@UEAAPEAXI@Z 0000000140010de0 f i InputDialog.obj
 0001:0000fde0       ??_ECInputDialog@@UEAAPEAXI@Z 0000000140010de0 f i InputDialog.obj
 0001:0000fe30       ?_GetBaseClass@CMessageDialog@@KAPEAUCRuntimeClass@@XZ 0000000140010e30 f   MessageDialog.obj
 0001:0000fe50       ?GetThisClass@CMessageDialog@@SAPEAUCRuntimeClass@@XZ 0000000140010e50 f   MessageDialog.obj
 0001:0000fe60       ?GetRuntimeClass@CMessageDialog@@UEBAPEAUCRuntimeClass@@XZ 0000000140010e60 f   MessageDialog.obj
 0001:0000fe80       ??0CMessageDialog@@QEAA@PEAVCWnd@@@Z 0000000140010e80 f   MessageDialog.obj
 0001:0000fef0       ??1CMessageDialog@@UEAA@XZ 0000000140010ef0 f   MessageDialog.obj
 0001:0000ff40       ?DoDataExchange@CMessageDialog@@MEAAXPEAVCDataExchange@@@Z 0000000140010f40 f   MessageDialog.obj
 0001:0000ff70       ?GetMessageMap@CMessageDialog@@MEBAPEBUAFX_MSGMAP@@XZ 0000000140010f70 f   MessageDialog.obj
 0001:0000ff90       ?GetThisMessageMap@CMessageDialog@@KAPEBUAFX_MSGMAP@@XZ 0000000140010f90 f   MessageDialog.obj
 0001:0000ffa0       ?Response@CMessageDialog@@QEAA_J_K_J@Z 0000000140010fa0 f   MessageDialog.obj
 0001:00010080       ?OnCtlColor@CMessageDialog@@QEAAPEAUHBRUSH__@@PEAVCDC@@PEAVCWnd@@I@Z 0000000140011080 f   MessageDialog.obj
 0001:00010250       ?OnEraseBkgnd@CMessageDialog@@QEAAHPEAVCDC@@@Z 0000000140011250 f   MessageDialog.obj
 0001:00010350       ?OnCreate@CMessageDialog@@QEAAHPEAUtagCREATESTRUCTA@@@Z 0000000140011350 f   MessageDialog.obj
 0001:000103d0       ?OnClose@CMessageDialog@@QEAAXXZ 00000001400113d0 f   MessageDialog.obj
 0001:00010410       ?OnPaint@CMessageDialog@@QEAAXXZ 0000000140011410 f   MessageDialog.obj
 0001:00010470       ?OnBnClickedOk@CMessageDialog@@QEAAXXZ 0000000140011470 f   MessageDialog.obj
 0001:00010490       ?OnInitDialog@CMessageDialog@@UEAAHXZ 0000000140011490 f   MessageDialog.obj
 0001:000104c0       ?OnTimer@CMessageDialog@@QEAAX_K@Z 00000001400114c0 f   MessageDialog.obj
 0001:000104f0       ?OnLButtonUp@CMessageDialog@@QEAAXIVCPoint@@@Z 00000001400114f0 f   MessageDialog.obj
 0001:000106e0       ??_ECMessageDialog@@UEAAPEAXI@Z 00000001400116e0 f i MessageDialog.obj
 0001:000106e0       ??_GCMessageDialog@@UEAAPEAXI@Z 00000001400116e0 f i MessageDialog.obj
 0001:00010730       ??0CSerialPort@@QEAA@XZ    0000000140011730 f   SerialPort.obj
 0001:000107d0       ??1CSerialPort@@UEAA@XZ    00000001400117d0 f   SerialPort.obj
 0001:00010850       ?InitPort@CSerialPort@@QEAAHPEAVCWnd@@IIDIIKI@Z 0000000140011850 f   SerialPort.obj
 0001:00010ea0       ?CommThread@CSerialPort@@KAIPEAX@Z 0000000140011ea0 f   SerialPort.obj
 0001:000111b0       ?StartMonitoring@CSerialPort@@QEAAHXZ 00000001400121b0 f   SerialPort.obj
 0001:00011240       ?RestartMonitoring@CSerialPort@@QEAAHXZ 0000000140012240 f   SerialPort.obj
 0001:00011290       ?StopMonitoring@CSerialPort@@QEAAHXZ 0000000140012290 f   SerialPort.obj
 0001:000112e0       ?ProcessErrorMessage@CSerialPort@@IEAAXPEAD@Z 00000001400122e0 f   SerialPort.obj
 0001:000113b0       ?WriteChar@CSerialPort@@KAXPEAV1@H@Z 00000001400123b0 f   SerialPort.obj
 0001:000115e0       ?ReceiveChar@CSerialPort@@KAXPEAV1@U_COMSTAT@@@Z 00000001400125e0 f   SerialPort.obj
 0001:000117b0       ?WriteToPort@CSerialPort@@QEAAXPEAD@Z 00000001400127b0 f   SerialPort.obj
 0001:00011830       ?WriteToPort@CSerialPort@@QEAAXPEADH@Z 0000000140012830 f   SerialPort.obj
 0001:000118f0       ?GetDCB@CSerialPort@@QEAA?AU_DCB@@XZ 00000001400128f0 f   SerialPort.obj
 0001:00011940       ?GetCommEvents@CSerialPort@@QEAAKXZ 0000000140012940 f   SerialPort.obj
 0001:00011960       ?GetWriteBufferSize@CSerialPort@@QEAAKXZ 0000000140012960 f   SerialPort.obj
 0001:00011980       ?GetPortNO@CSerialPort@@QEAAHXZ 0000000140012980 f   SerialPort.obj
 0001:00011e30       ??_ECSerialPort@@UEAAPEAXI@Z 0000000140012e30 f i SerialPort.obj
 0001:00011e30       ??_GCSerialPort@@UEAAPEAXI@Z 0000000140012e30 f i SerialPort.obj
 0001:00011e80       ??RCTraceFileAndLineInfo@ATL@@QEBAXPEBDZZ 0000000140012e80 f i SerialPort.obj
 0001:00011f20       ?_GetBaseClass@CSplashWnd@@KAPEAUCRuntimeClass@@XZ 0000000140012f20 f   SplashWnd.obj
 0001:00011f40       ?GetThisClass@CSplashWnd@@SAPEAUCRuntimeClass@@XZ 0000000140012f40 f   SplashWnd.obj
 0001:00011f50       ?GetRuntimeClass@CSplashWnd@@UEBAPEAUCRuntimeClass@@XZ 0000000140012f50 f   SplashWnd.obj
 0001:00011f70       ??0CSplashWnd@@QEAA@XZ     0000000140012f70 f   SplashWnd.obj
 0001:00012080       ??1CSplashWnd@@UEAA@XZ     0000000140013080 f   SplashWnd.obj
 0001:00012130       ?GetMessageMap@CSplashWnd@@MEBAPEBUAFX_MSGMAP@@XZ 0000000140013130 f   SplashWnd.obj
 0001:00012150       ?GetThisMessageMap@CSplashWnd@@KAPEBUAFX_MSGMAP@@XZ 0000000140013150 f   SplashWnd.obj
 0001:00012160       ?DeleteSplash@CSplashWnd@@QEAAXXZ 0000000140013160 f   SplashWnd.obj
 0001:00012180       ?CreateSplash@CSplashWnd@@QEAAXXZ 0000000140013180 f   SplashWnd.obj
 0001:00012280       ?OnPaint@CSplashWnd@@IEAAXXZ 0000000140013280 f   SplashWnd.obj
 0001:00012480       ?ImageFrom_IDResource@CSplashWnd@@QEAAXIPEBDPEAVCImage@ATL@@@Z 0000000140013480 f   SplashWnd.obj
 0001:00012580       ?SetInfo@CSplashWnd@@QEAAXV?$CStringT@DV?$StrTraitMFC_DLL@DV?$ChTraitsCRT@D@ATL@@@@@ATL@@@Z 0000000140013580 f   SplashWnd.obj
 0001:000125d0       ?On_Timer@@YAKPEAX@Z       00000001400135d0 f   SplashWnd.obj
 0001:00012ee0       ?OnNcDestroy@CSplashWnd@@QEAAXXZ 0000000140013ee0 f   SplashWnd.obj
 0001:00013300       ??_GCSplashWnd@@UEAAPEAXI@Z 0000000140014300 f i SplashWnd.obj
 0001:00013300       ??_ECSplashWnd@@UEAAPEAXI@Z 0000000140014300 f i SplashWnd.obj
 0001:00013344       ??1SapAcquisition@@UEAA@XZ 0000000140014344 f   SapClassBasic:SapClassBasic83.dll
 0001:0001334a       ??0SapAcquisition@@QEAA@VSapLocation@@@Z 000000014001434a f   SapClassBasic:SapClassBasic83.dll
 0001:00013350       ??0SapLocation@@QEAA@HH@Z  0000000140014350 f   SapClassBasic:SapClassBasic83.dll
 0001:00013356       ?GetEventCount@SapXferCallbackInfo@@QEBAHXZ 0000000140014356 f   SapClassBasic:SapClassBasic83.dll
 0001:0001335c       ?GetHeight@SapBuffer@@QEBAHXZ 000000014001435c f   SapClassBasic:SapClassBasic83.dll
 0001:00013362       ?GetWidth@SapBuffer@@QEBAHXZ 0000000140014362 f   SapClassBasic:SapClassBasic83.dll
 0001:00013368       ?GetContext@SapXferCallbackInfo@@QEBAPEAXXZ 0000000140014368 f   SapClassBasic:SapClassBasic83.dll
 0001:0001336e       ??0SapView@@QEAA@PEAVSapBuffer@@PEAUHWND__@@P6AXPEAVSapViewCallbackInfo@@@ZPEAX@Z 000000014001436e f   SapClassBasic:SapClassBasic83.dll
 0001:00013374       ??0SapAcqDeviceToBuf@@QEAA@PEAVSapAcqDevice@@PEAVSapBuffer@@P6AXPEAVSapXferCallbackInfo@@@ZPEAX@Z 0000000140014374 f   SapClassBasic:SapClassBasic83.dll
 0001:0001337a       ??0SapBufferWithTrash@@QEAA@HPEAVSapXferNode@@HVSapLocation@@@Z 000000014001437a f   SapClassBasic:SapClassBasic83.dll
 0001:00013380       ??0SapAcqDevice@@QEAA@VSapLocation@@PEBD@Z 0000000140014380 f   SapClassBasic:SapClassBasic83.dll
 0001:00013386       ?GetServerSerialNumber@SapManager@@SAHHPEAD@Z 0000000140014386 f   SapClassBasic:SapClassBasic83.dll
 0001:0001338c       ?GetResourceCount@SapManager@@SAHHH@Z 000000014001438c f   SapClassBasic:SapClassBasic83.dll
 0001:00013392       ?DetectAllServers@SapManager@@SAHH@Z 0000000140014392 f   SapClassBasic:SapClassBasic83.dll
 0001:00013398       ?GetServerCount@SapManager@@SAHXZ 0000000140014398 f   SapClassBasic:SapClassBasic83.dll
 0001:0001339e       ?Create@SapAcqDevice@@UEAAHXZ 000000014001439e f   SapClassBasic:SapClassBasic83.dll
 0001:000133a4       ?Destroy@SapAcqDevice@@UEAAHXZ 00000001400143a4 f   SapClassBasic:SapClassBasic83.dll
 0001:000133aa       ?GetXferParams@SapXferNode@@UEBA?AVSapXferParams@@H@Z 00000001400143aa f   SapClassBasic:SapClassBasic83.dll
 0001:000133b0       ?GetInputXferParams@SapXferNode@@UEBA?AVSapXferParams@@H@Z 00000001400143b0 f   SapClassBasic:SapClassBasic83.dll
 0001:000133b6       ?GetOutputXferParams@SapXferNode@@UEBA?AVSapXferParams@@H@Z 00000001400143b6 f   SapClassBasic:SapClassBasic83.dll
 0001:000133bc       ?SetSrcNode@SapXferNode@@UEAAHPEAV1@H@Z 00000001400143bc f   SapClassBasic:SapClassBasic83.dll
 0001:000133c2       ?SetXferParams@SapXferNode@@UEAAHVSapXferParams@@H@Z 00000001400143c2 f   SapClassBasic:SapClassBasic83.dll
 0001:000133c8       ?SetInputXferParams@SapXferNode@@UEAAHVSapXferParams@@H@Z 00000001400143c8 f   SapClassBasic:SapClassBasic83.dll
 0001:000133ce       ?SetOutputXferParams@SapXferNode@@UEAAHVSapXferParams@@H@Z 00000001400143ce f   SapClassBasic:SapClassBasic83.dll
 0001:000133d4       ?GetHandle@SapXferNode@@UEBAPEAU__CORHANDLE@@H@Z 00000001400143d4 f   SapClassBasic:SapClassBasic83.dll
 0001:000133da       ?GetHandle@SapXferNode@@UEBAPEAU__CORHANDLE@@XZ 00000001400143da f   SapClassBasic:SapClassBasic83.dll
 0001:000133e0       ?GetXferParamsFromSrcNode@SapXferNode@@UEAAXXZ 00000001400143e0 f   SapClassBasic:SapClassBasic83.dll
 0001:000133e6       ?GetXferNodeType@SapAcqDevice@@UEAA?AW4XferNodeType@SapXferNode@@XZ 00000001400143e6 f   SapClassBasic:SapClassBasic83.dll
 0001:000133ec       ?IsBuffer@SapXferNode@@UEAAHXZ 00000001400143ec f   SapClassBasic:SapClassBasic83.dll
 0001:000133f2       ??ASapXferNode@@UEBAPEAU__CORHANDLE@@H@Z 00000001400143f2 f   SapClassBasic:SapClassBasic83.dll
 0001:000133f8       ?GetCount@SapXferNode@@UEBAHXZ 00000001400143f8 f   SapClassBasic:SapClassBasic83.dll
 0001:000133fe       ?GetIndex@SapXferNode@@UEBAHXZ 00000001400143fe f   SapClassBasic:SapClassBasic83.dll
 0001:00013404       ?SetIndex@SapXferNode@@UEAAHH@Z 0000000140014404 f   SapClassBasic:SapClassBasic83.dll
 0001:0001340a       ?ResetIndex@SapXferNode@@UEAAXXZ 000000014001440a f   SapClassBasic:SapClassBasic83.dll
 0001:00013410       ?Next@SapXferNode@@UEAAXXZ 0000000140014410 f   SapClassBasic:SapClassBasic83.dll
 0001:00013416       ?GetTrash@SapXferNode@@UEBAPEAU__CORHANDLE@@XZ 0000000140014416 f   SapClassBasic:SapClassBasic83.dll
 0001:0001341c       ?Empty@SapXferNode@@UEAAHH@Z 000000014001441c f   SapClassBasic:SapClassBasic83.dll
 0001:00013422       ?Empty@SapXferNode@@UEAAHXZ 0000000140014422 f   SapClassBasic:SapClassBasic83.dll
 0001:00013428       ?EmptyAll@SapXferNode@@UEAAHXZ 0000000140014428 f   SapClassBasic:SapClassBasic83.dll
 0001:0001342e       ?Create@SapBufferWithTrash@@UEAAHXZ 000000014001442e f   SapClassBasic:SapClassBasic83.dll
 0001:00013434       ?Destroy@SapBufferWithTrash@@UEAAHXZ 0000000140014434 f   SapClassBasic:SapClassBasic83.dll
 0001:0001343a       ?GetHandle@SapBuffer@@UEBAPEAU__CORHANDLE@@H@Z 000000014001443a f   SapClassBasic:SapClassBasic83.dll
 0001:00013440       ?GetHandle@SapBuffer@@UEBAPEAU__CORHANDLE@@XZ 0000000140014440 f   SapClassBasic:SapClassBasic83.dll
 0001:00013446       ?GetXferNodeType@SapBuffer@@UEAA?AW4XferNodeType@SapXferNode@@XZ 0000000140014446 f   SapClassBasic:SapClassBasic83.dll
 0001:0001344c       ??ASapBuffer@@UEBAPEAU__CORHANDLE@@H@Z 000000014001444c f   SapClassBasic:SapClassBasic83.dll
 0001:00013452       ?GetCount@SapBuffer@@UEBAHXZ 0000000140014452 f   SapClassBasic:SapClassBasic83.dll
 0001:00013458       ?GetIndex@SapBuffer@@UEBAHXZ 0000000140014458 f   SapClassBasic:SapClassBasic83.dll
 0001:0001345e       ?SetIndex@SapBuffer@@UEAAHH@Z 000000014001445e f   SapClassBasic:SapClassBasic83.dll
 0001:00013464       ?ResetIndex@SapBuffer@@UEAAXXZ 0000000140014464 f   SapClassBasic:SapClassBasic83.dll
 0001:0001346a       ?Next@SapBuffer@@UEAAXXZ   000000014001446a f   SapClassBasic:SapClassBasic83.dll
 0001:00013470       ?GetTrash@SapBufferWithTrash@@UEBAPEAU__CORHANDLE@@XZ 0000000140014470 f   SapClassBasic:SapClassBasic83.dll
 0001:00013476       ?Empty@SapBuffer@@UEAAHH@Z 0000000140014476 f   SapClassBasic:SapClassBasic83.dll
 0001:0001347c       ?Empty@SapBuffer@@UEAAHXZ  000000014001447c f   SapClassBasic:SapClassBasic83.dll
 0001:00013482       ?EmptyAll@SapBuffer@@UEAAHXZ 0000000140014482 f   SapClassBasic:SapClassBasic83.dll
 0001:00013488       ?SetCount@SapBuffer@@UEAAHH@Z 0000000140014488 f   SapClassBasic:SapClassBasic83.dll
 0001:0001348e       ?SetWidth@SapBuffer@@UEAAHH@Z 000000014001448e f   SapClassBasic:SapClassBasic83.dll
 0001:00013494       ?SetHeight@SapBuffer@@UEAAHH@Z 0000000140014494 f   SapClassBasic:SapClassBasic83.dll
 0001:0001349a       ?SetFormat@SapBuffer@@UEAAHH@Z 000000014001449a f   SapClassBasic:SapClassBasic83.dll
 0001:000134a0       ?SetType@SapBuffer@@UEAAHH@Z 00000001400144a0 f   SapClassBasic:SapClassBasic83.dll
 0001:000134a6       ?SetPixelDepth@SapBuffer@@UEAAHH@Z 00000001400144a6 f   SapClassBasic:SapClassBasic83.dll
 0001:000134ac       ?SetVirtualAddress@SapBuffer@@UEAAHQEAPEAX@Z 00000001400144ac f   SapClassBasic:SapClassBasic83.dll
 0001:000134b2       ?SetPhysicalAddress@SapBuffer@@UEAAHQEA_K@Z 00000001400144b2 f   SapClassBasic:SapClassBasic83.dll
 0001:000134b8       ?SetParameters@SapBuffer@@UEAAHHQEA_KHHHH@Z 00000001400144b8 f   SapClassBasic:SapClassBasic83.dll
 0001:000134be       ?SetParameters@SapBuffer@@UEAAHHQEAPEAXHHHH@Z 00000001400144be f   SapClassBasic:SapClassBasic83.dll
 0001:000134c4       ?SetParameters@SapBuffer@@UEAAHHHHHH@Z 00000001400144c4 f   SapClassBasic:SapClassBasic83.dll
 0001:000134ca       ?SetParametersFromFile@SapBuffer@@UEAAHPEBDH@Z 00000001400144ca f   SapClassBasic:SapClassBasic83.dll
 0001:000134d0       ?SetFrameRate@SapBuffer@@UEAAXM@Z 00000001400144d0 f   SapClassBasic:SapClassBasic83.dll
 0001:000134d6       ?GetAddress@SapBuffer@@UEAAHH_K0PEAXPEAPEAX@Z 00000001400144d6 f   SapClassBasic:SapClassBasic83.dll
 0001:000134dc       ?GetAddress@SapBuffer@@UEAAHH_K0PEAPEAX@Z 00000001400144dc f   SapClassBasic:SapClassBasic83.dll
 0001:000134e2       ?GetAddress@SapBuffer@@UEAAH_K0PEAXPEAPEAX@Z 00000001400144e2 f   SapClassBasic:SapClassBasic83.dll
 0001:000134e8       ?GetAddress@SapBuffer@@UEAAH_K0PEAPEAX@Z 00000001400144e8 f   SapClassBasic:SapClassBasic83.dll
 0001:000134ee       ?GetAddress@SapBuffer@@UEAAHHPEAXPEAPEAX@Z 00000001400144ee f   SapClassBasic:SapClassBasic83.dll
 0001:000134f4       ?GetAddress@SapBuffer@@UEAAHHPEAPEAX@Z 00000001400144f4 f   SapClassBasic:SapClassBasic83.dll
 0001:000134fa       ?GetAddress@SapBuffer@@UEAAHPEAXPEAPEAX@Z 00000001400144fa f   SapClassBasic:SapClassBasic83.dll
 0001:00013500       ?GetAddress@SapBuffer@@UEAAHPEAPEAX@Z 0000000140014500 f   SapClassBasic:SapClassBasic83.dll
 0001:00013506       ?ReleaseAddress@SapBuffer@@UEAAHHPEAX@Z 0000000140014506 f   SapClassBasic:SapClassBasic83.dll
 0001:0001350c       ?ReleaseAddress@SapBuffer@@UEAAHPEAX@Z 000000014001450c f   SapClassBasic:SapClassBasic83.dll
 0001:00013512       ?IsMapped@SapBuffer@@UEAAHXZ 0000000140014512 f   SapClassBasic:SapClassBasic83.dll
 0001:00013518       ?IsMapped@SapBuffer@@UEAAHH@Z 0000000140014518 f   SapClassBasic:SapClassBasic83.dll
 0001:0001351e       ?GetCounterStamp@SapBuffer@@UEAAHHPEAH@Z 000000014001451e f   SapClassBasic:SapClassBasic83.dll
 0001:00013524       ?GetCounterStamp@SapBuffer@@UEAAHPEAH@Z 0000000140014524 f   SapClassBasic:SapClassBasic83.dll
 0001:0001352a       ?GetHostCounterStamp@SapBuffer@@UEAAHHPEA_K@Z 000000014001452a f   SapClassBasic:SapClassBasic83.dll
 0001:00013530       ?GetHostCounterStamp@SapBuffer@@UEAAHPEA_K@Z 0000000140014530 f   SapClassBasic:SapClassBasic83.dll
 0001:00013536       ?GetDeviceTimeStamp@SapBuffer@@UEAAHHPEA_K@Z 0000000140014536 f   SapClassBasic:SapClassBasic83.dll
 0001:0001353c       ?GetDeviceTimeStamp@SapBuffer@@UEAAHPEA_K@Z 000000014001453c f   SapClassBasic:SapClassBasic83.dll
 0001:00013542       ?GetSpaceUsed@SapBuffer@@UEAAHHPEAH@Z 0000000140014542 f   SapClassBasic:SapClassBasic83.dll
 0001:00013548       ?GetSpaceUsed@SapBuffer@@UEAAHPEAH@Z 0000000140014548 f   SapClassBasic:SapClassBasic83.dll
 0001:0001354e       ?GetHandles@SapBuffer@@UEBAPEAPEAU__CORHANDLE@@XZ 000000014001454e f   SapClassBasic:SapClassBasic83.dll
 0001:00013554       ?IsCapabilityValid@SapBuffer@@UEAAHH@Z 0000000140014554 f   SapClassBasic:SapClassBasic83.dll
 0001:0001355a       ?GetCapability@SapBuffer@@UEAAHHHPEAX@Z 000000014001455a f   SapClassBasic:SapClassBasic83.dll
 0001:00013560       ?GetCapability@SapBuffer@@UEAAHHPEAX@Z 0000000140014560 f   SapClassBasic:SapClassBasic83.dll
 0001:00013566       ?IsParameterValid@SapBuffer@@UEAAHHH@Z 0000000140014566 f   SapClassBasic:SapClassBasic83.dll
 0001:0001356c       ?IsParameterValid@SapBuffer@@UEAAHH@Z 000000014001456c f   SapClassBasic:SapClassBasic83.dll
 0001:00013572       ?GetParameter@SapBuffer@@UEAAHHHPEAX@Z 0000000140014572 f   SapClassBasic:SapClassBasic83.dll
 0001:00013578       ?GetParameter@SapBuffer@@UEAAHHPEAX@Z 0000000140014578 f   SapClassBasic:SapClassBasic83.dll
 0001:0001357e       ?SetParameter@SapBuffer@@UEAAHHHPEAX@Z 000000014001457e f   SapClassBasic:SapClassBasic83.dll
 0001:00013584       ?SetParameter@SapBuffer@@UEAAHHPEAX@Z 0000000140014584 f   SapClassBasic:SapClassBasic83.dll
 0001:0001358a       ?SetParameter@SapBuffer@@UEAAHHHH@Z 000000014001458a f   SapClassBasic:SapClassBasic83.dll
 0001:00013590       ?SetParameter@SapBuffer@@UEAAHHH@Z 0000000140014590 f   SapClassBasic:SapClassBasic83.dll
 0001:00013596       ?GetParent@SapBuffer@@UEAAPEAV1@XZ 0000000140014596 f   SapClassBasic:SapClassBasic83.dll
 0001:0001359c       ?GetRoot@SapBuffer@@UEAAPEAV1@XZ 000000014001459c f   SapClassBasic:SapClassBasic83.dll
 0001:000135a2       ?SetState@SapBuffer@@UEAAHHH@Z 00000001400145a2 f   SapClassBasic:SapClassBasic83.dll
 0001:000135a8       ?SetState@SapBuffer@@UEAAHH@Z 00000001400145a8 f   SapClassBasic:SapClassBasic83.dll
 0001:000135ae       ?SetAllState@SapBuffer@@UEAAHH@Z 00000001400145ae f   SapClassBasic:SapClassBasic83.dll
 0001:000135b4       ?GetState@SapBuffer@@UEAAHHPEAH@Z 00000001400145b4 f   SapClassBasic:SapClassBasic83.dll
 0001:000135ba       ?GetState@SapBuffer@@UEAAHPEAH@Z 00000001400145ba f   SapClassBasic:SapClassBasic83.dll
 0001:000135c0       ?GetNumPages@SapBuffer@@UEAAHPEAH@Z 00000001400145c0 f   SapClassBasic:SapClassBasic83.dll
 0001:000135c6       ?SetPage@SapBuffer@@UEAAHHH@Z 00000001400145c6 f   SapClassBasic:SapClassBasic83.dll
 0001:000135cc       ?SetPage@SapBuffer@@UEAAHH@Z 00000001400145cc f   SapClassBasic:SapClassBasic83.dll
 0001:000135d2       ?SetAllPage@SapBuffer@@UEAAHH@Z 00000001400145d2 f   SapClassBasic:SapClassBasic83.dll
 0001:000135d8       ?GetPage@SapBuffer@@UEAAHHPEAH@Z 00000001400145d8 f   SapClassBasic:SapClassBasic83.dll
 0001:000135de       ?GetPage@SapBuffer@@UEAAHPEAH@Z 00000001400145de f   SapClassBasic:SapClassBasic83.dll
 0001:000135e4       ?IsMultiFormat@SapBuffer@@UEAAHXZ 00000001400145e4 f   SapClassBasic:SapClassBasic83.dll
 0001:000135ea       ?GetPageFormat@SapBuffer@@UEAAHPEAH@Z 00000001400145ea f   SapClassBasic:SapClassBasic83.dll
 0001:000135f0       ?Clear@SapBuffer@@UEAAHHVSapData@@@Z 00000001400145f0 f   SapClassBasic:SapClassBasic83.dll
 0001:000135f6       ?Clear@SapBuffer@@UEAAHVSapData@@@Z 00000001400145f6 f   SapClassBasic:SapClassBasic83.dll
 0001:000135fc       ?Clear@SapBuffer@@UEAAHH@Z 00000001400145fc f   SapClassBasic:SapClassBasic83.dll
 0001:00013602       ?Clear@SapBuffer@@UEAAHXZ  0000000140014602 f   SapClassBasic:SapClassBasic83.dll
 0001:00013608       ?Load@SapBuffer@@UEAAHPEBD0HH@Z 0000000140014608 f   SapClassBasic:SapClassBasic83.dll
 0001:0001360e       ?Load@SapBuffer@@UEAAHPEBDHHH0@Z 000000014001460e f   SapClassBasic:SapClassBasic83.dll
 0001:00013614       ?Save@SapBuffer@@UEAAHPEBD0HH@Z 0000000140014614 f   SapClassBasic:SapClassBasic83.dll
 0001:0001361a       ?Read@SapBuffer@@UEAAHH_KHPEAX@Z 000000014001461a f   SapClassBasic:SapClassBasic83.dll
 0001:00013620       ?Read@SapBuffer@@UEAAH_KHPEAX@Z 0000000140014620 f   SapClassBasic:SapClassBasic83.dll
 0001:00013626       ?ReadElement@SapBuffer@@UEAAHHHPEAH00@Z 0000000140014626 f   SapClassBasic:SapClassBasic83.dll
 0001:0001362c       ?ReadElement@SapBuffer@@UEAAHHHHPEAVSapData@@@Z 000000014001462c f   SapClassBasic:SapClassBasic83.dll
 0001:00013632       ?ReadElement@SapBuffer@@UEAAHHHPEAVSapData@@@Z 0000000140014632 f   SapClassBasic:SapClassBasic83.dll
 0001:00013638       ?ReadElement@SapBuffer@@UEAAHHHHPEAX@Z 0000000140014638 f   SapClassBasic:SapClassBasic83.dll
 0001:0001363e       ?ReadElement@SapBuffer@@UEAAHHHPEAX@Z 000000014001463e f   SapClassBasic:SapClassBasic83.dll
 0001:00013644       ?ReadLine@SapBuffer@@UEAAHHHHHHPEAXPEAH@Z 0000000140014644 f   SapClassBasic:SapClassBasic83.dll
 0001:0001364a       ?ReadLine@SapBuffer@@UEAAHHHHHPEAXPEAH@Z 000000014001464a f   SapClassBasic:SapClassBasic83.dll
 0001:00013650       ?ReadRect@SapBuffer@@UEAAHHHHHHPEAX@Z 0000000140014650 f   SapClassBasic:SapClassBasic83.dll
 0001:00013656       ?ReadRect@SapBuffer@@UEAAHHHHHPEAX@Z 0000000140014656 f   SapClassBasic:SapClassBasic83.dll
 0001:0001365c       ?Write@SapBuffer@@UEAAHH_KHPEBX@Z 000000014001465c f   SapClassBasic:SapClassBasic83.dll
 0001:00013662       ?Write@SapBuffer@@UEAAH_KHPEBX@Z 0000000140014662 f   SapClassBasic:SapClassBasic83.dll
 0001:00013668       ?WriteElement@SapBuffer@@UEAAHHHHVSapData@@@Z 0000000140014668 f   SapClassBasic:SapClassBasic83.dll
 0001:0001366e       ?WriteElement@SapBuffer@@UEAAHHHVSapData@@@Z 000000014001466e f   SapClassBasic:SapClassBasic83.dll
 0001:00013674       ?WriteElement@SapBuffer@@UEAAHHHHPEBX@Z 0000000140014674 f   SapClassBasic:SapClassBasic83.dll
 0001:0001367a       ?WriteElement@SapBuffer@@UEAAHHHPEBX@Z 000000014001467a f   SapClassBasic:SapClassBasic83.dll
 0001:00013680       ?WriteLine@SapBuffer@@UEAAHHHHHHPEBXPEAH@Z 0000000140014680 f   SapClassBasic:SapClassBasic83.dll
 0001:00013686       ?WriteLine@SapBuffer@@UEAAHHHHHPEBXPEAH@Z 0000000140014686 f   SapClassBasic:SapClassBasic83.dll
 0001:0001368c       ?WriteRect@SapBuffer@@UEAAHHHHHHPEBX@Z 000000014001468c f   SapClassBasic:SapClassBasic83.dll
 0001:00013692       ?WriteRect@SapBuffer@@UEAAHHHHHPEBX@Z 0000000140014692 f   SapClassBasic:SapClassBasic83.dll
 0001:00013698       ?Copy@SapBuffer@@UEAAHPEAV1@HH@Z 0000000140014698 f   SapClassBasic:SapClassBasic83.dll
 0001:0001369e       ?Copy@SapBuffer@@UEAAHPEAV1@@Z 000000014001469e f   SapClassBasic:SapClassBasic83.dll
 0001:000136a4       ?CopyAll@SapBuffer@@UEAAHPEAV1@@Z 00000001400146a4 f   SapClassBasic:SapClassBasic83.dll
 0001:000136aa       ?CopyRect@SapBuffer@@UEAAHPEAV1@HHHHHHHH@Z 00000001400146aa f   SapClassBasic:SapClassBasic83.dll
 0001:000136b0       ?ColorConvert@SapBuffer@@UEAAHPEAV1@HHHHVSapDataFRGB@@PEAVSapLut@@@Z 00000001400146b0 f   SapClassBasic:SapClassBasic83.dll
 0001:000136b6       ?ColorConvert@SapBuffer@@UEAAHPEAV1@HHVSapDataFRGB@@PEAVSapLut@@@Z 00000001400146b6 f   SapClassBasic:SapClassBasic83.dll
 0001:000136bc       ?ColorWhiteBalance@SapBuffer@@UEAAHHHPEAVSapDataFRGB@@@Z 00000001400146bc f   SapClassBasic:SapClassBasic83.dll
 0001:000136c2       ?ColorWhiteBalance@SapBuffer@@UEAAHHPEAVSapDataFRGB@@@Z 00000001400146c2 f   SapClassBasic:SapClassBasic83.dll
 0001:000136c8       ?SplitComponents@SapBuffer@@UEAAHQEAPEAV1@HH@Z 00000001400146c8 f   SapClassBasic:SapClassBasic83.dll
 0001:000136ce       ?SplitComponents@SapBuffer@@UEAAHQEAPEAV1@H@Z 00000001400146ce f   SapClassBasic:SapClassBasic83.dll
 0001:000136d4       ?SplitComponents@SapBuffer@@UEAAHPEAV1@00H@Z 00000001400146d4 f   SapClassBasic:SapClassBasic83.dll
 0001:000136da       ?SplitComponents@SapBuffer@@UEAAHPEAV1@00@Z 00000001400146da f   SapClassBasic:SapClassBasic83.dll
 0001:000136e0       ?SplitComponents@SapBuffer@@UEAAHPEAV1@H@Z 00000001400146e0 f   SapClassBasic:SapClassBasic83.dll
 0001:000136e6       ?SplitComponents@SapBuffer@@UEAAHPEAV1@@Z 00000001400146e6 f   SapClassBasic:SapClassBasic83.dll
 0001:000136ec       ?MergeComponents@SapBuffer@@UEAAHQEAPEAV1@HH@Z 00000001400146ec f   SapClassBasic:SapClassBasic83.dll
 0001:000136f2       ?MergeComponents@SapBuffer@@UEAAHQEAPEAV1@H@Z 00000001400146f2 f   SapClassBasic:SapClassBasic83.dll
 0001:000136f8       ?MergeComponents@SapBuffer@@UEAAHPEAV1@00H@Z 00000001400146f8 f   SapClassBasic:SapClassBasic83.dll
 0001:000136fe       ?MergeComponents@SapBuffer@@UEAAHPEAV1@00@Z 00000001400146fe f   SapClassBasic:SapClassBasic83.dll
 0001:00013704       ?MergeComponents@SapBuffer@@UEAAHPEAV1@H@Z 0000000140014704 f   SapClassBasic:SapClassBasic83.dll
 0001:0001370a       ?MergeComponents@SapBuffer@@UEAAHPEAV1@@Z 000000014001470a f   SapClassBasic:SapClassBasic83.dll
 0001:00013710       ?Register@SapBuffer@@UEAAHPEBD@Z 0000000140014710 f   SapClassBasic:SapClassBasic83.dll
 0001:00013716       ?Unregister@SapBuffer@@UEAAHXZ 0000000140014716 f   SapClassBasic:SapClassBasic83.dll
 0001:0001371c       ?GetNumRoi@SapBuffer@@UEBAHXZ 000000014001471c f   SapClassBasic:SapClassBasic83.dll
 0001:00013722       ?GetRoi@SapBuffer@@UEBAQEAUtagRECT@@H@Z 0000000140014722 f   SapClassBasic:SapClassBasic83.dll
 0001:00013728       ?AddRoi@SapBuffer@@UEAAHUtagRECT@@@Z 0000000140014728 f   SapClassBasic:SapClassBasic83.dll
 0001:0001372e       ?RemoveAllRoi@SapBuffer@@UEAAHXZ 000000014001472e f   SapClassBasic:SapClassBasic83.dll
 0001:00013734       ?GetChild@SapBuffer@@UEBAPEAU__CORHANDLE@@HH@Z 0000000140014734 f   SapClassBasic:SapClassBasic83.dll
 0001:0001373a       ?BayerConvert@SapBuffer@@UEAAHPEAV1@HHHHVSapDataFRGB@@PEAVSapLut@@@Z 000000014001473a f   SapClassBasic:SapClassBasic83.dll
 0001:00013740       ?BayerConvert@SapBuffer@@UEAAHPEAV1@HHVSapDataFRGB@@PEAVSapLut@@@Z 0000000140014740 f   SapClassBasic:SapClassBasic83.dll
 0001:00013746       ?BayerWhiteBalance@SapBuffer@@UEAAHHHPEAVSapDataFRGB@@@Z 0000000140014746 f   SapClassBasic:SapClassBasic83.dll
 0001:0001374c       ?BayerWhiteBalance@SapBuffer@@UEAAHHPEAVSapDataFRGB@@@Z 000000014001474c f   SapClassBasic:SapClassBasic83.dll
 0001:00013752       ?Construct@SapBuffer@@MEAAXPEBDPEAVSapDisplay@@@Z 0000000140014752 f   SapClassBasic:SapClassBasic83.dll
 0001:00013758       ?GetTrashType@SapBufferWithTrash@@UEAAHXZ 0000000140014758 f   SapClassBasic:SapClassBasic83.dll
 0001:0001375e       ?SetTrashType@SapBufferWithTrash@@UEAAHH@Z 000000014001475e f   SapClassBasic:SapClassBasic83.dll
 0001:00013764       ?Construct@SapBufferWithTrash@@MEAAXXZ 0000000140014764 f   SapClassBasic:SapClassBasic83.dll
 0001:0001376a       ?Create@SapTransfer@@UEAAHXZ 000000014001476a f   SapClassBasic:SapClassBasic83.dll
 0001:00013770       ?Destroy@SapTransfer@@UEAAHXZ 0000000140014770 f   SapClassBasic:SapClassBasic83.dll
 0001:00013776       ?Connect@SapTransfer@@UEAAHXZ 0000000140014776 f   SapClassBasic:SapClassBasic83.dll
 0001:0001377c       ?Disconnect@SapTransfer@@UEAAHXZ 000000014001477c f   SapClassBasic:SapClassBasic83.dll
 0001:00013782       ?GetHandle@SapTransfer@@UEBAPEAU__CORHANDLE@@XZ 0000000140014782 f   SapClassBasic:SapClassBasic83.dll
 0001:00013788       ?GetCallback@SapTransfer@@UEBAP6AXPEAVSapXferCallbackInfo@@@ZXZ 0000000140014788 f   SapClassBasic:SapClassBasic83.dll
 0001:0001378e       ?GetTrashCallback@SapTransfer@@UEBAP6AXPEAVSapXferCallbackInfo@@@ZXZ 000000014001478e f   SapClassBasic:SapClassBasic83.dll
 0001:00013794       ?GetContext@SapTransfer@@UEBAPEAXXZ 0000000140014794 f   SapClassBasic:SapClassBasic83.dll
 0001:0001379a       ?IsGrabbing@SapTransfer@@UEBAHXZ 000000014001479a f   SapClassBasic:SapClassBasic83.dll
 0001:000137a0       ?IsAutoEmpty@SapTransfer@@UEBAHXZ 00000001400147a0 f   SapClassBasic:SapClassBasic83.dll
 0001:000137a6       ?IsAutoConnect@SapTransfer@@UEBAHXZ 00000001400147a6 f   SapClassBasic:SapClassBasic83.dll
 0001:000137ac       ?IsConnected@SapTransfer@@UEBAHXZ 00000001400147ac f   SapClassBasic:SapClassBasic83.dll
 0001:000137b2       ?GetStartMode@SapTransfer@@UEBAHXZ 00000001400147b2 f   SapClassBasic:SapClassBasic83.dll
 0001:000137b8       ?IsCycleModeAvailable@SapTransfer@@UEAAHHH@Z 00000001400147b8 f   SapClassBasic:SapClassBasic83.dll
 0001:000137be       ?GetConnectTimeout@SapTransfer@@UEBAHXZ 00000001400147be f   SapClassBasic:SapClassBasic83.dll
 0001:000137c4       ?SetCallbackInfo@SapTransfer@@UEAAHPEAVSapXferPair@@@Z 00000001400147c4 f   SapClassBasic:SapClassBasic83.dll
 0001:000137ca       ?SetCallbackInfo@SapTransfer@@UEAAHP6AXPEAVSapXferCallbackInfo@@@ZPEAX@Z 00000001400147ca f   SapClassBasic:SapClassBasic83.dll
 0001:000137d0       ?SetTrashCallbackInfo@SapTransfer@@UEAAHPEAVSapXferPair@@@Z 00000001400147d0 f   SapClassBasic:SapClassBasic83.dll
 0001:000137d6       ?SetTrashCallbackInfo@SapTransfer@@UEAAHP6AXPEAVSapXferCallbackInfo@@@Z@Z 00000001400147d6 f   SapClassBasic:SapClassBasic83.dll
 0001:000137dc       ?SetAutoEmpty@SapTransfer@@UEAAXH@Z 00000001400147dc f   SapClassBasic:SapClassBasic83.dll
 0001:000137e2       ?SetAutoConnect@SapTransfer@@UEAAXH@Z 00000001400147e2 f   SapClassBasic:SapClassBasic83.dll
 0001:000137e8       ?IsCapabilityValid@SapTransfer@@UEAAHH@Z 00000001400147e8 f   SapClassBasic:SapClassBasic83.dll
 0001:000137ee       ?IsParameterValid@SapTransfer@@UEAAHH@Z 00000001400147ee f   SapClassBasic:SapClassBasic83.dll
 0001:000137f4       ?GetCapability@SapTransfer@@UEAAHHPEAX@Z 00000001400147f4 f   SapClassBasic:SapClassBasic83.dll
 0001:000137fa       ?GetParameter@SapTransfer@@UEAAHHPEAX@Z 00000001400147fa f   SapClassBasic:SapClassBasic83.dll
 0001:00013800       ?SetParameter@SapTransfer@@UEAAHHPEAX@Z 0000000140014800 f   SapClassBasic:SapClassBasic83.dll
 0001:00013806       ?SetParameter@SapTransfer@@UEAAHHH@Z 0000000140014806 f   SapClassBasic:SapClassBasic83.dll
 0001:0001380c       ?Select@SapTransfer@@UEAAHPEAVSapXferPair@@HH@Z 000000014001480c f   SapClassBasic:SapClassBasic83.dll
 0001:00013812       ?Select@SapTransfer@@UEAAHHHH@Z 0000000140014812 f   SapClassBasic:SapClassBasic83.dll
 0001:00013818       ?SetStartMode@SapTransfer@@MEAAHXZ 0000000140014818 f   SapClassBasic:SapClassBasic83.dll
 0001:0001381e       ?SetStartMode@SapTransfer@@UEAAHH@Z 000000014001481e f   SapClassBasic:SapClassBasic83.dll
 0001:00013824       ?SetConnectTimeout@SapTransfer@@UEAAHH@Z 0000000140014824 f   SapClassBasic:SapClassBasic83.dll
 0001:0001382a       ?UpdateFrameRateStatistics@SapAcqDeviceToBuf@@UEAAHXZ 000000014001482a f   SapClassBasic:SapClassBasic83.dll
 0001:00013830       ?SetEventType@SapTransfer@@UEAAHPEAVSapXferPair@@@Z 0000000140014830 f   SapClassBasic:SapClassBasic83.dll
 0001:00013836       ?SetEventCountSource@SapTransfer@@UEAAHPEAVSapXferPair@@@Z 0000000140014836 f   SapClassBasic:SapClassBasic83.dll
 0001:0001383c       ?SetCycleMode@SapTransfer@@UEAAHPEAVSapXferPair@@@Z 000000014001483c f   SapClassBasic:SapClassBasic83.dll
 0001:00013842       ?SetFlipMode@SapTransfer@@UEAAHPEAVSapXferPair@@@Z 0000000140014842 f   SapClassBasic:SapClassBasic83.dll
 0001:00013848       ?SetCounterStampTimeBase@SapTransfer@@UEAAHPEAVSapXferPair@@@Z 0000000140014848 f   SapClassBasic:SapClassBasic83.dll
 0001:0001384e       ?SetFlatFieldCycleMode@SapTransfer@@UEAAHPEAVSapXferPair@@@Z 000000014001484e f   SapClassBasic:SapClassBasic83.dll
 0001:00013854       ?SetDynamicLutCycleMode@SapTransfer@@UEAAHPEAVSapXferPair@@@Z 0000000140014854 f   SapClassBasic:SapClassBasic83.dll
 0001:0001385a       ?SetFramesPerCallback@SapTransfer@@UEAAHPEAVSapXferPair@@@Z 000000014001485a f   SapClassBasic:SapClassBasic83.dll
 0001:00013860       ?SetFramesOnBoard@SapTransfer@@UEAAHPEAVSapXferPair@@@Z 0000000140014860 f   SapClassBasic:SapClassBasic83.dll
 0001:00013866       ?SetRelativeBufferIndex@SapTransfer@@UEAAHPEAVSapXferPair@@@Z 0000000140014866 f   SapClassBasic:SapClassBasic83.dll
 0001:0001386c       ?SetNbInputFrames@SapTransfer@@UEAAHPEAVSapXferPair@@@Z 000000014001486c f   SapClassBasic:SapClassBasic83.dll
 0001:00013872       ?SetNbOutputFrames@SapTransfer@@UEAAHPEAVSapXferPair@@@Z 0000000140014872 f   SapClassBasic:SapClassBasic83.dll
 0001:00013878       ?RegisterCallback@SapTransfer@@UEAAHHP6AXPEAVSapXferCallbackInfo@@@ZPEAXI@Z 0000000140014878 f   SapClassBasic:SapClassBasic83.dll
 0001:0001387e       ?UnregisterCallback@SapTransfer@@UEAAHXZ 000000014001487e f   SapClassBasic:SapClassBasic83.dll
 0001:00013884       ?UpdateParameters@SapTransfer@@UEAAHXZ 0000000140014884 f   SapClassBasic:SapClassBasic83.dll
 0001:0001388a       ?Snap@SapTransfer@@UEAAHH@Z 000000014001488a f   SapClassBasic:SapClassBasic83.dll
 0001:00013890       ?Grab@SapTransfer@@UEAAHXZ 0000000140014890 f   SapClassBasic:SapClassBasic83.dll
 0001:00013896       ?Freeze@SapTransfer@@UEAAHXZ 0000000140014896 f   SapClassBasic:SapClassBasic83.dll
 0001:0001389c       ?Abort@SapTransfer@@UEAAHXZ 000000014001489c f   SapClassBasic:SapClassBasic83.dll
 0001:000138a2       ?Wait@SapTransfer@@UEAAHH@Z 00000001400148a2 f   SapClassBasic:SapClassBasic83.dll
 0001:000138a8       ?Init@SapTransfer@@UEAAHH@Z 00000001400148a8 f   SapClassBasic:SapClassBasic83.dll
 0001:000138ae       ?XferIsCycleModeAvailable@SapTransfer@@MEAAHPEAVSapXferPair@@H@Z 00000001400148ae f   SapClassBasic:SapClassBasic83.dll
 0001:000138b4       ?CreatePair@SapTransfer@@MEAAHH@Z 00000001400148b4 f   SapClassBasic:SapClassBasic83.dll
 0001:000138ba       ?DestroyPair@SapTransfer@@MEAAHH@Z 00000001400148ba f   SapClassBasic:SapClassBasic83.dll
 0001:000138c0       ?GetCapabilities@SapTransfer@@MEAAHH@Z 00000001400148c0 f   SapClassBasic:SapClassBasic83.dll
 0001:000138c6       ?SetParameters@SapTransfer@@MEAAHXZ 00000001400148c6 f   SapClassBasic:SapClassBasic83.dll
 0001:000138cc       ?SetParameters@SapTransfer@@MEAAHH@Z 00000001400148cc f   SapClassBasic:SapClassBasic83.dll
 0001:000138d2       ?FindPairIndex@SapTransfer@@MEAAHPEAVSapXferPair@@PEAH@Z 00000001400148d2 f   SapClassBasic:SapClassBasic83.dll
 0001:000138d8       ?Create@SapView@@UEAAHXZ   00000001400148d8 f   SapClassBasic:SapClassBasic83.dll
 0001:000138de       ?Destroy@SapView@@UEAAHXZ  00000001400148de f   SapClassBasic:SapClassBasic83.dll
 0001:000138e4       ?GetHandle@SapView@@UEBAPEAU__CORHANDLE@@H@Z 00000001400148e4 f   SapClassBasic:SapClassBasic83.dll
 0001:000138ea       ?GetHandle@SapView@@UEBAPEAU__CORHANDLE@@XZ 00000001400148ea f   SapClassBasic:SapClassBasic83.dll
 0001:000138f0       ?IsAutoEmpty@SapView@@UEBAHXZ 00000001400148f0 f   SapClassBasic:SapClassBasic83.dll
 0001:000138f6       ?SetDisplay@SapView@@UEAAHPEAVSapDisplay@@@Z 00000001400148f6 f   SapClassBasic:SapClassBasic83.dll
 0001:000138fc       ?SetBuffer@SapView@@UEAAHPEAVSapBuffer@@@Z 00000001400148fc f   SapClassBasic:SapClassBasic83.dll
 0001:00013902       ?SetWindow@SapView@@UEAAHPEAUHWND__@@@Z 0000000140014902 f   SapClassBasic:SapClassBasic83.dll
 0001:00013908       ?SetCallbackInfo@SapView@@UEAAHP6AXPEAVSapViewCallbackInfo@@@ZPEAX@Z 0000000140014908 f   SapClassBasic:SapClassBasic83.dll
 0001:0001390e       ?GetWidth@SapView@@UEAAHXZ 000000014001490e f   SapClassBasic:SapClassBasic83.dll
 0001:00013914       ?GetHeight@SapView@@UEAAHXZ 0000000140014914 f   SapClassBasic:SapClassBasic83.dll
 0001:0001391a       ?GetViewArea@SapView@@UEAAHPEAH0@Z 000000014001491a f   SapClassBasic:SapClassBasic83.dll
 0001:00013920       ?IsCapabilityValid@SapView@@UEAAHH@Z 0000000140014920 f   SapClassBasic:SapClassBasic83.dll
 0001:00013926       ?GetCapability@SapView@@UEAAHHPEAX@Z 0000000140014926 f   SapClassBasic:SapClassBasic83.dll
 0001:0001392c       ?IsParameterValid@SapView@@UEAAHH@Z 000000014001492c f   SapClassBasic:SapClassBasic83.dll
 0001:00013932       ?GetParameter@SapView@@UEAAHHPEAX@Z 0000000140014932 f   SapClassBasic:SapClassBasic83.dll
 0001:00013938       ?SetParameter@SapView@@UEAAHHPEAX@Z 0000000140014938 f   SapClassBasic:SapClassBasic83.dll
 0001:0001393e       ?SetParameter@SapView@@UEAAHHH@Z 000000014001493e f   SapClassBasic:SapClassBasic83.dll
 0001:00013944       ?SetWindowTitle@SapView@@UEAAHPEBD@Z 0000000140014944 f   SapClassBasic:SapClassBasic83.dll
 0001:0001394a       ?GetWindowTitle@SapView@@UEAAHPEAD@Z 000000014001494a f   SapClassBasic:SapClassBasic83.dll
 0001:00013950       ?SetOverlayMode@SapView@@UEAAHH@Z 0000000140014950 f   SapClassBasic:SapClassBasic83.dll
 0001:00013956       ?SetKeyColor@SapView@@MEAAHXZ 0000000140014956 f   SapClassBasic:SapClassBasic83.dll
 0001:0001395c       ?SetKeyColor@SapView@@UEAAHVSapDataRGB@@@Z 000000014001495c f   SapClassBasic:SapClassBasic83.dll
 0001:00013962       ?GetDC@SapView@@UEAAHPEAPEAUHDC__@@@Z 0000000140014962 f   SapClassBasic:SapClassBasic83.dll
 0001:00013968       ?ReleaseDC@SapView@@UEAAHXZ 0000000140014968 f   SapClassBasic:SapClassBasic83.dll
 0001:0001396e       ?Init@SapView@@UEAAXXZ     000000014001496e f   SapClassBasic:SapClassBasic83.dll
 0001:00013974       ?Show@SapView@@UEAAXH@Z    0000000140014974 f   SapClassBasic:SapClassBasic83.dll
 0001:0001397a       ?Show@SapView@@UEAAXXZ     000000014001497a f   SapClassBasic:SapClassBasic83.dll
 0001:00013980       ?ShowNext@SapView@@UEAAXXZ 0000000140014980 f   SapClassBasic:SapClassBasic83.dll
 0001:00013986       ?Hide@SapView@@UEAAXXZ     0000000140014986 f   SapClassBasic:SapClassBasic83.dll
 0001:0001398c       ?HasRange@SapView@@UEAAHXZ 000000014001498c f   SapClassBasic:SapClassBasic83.dll
 0001:00013992       ?GetRange@SapView@@UEAAHXZ 0000000140014992 f   SapClassBasic:SapClassBasic83.dll
 0001:00013998       ?GetRangeMinMax@SapView@@UEAAXPEAH0@Z 0000000140014998 f   SapClassBasic:SapClassBasic83.dll
 0001:0001399e       ?SetRange@SapView@@UEAAHH@Z 000000014001499e f   SapClassBasic:SapClassBasic83.dll
 0001:000139a4       ?SetScalingMode@SapView@@UEAAHAEBVSapViewScaleParams@@0H@Z 00000001400149a4 f   SapClassBasic:SapClassBasic83.dll
 0001:000139aa       ?SetScalingMode@SapView@@UEAAHMMH@Z 00000001400149aa f   SapClassBasic:SapClassBasic83.dll
 0001:000139b0       ?SetScalingMode@SapView@@UEAAHW4ScalingMode@1@HH@Z 00000001400149b0 f   SapClassBasic:SapClassBasic83.dll
 0001:000139b6       ?SetAutoEmpty@SapView@@UEAAXH@Z 00000001400149b6 f   SapClassBasic:SapClassBasic83.dll
 0001:000139bc       ?SetImmediateMode@SapView@@UEAAXH@Z 00000001400149bc f   SapClassBasic:SapClassBasic83.dll
 0001:000139c2       ?SetThreadPriority@SapView@@UEAAXH@Z 00000001400149c2 f   SapClassBasic:SapClassBasic83.dll
 0001:000139c8       ?ApplyLut@SapView@@UEAAHXZ 00000001400149c8 f   SapClassBasic:SapClassBasic83.dll
 0001:000139ce       ?OnPaint@SapView@@UEAAXXZ  00000001400149ce f   SapClassBasic:SapClassBasic83.dll
 0001:000139d4       ?OnMove@SapView@@UEAAXXZ   00000001400149d4 f   SapClassBasic:SapClassBasic83.dll
 0001:000139da       ?OnSize@SapView@@UEAAXH@Z  00000001400149da f   SapClassBasic:SapClassBasic83.dll
 0001:000139e0       ?OnHScroll@SapView@@UEAAXH@Z 00000001400149e0 f   SapClassBasic:SapClassBasic83.dll
 0001:000139e6       ?OnVScroll@SapView@@UEAAXH@Z 00000001400149e6 f   SapClassBasic:SapClassBasic83.dll
 0001:000139ec       ?GetHandles@SapView@@UEBAPEAPEAU__CORHANDLE@@XZ 00000001400149ec f   SapClassBasic:SapClassBasic83.dll
 0001:000139f2       ??ASapView@@UEBAPEAU__CORHANDLE@@H@Z 00000001400149f2 f   SapClassBasic:SapClassBasic83.dll
 0001:000139f8       ?SetBuffers@SapView@@UEAAHPEAVSapBuffer@@@Z 00000001400149f8 f   SapClassBasic:SapClassBasic83.dll
 0001:000139fe       ?DoShow@SapView@@MEAAXXZ   00000001400149fe f   SapClassBasic:SapClassBasic83.dll
 0001:00013a04       ?Next@SapView@@MEAAXXZ     0000000140014a04 f   SapClassBasic:SapClassBasic83.dll
 0001:00013a0a       ?SetScrollPosAndRange@SapView@@MEAAXXZ 0000000140014a0a f   SapClassBasic:SapClassBasic83.dll
 0001:00013a10       ?LoadLut@SapView@@MEAAHXZ  0000000140014a10 f   SapClassBasic:SapClassBasic83.dll
 0001:00013a16       ??1SapAcqDeviceToBuf@@UEAA@XZ 0000000140014a16 f   SapClassBasic:SapClassBasic83.dll
 0001:00013a1c       ??1SapAcqDevice@@UEAA@XZ   0000000140014a1c f   SapClassBasic:SapClassBasic83.dll
 0001:00013a22       ??1SapBufferWithTrash@@UEAA@XZ 0000000140014a22 f   SapClassBasic:SapClassBasic83.dll
 0001:00013a28       ??1SapView@@UEAA@XZ        0000000140014a28 f   SapClassBasic:SapClassBasic83.dll
 0001:00013a2e       ?SetCycleMode@SapXferPair@@QEAAHH@Z 0000000140014a2e f   SapClassBasic:SapClassBasic83.dll
 0001:00013a34       ?GetPair@SapTransfer@@QEAAPEAVSapXferPair@@H@Z 0000000140014a34 f   SapClassBasic:SapClassBasic83.dll
 0001:00013a3a       ??BSapManager@@QEBAHXZ     0000000140014a3a f   SapClassBasic:SapClassBasic83.dll
 0001:00013a40       ?GetBuffer@SapView@@QEBAPEAVSapBuffer@@XZ 0000000140014a40 f   SapClassBasic:SapClassBasic83.dll
 0001:00013a46       ??1CImageExWnd@@UEAA@XZ    0000000140014a46 f   SapClassGuiD:SapClassGui83D.NET_2010.dll
 0001:00013a4c       ??0CImageExWnd@@QEAA@XZ    0000000140014a4c f   SapClassGuiD:SapClassGui83D.NET_2010.dll
 0001:00013a52       ??0CImageExWndEventHandler@@QEAA@XZ 0000000140014a52 f   SapClassGuiD:SapClassGui83D.NET_2010.dll
 0001:00013a58       ?ScaleChanged@CImageViewportWndEventHandler@@UEAAXXZ 0000000140014a58 f   SapClassGuiD:SapClassGui83D.NET_2010.dll
 0001:00013a5e       ?RoiChanged@CImageViewportWndEventHandler@@UEAAXXZ 0000000140014a5e f   SapClassGuiD:SapClassGui83D.NET_2010.dll
 0001:00013a64       ?ViewChanged@CImageViewportWndEventHandler@@UEAAXXZ 0000000140014a64 f   SapClassGuiD:SapClassGui83D.NET_2010.dll
 0001:00013a6a       ?MarkerChanged@CImageExWndEventHandler@@UEAAXXZ 0000000140014a6a f   SapClassGuiD:SapClassGui83D.NET_2010.dll
 0001:00013a70       ?InteractiveMarkerChanged@CImageExWndEventHandler@@UEAAXH@Z 0000000140014a70 f   SapClassGuiD:SapClassGui83D.NET_2010.dll
 0001:00013a76       ?GetPixelString@CImageExWnd@@QEBA?AV?$CStringT@DV?$StrTraitMFC_DLL@DV?$ChTraitsCRT@D@ATL@@@@@ATL@@VCPoint@@@Z 0000000140014a76 f   SapClassGuiD:SapClassGui83D.NET_2010.dll
 0001:00013a7c       ?Reset@CImageExWnd@@QEAAXXZ 0000000140014a7c f   SapClassGuiD:SapClassGui83D.NET_2010.dll
 0001:00013a82       ?AttachSapView@CImageExWnd@@QEAA_NPEAVSapView@@@Z 0000000140014a82 f   SapClassGuiD:SapClassGui83D.NET_2010.dll
 0001:00013a88       ??1CViewDlg@@UEAA@XZ       0000000140014a88 f   SapClassGuiD:SapClassGui83D.NET_2010.dll
 0001:00013a8e       ?Refresh@CImageExWnd@@QEAAXXZ 0000000140014a8e f   SapClassGuiD:SapClassGui83D.NET_2010.dll
 0001:00013a94       ??0CViewDlg@@QEAA@PEAVCWnd@@PEAVSapView@@@Z 0000000140014a94 f   SapClassGuiD:SapClassGui83D.NET_2010.dll
 0001:00013a9a       ??1CAbortDlg@@UEAA@XZ      0000000140014a9a f   SapClassGuiD:SapClassGui83D.NET_2010.dll
 0001:00013aa0       ??0CAbortDlg@@QEAA@PEAVCWnd@@PEAVSapTransfer@@H@Z 0000000140014aa0 f   SapClassGuiD:SapClassGui83D.NET_2010.dll
 0001:00013aa6       ZLBSaveImage               0000000140014aa6 f   ZLBImage:ZLBImage.dll
 0001:00013aac       ZLBCreateDirectory         0000000140014aac f   ZLBCommon:ZLBCommon.dll
 0001:00013ab2       ZLBGetFormatTime           0000000140014ab2 f   ZLBCommon:ZLBCommon.dll
 0001:00013ab8       ZLBIsPathExist             0000000140014ab8 f   ZLBCommon:ZLBCommon.dll
 0001:00013abe       ZLBIniReadDouble           0000000140014abe f   ZLBCommon:ZLBCommon.dll
 0001:00013ac4       ZLBIniReadString           0000000140014ac4 f   ZLBCommon:ZLBCommon.dll
 0001:00013aca       ZLBIniReadInt              0000000140014aca f   ZLBCommon:ZLBCommon.dll
 0001:00013ad0       ZLBIniFile                 0000000140014ad0 f   ZLBCommon:ZLBCommon.dll
 0001:00013ad6       ZLBGetCurrentPath          0000000140014ad6 f   ZLBCommon:ZLBCommon.dll
 0001:00013adc       ??3@YAXPEAX@Z              0000000140014adc f   mfc100d:mfc100d.dll
 0001:00013ae2       ?GetThisMessageMap@CWinApp@@KAPEBUAFX_MSGMAP@@XZ 0000000140014ae2 f   mfc100d:mfc100d.dll
 0001:00013ae8       ??0CWinApp@@QEAA@PEBD@Z    0000000140014ae8 f   mfc100d:mfc100d.dll
 0001:00013aee       ?GetRuntimeClass@CWinApp@@UEBAPEAUCRuntimeClass@@XZ 0000000140014aee f   mfc100d:mfc100d.dll
 0001:00013af4       ?Serialize@CObject@@UEAAXAEAVCArchive@@@Z 0000000140014af4 f   mfc100d:mfc100d.dll
 0001:00013afa       ?AssertValid@CWinApp@@UEBAXXZ 0000000140014afa f   mfc100d:mfc100d.dll
 0001:00013b00       ?Dump@CWinApp@@UEBAXAEAVCDumpContext@@@Z 0000000140014b00 f   mfc100d:mfc100d.dll
 0001:00013b06       ?OnCmdMsg@CCmdTarget@@UEAAHIHPEAXPEAUAFX_CMDHANDLERINFO@@@Z 0000000140014b06 f   mfc100d:mfc100d.dll
 0001:00013b0c       ?OnFinalRelease@CCmdTarget@@UEAAXXZ 0000000140014b0c f   mfc100d:mfc100d.dll
 0001:00013b12       ?IsInvokeAllowed@CCmdTarget@@UEAAHJ@Z 0000000140014b12 f   mfc100d:mfc100d.dll
 0001:00013b18       ?GetDispatchIID@CCmdTarget@@UEAAHPEAU_GUID@@@Z 0000000140014b18 f   mfc100d:mfc100d.dll
 0001:00013b1e       ?GetTypeInfoCount@CCmdTarget@@UEAAIXZ 0000000140014b1e f   mfc100d:mfc100d.dll
 0001:00013b24       ?GetTypeLibCache@CCmdTarget@@UEAAPEAVCTypeLibCache@@XZ 0000000140014b24 f   mfc100d:mfc100d.dll
 0001:00013b2a       ?GetTypeLib@CCmdTarget@@UEAAJKPEAPEAUITypeLib@@@Z 0000000140014b2a f   mfc100d:mfc100d.dll
 0001:00013b30       ?GetCommandMap@CCmdTarget@@MEBAPEBUAFX_OLECMDMAP@@XZ 0000000140014b30 f   mfc100d:mfc100d.dll
 0001:00013b36       ?GetDispatchMap@CCmdTarget@@MEBAPEBUAFX_DISPMAP@@XZ 0000000140014b36 f   mfc100d:mfc100d.dll
 0001:00013b3c       ?GetConnectionMap@CCmdTarget@@MEBAPEBUAFX_CONNECTIONMAP@@XZ 0000000140014b3c f   mfc100d:mfc100d.dll
 0001:00013b42       ?GetInterfaceMap@CCmdTarget@@MEBAPEBUAFX_INTERFACEMAP@@XZ 0000000140014b42 f   mfc100d:mfc100d.dll
 0001:00013b48       ?GetEventSinkMap@CCmdTarget@@MEBAPEBUAFX_EVENTSINKMAP@@XZ 0000000140014b48 f   mfc100d:mfc100d.dll
 0001:00013b4e       ?OnCreateAggregates@CCmdTarget@@UEAAHXZ 0000000140014b4e f   mfc100d:mfc100d.dll
 0001:00013b54       ?GetInterfaceHook@CCmdTarget@@UEAAPEAUIUnknown@@PEBX@Z 0000000140014b54 f   mfc100d:mfc100d.dll
 0001:00013b5a       ?GetExtraConnectionPoints@CCmdTarget@@MEAAHPEAVCPtrArray@@@Z 0000000140014b5a f   mfc100d:mfc100d.dll
 0001:00013b60       ?GetConnectionHook@CCmdTarget@@MEAAPEAUIConnectionPoint@@AEBU_GUID@@@Z 0000000140014b60 f   mfc100d:mfc100d.dll
 0001:00013b66       ?Run@CWinApp@@UEAAHXZ      0000000140014b66 f   mfc100d:mfc100d.dll
 0001:00013b6c       ?PreTranslateMessage@CWinThread@@UEAAHPEAUtagMSG@@@Z 0000000140014b6c f   mfc100d:mfc100d.dll
 0001:00013b72       ?PumpMessage@CWinThread@@UEAAHXZ 0000000140014b72 f   mfc100d:mfc100d.dll
 0001:00013b78       ?OnIdle@CWinApp@@UEAAHJ@Z  0000000140014b78 f   mfc100d:mfc100d.dll
 0001:00013b7e       ?IsIdleMessage@CWinThread@@UEAAHPEAUtagMSG@@@Z 0000000140014b7e f   mfc100d:mfc100d.dll
 0001:00013b84       ?ExitInstance@CWinApp@@UEAAHXZ 0000000140014b84 f   mfc100d:mfc100d.dll
 0001:00013b8a       ?ProcessWndProcException@CWinApp@@UEAA_JPEAVCException@@PEBUtagMSG@@@Z 0000000140014b8a f   mfc100d:mfc100d.dll
 0001:00013b90       ?ProcessMessageFilter@CWinThread@@UEAAHHPEAUtagMSG@@@Z 0000000140014b90 f   mfc100d:mfc100d.dll
 0001:00013b96       ?GetMainWnd@CWinThread@@UEAAPEAVCWnd@@XZ 0000000140014b96 f   mfc100d:mfc100d.dll
 0001:00013b9c       ?Delete@CWinThread@@UEAAXXZ 0000000140014b9c f   mfc100d:mfc100d.dll
 0001:00013ba2       ?GetProfileIntA@CWinApp@@UEAAIPEBD0H@Z 0000000140014ba2 f   mfc100d:mfc100d.dll
 0001:00013ba8       ?WriteProfileInt@CWinApp@@UEAAHPEBD0H@Z 0000000140014ba8 f   mfc100d:mfc100d.dll
 0001:00013bae       ?GetProfileStringA@CWinApp@@UEAA?AV?$CStringT@DV?$StrTraitMFC_DLL@DV?$ChTraitsCRT@D@ATL@@@@@ATL@@PEBD00@Z 0000000140014bae f   mfc100d:mfc100d.dll
 0001:00013bb4       ?WriteProfileStringA@CWinApp@@UEAAHPEBD00@Z 0000000140014bb4 f   mfc100d:mfc100d.dll
 0001:00013bba       ?GetProfileBinary@CWinApp@@UEAAHPEBD0PEAPEAEPEAI@Z 0000000140014bba f   mfc100d:mfc100d.dll
 0001:00013bc0       ?WriteProfileBinary@CWinApp@@UEAAHPEBD0PEAEI@Z 0000000140014bc0 f   mfc100d:mfc100d.dll
 0001:00013bc6       ?InitLibId@CWinApp@@UEAAXXZ 0000000140014bc6 f   mfc100d:mfc100d.dll
 0001:00013bcc       ?Register@CWinApp@@UEAAHXZ 0000000140014bcc f   mfc100d:mfc100d.dll
 0001:00013bd2       ?Unregister@CWinApp@@UEAAHXZ 0000000140014bd2 f   mfc100d:mfc100d.dll
 0001:00013bd8       ?OpenDocumentFile@CWinApp@@UEAAPEAVCDocument@@PEBDH@Z 0000000140014bd8 f   mfc100d:mfc100d.dll
 0001:00013bde       ?OpenDocumentFile@CWinApp@@UEAAPEAVCDocument@@PEBD@Z 0000000140014bde f   mfc100d:mfc100d.dll
 0001:00013be4       ?AddToRecentFileList@CWinApp@@UEAAXPEBD@Z 0000000140014be4 f   mfc100d:mfc100d.dll
 0001:00013bea       ?InitApplication@CWinApp@@UEAAHXZ 0000000140014bea f   mfc100d:mfc100d.dll
 0001:00013bf0       ?SaveAllModified@CWinApp@@UEAAHXZ 0000000140014bf0 f   mfc100d:mfc100d.dll
 0001:00013bf6       ?DoMessageBox@CWinApp@@UEAAHPEBDII@Z 0000000140014bf6 f   mfc100d:mfc100d.dll
 0001:00013bfc       ?DoWaitCursor@CWinApp@@UEAAXH@Z 0000000140014bfc f   mfc100d:mfc100d.dll
 0001:00013c02       ?OnDDECommand@CWinApp@@UEAAHPEAD@Z 0000000140014c02 f   mfc100d:mfc100d.dll
 0001:00013c08       ?WinHelpA@CWinApp@@UEAAX_KI@Z 0000000140014c08 f   mfc100d:mfc100d.dll
 0001:00013c0e       ?HtmlHelpA@CWinApp@@UEAAX_KI@Z 0000000140014c0e f   mfc100d:mfc100d.dll
 0001:00013c14       ?WinHelpInternal@CWinApp@@UEAAX_KI@Z 0000000140014c14 f   mfc100d:mfc100d.dll
 0001:00013c1a       ?RegisterWithRestartManager@CWinApp@@UEAAJPEB_WKP6AKPEAX@Z1KK@Z 0000000140014c1a f   mfc100d:mfc100d.dll
 0001:00013c20       ?RegisterWithRestartManager@CWinApp@@UEAAJHAEBV?$CStringT@DV?$StrTraitMFC_DLL@DV?$ChTraitsCRT@D@ATL@@@@@ATL@@@Z 0000000140014c20 f   mfc100d:mfc100d.dll
 0001:00013c26       ?ApplicationRecoveryCallback@CWinApp@@UEAAKPEAX@Z 0000000140014c26 f   mfc100d:mfc100d.dll
 0001:00013c2c       ?GetDataRecoveryHandler@CWinApp@@UEAAPEAVCDataRecoveryHandler@@XZ 0000000140014c2c f   mfc100d:mfc100d.dll
 0001:00013c32       ?IsTaskbarInteractionEnabled@CWinApp@@UEAAHXZ 0000000140014c32 f   mfc100d:mfc100d.dll
 0001:00013c38       ?RestartInstance@CWinApp@@UEAAHXZ 0000000140014c38 f   mfc100d:mfc100d.dll
 0001:00013c3e       ?LoadAppLangResourceDLL@CWinApp@@UEAAPEAUHINSTANCE__@@XZ 0000000140014c3e f   mfc100d:mfc100d.dll
 0001:00013c44       ?LoadSysPolicies@CWinApp@@UEAAHXZ 0000000140014c44 f   mfc100d:mfc100d.dll
 0001:00013c4a       ??3CObject@@SAXPEAX@Z      0000000140014c4a f   mfc100d:mfc100d.dll
 0001:00013c50       ??1CWinApp@@UEAA@XZ        0000000140014c50 f   mfc100d:mfc100d.dll
 0001:00013c56       ?DoModal@CDialog@@UEAA_JXZ 0000000140014c56 f   mfc100d:mfc100d.dll
 0001:00013c5c       ?AfxEnableControlContainer@@YAXPEAVCOccManager@@@Z 0000000140014c5c f   mfc100d:mfc100d.dll
 0001:00013c62       ??1CDialog@@UEAA@XZ        0000000140014c62 f   mfc100d:mfc100d.dll
 0001:00013c68       ??1CStatic@@UEAA@XZ        0000000140014c68 f   mfc100d:mfc100d.dll
 0001:00013c6e       ??1CEdit@@UEAA@XZ          0000000140014c6e f   mfc100d:mfc100d.dll
 0001:00013c74       ??1CButton@@UEAA@XZ        0000000140014c74 f   mfc100d:mfc100d.dll
 0001:00013c7a       ??1CComboBox@@UEAA@XZ      0000000140014c7a f   mfc100d:mfc100d.dll
 0001:00013c80       ??1?$CStringT@DV?$StrTraitMFC_DLL@DV?$ChTraitsCRT@D@ATL@@@@@ATL@@QEAA@XZ 0000000140014c80 f   mfc100d:mfc100d.dll
 0001:00013c86       ??0CDialog@@QEAA@IPEAVCWnd@@@Z 0000000140014c86 f   mfc100d:mfc100d.dll
 0001:00013c8c       ?GetRuntimeClass@CDialog@@UEBAPEAUCRuntimeClass@@XZ 0000000140014c8c f   mfc100d:mfc100d.dll
 0001:00013c92       ?AssertValid@CDialog@@UEBAXXZ 0000000140014c92 f   mfc100d:mfc100d.dll
 0001:00013c98       ?Dump@CDialog@@UEBAXAEAVCDumpContext@@@Z 0000000140014c98 f   mfc100d:mfc100d.dll
 0001:00013c9e       ?OnCmdMsg@CDialog@@UEAAHIHPEAXPEAUAFX_CMDHANDLERINFO@@@Z 0000000140014c9e f   mfc100d:mfc100d.dll
 0001:00013ca4       ?OnFinalRelease@CWnd@@UEAAXXZ 0000000140014ca4 f   mfc100d:mfc100d.dll
 0001:00013caa       ?GetInterfaceMap@CWnd@@MEBAPEBUAFX_INTERFACEMAP@@XZ 0000000140014caa f   mfc100d:mfc100d.dll
 0001:00013cb0       ?PreSubclassWindow@CWnd@@UEAAXXZ 0000000140014cb0 f   mfc100d:mfc100d.dll
 0001:00013cb6       ?Create@CWnd@@UEAAHPEBD0KAEBUtagRECT@@PEAV1@IPEAUCCreateContext@@@Z 0000000140014cb6 f   mfc100d:mfc100d.dll
 0001:00013cbc       ?CreateEx@CWnd@@UEAAHKPEBD0KAEBUtagRECT@@PEAV1@IPEAX@Z 0000000140014cbc f   mfc100d:mfc100d.dll
 0001:00013cc2       ?CreateEx@CWnd@@UEAAHKPEBD0KHHHHPEAUHWND__@@PEAUHMENU__@@PEAX@Z 0000000140014cc2 f   mfc100d:mfc100d.dll
 0001:00013cc8       ?DestroyWindow@CWnd@@UEAAHXZ 0000000140014cc8 f   mfc100d:mfc100d.dll
 0001:00013cce       ?PreCreateWindow@CWnd@@UEAAHAEAUtagCREATESTRUCTA@@@Z 0000000140014cce f   mfc100d:mfc100d.dll
 0001:00013cd4       ?CalcWindowRect@CWnd@@UEAAXPEAUtagRECT@@I@Z 0000000140014cd4 f   mfc100d:mfc100d.dll
 0001:00013cda       ?GetMenu@CWnd@@UEBAPEAVCMenu@@XZ 0000000140014cda f   mfc100d:mfc100d.dll
 0001:00013ce0       ?SetMenu@CWnd@@UEAAHPEAVCMenu@@@Z 0000000140014ce0 f   mfc100d:mfc100d.dll
 0001:00013ce6       ?OnToolHitTest@CWnd@@UEBA_JVCPoint@@PEAUtagTOOLINFOA@@@Z 0000000140014ce6 f   mfc100d:mfc100d.dll
 0001:00013cec       ?GetScrollBarCtrl@CWnd@@UEBAPEAVCScrollBar@@H@Z 0000000140014cec f   mfc100d:mfc100d.dll
 0001:00013cf2       ?WinHelpA@CWnd@@UEAAX_KI@Z 0000000140014cf2 f   mfc100d:mfc100d.dll
 0001:00013cf8       ?HtmlHelpA@CWnd@@UEAAX_KI@Z 0000000140014cf8 f   mfc100d:mfc100d.dll
 0001:00013cfe       ?WinHelpInternal@CWnd@@UEAAX_KI@Z 0000000140014cfe f   mfc100d:mfc100d.dll
 0001:00013d04       ?ContinueModal@CWnd@@UEAAHXZ 0000000140014d04 f   mfc100d:mfc100d.dll
 0001:00013d0a       ?EndModalLoop@CWnd@@UEAAXH@Z 0000000140014d0a f   mfc100d:mfc100d.dll
 0001:00013d10       ?OnDrawIconicThumbnailOrLivePreview@CWnd@@UEAAXAEAVCDC@@VCRect@@VCSize@@HAEAH@Z 0000000140014d10 f   mfc100d:mfc100d.dll
 0001:00013d16       ?EnsureStdObj@CWnd@@UEAAJXZ 0000000140014d16 f   mfc100d:mfc100d.dll
 0001:00013d1c       ?get_accParent@CWnd@@UEAAJPEAPEAUIDispatch@@@Z 0000000140014d1c f   mfc100d:mfc100d.dll
 0001:00013d22       ?get_accChildCount@CWnd@@UEAAJPEAJ@Z 0000000140014d22 f   mfc100d:mfc100d.dll
 0001:00013d28       ?get_accChild@CWnd@@UEAAJUtagVARIANT@@PEAPEAUIDispatch@@@Z 0000000140014d28 f   mfc100d:mfc100d.dll
 0001:00013d2e       ?get_accName@CWnd@@UEAAJUtagVARIANT@@PEAPEA_W@Z 0000000140014d2e f   mfc100d:mfc100d.dll
 0001:00013d34       ?get_accValue@CWnd@@UEAAJUtagVARIANT@@PEAPEA_W@Z 0000000140014d34 f   mfc100d:mfc100d.dll
 0001:00013d3a       ?get_accDescription@CWnd@@UEAAJUtagVARIANT@@PEAPEA_W@Z 0000000140014d3a f   mfc100d:mfc100d.dll
 0001:00013d40       ?get_accRole@CWnd@@UEAAJUtagVARIANT@@PEAU2@@Z 0000000140014d40 f   mfc100d:mfc100d.dll
 0001:00013d46       ?get_accState@CWnd@@UEAAJUtagVARIANT@@PEAU2@@Z 0000000140014d46 f   mfc100d:mfc100d.dll
 0001:00013d4c       ?get_accHelp@CWnd@@UEAAJUtagVARIANT@@PEAPEA_W@Z 0000000140014d4c f   mfc100d:mfc100d.dll
 0001:00013d52       ?get_accHelpTopic@CWnd@@UEAAJPEAPEA_WUtagVARIANT@@PEAJ@Z 0000000140014d52 f   mfc100d:mfc100d.dll
 0001:00013d58       ?get_accKeyboardShortcut@CWnd@@UEAAJUtagVARIANT@@PEAPEA_W@Z 0000000140014d58 f   mfc100d:mfc100d.dll
 0001:00013d5e       ?get_accFocus@CWnd@@UEAAJPEAUtagVARIANT@@@Z 0000000140014d5e f   mfc100d:mfc100d.dll
 0001:00013d64       ?get_accSelection@CWnd@@UEAAJPEAUtagVARIANT@@@Z 0000000140014d64 f   mfc100d:mfc100d.dll
 0001:00013d6a       ?get_accDefaultAction@CWnd@@UEAAJUtagVARIANT@@PEAPEA_W@Z 0000000140014d6a f   mfc100d:mfc100d.dll
 0001:00013d70       ?accSelect@CWnd@@UEAAJJUtagVARIANT@@@Z 0000000140014d70 f   mfc100d:mfc100d.dll
 0001:00013d76       ?accLocation@CWnd@@UEAAJPEAJ000UtagVARIANT@@@Z 0000000140014d76 f   mfc100d:mfc100d.dll
 0001:00013d7c       ?accNavigate@CWnd@@UEAAJJUtagVARIANT@@PEAU2@@Z 0000000140014d7c f   mfc100d:mfc100d.dll
 0001:00013d82       ?accHitTest@CWnd@@UEAAJJJPEAUtagVARIANT@@@Z 0000000140014d82 f   mfc100d:mfc100d.dll
 0001:00013d88       ?accDoDefaultAction@CWnd@@UEAAJUtagVARIANT@@@Z 0000000140014d88 f   mfc100d:mfc100d.dll
 0001:00013d8e       ?put_accName@CWnd@@UEAAJUtagVARIANT@@PEA_W@Z 0000000140014d8e f   mfc100d:mfc100d.dll
 0001:00013d94       ?put_accValue@CWnd@@UEAAJUtagVARIANT@@PEA_W@Z 0000000140014d94 f   mfc100d:mfc100d.dll
 0001:00013d9a       ?SetProxy@CWnd@@UEAAJPEAUIAccessibleProxy@@@Z 0000000140014d9a f   mfc100d:mfc100d.dll
 0001:00013da0       ?CreateAccessibleProxy@CWnd@@UEAAJ_K_JPEA_J@Z 0000000140014da0 f   mfc100d:mfc100d.dll
 0001:00013da6       ?OnCommand@CWnd@@MEAAH_K_J@Z 0000000140014da6 f   mfc100d:mfc100d.dll
 0001:00013dac       ?OnNotify@CWnd@@MEAAH_K_JPEA_J@Z 0000000140014dac f   mfc100d:mfc100d.dll
 0001:00013db2       ?GetSuperWndProcAddr@CWnd@@MEAAPEAP6A_JPEAUHWND__@@I_K_J@ZXZ 0000000140014db2 f   mfc100d:mfc100d.dll
 0001:00013db8       ?BeginModalState@CWnd@@UEAAXXZ 0000000140014db8 f   mfc100d:mfc100d.dll
 0001:00013dbe       ?EndModalState@CWnd@@UEAAXXZ 0000000140014dbe f   mfc100d:mfc100d.dll
[...]
 0005:00004240       __imp_?get_accDescription@CWnd@@UEAAJUtagVARIANT@@PEAPEA_W@Z 0000000174567240     mfc100d:mfc100d.dll
 0005:00004248       __imp_?get_accName@CWnd@@UEAAJUtagVARIANT@@PEAPEA_W@Z 0000000174567248     mfc100d:mfc100d.dll
 0005:00004250       __imp_?get_accChild@CWnd@@UEAAJUtagVARIANT@@PEAPEAUIDispatch@@@Z 0000000174567250     mfc100d:mfc100d.dll
 0005:00004258       __imp_?get_accChildCount@CWnd@@UEAAJPEAJ@Z 0000000174567258     mfc100d:mfc100d.dll
 0005:00004260       __imp_?get_accParent@CWnd@@UEAAJPEAPEAUIDispatch@@@Z 0000000174567260     mfc100d:mfc100d.dll
 0005:00004268       __imp_?EnsureStdObj@CWnd@@UEAAJXZ 0000000174567268     mfc100d:mfc100d.dll
 0005:00004270       __imp_?OnDrawIconicThumbnailOrLivePreview@CWnd@@UEAAXAEAVCDC@@VCRect@@VCSize@@HAEAH@Z 0000000174567270     mfc100d:mfc100d.dll
 0005:00004278       __imp_?EndModalLoop@CWnd@@UEAAXH@Z 0000000174567278     mfc100d:mfc100d.dll
 0005:00004280       __imp_?ContinueModal@CWnd@@UEAAHXZ 0000000174567280     mfc100d:mfc100d.dll
 0005:00004288       __imp_?WinHelpInternal@CWnd@@UEAAX_KI@Z 0000000174567288     mfc100d:mfc100d.dll
 0005:00004290       __imp_?HtmlHelpA@CWnd@@UEAAX_KI@Z 0000000174567290     mfc100d:mfc100d.dll
 0005:00004298       __imp_?WinHelpA@CWnd@@UEAAX_KI@Z 0000000174567298     mfc100d:mfc100d.dll
 0005:000042a0       __imp_?GetScrollBarCtrl@CWnd@@UEBAPEAVCScrollBar@@H@Z 00000001745672a0     mfc100d:mfc100d.dll
 0005:000042a8       __imp_?OnToolHitTest@CWnd@@UEBA_JVCPoint@@PEAUtagTOOLINFOA@@@Z 00000001745672a8     mfc100d:mfc100d.dll
 0005:000042b0       __imp_?SetMenu@CWnd@@UEAAHPEAVCMenu@@@Z 00000001745672b0     mfc100d:mfc100d.dll
 0005:000042b8       __imp_?GetMenu@CWnd@@UEBAPEAVCMenu@@XZ 00000001745672b8     mfc100d:mfc100d.dll
 0005:000042c0       __imp_?CalcWindowRect@CWnd@@UEAAXPEAUtagRECT@@I@Z 00000001745672c0     mfc100d:mfc100d.dll
 0005:000042c8       __imp_?PreCreateWindow@CWnd@@UEAAHAEAUtagCREATESTRUCTA@@@Z 00000001745672c8     mfc100d:mfc100d.dll
 0005:000042d0       __imp_?DestroyWindow@CWnd@@UEAAHXZ 00000001745672d0     mfc100d:mfc100d.dll
 0005:000042d8       __imp_?CreateEx@CWnd@@UEAAHKPEBD0KHHHHPEAUHWND__@@PEAUHMENU__@@PEAX@Z 00000001745672d8     mfc100d:mfc100d.dll
 0005:000042e0       __imp_?CreateEx@CWnd@@UEAAHKPEBD0KAEBUtagRECT@@PEAV1@IPEAX@Z 00000001745672e0     mfc100d:mfc100d.dll
 0005:000042e8       __imp_?Create@CWnd@@UEAAHPEBD0KAEBUtagRECT@@PEAV1@IPEAUCCreateContext@@@Z 00000001745672e8     mfc100d:mfc100d.dll
 0005:000042f0       __imp_?PreSubclassWindow@CWnd@@UEAAXXZ 00000001745672f0     mfc100d:mfc100d.dll
 0005:000042f8       __imp_?GetInterfaceMap@CWnd@@MEBAPEBUAFX_INTERFACEMAP@@XZ 00000001745672f8     mfc100d:mfc100d.dll
 0005:00004300       __imp_?OnFinalRelease@CWnd@@UEAAXXZ 0000000174567300     mfc100d:mfc100d.dll
 0005:00004308       __imp_?OnCmdMsg@CDialog@@UEAAHIHPEAXPEAUAFX_CMDHANDLERINFO@@@Z 0000000174567308     mfc100d:mfc100d.dll
 0005:00004310       __imp_?Dump@CDialog@@UEBAXAEAVCDumpContext@@@Z 0000000174567310     mfc100d:mfc100d.dll
 0005:00004318       __imp_?AssertValid@CDialog@@UEBAXXZ 0000000174567318     mfc100d:mfc100d.dll
 0005:00004320       __imp_?GetRuntimeClass@CDialog@@UEBAPEAUCRuntimeClass@@XZ 0000000174567320     mfc100d:mfc100d.dll
 0005:00004328       __imp_??0CDialog@@QEAA@IPEAVCWnd@@@Z 0000000174567328     mfc100d:mfc100d.dll
 0005:00004330       __imp_??1?$CStringT@DV?$StrTraitMFC_DLL@DV?$ChTraitsCRT@D@ATL@@@@@ATL@@QEAA@XZ 0000000174567330     mfc100d:mfc100d.dll
 0005:00004338       __imp_??1CComboBox@@UEAA@XZ 0000000174567338     mfc100d:mfc100d.dll
 0005:00004340       __imp_??1CButton@@UEAA@XZ  0000000174567340     mfc100d:mfc100d.dll
 0005:00004348       __imp_??1CEdit@@UEAA@XZ    0000000174567348     mfc100d:mfc100d.dll
 0005:00004350       __imp_??1CStatic@@UEAA@XZ  0000000174567350     mfc100d:mfc100d.dll
 0005:00004358       __imp_??1CDialog@@UEAA@XZ  0000000174567358     mfc100d:mfc100d.dll
 0005:00004360       __imp_?AfxEnableControlContainer@@YAXPEAVCOccManager@@@Z 0000000174567360     mfc100d:mfc100d.dll
 0005:00004368       __imp_?DoModal@CDialog@@UEAA_JXZ 0000000174567368     mfc100d:mfc100d.dll
 0005:00004370       __imp_??1CWinApp@@UEAA@XZ  0000000174567370     mfc100d:mfc100d.dll
 0005:00004378       __imp_??3CObject@@SAXPEAX@Z 0000000174567378     mfc100d:mfc100d.dll
 0005:00004380       __imp_?LoadSysPolicies@CWinApp@@UEAAHXZ 0000000174567380     mfc100d:mfc100d.dll
 0005:00004388       __imp_?LoadAppLangResourceDLL@CWinApp@@UEAAPEAUHINSTANCE__@@XZ 0000000174567388     mfc100d:mfc100d.dll
 0005:00004390       __imp_?RestartInstance@CWinApp@@UEAAHXZ 0000000174567390     mfc100d:mfc100d.dll
 0005:00004398       __imp_?IsTaskbarInteractionEnabled@CWinApp@@UEAAHXZ 0000000174567398     mfc100d:mfc100d.dll
 0005:000043a0       __imp_?GetDataRecoveryHandler@CWinApp@@UEAAPEAVCDataRecoveryHandler@@XZ 00000001745673a0     mfc100d:mfc100d.dll
 0005:000043a8       __imp_?ApplicationRecoveryCallback@CWinApp@@UEAAKPEAX@Z 00000001745673a8     mfc100d:mfc100d.dll
 0005:000043b0       __imp_?RegisterWithRestartManager@CWinApp@@UEAAJHAEBV?$CStringT@DV?$StrTraitMFC_DLL@DV?$ChTraitsCRT@D@ATL@@@@@ATL@@@Z 00000001745673b0     mfc100d:mfc100d.dll
 0005:000043b8       __imp_?RegisterWithRestartManager@CWinApp@@UEAAJPEB_WKP6AKPEAX@Z1KK@Z 00000001745673b8     mfc100d:mfc100d.dll
 0005:000043c0       __imp_?WinHelpInternal@CWinApp@@UEAAX_KI@Z 00000001745673c0     mfc100d:mfc100d.dll
 0005:000043c8       __imp_?HtmlHelpA@CWinApp@@UEAAX_KI@Z 00000001745673c8     mfc100d:mfc100d.dll
 0005:000043d0       __imp_?WinHelpA@CWinApp@@UEAAX_KI@Z 00000001745673d0     mfc100d:mfc100d.dll
 0005:000043d8       __imp_?OnDDECommand@CWinApp@@UEAAHPEAD@Z 00000001745673d8     mfc100d:mfc100d.dll
 0005:000043e0       __imp_?DoWaitCursor@CWinApp@@UEAAXH@Z 00000001745673e0     mfc100d:mfc100d.dll
 0005:000043e8       __imp_?DoMessageBox@CWinApp@@UEAAHPEBDII@Z 00000001745673e8     mfc100d:mfc100d.dll
 0005:000043f0       __imp_?SaveAllModified@CWinApp@@UEAAHXZ 00000001745673f0     mfc100d:mfc100d.dll
 0005:000043f8       __imp_?InitApplication@CWinApp@@UEAAHXZ 00000001745673f8     mfc100d:mfc100d.dll
 0005:00004400       __imp_?AddToRecentFileList@CWinApp@@UEAAXPEBD@Z 0000000174567400     mfc100d:mfc100d.dll
 0005:00004408       __imp_?OpenDocumentFile@CWinApp@@UEAAPEAVCDocument@@PEBD@Z 0000000174567408     mfc100d:mfc100d.dll
 0005:00004410       __imp_?OpenDocumentFile@CWinApp@@UEAAPEAVCDocument@@PEBDH@Z 0000000174567410     mfc100d:mfc100d.dll
 0005:00004418       __imp_?Unregister@CWinApp@@UEAAHXZ 0000000174567418     mfc100d:mfc100d.dll
 0005:00004420       __imp_?Register@CWinApp@@UEAAHXZ 0000000174567420     mfc100d:mfc100d.dll
 0005:00004428       __imp_?InitLibId@CWinApp@@UEAAXXZ 0000000174567428     mfc100d:mfc100d.dll
 0005:00004430       __imp_?WriteProfileBinary@CWinApp@@UEAAHPEBD0PEAEI@Z 0000000174567430     mfc100d:mfc100d.dll
 0005:00004438       __imp_?GetProfileBinary@CWinApp@@UEAAHPEBD0PEAPEAEPEAI@Z 0000000174567438     mfc100d:mfc100d.dll
 0005:00004440       __imp_?WriteProfileStringA@CWinApp@@UEAAHPEBD00@Z 0000000174567440     mfc100d:mfc100d.dll
 0005:00004448       __imp_?GetProfileStringA@CWinApp@@UEAA?AV?$CStringT@DV?$StrTraitMFC_DLL@DV?$ChTraitsCRT@D@ATL@@@@@ATL@@PEBD00@Z 0000000174567448     mfc100d:mfc100d.dll
 0005:00004450       __imp_?WriteProfileInt@CWinApp@@UEAAHPEBD0H@Z 0000000174567450     mfc100d:mfc100d.dll
 0005:00004458       __imp_??2@YAPEAX_KPEBDH@Z  0000000174567458     mfc100d:mfc100d.dll
 0005:00004460       __imp_??0CMenu@@QEAA@XZ    0000000174567460     mfc100d:mfc100d.dll
 0005:00004468       __imp_?LoadMenuA@CMenu@@QEAAHI@Z 0000000174567468     mfc100d:mfc100d.dll
 0005:00004470       __imp_?GetSubMenu@CMenu@@QEBAPEAV1@H@Z 0000000174567470     mfc100d:mfc100d.dll
 0005:00004478       __imp_?SetForegroundWindow@CWnd@@QEAAHXZ 0000000174567478     mfc100d:mfc100d.dll
 0005:00004480       __imp_?TrackPopupMenu@CMenu@@QEAAHIHHPEAVCWnd@@PEBUtagRECT@@@Z 0000000174567480     mfc100d:mfc100d.dll
 0005:00004488       __imp_?PostMessageA@CWnd@@QEAAHI_K_J@Z 0000000174567488     mfc100d:mfc100d.dll
 0005:00004490       __imp_?DestroyMenu@CMenu@@QEAAHXZ 0000000174567490     mfc100d:mfc100d.dll
 0005:00004498       __imp_??1CMenu@@UEAA@XZ    0000000174567498     mfc100d:mfc100d.dll
 0005:000044a0       __imp_?DDX_Control@@YAXPEAVCDataExchange@@HAEAVCWnd@@@Z 00000001745674a0     mfc100d:mfc100d.dll
 0005:000044a8       __imp_??0CStatic@@QEAA@XZ  00000001745674a8     mfc100d:mfc100d.dll
 0005:000044b0       __imp_??0?$CStringT@DV?$StrTraitMFC_DLL@DV?$ChTraitsCRT@D@ATL@@@@@ATL@@QEAA@XZ 00000001745674b0     mfc100d:mfc100d.dll
 0005:000044b8       __imp_??0CButton@@QEAA@XZ  00000001745674b8     mfc100d:mfc100d.dll
 0005:000044c0       __imp_?GetProfileIntA@CWinApp@@UEAAIPEBD0H@Z 00000001745674c0     mfc100d:mfc100d.dll
 0005:000044c8       __imp_?Delete@CWinThread@@UEAAXXZ 00000001745674c8     mfc100d:mfc100d.dll
 0005:000044d0       __imp_?GetMainWnd@CWinThread@@UEAAPEAVCWnd@@XZ 00000001745674d0     mfc100d:mfc100d.dll
 0005:000044d8       __imp_?ProcessMessageFilter@CWinThread@@UEAAHHPEAUtagMSG@@@Z 00000001745674d8     mfc100d:mfc100d.dll
 0005:000044e0       __imp_?ProcessWndProcException@CWinApp@@UEAA_JPEAVCException@@PEBUtagMSG@@@Z 00000001745674e0     mfc100d:mfc100d.dll
 0005:000044e8       __imp_?ExitInstance@CWinApp@@UEAAHXZ 00000001745674e8     mfc100d:mfc100d.dll
 0005:000044f0       __imp_?IsIdleMessage@CWinThread@@UEAAHPEAUtagMSG@@@Z 00000001745674f0     mfc100d:mfc100d.dll
 0005:000044f8       __imp_?OnIdle@CWinApp@@UEAAHJ@Z 00000001745674f8     mfc100d:mfc100d.dll
 0005:00004500       __imp_?PumpMessage@CWinThread@@UEAAHXZ 0000000174567500     mfc100d:mfc100d.dll
 0005:00004508       __imp_?PreTranslateMessage@CWinThread@@UEAAHPEAUtagMSG@@@Z 0000000174567508     mfc100d:mfc100d.dll
 0005:00004510       __imp_?Run@CWinApp@@UEAAHXZ 0000000174567510     mfc100d:mfc100d.dll
 0005:00004518       __imp_?GetConnectionHook@CCmdTarget@@MEAAPEAUIConnectionPoint@@AEBU_GUID@@@Z 0000000174567518     mfc100d:mfc100d.dll
 0005:00004520       __imp_?GetExtraConnectionPoints@CCmdTarget@@MEAAHPEAVCPtrArray@@@Z 0000000174567520     mfc100d:mfc100d.dll
 0005:00004528       __imp_?GetInterfaceHook@CCmdTarget@@UEAAPEAUIUnknown@@PEBX@Z 0000000174567528     mfc100d:mfc100d.dll
 0005:00004530       __imp_?OnCreateAggregates@CCmdTarget@@UEAAHXZ 0000000174567530     mfc100d:mfc100d.dll
 0005:00004538       __imp_?GetEventSinkMap@CCmdTarget@@MEBAPEBUAFX_EVENTSINKMAP@@XZ 0000000174567538     mfc100d:mfc100d.dll
 0005:00004540       __imp_?GetInterfaceMap@CCmdTarget@@MEBAPEBUAFX_INTERFACEMAP@@XZ 0000000174567540     mfc100d:mfc100d.dll
 0005:00004548       __imp_?GetConnectionMap@CCmdTarget@@MEBAPEBUAFX_CONNECTIONMAP@@XZ 0000000174567548     mfc100d:mfc100d.dll
 0005:00004550       __imp_?AfxWinMain@@YAHPEAUHINSTANCE__@@0PEADH@Z 0000000174567550     mfc100d:mfc100d.dll
 0005:00004558       __imp_?GetDispatchMap@CCmdTarget@@MEBAPEBUAFX_DISPMAP@@XZ 0000000174567558     mfc100d:mfc100d.dll
 0005:00004560       __imp_?GetCommandMap@CCmdTarget@@MEBAPEBUAFX_OLECMDMAP@@XZ 0000000174567560     mfc100d:mfc100d.dll
 0005:00004568       __imp_?GetTypeLib@CCmdTarget@@UEAAJKPEAPEAUITypeLib@@@Z 0000000174567568     mfc100d:mfc100d.dll
 0005:00004570       __imp_?AppendChar@?$CSimpleStringT@D$00@ATL@@QEAAXD@Z 0000000174567570     mfc100d:mfc100d.dll
 0005:00004578       __imp_?GetAt@?$CSimpleStringT@D$00@ATL@@QEBADH@Z 0000000174567578     mfc100d:mfc100d.dll
 0005:00004580       __imp_?Mid@?$CStringT@DV?$StrTraitMFC_DLL@DV?$ChTraitsCRT@D@ATL@@@@@ATL@@QEBA?AV12@HH@Z 0000000174567580     mfc100d:mfc100d.dll
 0005:00004588       __imp_?Find@?$CStringT@DV?$StrTraitMFC_DLL@DV?$ChTraitsCRT@D@ATL@@@@@ATL@@QEBAHPEBDH@Z 0000000174567588     mfc100d:mfc100d.dll
 0005:00004590       __imp_?EndDialog@CDialog@@QEAAXH@Z 0000000174567590     mfc100d:mfc100d.dll
 0005:00004598       __imp_?Format@?$CStringT@DV?$StrTraitMFC_DLL@DV?$ChTraitsCRT@D@ATL@@@@@ATL@@QEAAXPEBDZZ 0000000174567598     mfc100d:mfc100d.dll
 0005:000045a0       __imp_?GetBuffer@?$CSimpleStringT@D$00@ATL@@QEAAPEADXZ 00000001745675a0     mfc100d:mfc100d.dll
 0005:000045a8       __imp_??0CStdioFile@@QEAA@XZ 00000001745675a8     mfc100d:mfc100d.dll
 0005:000045b0       __imp_?Open@CStdioFile@@UEAAHPEBDIPEAVCFileException@@@Z 00000001745675b0     mfc100d:mfc100d.dll
 0005:000045b8       __imp_?SeekToEnd@CFile@@QEAA_KXZ 00000001745675b8     mfc100d:mfc100d.dll
 0005:000045c0       __imp_?WriteString@CStdioFile@@UEAAXPEBD@Z 00000001745675c0     mfc100d:mfc100d.dll
 0005:000045c8       __imp_?Close@CStdioFile@@UEAAXXZ 00000001745675c8     mfc100d:mfc100d.dll
 0005:000045d0       __imp_??1CStdioFile@@UEAA@XZ 00000001745675d0     mfc100d:mfc100d.dll
 0005:000045d8       __imp_?Left@?$CStringT@DV?$StrTraitMFC_DLL@DV?$ChTraitsCRT@D@ATL@@@@@ATL@@QEBA?AV12@H@Z 00000001745675d8     mfc100d:mfc100d.dll
 0005:000045e0       __imp_??0CFileFind@@QEAA@XZ 00000001745675e0     mfc100d:mfc100d.dll
 0005:000045e8       __imp_?FindFile@CFileFind@@UEAAHPEBDK@Z 00000001745675e8     mfc100d:mfc100d.dll
 0005:000045f0       __imp_?FindNextFileA@CFileFind@@UEAAHXZ 00000001745675f0     mfc100d:mfc100d.dll
 0005:000045f8       __imp_?IsDots@CFileFind@@UEBAHXZ 00000001745675f8     mfc100d:mfc100d.dll
 0005:00004600       __imp_??1CFile@@UEAA@XZ    0000000174567600     mfc100d:mfc100d.dll
 0005:00004608       __imp_?IsDirectory@CFileFind@@QEBAHXZ 0000000174567608     mfc100d:mfc100d.dll
 0005:00004610       __imp_??2@YAPEAX_K@Z       0000000174567610     mfc100d:mfc100d.dll
 0005:00004618       __imp_?GetTypeLibCache@CCmdTarget@@UEAAPEAVCTypeLibCache@@XZ 0000000174567618     mfc100d:mfc100d.dll
 0005:00004620       __imp_?GetTypeInfoCount@CCmdTarget@@UEAAIXZ 0000000174567620     mfc100d:mfc100d.dll
 0005:00004628       __imp_?GetDispatchIID@CCmdTarget@@UEAAHPEAU_GUID@@@Z 0000000174567628     mfc100d:mfc100d.dll
 0005:00004630       __imp_?IsInvokeAllowed@CCmdTarget@@UEAAHJ@Z 0000000174567630     mfc100d:mfc100d.dll
 0005:00004638       __imp_?OnFinalRelease@CCmdTarget@@UEAAXXZ 0000000174567638     mfc100d:mfc100d.dll
 0005:00004640       __imp_?OnCmdMsg@CCmdTarget@@UEAAHIHPEAXPEAUAFX_CMDHANDLERINFO@@@Z 0000000174567640     mfc100d:mfc100d.dll
 0005:00004648       __imp_?Dump@CWinApp@@UEBAXAEAVCDumpContext@@@Z 0000000174567648     mfc100d:mfc100d.dll
 0005:00004650       __imp_?AssertValid@CWinApp@@UEBAXXZ 0000000174567650     mfc100d:mfc100d.dll
 0005:00004658       __imp_?Serialize@CObject@@UEAAXAEAVCArchive@@@Z 0000000174567658     mfc100d:mfc100d.dll
 0005:00004660       __imp_?GetRuntimeClass@CWinApp@@UEBAPEAUCRuntimeClass@@XZ 0000000174567660     mfc100d:mfc100d.dll
 0005:00004668       __imp_??0CWinApp@@QEAA@PEBD@Z 0000000174567668     mfc100d:mfc100d.dll
 0005:00004670       __imp_?GetThisMessageMap@CWinApp@@KAPEBUAFX_MSGMAP@@XZ 0000000174567670     mfc100d:mfc100d.dll
 0005:00004678       __imp_??3@YAXPEAX@Z        0000000174567678     mfc100d:mfc100d.dll
 0005:00004680       __imp_?AfxAssertFailedLine@@YAHPEBDH@Z 0000000174567680     mfc100d:mfc100d.dll
 0005:00004688       __imp_??0?$CStringT@DV?$StrTraitMFC_DLL@DV?$ChTraitsCRT@D@ATL@@@@@ATL@@QEAA@AEBV01@@Z 0000000174567688     mfc100d:mfc100d.dll
 0005:00004690       __imp_??Y?$CStringT@DV?$StrTraitMFC_DLL@DV?$ChTraitsCRT@D@ATL@@@@@ATL@@QEAAAEAV01@AEBV?$CSimpleStringT@D$00@1@@Z 0000000174567690     mfc100d:mfc100d.dll
 0005:00004698       __imp_?SetWindowTextA@CWnd@@QEAAXPEBD@Z 0000000174567698     mfc100d:mfc100d.dll
 0005:000046a0       __imp_?GetLength@?$CSimpleStringT@D$00@ATL@@QEBAHXZ 00000001745676a0     mfc100d:mfc100d.dll
 0005:000046a8       __imp_??0CFile@@QEAA@XZ    00000001745676a8     mfc100d:mfc100d.dll
 0005:000046b0       __imp_??B?$CSimpleStringT@D$00@ATL@@QEBAPEBDXZ 00000001745676b0     mfc100d:mfc100d.dll
 0005:000046b8       __imp_?Open@CFile@@UEAAHPEBDIPEAVCFileException@@@Z 00000001745676b8     mfc100d:mfc100d.dll
 0005:000046c0       __imp_?Write@CFile@@UEAAXPEBXI@Z 00000001745676c0     mfc100d:mfc100d.dll
 0005:000046c8       __imp_?put_accValue@CWnd@@UEAAJUtagVARIANT@@PEA_W@Z 00000001745676c8     mfc100d:mfc100d.dll
 0005:000046d0       __imp_?Close@CFile@@UEAAXXZ 00000001745676d0     mfc100d:mfc100d.dll
 0005:000046d8       __imp_??0CEdit@@QEAA@XZ    00000001745676d8     mfc100d:mfc100d.dll
 0005:000046e0       __imp_??0CComboBox@@QEAA@XZ 00000001745676e0     mfc100d:mfc100d.dll
 0005:000046e8       __imp_??0?$CStringT@DV?$StrTraitMFC_DLL@DV?$ChTraitsCRT@D@ATL@@@@@ATL@@QEAA@PEBD@Z 00000001745676e8     mfc100d:mfc100d.dll
 0005:000046f0       __imp_?AfxGetApp@@YAPEAVCWinApp@@XZ 00000001745676f0     mfc100d:mfc100d.dll
 0005:000046f8       __imp_?LoadIconA@CWinApp@@QEBAPEAUHICON__@@I@Z 00000001745676f8     mfc100d:mfc100d.dll
 0005:00004700       __imp_??4?$CStringT@DV?$StrTraitMFC_DLL@DV?$ChTraitsCRT@D@ATL@@@@@ATL@@QEAAAEAV01@PEBD@Z 0000000174567700     mfc100d:mfc100d.dll
 0005:00004708       __imp_?GetThisMessageMap@CDialog@@KAPEBUAFX_MSGMAP@@XZ 0000000174567708     mfc100d:mfc100d.dll
 0005:00004710       __imp_?DoDataExchange@CWnd@@MEAAXPEAVCDataExchange@@@Z 0000000174567710     mfc100d:mfc100d.dll
 0005:00004718       __imp_?PreInitDialog@CDialog@@MEAAXXZ 0000000174567718     mfc100d:mfc100d.dll
 0005:00004720       __imp_?OnCancel@CDialog@@MEAAXXZ 0000000174567720     mfc100d:mfc100d.dll
 0005:00004728       __imp_?OnOK@CDialog@@MEAAXXZ 0000000174567728     mfc100d:mfc100d.dll
 0005:00004730       __imp_?OnSetFont@CDialog@@UEAAXPEAVCFont@@@Z 0000000174567730     mfc100d:mfc100d.dll
 0005:00004738       __imp_?OnInitDialog@CDialog@@UEAAHXZ 0000000174567738     mfc100d:mfc100d.dll
 0005:00004740       __imp_?CreateIndirect@CDialog@@UEAAHPEBUDLGTEMPLATE@@PEAVCWnd@@PEAX@Z 0000000174567740     mfc100d:mfc100d.dll
 0005:00004748       __imp_?CreateIndirect@CDialog@@UEAAHPEAXPEAVCWnd@@@Z 0000000174567748     mfc100d:mfc100d.dll
 0005:00004750       __imp_?Create@CDialog@@UEAAHPEBDPEAVCWnd@@@Z 0000000174567750     mfc100d:mfc100d.dll
 0005:00004758       __imp_?Create@CDialog@@UEAAHIPEAVCWnd@@@Z 0000000174567758     mfc100d:mfc100d.dll
 0005:00004760       __imp_?GetOccDialogInfo@CDialog@@MEAAPEAU_AFX_OCC_DIALOG_INFO@@XZ 0000000174567760     mfc100d:mfc100d.dll
 0005:00004768       __imp_?SetOccDialogInfo@CDialog@@MEAAHPEAU_AFX_OCC_DIALOG_INFO@@@Z 0000000174567768     mfc100d:mfc100d.dll
 0005:00004770       __imp_?CreateControlSite@CWnd@@MEAAHPEAVCOleControlContainer@@PEAPEAVCOleControlSite@@IAEBU_GUID@@@Z 0000000174567770     mfc100d:mfc100d.dll
 0005:00004778       __imp_?CreateControlContainer@CWnd@@MEAAHPEAPEAVCOleControlContainer@@@Z 0000000174567778     mfc100d:mfc100d.dll
 0005:00004780       __imp_?IsFrameWnd@CWnd@@UEBAHXZ 0000000174567780     mfc100d:mfc100d.dll
 0005:00004788       __imp_?CheckAutoCenter@CDialog@@UEAAHXZ 0000000174567788     mfc100d:mfc100d.dll
 0005:00004790       __imp_?OnGesturePressAndTap@CWnd@@MEAAHVCPoint@@J@Z 0000000174567790     mfc100d:mfc100d.dll
 0005:00004798       __imp_?OnGestureTwoFingerTap@CWnd@@MEAAHVCPoint@@@Z 0000000174567798     mfc100d:mfc100d.dll
 0005:000047a0       __imp_?OnGestureRotate@CWnd@@MEAAHVCPoint@@N@Z 00000001745677a0     mfc100d:mfc100d.dll
 0005:000047a8       __imp_?EndModalState@CWnd@@UEAAXXZ 00000001745677a8     mfc100d:mfc100d.dll
 0005:000047b0       __imp_?OnGesturePan@CWnd@@MEAAHVCPoint@@0@Z 00000001745677b0     mfc100d:mfc100d.dll
 0005:000047b8       __imp_?get_accValue@CWnd@@UEAAJUtagVARIANT@@PEAPEA_W@Z 00000001745677b8     mfc100d:mfc100d.dll
 0005:000047c0       __imp_?AfxGetModuleState@@YAPEAVAFX_MODULE_STATE@@XZ 00000001745677c0     mfc100d:mfc100d.dll
 0005:000047c8       \177mfc100d_NULL_THUNK_DATA 00000001745677c8     mfc100d:mfc100d.dll
 0005:00004a20       __imp_CreateStreamOnHGlobal 0000000174567a20     ole32:ole32.dll
 0005:00004a28       \177ole32_NULL_THUNK_DATA  0000000174567a28     ole32:ole32.dll

 entry point at        0001:000149c0

